i21k_l    C=  10 random   s0 | delta 0.0523 exc -0.1013 | NC 99.40->99.40 (+0.00pp, n=500) | 0s
i21k_l    C=  10 random   s1 | delta 0.0507 exc -0.1062 | NC 99.20->99.20 (+0.00pp, n=500) | 0s
i21k_l    C=  10 random   s2 | delta 0.0501 exc -0.1031 | NC 99.60->99.60 (+0.00pp, n=500) | 0s
i21k_l    C=  10 random   s3 | delta 0.0676 exc -0.0821 | NC 95.80->96.00 (+0.20pp, n=500) | 0s
i21k_l    C=  10 random   s4 | delta 0.0876 exc -0.0639 | NC 99.80->99.80 (+0.00pp, n=500) | 0s
i21k_l    C=  10 coherent s0 | delta 0.0874 exc -0.0760 | NC 94.20->94.40 (+0.20pp, n=500) | 0s
i21k_l    C=  10 coherent s1 | delta 0.0580 exc -0.1299 | NC 90.80->90.80 (+0.00pp, n=500) | 0s
i21k_l    C=  10 coherent s2 | delta 0.0980 exc -0.0742 | NC 92.60->92.20 (-0.40pp, n=500) | 0s
i21k_l    C=  10 coherent s3 | delta 0.0757 exc -0.0853 | NC 97.80->98.20 (+0.40pp, n=500) | 0s
i21k_l    C=  10 coherent s4 | delta 0.0880 exc -0.0837 | NC 94.60->94.00 (-0.60pp, n=500) | 0s
i21k_l    C=  20 random   s0 | delta 0.0605 exc -0.1365 | NC 98.80->98.90 (+0.10pp, n=1000) | 0s
i21k_l    C=  20 random   s1 | delta 0.0580 exc -0.1377 | NC 98.90->98.80 (-0.10pp, n=1000) | 1s
i21k_l    C=  20 random   s2 | delta 0.0696 exc -0.1263 | NC 98.50->98.50 (+0.00pp, n=1000) | 0s
i21k_l    C=  20 random   s3 | delta 0.0858 exc -0.1062 | NC 97.00->97.00 (+0.00pp, n=1000) | 0s
i21k_l    C=  20 random   s4 | delta 0.0806 exc -0.1139 | NC 98.40->98.50 (+0.10pp, n=1000) | 0s
i21k_l    C=  20 coherent s0 | delta 0.0901 exc -0.0992 | NC 94.20->94.50 (+0.30pp, n=1000) | 0s
i21k_l    C=  20 coherent s1 | delta 0.0717 exc -0.1167 | NC 94.50->94.50 (+0.00pp, n=1000) | 0s
i21k_l    C=  20 coherent s2 | delta 0.1078 exc -0.0823 | NC 88.10->87.80 (-0.30pp, n=1000) | 0s
i21k_l    C=  20 coherent s3 | delta 0.0764 exc -0.1103 | NC 97.30->97.60 (+0.30pp, n=1000) | 0s
i21k_l    C=  20 coherent s4 | delta 0.0887 exc -0.1013 | NC 91.40->90.60 (-0.80pp, n=1000) | 0s
i21k_l    C=  50 random   s0 | delta 0.0784 exc -0.0979 | NC 97.48->97.60 (+0.12pp, n=2500) | 2s
i21k_l    C=  50 random   s1 | delta 0.0771 exc -0.0981 | NC 97.24->97.12 (-0.12pp, n=2500) | 2s
i21k_l    C=  50 random   s2 | delta 0.0714 exc -0.1032 | NC 98.28->98.36 (+0.08pp, n=2500) | 2s
i21k_l    C=  50 random   s3 | delta 0.0899 exc -0.0866 | NC 95.92->96.16 (+0.24pp, n=2500) | 2s
i21k_l    C=  50 random   s4 | delta 0.0909 exc -0.0833 | NC 96.84->96.80 (-0.04pp, n=2500) | 2s
i21k_l    C=  50 coherent s0 | delta 0.0887 exc -0.0889 | NC 94.00->94.20 (+0.20pp, n=2500) | 2s
i21k_l    C=  50 coherent s1 | delta 0.0862 exc -0.0957 | NC 95.60->95.64 (+0.04pp, n=2500) | 2s
i21k_l    C=  50 coherent s2 | delta 0.1167 exc -0.0695 | NC 87.20->87.00 (-0.20pp, n=2500) | 2s
i21k_l    C=  50 coherent s3 | delta 0.0929 exc -0.0884 | NC 92.60->92.68 (+0.08pp, n=2500) | 2s
i21k_l    C=  50 coherent s4 | delta 0.0914 exc -0.0908 | NC 91.20->91.00 (-0.20pp, n=2500) | 2s
i21k_l    C= 100 random   s0 | delta 0.0895 exc -0.0617 | NC 95.52->95.60 (+0.08pp, n=5000) | 3s
i21k_l    C= 100 random   s1 | delta 0.0896 exc -0.0601 | NC 94.64->94.74 (+0.10pp, n=5000) | 2s
i21k_l    C= 100 random   s2 | delta 0.0852 exc -0.0639 | NC 96.70->96.66 (-0.04pp, n=5000) | 4s
i21k_l    C= 100 random   s3 | delta 0.0805 exc -0.0681 | NC 95.98->95.98 (+0.00pp, n=5000) | 4s
i21k_l    C= 100 random   s4 | delta 0.0938 exc -0.0549 | NC 96.06->96.16 (+0.10pp, n=5000) | 4s
i21k_l    C= 100 coherent s0 | delta 0.0882 exc -0.0630 | NC 92.26->92.70 (+0.44pp, n=5000) | 4s
i21k_l    C= 100 coherent s1 | delta 0.0840 exc -0.0640 | NC 94.02->94.18 (+0.16pp, n=5000) | 4s
i21k_l    C= 100 coherent s2 | delta 0.1247 exc -0.0345 | NC 85.72->85.50 (-0.22pp, n=5000) | 4s
i21k_l    C= 100 coherent s3 | delta 0.0909 exc -0.0562 | NC 88.72->88.68 (-0.04pp, n=5000) | 4s
i21k_l    C= 100 coherent s4 | delta 0.1055 exc -0.0485 | NC 91.42->91.52 (+0.10pp, n=5000) | 4s
i21k_l    C= 200 random   s0 | delta 0.0908 exc -0.0442 | NC 93.06->93.20 (+0.14pp, n=10000) | 5s
i21k_l    C= 200 random   s1 | delta 0.0917 exc -0.0444 | NC 93.73->93.79 (+0.06pp, n=10000) | 4s
i21k_l    C= 200 random   s2 | delta 0.0816 exc -0.0510 | NC 94.43->94.54 (+0.11pp, n=10000) | 4s
i21k_l    C= 200 random   s3 | delta 0.0861 exc -0.0480 | NC 94.22->94.31 (+0.09pp, n=10000) | 3s
i21k_l    C= 200 random   s4 | delta 0.0881 exc -0.0466 | NC 94.98->95.12 (+0.14pp, n=10000) | 4s
i21k_l    C= 200 coherent s0 | delta 0.0891 exc -0.0462 | NC 88.06->88.29 (+0.23pp, n=10000) | 4s
i21k_l    C= 200 coherent s1 | delta 0.0966 exc -0.0401 | NC 90.12->90.09 (-0.03pp, n=10000) | 3s
i21k_l    C= 200 coherent s2 | delta 0.1043 exc -0.0331 | NC 86.58->86.42 (-0.16pp, n=10000) | 4s
i21k_l    C= 200 coherent s3 | delta 0.0873 exc -0.0455 | NC 87.90->88.07 (+0.17pp, n=10000) | 4s
i21k_l    C= 200 coherent s4 | delta 0.1023 exc -0.0305 | NC 86.67->86.50 (-0.17pp, n=10000) | 4s
i21k_l    C= 500 random   s0 | delta 0.0813 exc -0.0373 | NC 89.54->89.58 (+0.04pp, n=25000) | 9s
i21k_l    C= 500 random   s1 | delta 0.0810 exc -0.0364 | NC 90.41->90.48 (+0.07pp, n=25000) | 10s
i21k_l    C= 500 coherent s0 | delta 0.1033 exc -0.0150 | NC 85.29->85.40 (+0.10pp, n=25000) | 9s
i21k_l    C= 500 coherent s1 | delta 0.0850 exc -0.0380 | NC 88.80->88.70 (-0.10pp, n=25000) | 9s
i21k_l    C=1000 random   s0 | delta 0.0794 exc -0.0357 | NC 86.14->86.18 (+0.03pp, n=50000) | 10s
dinov2_l  C=  10 random   s0 | delta 0.0226 exc -0.1304 | NC 92.60->93.80 (+1.20pp, n=500) | 0s
dinov2_l  C=  10 random   s1 | delta 0.0332 exc -0.1181 | NC 96.80->97.00 (+0.20pp, n=500) | 0s
dinov2_l  C=  10 random   s2 | delta 0.0205 exc -0.1316 | NC 99.00->99.20 (+0.20pp, n=500) | 0s
dinov2_l  C=  10 random   s3 | delta 0.0443 exc -0.1090 | NC 92.40->93.80 (+1.40pp, n=500) | 0s
dinov2_l  C=  10 random   s4 | delta 0.0318 exc -0.1181 | NC 92.60->94.80 (+2.20pp, n=500) | 0s
dinov2_l  C=  10 coherent s0 | delta 0.0310 exc -0.1334 | NC 82.20->82.20 (+0.00pp, n=500) | 0s
dinov2_l  C=  10 coherent s1 | delta 0.0598 exc -0.1189 | NC 84.40->84.40 (+0.00pp, n=500) | 0s
dinov2_l  C=  10 coherent s2 | delta 0.1005 exc -0.0659 | NC 92.20->92.80 (+0.60pp, n=500) | 0s
dinov2_l  C=  10 coherent s3 | delta 0.0327 exc -0.1216 | NC 97.00->97.60 (+0.60pp, n=500) | 0s
dinov2_l  C=  10 coherent s4 | delta 0.1171 exc -0.0380 | NC 84.80->84.00 (-0.80pp, n=500) | 0s
dinov2_l  C=  20 random   s0 | delta 0.0444 exc -0.1573 | NC 93.40->95.40 (+2.00pp, n=1000) | 0s
dinov2_l  C=  20 random   s1 | delta 0.0391 exc -0.1565 | NC 94.90->95.90 (+1.00pp, n=1000) | 0s
dinov2_l  C=  20 random   s2 | delta 0.0337 exc -0.1648 | NC 97.40->97.80 (+0.40pp, n=1000) | 0s
dinov2_l  C=  20 random   s3 | delta 0.0443 exc -0.1533 | NC 92.50->93.80 (+1.30pp, n=1000) | 0s
dinov2_l  C=  20 random   s4 | delta 0.0405 exc -0.1548 | NC 92.20->94.10 (+1.90pp, n=1000) | 0s
dinov2_l  C=  20 coherent s0 | delta 0.0688 exc -0.1272 | NC 87.00->87.20 (+0.20pp, n=1000) | 0s
dinov2_l  C=  20 coherent s1 | delta 0.0531 exc -0.1427 | NC 91.00->91.10 (+0.10pp, n=1000) | 0s
dinov2_l  C=  20 coherent s2 | delta 0.1116 exc -0.0870 | NC 84.60->84.40 (-0.20pp, n=1000) | 0s
dinov2_l  C=  20 coherent s3 | delta 0.0327 exc -0.1665 | NC 95.20->96.00 (+0.80pp, n=1000) | 0s
dinov2_l  C=  20 coherent s4 | delta 0.1335 exc -0.0649 | NC 83.20->82.90 (-0.30pp, n=1000) | 0s
dinov2_l  C=  50 random   s0 | delta 0.0453 exc -0.1267 | NC 90.24->92.80 (+2.56pp, n=2500) | 1s
dinov2_l  C=  50 random   s1 | delta 0.0433 exc -0.1290 | NC 93.52->94.80 (+1.28pp, n=2500) | 1s
dinov2_l  C=  50 random   s2 | delta 0.0505 exc -0.1210 | NC 96.00->96.48 (+0.48pp, n=2500) | 1s
dinov2_l  C=  50 random   s3 | delta 0.0538 exc -0.1190 | NC 91.40->92.72 (+1.32pp, n=2500) | 1s
dinov2_l  C=  50 random   s4 | delta 0.0512 exc -0.1245 | NC 90.88->93.16 (+2.28pp, n=2500) | 1s
dinov2_l  C=  50 coherent s0 | delta 0.0684 exc -0.1107 | NC 86.20->87.24 (+1.04pp, n=2500) | 1s
dinov2_l  C=  50 coherent s1 | delta 0.0530 exc -0.1201 | NC 93.48->93.52 (+0.04pp, n=2500) | 1s
dinov2_l  C=  50 coherent s2 | delta 0.1145 exc -0.0735 | NC 82.76->82.84 (+0.08pp, n=2500) | 1s
dinov2_l  C=  50 coherent s3 | delta 0.0854 exc -0.0968 | NC 88.44->89.28 (+0.84pp, n=2500) | 1s
dinov2_l  C=  50 coherent s4 | delta 0.1119 exc -0.0640 | NC 85.12->85.76 (+0.64pp, n=2500) | 1s
dinov2_l  C= 100 random   s0 | delta 0.0782 exc -0.0623 | NC 90.40->92.08 (+1.68pp, n=5000) | 2s
dinov2_l  C= 100 random   s1 | delta 0.0461 exc -0.0948 | NC 90.10->91.38 (+1.28pp, n=5000) | 2s
dinov2_l  C= 100 random   s2 | delta 0.0719 exc -0.0696 | NC 92.68->93.48 (+0.80pp, n=5000) | 2s
dinov2_l  C= 100 random   s3 | delta 0.0525 exc -0.0875 | NC 91.90->93.38 (+1.48pp, n=5000) | 2s
dinov2_l  C= 100 random   s4 | delta 0.0534 exc -0.0885 | NC 91.40->93.44 (+2.04pp, n=5000) | 2s
dinov2_l  C= 100 coherent s0 | delta 0.0592 exc -0.0833 | NC 86.08->87.48 (+1.40pp, n=5000) | 2s
dinov2_l  C= 100 coherent s1 | delta 0.0550 exc -0.0847 | NC 91.98->92.32 (+0.34pp, n=5000) | 2s
dinov2_l  C= 100 coherent s2 | delta 0.1185 exc -0.0369 | NC 81.36->81.78 (+0.42pp, n=5000) | 2s
dinov2_l  C= 100 coherent s3 | delta 0.0795 exc -0.0659 | NC 83.82->84.82 (+1.00pp, n=5000) | 2s
dinov2_l  C= 100 coherent s4 | delta 0.1125 exc -0.0325 | NC 86.52->87.22 (+0.70pp, n=5000) | 2s
dinov2_l  C= 200 random   s0 | delta 0.0611 exc -0.0549 | NC 88.13->89.78 (+1.65pp, n=10000) | 3s
dinov2_l  C= 200 random   s1 | delta 0.0559 exc -0.0602 | NC 88.65->89.89 (+1.24pp, n=10000) | 3s
dinov2_l  C= 200 random   s2 | delta 0.0693 exc -0.0460 | NC 89.71->91.26 (+1.55pp, n=10000) | 4s
dinov2_l  C= 200 random   s3 | delta 0.0529 exc -0.0628 | NC 89.54->90.66 (+1.12pp, n=10000) | 3s
dinov2_l  C= 200 random   s4 | delta 0.0701 exc -0.0452 | NC 90.74->92.43 (+1.69pp, n=10000) | 3s
dinov2_l  C= 200 coherent s0 | delta 0.0669 exc -0.0521 | NC 81.95->83.26 (+1.31pp, n=10000) | 3s
dinov2_l  C= 200 coherent s1 | delta 0.0968 exc -0.0210 | NC 86.79->86.86 (+0.07pp, n=10000) | 4s
dinov2_l  C= 200 coherent s2 | delta 0.0988 exc -0.0253 | NC 82.98->82.97 (-0.01pp, n=10000) | 4s
dinov2_l  C= 200 coherent s3 | delta 0.0664 exc -0.0523 | NC 82.29->83.55 (+1.26pp, n=10000) | 4s
dinov2_l  C= 200 coherent s4 | delta 0.1040 exc -0.0212 | NC 81.62->81.96 (+0.34pp, n=10000) | 4s
dinov2_l  C= 500 random   s0 | delta 0.0537 exc -0.0341 | NC 83.49->84.61 (+1.12pp, n=25000) | 9s
dinov2_l  C= 500 random   s1 | delta 0.0683 exc -0.0186 | NC 84.90->85.80 (+0.90pp, n=25000) | 9s
dinov2_l  C= 500 coherent s0 | delta 0.0597 exc -0.0310 | NC 77.86->78.88 (+1.02pp, n=25000) | 9s
dinov2_l  C= 500 coherent s1 | delta 0.0795 exc -0.0118 | NC 84.18->84.80 (+0.62pp, n=25000) | 9s
dinov2_l  C=1000 random   s0 | delta 0.0592 exc -0.0155 | NC 79.85->80.41 (+0.57pp, n=50000) | 12s
dinov2_g  C=  10 random   s0 | delta 0.0332 exc -0.1220 | NC 92.60->93.80 (+1.20pp, n=500) | 0s
dinov2_g  C=  10 random   s1 | delta 0.0282 exc -0.1229 | NC 97.40->97.60 (+0.20pp, n=500) | 0s
dinov2_g  C=  10 random   s2 | delta 0.0191 exc -0.1312 | NC 99.40->99.60 (+0.20pp, n=500) | 0s
dinov2_g  C=  10 random   s3 | delta 0.0373 exc -0.1170 | NC 92.00->93.40 (+1.40pp, n=500) | 0s
dinov2_g  C=  10 random   s4 | delta 0.0288 exc -0.1205 | NC 92.80->93.80 (+1.00pp, n=500) | 0s
dinov2_g  C=  10 coherent s0 | delta 0.0415 exc -0.1255 | NC 81.80->81.80 (+0.00pp, n=500) | 0s
dinov2_g  C=  10 coherent s1 | delta 0.0360 exc -0.1479 | NC 82.60->79.40 (-3.20pp, n=500) | 0s
dinov2_g  C=  10 coherent s2 | delta 0.1176 exc -0.0518 | NC 90.80->91.00 (+0.20pp, n=500) | 0s
dinov2_g  C=  10 coherent s3 | delta 0.0337 exc -0.1130 | NC 96.80->97.20 (+0.40pp, n=500) | 0s
dinov2_g  C=  10 coherent s4 | delta 0.1307 exc -0.0330 | NC 82.80->82.60 (-0.20pp, n=500) | 0s
dinov2_g  C=  20 random   s0 | delta 0.0907 exc -0.1097 | NC 93.30->95.00 (+1.70pp, n=1000) | 0s
dinov2_g  C=  20 random   s1 | delta 0.0288 exc -0.1665 | NC 95.00->96.20 (+1.20pp, n=1000) | 0s
dinov2_g  C=  20 random   s2 | delta 0.0250 exc -0.1716 | NC 97.00->97.80 (+0.80pp, n=1000) | 0s
dinov2_g  C=  20 random   s3 | delta 0.0373 exc -0.1597 | NC 91.90->93.10 (+1.20pp, n=1000) | 0s
dinov2_g  C=  20 random   s4 | delta 0.0297 exc -0.1661 | NC 92.00->93.60 (+1.60pp, n=1000) | 0s
dinov2_g  C=  20 coherent s0 | delta 0.0495 exc -0.1424 | NC 86.90->87.20 (+0.30pp, n=1000) | 0s
dinov2_g  C=  20 coherent s1 | delta 0.0341 exc -0.1618 | NC 90.20->88.90 (-1.30pp, n=1000) | 0s
dinov2_g  C=  20 coherent s2 | delta 0.1199 exc -0.0808 | NC 83.30->83.00 (-0.30pp, n=1000) | 0s
dinov2_g  C=  20 coherent s3 | delta 0.0385 exc -0.1610 | NC 94.80->95.30 (+0.50pp, n=1000) | 0s
dinov2_g  C=  20 coherent s4 | delta 0.1437 exc -0.0552 | NC 81.50->81.40 (-0.10pp, n=1000) | 0s
dinov2_g  C=  50 random   s0 | delta 0.0923 exc -0.0787 | NC 90.64->92.84 (+2.20pp, n=2500) | 1s
dinov2_g  C=  50 random   s1 | delta 0.0371 exc -0.1330 | NC 93.84->94.96 (+1.12pp, n=2500) | 1s
dinov2_g  C=  50 random   s2 | delta 0.0694 exc -0.1012 | NC 95.60->96.60 (+1.00pp, n=2500) | 1s
dinov2_g  C=  50 random   s3 | delta 0.0507 exc -0.1211 | NC 91.76->92.76 (+1.00pp, n=2500) | 1s
dinov2_g  C=  50 random   s4 | delta 0.0507 exc -0.1219 | NC 90.72->92.96 (+2.24pp, n=2500) | 1s
dinov2_g  C=  50 coherent s0 | delta 0.0647 exc -0.1143 | NC 84.84->85.88 (+1.04pp, n=2500) | 1s
dinov2_g  C=  50 coherent s1 | delta 0.0591 exc -0.1141 | NC 93.20->92.64 (-0.56pp, n=2500) | 1s
dinov2_g  C=  50 coherent s2 | delta 0.1220 exc -0.0704 | NC 80.88->80.52 (-0.36pp, n=2500) | 1s
dinov2_g  C=  50 coherent s3 | delta 0.0774 exc -0.1068 | NC 86.48->87.84 (+1.36pp, n=2500) | 1s
dinov2_g  C=  50 coherent s4 | delta 0.1280 exc -0.0538 | NC 83.60->83.40 (-0.20pp, n=2500) | 1s
dinov2_g  C= 100 random   s0 | delta 0.0876 exc -0.0532 | NC 90.62->91.86 (+1.24pp, n=5000) | 2s
dinov2_g  C= 100 random   s1 | delta 0.0588 exc -0.0826 | NC 89.20->90.40 (+1.20pp, n=5000) | 2s
dinov2_g  C= 100 random   s2 | delta 0.0669 exc -0.0737 | NC 91.80->92.96 (+1.16pp, n=5000) | 2s
dinov2_g  C= 100 random   s3 | delta 0.0660 exc -0.0738 | NC 91.98->93.26 (+1.28pp, n=5000) | 2s
dinov2_g  C= 100 random   s4 | delta 0.0606 exc -0.0808 | NC 91.22->92.86 (+1.64pp, n=5000) | 2s
dinov2_g  C= 100 coherent s0 | delta 0.0809 exc -0.0625 | NC 85.18->86.60 (+1.42pp, n=5000) | 2s
dinov2_g  C= 100 coherent s1 | delta 0.0508 exc -0.0902 | NC 91.66->91.28 (-0.38pp, n=5000) | 2s
dinov2_g  C= 100 coherent s2 | delta 0.1195 exc -0.0385 | NC 80.14->79.46 (-0.68pp, n=5000) | 2s
dinov2_g  C= 100 coherent s3 | delta 0.0717 exc -0.0728 | NC 81.88->83.34 (+1.46pp, n=5000) | 2s
dinov2_g  C= 100 coherent s4 | delta 0.1293 exc -0.0162 | NC 85.24->85.22 (-0.02pp, n=5000) | 2s
dinov2_g  C= 200 random   s0 | delta 0.0847 exc -0.0308 | NC 87.45->88.75 (+1.30pp, n=10000) | 4s
dinov2_g  C= 200 random   s1 | delta 0.0609 exc -0.0541 | NC 87.66->88.91 (+1.25pp, n=10000) | 3s
dinov2_g  C= 200 random   s2 | delta 0.0802 exc -0.0342 | NC 89.32->90.67 (+1.35pp, n=10000) | 4s
dinov2_g  C= 200 random   s3 | delta 0.0851 exc -0.0296 | NC 88.99->90.00 (+1.01pp, n=10000) | 4s
dinov2_g  C= 200 random   s4 | delta 0.0675 exc -0.0469 | NC 90.21->91.68 (+1.47pp, n=10000) | 4s
dinov2_g  C= 200 coherent s0 | delta 0.0728 exc -0.0461 | NC 80.95->82.38 (+1.43pp, n=10000) | 3s
dinov2_g  C= 200 coherent s1 | delta 0.1003 exc -0.0184 | NC 85.27->84.82 (-0.45pp, n=10000) | 5s
dinov2_g  C= 200 coherent s2 | delta 0.0985 exc -0.0289 | NC 81.57->80.96 (-0.61pp, n=10000) | 8s
dinov2_g  C= 200 coherent s3 | delta 0.0640 exc -0.0536 | NC 81.40->82.89 (+1.49pp, n=10000) | 8s
dinov2_g  C= 200 coherent s4 | delta 0.1132 exc -0.0161 | NC 80.22->79.71 (-0.51pp, n=10000) | 8s
dinov2_g  C= 500 random   s0 | delta 0.0799 exc -0.0063 | NC 82.70->83.11 (+0.41pp, n=25000) | 25s
dinov2_g  C= 500 random   s1 | delta 0.0843 exc -0.0006 | NC 84.16->84.72 (+0.57pp, n=25000) | 9s
dinov2_g  C= 500 coherent s0 | delta 0.0684 exc -0.0198 | NC 76.86->77.36 (+0.50pp, n=25000) | 9s
dinov2_g  C= 500 coherent s1 | delta 0.0850 exc -0.0068 | NC 82.70->82.65 (-0.05pp, n=25000) | 11s
dinov2_g  C=1000 random   s0 | delta 0.0759 exc +0.0035 | NC 78.44->78.31 (-0.13pp, n=50000) | 17s
clip_l    C=  10 random   s0 | delta 0.0737 exc -0.0911 | NC 98.20->98.20 (+0.00pp, n=500) | 0s
clip_l    C=  10 random   s1 | delta 0.0794 exc -0.0996 | NC 98.60->98.80 (+0.20pp, n=500) | 0s
clip_l    C=  10 random   s2 | delta 0.0563 exc -0.1123 | NC 99.80->99.80 (+0.00pp, n=500) | 0s
clip_l    C=  10 random   s3 | delta 0.0884 exc -0.0676 | NC 96.40->95.80 (-0.60pp, n=500) | 0s
clip_l    C=  10 random   s4 | delta 0.0582 exc -0.0962 | NC 99.80->99.80 (+0.00pp, n=500) | 0s
clip_l    C=  10 coherent s0 | delta 0.0834 exc -0.1060 | NC 79.20->79.00 (-0.20pp, n=500) | 0s
clip_l    C=  10 coherent s1 | delta 0.0747 exc -0.1304 | NC 84.20->83.80 (-0.40pp, n=500) | 0s
clip_l    C=  10 coherent s2 | delta 0.1340 exc -0.0662 | NC 81.40->80.20 (-1.20pp, n=500) | 0s
clip_l    C=  10 coherent s3 | delta 0.0739 exc -0.1105 | NC 96.20->96.40 (+0.20pp, n=500) | 0s
clip_l    C=  10 coherent s4 | delta 0.1271 exc -0.0741 | NC 82.80->82.60 (-0.20pp, n=500) | 0s
clip_l    C=  20 random   s0 | delta 0.1017 exc -0.0881 | NC 97.30->97.50 (+0.20pp, n=1000) | 0s
clip_l    C=  20 random   s1 | delta 0.0926 exc -0.0953 | NC 96.60->97.10 (+0.50pp, n=1000) | 0s
clip_l    C=  20 random   s2 | delta 0.0822 exc -0.1084 | NC 98.00->98.40 (+0.40pp, n=1000) | 0s
clip_l    C=  20 random   s3 | delta 0.0949 exc -0.0949 | NC 96.50->96.30 (-0.20pp, n=1000) | 0s
clip_l    C=  20 random   s4 | delta 0.0811 exc -0.1089 | NC 97.90->98.00 (+0.10pp, n=1000) | 0s
clip_l    C=  20 coherent s0 | delta 0.1206 exc -0.0721 | NC 77.50->77.40 (-0.10pp, n=1000) | 0s
clip_l    C=  20 coherent s1 | delta 0.1177 exc -0.0828 | NC 89.50->88.80 (-0.70pp, n=1000) | 0s
clip_l    C=  20 coherent s2 | delta 0.1725 exc -0.0249 | NC 70.60->69.70 (-0.90pp, n=1000) | 0s
clip_l    C=  20 coherent s3 | delta 0.1189 exc -0.0748 | NC 95.10->95.20 (+0.10pp, n=1000) | 0s
clip_l    C=  20 coherent s4 | delta 0.1136 exc -0.0820 | NC 81.40->81.80 (+0.40pp, n=1000) | 0s
clip_l    C=  50 random   s0 | delta 0.1058 exc -0.0837 | NC 93.80->94.16 (+0.36pp, n=2500) | 1s
clip_l    C=  50 random   s1 | delta 0.1132 exc -0.0660 | NC 94.32->94.76 (+0.44pp, n=2500) | 1s
clip_l    C=  50 random   s2 | delta 0.1067 exc -0.0761 | NC 96.36->96.76 (+0.40pp, n=2500) | 1s
clip_l    C=  50 random   s3 | delta 0.1029 exc -0.0791 | NC 93.60->93.76 (+0.16pp, n=2500) | 1s
clip_l    C=  50 random   s4 | delta 0.1197 exc -0.0765 | NC 94.16->94.48 (+0.32pp, n=2500) | 1s
clip_l    C=  50 coherent s0 | delta 0.1312 exc -0.0552 | NC 82.92->83.00 (+0.08pp, n=2500) | 1s
clip_l    C=  50 coherent s1 | delta 0.1432 exc -0.0639 | NC 91.80->91.08 (-0.72pp, n=2500) | 1s
clip_l    C=  50 coherent s2 | delta 0.1861 exc -0.0218 | NC 70.04->69.56 (-0.48pp, n=2500) | 1s
clip_l    C=  50 coherent s3 | delta 0.1288 exc -0.0631 | NC 87.32->86.96 (-0.36pp, n=2500) | 1s
clip_l    C=  50 coherent s4 | delta 0.1443 exc -0.0521 | NC 82.96->82.12 (-0.84pp, n=2500) | 1s
clip_l    C= 100 random   s0 | delta 0.1089 exc -0.0625 | NC 91.16->91.44 (+0.28pp, n=5000) | 2s
clip_l    C= 100 random   s1 | delta 0.1115 exc -0.0501 | NC 90.14->90.42 (+0.28pp, n=5000) | 2s
clip_l    C= 100 random   s2 | delta 0.1186 exc -0.0460 | NC 92.42->92.56 (+0.14pp, n=5000) | 2s
clip_l    C= 100 random   s3 | delta 0.1091 exc -0.0554 | NC 92.20->92.30 (+0.10pp, n=5000) | 2s
clip_l    C= 100 random   s4 | delta 0.1265 exc -0.0395 | NC 91.80->92.04 (+0.24pp, n=5000) | 2s
clip_l    C= 100 coherent s0 | delta 0.1136 exc -0.0511 | NC 83.30->83.06 (-0.24pp, n=5000) | 2s
clip_l    C= 100 coherent s1 | delta 0.1454 exc -0.0265 | NC 89.88->89.64 (-0.24pp, n=5000) | 2s
clip_l    C= 100 coherent s2 | delta 0.1439 exc -0.0492 | NC 67.04->66.76 (-0.28pp, n=5000) | 2s
clip_l    C= 100 coherent s3 | delta 0.1122 exc -0.0400 | NC 81.68->81.28 (-0.40pp, n=5000) | 2s
clip_l    C= 100 coherent s4 | delta 0.1352 exc -0.0341 | NC 83.26->82.86 (-0.40pp, n=5000) | 2s
clip_l    C= 200 random   s0 | delta 0.1071 exc -0.0432 | NC 87.11->87.12 (+0.01pp, n=10000) | 3s
clip_l    C= 200 random   s1 | delta 0.1129 exc -0.0408 | NC 86.84->87.05 (+0.21pp, n=10000) | 3s
clip_l    C= 200 random   s2 | delta 0.1150 exc -0.0350 | NC 88.91->88.84 (-0.07pp, n=10000) | 3s
clip_l    C= 200 random   s3 | delta 0.1128 exc -0.0388 | NC 88.92->88.49 (-0.43pp, n=10000) | 3s
clip_l    C= 200 random   s4 | delta 0.1195 exc -0.0346 | NC 89.26->89.55 (+0.29pp, n=10000) | 3s
clip_l    C= 200 coherent s0 | delta 0.1128 exc -0.0345 | NC 78.33->77.96 (-0.37pp, n=10000) | 3s
clip_l    C= 200 coherent s1 | delta 0.1311 exc -0.0215 | NC 80.89->80.63 (-0.26pp, n=10000) | 3s
clip_l    C= 200 coherent s2 | delta 0.1343 exc -0.0196 | NC 72.98->72.69 (-0.29pp, n=10000) | 3s
clip_l    C= 200 coherent s3 | delta 0.1096 exc -0.0360 | NC 79.12->78.75 (-0.37pp, n=10000) | 3s
clip_l    C= 200 coherent s4 | delta 0.1318 exc -0.0158 | NC 72.21->71.76 (-0.45pp, n=10000) | 3s
clip_l    C= 500 random   s0 | delta 0.1127 exc -0.0313 | NC 80.50->80.18 (-0.31pp, n=25000) | 3s
clip_l    C= 500 random   s1 | delta 0.1125 exc -0.0303 | NC 81.28->81.05 (-0.24pp, n=25000) | 3s
clip_l    C= 500 coherent s0 | delta 0.1048 exc -0.0266 | NC 74.80->74.34 (-0.46pp, n=25000) | 3s
clip_l    C= 500 coherent s1 | delta 0.1241 exc -0.0281 | NC 78.04->77.67 (-0.37pp, n=25000) | 4s
clip_l    C=1000 random   s0 | delta 0.1123 exc -0.0225 | NC 75.05->74.52 (-0.53pp, n=50000) | 7s
Done
