imagenet      i21k_t     eucl 0.123 vs null 0.144 (exc -0.021) | cos 0.149 vs 0.169 (exc -0.020)
imagenet      i21k_s     eucl 0.097 vs null 0.124 (exc -0.027) | cos 0.115 vs 0.140 (exc -0.025)
imagenet      i21k_b     eucl 0.088 vs null 0.115 (exc -0.027) | cos 0.101 vs 0.125 (exc -0.024)
imagenet      i21k_l     eucl 0.084 vs null 0.117 (exc -0.033) | cos 0.098 vs 0.126 (exc -0.028)
imagenet      dinov1_b   eucl 0.113 vs null 0.118 (exc -0.004) | cos 0.139 vs 0.130 (exc +0.009)
imagenet      dinov2_s   eucl 0.119 vs null 0.107 (exc +0.012) | cos 0.142 vs 0.114 (exc +0.027)
imagenet      dinov2_b   eucl 0.093 vs null 0.089 (exc +0.004) | cos 0.120 vs 0.094 (exc +0.026)
imagenet      dinov2_l   eucl 0.071 vs null 0.079 (exc -0.009) | cos 0.103 vs 0.083 (exc +0.020)
imagenet      dinov2_g   eucl 0.081 vs null 0.077 (exc +0.004) | cos 0.104 vs 0.080 (exc +0.024)
imagenet      clip_b     eucl 0.120 vs null 0.150 (exc -0.030) | cos 0.124 vs 0.161 (exc -0.038)
imagenet      clip_l     eucl 0.118 vs null 0.138 (exc -0.020) | cos 0.117 vs 0.144 (exc -0.027)
imagenet      siglip_b   eucl 0.114 vs null 0.130 (exc -0.016) | cos 0.119 vs 0.142 (exc -0.023)
cifar100      i21k_t     eucl 0.169 vs null 0.218 (exc -0.049) | cos 0.166 vs 0.212 (exc -0.046)
cifar100      i21k_s     eucl 0.157 vs null 0.192 (exc -0.035) | cos 0.171 vs 0.217 (exc -0.045)
cifar100      i21k_b     eucl 0.169 vs null 0.188 (exc -0.019) | cos 0.183 vs 0.207 (exc -0.023)
cifar100      i21k_l     eucl 0.136 vs null 0.188 (exc -0.052) | cos 0.150 vs 0.197 (exc -0.048)
cifar100      dinov1_b   eucl 0.114 vs null 0.187 (exc -0.072) | cos 0.122 vs 0.194 (exc -0.071)
cifar100      dinov2_s   eucl 0.113 vs null 0.165 (exc -0.052) | cos 0.132 vs 0.172 (exc -0.040)
cifar100      dinov2_b   eucl 0.112 vs null 0.153 (exc -0.041) | cos 0.123 vs 0.162 (exc -0.039)
cifar100      dinov2_l   eucl 0.098 vs null 0.148 (exc -0.049) | cos 0.115 vs 0.156 (exc -0.041)
cifar100      dinov2_g   eucl 0.070 vs null 0.148 (exc -0.078) | cos 0.101 vs 0.153 (exc -0.051)
cifar100      clip_b     eucl 0.141 vs null 0.191 (exc -0.050) | cos 0.141 vs 0.196 (exc -0.056)
cifar100      clip_l     eucl 0.141 vs null 0.188 (exc -0.047) | cos 0.131 vs 0.190 (exc -0.060)
cifar100      siglip_b   eucl 0.146 vs null 0.192 (exc -0.047) | cos 0.145 vs 0.196 (exc -0.051)
dtd           i21k_t     eucl 0.140 vs null 0.182 (exc -0.042) | cos 0.154 vs 0.205 (exc -0.051)
dtd           i21k_s     eucl 0.123 vs null 0.182 (exc -0.059) | cos 0.143 vs 0.196 (exc -0.052)
dtd           i21k_b     eucl 0.118 vs null 0.182 (exc -0.064) | cos 0.132 vs 0.191 (exc -0.059)
dtd           i21k_l     eucl 0.097 vs null 0.179 (exc -0.082) | cos 0.116 vs 0.186 (exc -0.070)
dtd           dinov1_b   eucl 0.128 vs null 0.181 (exc -0.053) | cos 0.139 vs 0.197 (exc -0.057)
dtd           dinov2_s   eucl 0.141 vs null 0.184 (exc -0.043) | cos 0.156 vs 0.205 (exc -0.049)
dtd           dinov2_b   eucl 0.112 vs null 0.184 (exc -0.072) | cos 0.144 vs 0.197 (exc -0.053)
dtd           dinov2_l   eucl 0.102 vs null 0.184 (exc -0.082) | cos 0.144 vs 0.194 (exc -0.051)
dtd           dinov2_g   eucl 0.109 vs null 0.186 (exc -0.076) | cos 0.149 vs 0.193 (exc -0.044)
dtd           clip_b     eucl 0.120 vs null 0.185 (exc -0.065) | cos 0.119 vs 0.190 (exc -0.071)
dtd           clip_l     eucl 0.131 vs null 0.184 (exc -0.053) | cos 0.130 vs 0.189 (exc -0.059)
dtd           siglip_b   eucl 0.121 vs null 0.183 (exc -0.062) | cos 0.123 vs 0.192 (exc -0.069)
cifar10       i21k_t     eucl 0.122 vs null 0.174 (exc -0.051) | cos 0.115 vs 0.195 (exc -0.080)
cifar10       i21k_s     eucl 0.086 vs null 0.175 (exc -0.089) | cos 0.085 vs 0.202 (exc -0.117)
cifar10       i21k_b     eucl 0.089 vs null 0.170 (exc -0.081) | cos 0.090 vs 0.191 (exc -0.100)
cifar10       i21k_l     eucl 0.084 vs null 0.174 (exc -0.090) | cos 0.079 vs 0.189 (exc -0.110)
cifar10       dinov1_b   eucl 0.088 vs null 0.179 (exc -0.090) | cos 0.091 vs 0.196 (exc -0.105)
cifar10       dinov2_s   eucl 0.084 vs null 0.171 (exc -0.087) | cos 0.085 vs 0.187 (exc -0.102)
cifar10       dinov2_b   eucl 0.046 vs null 0.169 (exc -0.123) | cos 0.045 vs 0.196 (exc -0.150)
cifar10       dinov2_l   eucl 0.027 vs null 0.172 (exc -0.144) | cos 0.039 vs 0.197 (exc -0.158)
cifar10       dinov2_g   eucl 0.025 vs null 0.171 (exc -0.146) | cos 0.026 vs 0.196 (exc -0.170)
cifar10       clip_b     eucl 0.105 vs null 0.174 (exc -0.069) | cos 0.107 vs 0.179 (exc -0.072)
cifar10       clip_l     eucl 0.099 vs null 0.174 (exc -0.075) | cos 0.100 vs 0.178 (exc -0.078)
cifar10       siglip_b   eucl 0.087 vs null 0.169 (exc -0.081) | cos 0.089 vs 0.174 (exc -0.085)
fashionmnist  i21k_t     eucl 0.153 vs null 0.169 (exc -0.015) | cos 0.153 vs 0.188 (exc -0.034)
fashionmnist  i21k_s     eucl 0.102 vs null 0.163 (exc -0.061) | cos 0.098 vs 0.179 (exc -0.081)
fashionmnist  i21k_b     eucl 0.098 vs null 0.169 (exc -0.071) | cos 0.101 vs 0.180 (exc -0.079)
fashionmnist  i21k_l     eucl 0.093 vs null 0.169 (exc -0.075) | cos 0.089 vs 0.180 (exc -0.092)
fashionmnist  dinov1_b   eucl 0.135 vs null 0.172 (exc -0.037) | cos 0.142 vs 0.186 (exc -0.044)
fashionmnist  dinov2_s   eucl 0.107 vs null 0.169 (exc -0.062) | cos 0.102 vs 0.191 (exc -0.089)
fashionmnist  dinov2_b   eucl 0.083 vs null 0.178 (exc -0.095) | cos 0.093 vs 0.205 (exc -0.112)
fashionmnist  dinov2_l   eucl 0.106 vs null 0.170 (exc -0.064) | cos 0.114 vs 0.198 (exc -0.084)
fashionmnist  dinov2_g   eucl 0.102 vs null 0.176 (exc -0.074) | cos 0.106 vs 0.204 (exc -0.097)
fashionmnist  clip_b     eucl 0.138 vs null 0.189 (exc -0.051) | cos 0.136 vs 0.195 (exc -0.059)
fashionmnist  clip_l     eucl 0.116 vs null 0.187 (exc -0.071) | cos 0.116 vs 0.190 (exc -0.073)
fashionmnist  siglip_b   eucl 0.112 vs null 0.177 (exc -0.065) | cos 0.105 vs 0.182 (exc -0.077)
mnist         i21k_t     eucl 0.134 vs null 0.190 (exc -0.056) | cos 0.136 vs 0.198 (exc -0.062)
mnist         i21k_s     eucl 0.128 vs null 0.189 (exc -0.062) | cos 0.132 vs 0.193 (exc -0.061)
mnist         i21k_b     eucl 0.133 vs null 0.178 (exc -0.044) | cos 0.136 vs 0.182 (exc -0.047)
mnist         i21k_l     eucl 0.124 vs null 0.184 (exc -0.060) | cos 0.123 vs 0.192 (exc -0.069)
mnist         dinov1_b   eucl 0.108 vs null 0.177 (exc -0.069) | cos 0.108 vs 0.182 (exc -0.074)
mnist         dinov2_s   eucl 0.149 vs null 0.182 (exc -0.033) | cos 0.153 vs 0.187 (exc -0.034)
mnist         dinov2_b   eucl 0.141 vs null 0.189 (exc -0.048) | cos 0.141 vs 0.191 (exc -0.050)
mnist         dinov2_l   eucl 0.150 vs null 0.191 (exc -0.040) | cos 0.148 vs 0.195 (exc -0.047)
mnist         dinov2_g   eucl 0.147 vs null 0.193 (exc -0.046) | cos 0.147 vs 0.199 (exc -0.051)
mnist         clip_b     eucl 0.138 vs null 0.174 (exc -0.036) | cos 0.140 vs 0.173 (exc -0.034)
mnist         clip_l     eucl 0.165 vs null 0.192 (exc -0.027) | cos 0.165 vs 0.192 (exc -0.027)
mnist         siglip_b   eucl 0.113 vs null 0.180 (exc -0.067) | cos 0.116 vs 0.183 (exc -0.067)
Done
