i21k_t    imagenet     val=H   rule=COS | adv val +0.10 rule +0.04 cos +0.04 oracle +0.10 (1s)
i21k_s    imagenet     val=H   rule=COS | adv val +0.13 rule +0.01 cos +0.01 oracle +0.13 (1s)
i21k_b    imagenet     val=H   rule=COS | adv val +0.09 rule +0.15 cos +0.15 oracle +0.15 (2s)
i21k_l    imagenet     val=H   rule=COS | adv val +0.05 rule +0.03 cos +0.03 oracle +0.05 (2s)
dinov2_s  imagenet     val=H   rule=COS | adv val +0.60 rule +0.19 cos +0.19 oracle +0.60 (1s)
dinov2_b  imagenet     val=H   rule=COS | adv val +0.75 rule +0.12 cos +0.12 oracle +0.75 (2s)
dinov2_l  imagenet     val=H   rule=COS | adv val +0.86 rule +0.07 cos +0.07 oracle +0.86 (2s)
dinov2_g  imagenet     val=H   rule=COS | adv val +0.84 rule +0.07 cos +0.07 oracle +0.84 (3s)
clip_b    imagenet     val=H   rule=H   | adv val +0.22 rule +0.22 cos +0.06 oracle +0.22 (1s)
clip_l    imagenet     val=H   rule=H   | adv val +0.16 rule +0.16 cos +0.01 oracle +0.16 (2s)
i21k_t    cifar100     val=COS rule=COS | adv val +1.22 rule +1.22 cos +1.22 oracle +1.22 (1s)
i21k_s    cifar100     val=COS rule=COS | adv val +0.57 rule +0.57 cos +0.57 oracle +0.57 (1s)
i21k_b    cifar100     val=COS rule=COS | adv val +0.54 rule +0.54 cos +0.54 oracle +0.54 (1s)
i21k_l    cifar100     val=COS rule=COS | adv val +1.01 rule +1.01 cos +1.01 oracle +1.01 (1s)
dinov2_s  cifar100     val=H   rule=COS | adv val +0.62 rule +0.15 cos +0.15 oracle +0.62 (1s)
dinov2_b  cifar100     val=H   rule=COS | adv val +0.70 rule +0.22 cos +0.22 oracle +0.70 (1s)
dinov2_l  cifar100     val=H   rule=COS | adv val +0.92 rule +0.09 cos +0.09 oracle +0.92 (1s)
dinov2_g  cifar100     val=H   rule=COS | adv val +1.05 rule +0.30 cos +0.30 oracle +1.05 (2s)
clip_b    cifar100     val=H   rule=H   | adv val +1.07 rule +1.07 cos +0.00 oracle +1.07 (1s)
clip_l    cifar100     val=H   rule=H   | adv val +0.90 rule +0.90 cos +0.10 oracle +0.90 (1s)
i21k_t    cifar10      val=COS rule=COS | adv val +0.78 rule +0.78 cos +0.78 oracle +0.78 (1s)
i21k_s    cifar10      val=COS rule=COS | adv val +0.67 rule +0.67 cos +0.67 oracle +0.67 (1s)
i21k_b    cifar10      val=COS rule=COS | adv val +0.56 rule +0.56 cos +0.56 oracle +0.56 (1s)
i21k_l    cifar10      val=COS rule=COS | adv val +1.62 rule +1.62 cos +1.62 oracle +1.62 (2s)
dinov2_s  cifar10      val=H   rule=COS | adv val +0.58 rule +0.20 cos +0.20 oracle +0.58 (1s)
dinov2_b  cifar10      val=H   rule=COS | adv val +0.68 rule +0.14 cos +0.14 oracle +0.68 (1s)
dinov2_l  cifar10      val=H   rule=COS | adv val +0.99 rule +0.09 cos +0.09 oracle +0.99 (2s)
dinov2_g  cifar10      val=H   rule=COS | adv val +1.43 rule +0.04 cos +0.04 oracle +1.43 (2s)
clip_b    cifar10      val=H   rule=H   | adv val +0.66 rule +0.66 cos -0.14 oracle +0.66 (1s)
clip_l    cifar10      val=H   rule=H   | adv val +0.62 rule +0.62 cos +0.22 oracle +0.62 (1s)
i21k_t    dtd          val=H   rule=COS | adv val +0.79 rule +0.64 cos +0.64 oracle +0.79 (1s)
i21k_s    dtd          val=H   rule=COS | adv val +0.80 rule +0.45 cos +0.45 oracle +0.80 (1s)
i21k_b    dtd          val=H   rule=COS | adv val +0.86 rule +0.10 cos +0.10 oracle +0.86 (1s)
i21k_l    dtd          val=H   rule=COS | adv val +0.97 rule +0.31 cos +0.31 oracle +0.97 (1s)
dinov2_s  dtd          val=H   rule=COS | adv val +0.69 rule +0.10 cos +0.10 oracle +0.69 (1s)
dinov2_b  dtd          val=H   rule=COS | adv val +1.12 rule +0.12 cos +0.12 oracle +1.12 (1s)
dinov2_l  dtd          val=H   rule=COS | adv val +1.45 rule +0.17 cos +0.17 oracle +1.45 (1s)
dinov2_g  dtd          val=H   rule=COS | adv val +1.45 rule +0.21 cos +0.21 oracle +1.45 (1s)
clip_b    dtd          val=H   rule=H   | adv val +1.11 rule +1.11 cos -0.04 oracle +1.11 (1s)
clip_l    dtd          val=H   rule=H   | adv val +0.83 rule +0.83 cos +0.06 oracle +0.83 (1s)
i21k_t    fashionmnist val=H   rule=R   | adv val +0.22 rule +0.00 cos +0.05 oracle +0.22 (1s)
i21k_s    fashionmnist val=COS rule=R   | adv val +0.06 rule +0.00 cos +0.06 oracle +0.06 (1s)
i21k_b    fashionmnist val=H   rule=R   | adv val +0.01 rule +0.00 cos +0.01 oracle +0.01 (2s)
i21k_l    fashionmnist val=H   rule=R   | adv val +0.12 rule +0.00 cos -0.06 oracle +0.12 (2s)
dinov2_s  fashionmnist val=R   rule=R   | adv val +0.00 rule +0.00 cos +0.05 oracle +0.14 (1s)
dinov2_b  fashionmnist val=COS rule=R   | adv val +0.03 rule +0.00 cos +0.03 oracle +0.03 (2s)
dinov2_l  fashionmnist val=COS rule=R   | adv val +0.06 rule +0.00 cos +0.06 oracle +0.15 (2s)
dinov2_g  fashionmnist val=COS rule=R   | adv val -0.02 rule +0.00 cos -0.02 oracle +0.06 (2s)
clip_b    fashionmnist val=COS rule=R   | adv val +0.15 rule +0.00 cos +0.15 oracle +0.22 (1s)
clip_l    fashionmnist val=H   rule=R   | adv val +0.46 rule +0.00 cos +0.13 oracle +0.46 (2s)
i21k_t    mnist        val=COS rule=R   | adv val +0.65 rule +0.00 cos +0.65 oracle +0.65 (1s)
i21k_s    mnist        val=H   rule=R   | adv val +0.57 rule +0.00 cos +0.38 oracle +0.57 (1s)
i21k_b    mnist        val=H   rule=R   | adv val +0.66 rule +0.00 cos +0.34 oracle +0.66 (2s)
i21k_l    mnist        val=H   rule=R   | adv val +0.70 rule +0.00 cos +0.11 oracle +0.70 (2s)
dinov2_s  mnist        val=H   rule=R   | adv val +0.60 rule +0.00 cos -0.03 oracle +0.60 (1s)
dinov2_b  mnist        val=H   rule=R   | adv val +0.35 rule +0.00 cos +0.01 oracle +0.35 (2s)
dinov2_l  mnist        val=H   rule=R   | adv val +0.48 rule +0.00 cos +0.11 oracle +0.48 (2s)
dinov2_g  mnist        val=H   rule=R   | adv val +0.60 rule +0.00 cos +0.09 oracle +0.60 (2s)
clip_b    mnist        val=R   rule=R   | adv val +0.00 rule +0.00 cos +0.08 oracle +0.08 (1s)
clip_l    mnist        val=H   rule=R   | adv val +0.99 rule +0.00 cos +0.07 oracle +0.99 (2s)

== MEANS (60 cells) ==
  adv_val    +0.629pp
  adv_rule   +0.276pp
  adv_cos    +0.225pp
  adv_oracle +0.638pp
rule == val-pick: 18 / 60
Done
