V1/V2 — NC (independent reimplementation), norm-variation coefficient:
  dinov2_l/cifar100  R=0.8562 H=0.8767 H2=0.7779 COS=0.8808  (feat-norm CV=0.019)
  dinov2_l/dtd       R=0.7441 H=0.7516 H2=0.6941 COS=0.7649  (feat-norm CV=0.018)
  dinov2_l/imagenet  R=0.7985 H=0.8041 H2=0.7541 COS=0.8099  (feat-norm CV=0.013)
  dinov2_g/cifar100  R=0.8976 H=0.9099 H2=0.8413 COS=0.9176  (feat-norm CV=0.039)
  dinov2_g/dtd       R=0.7293 H=0.7309 H2=0.6803 COS=0.7447  (feat-norm CV=0.031)
  dinov2_g/imagenet  R=0.7844 H=0.7831 H2=0.7565 COS=0.7958  (feat-norm CV=0.027)
V3 — FS dinov2_g, 2000 episodes, two fresh seeds:
  cifar100  seed=123 R=0.9605 H=0.9724 COS=0.9839 COS-H=+1.15±0.08pp
  cifar100  seed=  7 R=0.9574 H=0.9698 COS=0.9821 COS-H=+1.23±0.09pp
  dtd       seed=123 R=0.8650 H=0.8793 COS=0.8922 COS-H=+1.29±0.16pp
  dtd       seed=  7 R=0.8669 H=0.8813 COS=0.8932 COS-H=+1.19±0.15pp
V4 — NC on FULL ImageNet train (independent npz), dinov2_g:
Traceback (most recent call last):
  File "/home/javi/Platonic/rebuttal/scripts/exp9_dino_verify.py", line 138, in <module>
    trp, tep = project(tr, mu, sc), project(te, mu, sc)
  File "/home/javi/Platonic/rebuttal/scripts/exp9_dino_verify.py", line 39, in project
    Y = torch.tanh(n / 2) * Z / n
torch.OutOfMemoryError: CUDA out of memory. Tried to allocate 7.04 GiB. GPU 0 has a total capacity of 23.55 GiB of which 1.50 GiB is free. Including non-PyTorch memory, this process has 22.02 GiB memory in use. Of the allocated memory 21.45 GiB is allocated by PyTorch, and 132.95 MiB is reserved by PyTorch but unallocated. If reserved but unallocated memory is large try setting PYTORCH_CUDA_ALLOC_CONF=expandable_segments:True to avoid fragmentation.  See documentation for Memory Management  (https://pytorch.org/docs/stable/notes/cuda.html#environment-variables)
V4 fulltrain NC dinov2_g: R=0.7878 H=0.7859 COS=0.7993
