clip_l    wn30 real      s=real  seed 0 depth: real -0.0072 star +0.0006 depth -0.0078 z -0.83 (111s)
clip_l    wn30 rand6     s=0.0   seed 0 depth: real -0.0067 star +0.0006 depth -0.0073 z -0.79 (103s)
clip_l    wn30 rand6     s=0.0   seed 1 depth: real -0.0069 star +0.0006 depth -0.0075 z -0.86 (104s)
clip_l    wn30 rand6     s=0.0   seed 2 depth: real -0.0101 star +0.0006 depth -0.0107 z -1.20 (106s)
clip_l    wn30 rand6     s=0.0   seed 3 depth: real -0.0053 star +0.0006 depth -0.0059 z -0.67 (104s)
clip_l    wn30 rand6     s=0.0   seed 4 depth: real -0.0106 star +0.0006 depth -0.0112 z -1.23 (103s)
clip_l    wn30 rand6     s=0.25  seed 0 depth: real -0.0104 star +0.0006 depth -0.0110 z -1.32 (100s)
clip_l    wn30 rand6     s=0.25  seed 1 depth: real -0.0085 star +0.0006 depth -0.0091 z -0.98 (103s)
clip_l    wn30 rand6     s=0.25  seed 2 depth: real -0.0128 star +0.0006 depth -0.0134 z -1.44 (104s)
clip_l    wn30 rand6     s=0.25  seed 3 depth: real -0.0067 star +0.0006 depth -0.0073 z -0.80 (105s)
clip_l    wn30 rand6     s=0.25  seed 4 depth: real -0.0129 star +0.0006 depth -0.0135 z -1.56 (109s)
clip_l    wn30 rand6     s=0.5   seed 0 depth: real -0.0094 star +0.0006 depth -0.0100 z -1.26 (106s)
clip_l    wn30 rand6     s=0.5   seed 1 depth: real -0.0105 star +0.0006 depth -0.0111 z -1.28 (104s)
clip_l    wn30 rand6     s=0.5   seed 2 depth: real -0.0089 star +0.0006 depth -0.0095 z -1.17 (106s)
clip_l    wn30 rand6     s=0.5   seed 3 depth: real -0.0142 star +0.0006 depth -0.0148 z -1.47 (102s)
clip_l    wn30 rand6     s=0.5   seed 4 depth: real -0.0133 star +0.0006 depth -0.0139 z -1.62 (102s)
clip_l    wn30 rand6     s=0.75  seed 0 depth: real -0.0106 star +0.0006 depth -0.0112 z -1.43 (102s)
clip_l    wn30 rand6     s=0.75  seed 1 depth: real -0.0069 star +0.0006 depth -0.0075 z -0.83 (102s)
clip_l    wn30 rand6     s=0.75  seed 2 depth: real -0.0095 star +0.0006 depth -0.0101 z -1.04 (106s)
clip_l    wn30 rand6     s=0.75  seed 3 depth: real -0.0036 star +0.0006 depth -0.0042 z -0.52 (105s)
clip_l    wn30 rand6     s=0.75  seed 4 depth: real -0.0057 star +0.0006 depth -0.0063 z -0.70 (113s)
clip_l    wn30 rand6     s=1.0   seed 0 depth: real -0.0196 star +0.0006 depth -0.0202 z -1.93 (105s)
clip_l    wn30 rand6     s=1.0   seed 1 depth: real -0.0234 star +0.0006 depth -0.0240 z -2.22 (103s)
clip_l    wn30 rand6     s=1.0   seed 2 depth: real -0.0194 star +0.0006 depth -0.0200 z -1.90 (105s)
clip_l    wn30 rand6     s=1.0   seed 3 depth: real -0.0268 star +0.0006 depth -0.0274 z -2.67 (107s)
clip_l    wn30 rand6     s=1.0   seed 4 depth: real -0.0220 star +0.0006 depth -0.0226 z -2.17 (105s)
clip_l    wn30 rand6     s=0.0   seed 0 census: exc -0.0224 r=200 (608s)
clip_l    wn30 rand6     s=0.25  seed 0 census: exc -0.0262 r=200 (620s)
clip_l    wn30 rand6     s=0.5   seed 0 census: exc -0.0239 r=200 (625s)
clip_l    wn30 rand6     s=0.75  seed 0 census: exc -0.0231 r=200 (604s)
clip_l    wn30 rand6     s=1.0   seed 0 census: exc -0.0226 r=200 (592s)
clip_l    wn30 tight06   s=real  seed 0 depth: real -0.0240 star -0.0003 depth -0.0236 z -2.41 (105s)
clip_l    wn30 rand6_t06 s=0.0   seed 0 depth: real -0.0255 star -0.0003 depth -0.0251 z -2.27 (103s)
clip_l    wn30 rand6_t06 s=0.0   seed 1 depth: real -0.0270 star -0.0003 depth -0.0267 z -2.59 (102s)
clip_l    wn30 rand6_t06 s=0.5   seed 0 depth: real -0.0542 star -0.0003 depth -0.0539 z -5.58 (99s)
clip_l    wn30 rand6_t06 s=0.5   seed 1 depth: real -0.0592 star -0.0003 depth -0.0589 z -5.93 (101s)
clip_l    wn30 rand6_t06 s=1.0   seed 0 depth: real -0.1352 star -0.0003 depth -0.1349 z -13.62 (100s)
clip_l    wn30 rand6_t06 s=1.0   seed 1 depth: real -0.1369 star -0.0003 depth -0.1366 z -13.39 (102s)
PART DONE wn30 clip_l
