gaussian               s0 xi +0.0931 frac_neg 0.00
gauss_lognorm_r0.3     s0 xi -0.0513 frac_neg 0.99
gauss_lognorm_r0.6     s0 xi -0.0786 frac_neg 1.00
gauss_lognorm_r1.0     s0 xi -0.0539 frac_neg 0.99
core_shell             s0 xi -0.3183 frac_neg 0.78
sphere                 s0 xi +0.1153 frac_neg 0.00
sphere_radial_jitter   s0 xi -0.0669 frac_neg 1.00
gaussian               s1 xi +0.0928 frac_neg 0.00
gauss_lognorm_r0.3     s1 xi -0.0653 frac_neg 1.00
gauss_lognorm_r0.6     s1 xi -0.0599 frac_neg 1.00
gauss_lognorm_r1.0     s1 xi -0.0586 frac_neg 0.99
core_shell             s1 xi -0.3251 frac_neg 0.80
sphere                 s1 xi +0.1154 frac_neg 0.00
sphere_radial_jitter   s1 xi -0.0465 frac_neg 0.99
gaussian               s2 xi +0.0904 frac_neg 0.00
gauss_lognorm_r0.3     s2 xi -0.0721 frac_neg 1.00
gauss_lognorm_r0.6     s2 xi -0.0511 frac_neg 1.00
gauss_lognorm_r1.0     s2 xi -0.0417 frac_neg 0.99
core_shell             s2 xi -0.3167 frac_neg 0.79
sphere                 s2 xi +0.1153 frac_neg 0.00
sphere_radial_jitter   s2 xi -0.0539 frac_neg 1.00
gaussian               s3 xi +0.0917 frac_neg 0.00
gauss_lognorm_r0.3     s3 xi -0.0539 frac_neg 0.99
gauss_lognorm_r0.6     s3 xi -0.0453 frac_neg 1.00
gauss_lognorm_r1.0     s3 xi -0.0432 frac_neg 0.99
core_shell             s3 xi -0.3248 frac_neg 0.79
sphere                 s3 xi +0.1152 frac_neg 0.00
sphere_radial_jitter   s3 xi -0.0537 frac_neg 1.00
gaussian               s4 xi +0.0913 frac_neg 0.00
gauss_lognorm_r0.3     s4 xi -0.0679 frac_neg 1.00
gauss_lognorm_r0.6     s4 xi -0.0685 frac_neg 1.00
gauss_lognorm_r1.0     s4 xi -0.0507 frac_neg 0.99
core_shell             s4 xi -0.3238 frac_neg 0.79
sphere                 s4 xi +0.1156 frac_neg 0.00
sphere_radial_jitter   s4 xi -0.0645 frac_neg 1.00
Done expR43
