star  K 6 r0.1 iso   n 100 s0: depth +0.0020 z +0.0 (22s)
star  K 6 r0.1 iso   n 100 s1: depth -0.0127 z -0.3 (20s)
star  K 6 r0.1 iso   n 100 s2: depth -0.0166 z -0.4 (20s)
star  K 6 r0.1 iso   n 100 s3: depth +0.0050 z +0.1 (20s)
star  K 6 r0.1 iso   n 100 s4: depth -0.0025 z -0.1 (19s)
star  K 6 r0.1 iso   n1000 s0: depth +0.0037 z +0.1 (59s)
star  K 6 r0.1 iso   n1000 s1: depth -0.0110 z -0.2 (59s)
star  K 6 r0.1 iso   n1000 s2: depth -0.0164 z -0.4 (72s)
star  K 6 r0.1 iso   n1000 s3: depth +0.0058 z +0.1 (80s)
star  K 6 r0.1 iso   n1000 s4: depth -0.0039 z -0.1 (58s)
star  K 6 r0.1 aniso n 100 s0: depth +0.0034 z +0.1 (19s)
star  K 6 r0.1 aniso n 100 s1: depth -0.0116 z -0.3 (20s)
star  K 6 r0.1 aniso n 100 s2: depth -0.0096 z -0.2 (21s)
star  K 6 r0.1 aniso n 100 s3: depth +0.0019 z +0.0 (24s)
star  K 6 r0.1 aniso n 100 s4: depth -0.0083 z -0.2 (24s)
star  K 6 r0.1 aniso n1000 s0: depth +0.0026 z +0.1 (82s)
star  K 6 r0.1 aniso n1000 s1: depth -0.0072 z -0.2 (83s)
star  K 6 r0.1 aniso n1000 s2: depth -0.0043 z -0.1 (82s)
star  K 6 r0.1 aniso n1000 s3: depth +0.0009 z +0.0 (67s)
star  K 6 r0.1 aniso n1000 s4: depth -0.0071 z -0.2 (69s)
star  K 6 r0.3 iso   n 100 s0: depth -0.0119 z -0.3 (19s)
star  K 6 r0.3 iso   n 100 s1: depth -0.0246 z -0.6 (19s)
star  K 6 r0.3 iso   n 100 s2: depth -0.0275 z -0.7 (19s)
star  K 6 r0.3 iso   n 100 s3: depth -0.0059 z -0.2 (19s)
star  K 6 r0.3 iso   n 100 s4: depth -0.0080 z -0.2 (19s)
star  K 6 r0.3 iso   n1000 s0: depth +0.0011 z +0.0 (63s)
star  K 6 r0.3 iso   n1000 s1: depth -0.0132 z -0.4 (60s)
star  K 6 r0.3 iso   n1000 s2: depth -0.0179 z -0.5 (62s)
star  K 6 r0.3 iso   n1000 s3: depth +0.0009 z +0.0 (79s)
star  K 6 r0.3 iso   n1000 s4: depth -0.0065 z -0.2 (80s)
star  K 6 r0.3 aniso n 100 s0: depth -0.0057 z -0.2 (24s)
star  K 6 r0.3 aniso n 100 s1: depth -0.0133 z -0.4 (23s)
star  K 6 r0.3 aniso n 100 s2: depth -0.0061 z -0.2 (24s)
star  K 6 r0.3 aniso n 100 s3: depth -0.0157 z -0.4 (26s)
star  K 6 r0.3 aniso n 100 s4: depth -0.0102 z -0.3 (26s)
star  K 6 r0.3 aniso n1000 s0: depth -0.0014 z -0.0 (76s)
star  K 6 r0.3 aniso n1000 s1: depth -0.0101 z -0.3 (75s)
star  K 6 r0.3 aniso n1000 s2: depth -0.0032 z -0.1 (81s)
star  K 6 r0.3 aniso n1000 s3: depth -0.0069 z -0.2 (75s)
star  K 6 r0.3 aniso n1000 s4: depth -0.0113 z -0.3 (77s)
star  K 6 r0.6 iso   n 100 s0: depth -0.0415 z -1.5 (21s)
star  K 6 r0.6 iso   n 100 s1: depth -0.0455 z -1.5 (25s)
star  K 6 r0.6 iso   n 100 s2: depth -0.0457 z -1.5 (20s)
star  K 6 r0.6 iso   n 100 s3: depth -0.0338 z -1.2 (19s)
star  K 6 r0.6 iso   n 100 s4: depth -0.0336 z -1.2 (20s)
star  K 6 r0.6 iso   n1000 s0: depth -0.0029 z -0.1 (56s)
star  K 6 r0.6 iso   n1000 s1: depth -0.0139 z -0.5 (64s)
star  K 6 r0.6 iso   n1000 s2: depth -0.0157 z -0.6 (76s)
star  K 6 r0.6 iso   n1000 s3: depth -0.0037 z -0.1 (79s)
star  K 6 r0.6 iso   n1000 s4: depth -0.0078 z -0.3 (81s)
star  K 6 r0.6 aniso n 100 s0: depth -0.0035 z -0.2 (25s)
star  K 6 r0.6 aniso n 100 s1: depth -0.0101 z -0.4 (24s)
star  K 6 r0.6 aniso n 100 s2: depth +0.0010 z +0.0 (23s)
star  K 6 r0.6 aniso n 100 s3: depth -0.0153 z -0.6 (23s)
star  K 6 r0.6 aniso n 100 s4: depth +0.0018 z +0.1 (23s)
star  K 6 r0.6 aniso n1000 s0: depth +0.0008 z +0.1 (80s)
star  K 6 r0.6 aniso n1000 s1: depth -0.0008 z -0.1 (81s)
star  K 6 r0.6 aniso n1000 s2: depth +0.0034 z +0.2 (81s)
star  K 6 r0.6 aniso n1000 s3: depth +0.0006 z +0.1 (79s)
star  K 6 r0.6 aniso n1000 s4: depth +0.0009 z +0.1 (81s)
hier2 K 6 r0.1 iso   n 100 s0: depth -0.1044 z -13.0 (24s)
hier2 K 6 r0.1 iso   n 100 s1: depth -0.1209 z -14.3 (24s)
hier2 K 6 r0.1 iso   n 100 s2: depth -0.1195 z -13.6 (22s)
hier2 K 6 r0.1 iso   n 100 s3: depth -0.1161 z -12.8 (22s)
hier2 K 6 r0.1 iso   n 100 s4: depth -0.1033 z -13.0 (22s)
hier2 K 6 r0.1 iso   n1000 s0: depth -0.1057 z -12.8 (67s)
hier2 K 6 r0.1 iso   n1000 s1: depth -0.1175 z -14.0 (64s)
hier2 K 6 r0.1 iso   n1000 s2: depth -0.1184 z -14.6 (78s)
hier2 K 6 r0.1 iso   n1000 s3: depth -0.1107 z -14.8 (79s)
hier2 K 6 r0.1 iso   n1000 s4: depth -0.1112 z -13.2 (78s)
hier2 K 6 r0.1 aniso n 100 s0: depth -0.1041 z -11.8 (26s)
hier2 K 6 r0.1 aniso n 100 s1: depth -0.1178 z -13.9 (26s)
hier2 K 6 r0.1 aniso n 100 s2: depth -0.1218 z -13.7 (26s)
hier2 K 6 r0.1 aniso n 100 s3: depth -0.1158 z -13.3 (26s)
hier2 K 6 r0.1 aniso n 100 s4: depth -0.1046 z -12.7 (26s)
hier2 K 6 r0.1 aniso n1000 s0: depth -0.1057 z -12.6 (81s)
hier2 K 6 r0.1 aniso n1000 s1: depth -0.1168 z -13.8 (81s)
hier2 K 6 r0.1 aniso n1000 s2: depth -0.1171 z -14.4 (81s)
hier2 K 6 r0.1 aniso n1000 s3: depth -0.1111 z -14.8 (74s)
hier2 K 6 r0.1 aniso n1000 s4: depth -0.1105 z -14.0 (79s)
hier2 K 6 r0.3 iso   n 100 s0: depth -0.1030 z -14.0 (18s)
hier2 K 6 r0.3 iso   n 100 s1: depth -0.1190 z -12.4 (18s)
hier2 K 6 r0.3 iso   n 100 s2: depth -0.1136 z -14.0 (18s)
hier2 K 6 r0.3 iso   n 100 s3: depth -0.1085 z -11.9 (18s)
hier2 K 6 r0.3 iso   n 100 s4: depth -0.0962 z -13.0 (23s)
hier2 K 6 r0.3 iso   n1000 s0: depth -0.1005 z -12.7 (82s)
hier2 K 6 r0.3 iso   n1000 s1: depth -0.1104 z -14.4 (78s)
hier2 K 6 r0.3 iso   n1000 s2: depth -0.1104 z -14.6 (78s)
hier2 K 6 r0.3 iso   n1000 s3: depth -0.1059 z -15.1 (77s)
hier2 K 6 r0.3 iso   n1000 s4: depth -0.1053 z -13.4 (56s)
hier2 K 6 r0.3 aniso n 100 s0: depth -0.0863 z -8.2 (21s)
hier2 K 6 r0.3 aniso n 100 s1: depth -0.1039 z -8.8 (21s)
hier2 K 6 r0.3 aniso n 100 s2: depth -0.0877 z -9.4 (21s)
hier2 K 6 r0.3 aniso n 100 s3: depth -0.1016 z -10.1 (21s)
hier2 K 6 r0.3 aniso n 100 s4: depth -0.0936 z -13.0 (21s)
hier2 K 6 r0.3 aniso n1000 s0: depth -0.0935 z -11.2 (81s)
hier2 K 6 r0.3 aniso n1000 s1: depth -0.0966 z -10.9 (73s)
hier2 K 6 r0.3 aniso n1000 s2: depth -0.0934 z -10.5 (54s)
hier2 K 6 r0.3 aniso n1000 s3: depth -0.0921 z -11.3 (54s)
hier2 K 6 r0.3 aniso n1000 s4: depth -0.0941 z -11.1 (54s)
hier2 K 6 r0.6 iso   n 100 s0: depth -0.1186 z -10.7 (18s)
hier2 K 6 r0.6 iso   n 100 s1: depth -0.1318 z -12.6 (18s)
hier2 K 6 r0.6 iso   n 100 s2: depth -0.1299 z -13.5 (18s)
hier2 K 6 r0.6 iso   n 100 s3: depth -0.1256 z -18.4 (18s)
hier2 K 6 r0.6 iso   n 100 s4: depth -0.1137 z -13.9 (18s)
hier2 K 6 r0.6 iso   n1000 s0: depth -0.0918 z -12.7 (52s)
hier2 K 6 r0.6 iso   n1000 s1: depth -0.1010 z -14.9 (52s)
hier2 K 6 r0.6 iso   n1000 s2: depth -0.0976 z -13.5 (52s)
hier2 K 6 r0.6 iso   n1000 s3: depth -0.0975 z -16.1 (58s)
hier2 K 6 r0.6 iso   n1000 s4: depth -0.0928 z -14.6 (64s)
hier2 K 6 r0.6 aniso n 100 s0: depth -0.0441 z -3.8 (21s)
hier2 K 6 r0.6 aniso n 100 s1: depth -0.0574 z -5.3 (21s)
hier2 K 6 r0.6 aniso n 100 s2: depth -0.0418 z -3.5 (21s)
hier2 K 6 r0.6 aniso n 100 s3: depth -0.0582 z -7.6 (21s)
hier2 K 6 r0.6 aniso n 100 s4: depth -0.0428 z -4.0 (21s)
hier2 K 6 r0.6 aniso n1000 s0: depth -0.0579 z -5.3 (55s)
hier2 K 6 r0.6 aniso n1000 s1: depth -0.0636 z -5.1 (55s)
hier2 K 6 r0.6 aniso n1000 s2: depth -0.0540 z -5.2 (55s)
hier2 K 6 r0.6 aniso n1000 s3: depth -0.0589 z -5.5 (59s)
hier2 K 6 r0.6 aniso n1000 s4: depth -0.0582 z -5.0 (79s)
hier3 K 6 r0.1 iso   n 100 s0: depth -0.1399 z -13.5 (22s)
hier3 K 6 r0.1 iso   n 100 s1: depth -0.1540 z -15.2 (18s)
hier3 K 6 r0.1 iso   n 100 s2: depth -0.1446 z -15.6 (18s)
hier3 K 6 r0.1 iso   n 100 s3: depth -0.1433 z -15.7 (18s)
hier3 K 6 r0.1 iso   n 100 s4: depth -0.1483 z -16.1 (18s)
hier3 K 6 r0.1 iso   n1000 s0: depth -0.1401 z -11.5 (55s)
hier3 K 6 r0.1 iso   n1000 s1: depth -0.1491 z -14.8 (55s)
hier3 K 6 r0.1 iso   n1000 s2: depth -0.1492 z -15.1 (54s)
hier3 K 6 r0.1 iso   n1000 s3: depth -0.1465 z -16.3 (52s)
hier3 K 6 r0.1 iso   n1000 s4: depth -0.1437 z -15.6 (56s)
hier3 K 6 r0.1 aniso n 100 s0: depth -0.1432 z -14.2 (23s)
hier3 K 6 r0.1 aniso n 100 s1: depth -0.1523 z -15.1 (23s)
hier3 K 6 r0.1 aniso n 100 s2: depth -0.1458 z -16.6 (22s)
hier3 K 6 r0.1 aniso n 100 s3: depth -0.1446 z -15.7 (23s)
hier3 K 6 r0.1 aniso n 100 s4: depth -0.1472 z -16.0 (23s)
hier3 K 6 r0.1 aniso n1000 s0: depth -0.1395 z -11.4 (59s)
hier3 K 6 r0.1 aniso n1000 s1: depth -0.1494 z -15.4 (59s)
hier3 K 6 r0.1 aniso n1000 s2: depth -0.1502 z -15.1 (59s)
hier3 K 6 r0.1 aniso n1000 s3: depth -0.1480 z -16.6 (59s)
hier3 K 6 r0.1 aniso n1000 s4: depth -0.1433 z -16.0 (58s)
hier3 K 6 r0.3 iso   n 100 s0: depth -0.1304 z -13.3 (18s)
hier3 K 6 r0.3 iso   n 100 s1: depth -0.1447 z -14.1 (18s)
hier3 K 6 r0.3 iso   n 100 s2: depth -0.1391 z -17.0 (18s)
hier3 K 6 r0.3 iso   n 100 s3: depth -0.1374 z -15.5 (18s)
hier3 K 6 r0.3 iso   n 100 s4: depth -0.1376 z -15.6 (18s)
hier3 K 6 r0.3 iso   n1000 s0: depth -0.1305 z -11.6 (55s)
hier3 K 6 r0.3 iso   n1000 s1: depth -0.1418 z -14.9 (54s)
hier3 K 6 r0.3 iso   n1000 s2: depth -0.1436 z -15.7 (54s)
hier3 K 6 r0.3 iso   n1000 s3: depth -0.1393 z -17.7 (54s)
hier3 K 6 r0.3 iso   n1000 s4: depth -0.1376 z -15.2 (54s)
hier3 K 6 r0.3 aniso n 100 s0: depth -0.1301 z -12.3 (24s)
hier3 K 6 r0.3 aniso n 100 s1: depth -0.1213 z -11.5 (23s)
hier3 K 6 r0.3 aniso n 100 s2: depth -0.1201 z -13.6 (23s)
hier3 K 6 r0.3 aniso n 100 s3: depth -0.1154 z -10.2 (27s)
hier3 K 6 r0.3 aniso n 100 s4: depth -0.1231 z -13.2 (32s)
hier3 K 6 r0.3 aniso n1000 s0: depth -0.1232 z -11.9 (73s)
hier3 K 6 r0.3 aniso n1000 s1: depth -0.1157 z -8.9 (57s)
hier3 K 6 r0.3 aniso n1000 s2: depth -0.1274 z -13.5 (56s)
hier3 K 6 r0.3 aniso n1000 s3: depth -0.1193 z -11.1 (58s)
hier3 K 6 r0.3 aniso n1000 s4: depth -0.1171 z -12.4 (58s)
hier3 K 6 r0.6 iso   n 100 s0: depth -0.1290 z -12.3 (18s)
hier3 K 6 r0.6 iso   n 100 s1: depth -0.1359 z -10.5 (17s)
hier3 K 6 r0.6 iso   n 100 s2: depth -0.1348 z -14.9 (17s)
hier3 K 6 r0.6 iso   n 100 s3: depth -0.1350 z -10.2 (17s)
hier3 K 6 r0.6 iso   n 100 s4: depth -0.1379 z -12.2 (17s)
hier3 K 6 r0.6 iso   n1000 s0: depth -0.1157 z -12.5 (47s)
hier3 K 6 r0.6 iso   n1000 s1: depth -0.1272 z -15.8 (46s)
hier3 K 6 r0.6 iso   n1000 s2: depth -0.1276 z -15.2 (45s)
hier3 K 6 r0.6 iso   n1000 s3: depth -0.1241 z -17.8 (42s)
hier3 K 6 r0.6 iso   n1000 s4: depth -0.1221 z -14.4 (39s)
hier3 K 6 r0.6 aniso n 100 s0: depth -0.0782 z -6.9 (18s)
hier3 K 6 r0.6 aniso n 100 s1: depth -0.0578 z -5.2 (18s)
hier3 K 6 r0.6 aniso n 100 s2: depth -0.0677 z -8.1 (18s)
hier3 K 6 r0.6 aniso n 100 s3: depth -0.0538 z -5.2 (18s)
hier3 K 6 r0.6 aniso n 100 s4: depth -0.0637 z -4.6 (18s)
hier3 K 6 r0.6 aniso n1000 s0: depth -0.0570 z -3.9 (40s)
hier3 K 6 r0.6 aniso n1000 s1: depth -0.0516 z -4.3 (39s)
hier3 K 6 r0.6 aniso n1000 s2: depth -0.0694 z -7.2 (40s)
hier3 K 6 r0.6 aniso n1000 s3: depth -0.0546 z -5.4 (39s)
hier3 K 6 r0.6 aniso n1000 s4: depth -0.0503 z -4.4 (39s)
Done part k6
