siglip_b  wn30 real      s=real  seed 0 depth: real -0.0097 star +0.0008 depth -0.0106 z -0.90 (108s)
siglip_b  wn30 rand6     s=0.0   seed 0 depth: real -0.0055 star +0.0008 depth -0.0063 z -0.65 (108s)
siglip_b  wn30 rand6     s=0.0   seed 1 depth: real -0.0079 star +0.0008 depth -0.0087 z -0.82 (106s)
siglip_b  wn30 rand6     s=0.0   seed 2 depth: real -0.0037 star +0.0008 depth -0.0045 z -0.44 (107s)
siglip_b  wn30 rand6     s=0.0   seed 3 depth: real -0.0071 star +0.0008 depth -0.0079 z -0.77 (101s)
siglip_b  wn30 rand6     s=0.0   seed 4 depth: real -0.0073 star +0.0008 depth -0.0081 z -0.89 (104s)
siglip_b  wn30 rand6     s=0.25  seed 0 depth: real -0.0040 star +0.0008 depth -0.0049 z -0.47 (104s)
siglip_b  wn30 rand6     s=0.25  seed 1 depth: real -0.0042 star +0.0008 depth -0.0050 z -0.50 (105s)
siglip_b  wn30 rand6     s=0.25  seed 2 depth: real -0.0058 star +0.0008 depth -0.0067 z -0.66 (103s)
siglip_b  wn30 rand6     s=0.25  seed 3 depth: real -0.0086 star +0.0008 depth -0.0095 z -0.99 (106s)
siglip_b  wn30 rand6     s=0.25  seed 4 depth: real -0.0091 star +0.0008 depth -0.0099 z -1.11 (107s)
siglip_b  wn30 rand6     s=0.5   seed 0 depth: real -0.0086 star +0.0008 depth -0.0095 z -0.96 (104s)
siglip_b  wn30 rand6     s=0.5   seed 1 depth: real -0.0068 star +0.0008 depth -0.0077 z -0.74 (100s)
siglip_b  wn30 rand6     s=0.5   seed 2 depth: real -0.0043 star +0.0008 depth -0.0051 z -0.55 (103s)
siglip_b  wn30 rand6     s=0.5   seed 3 depth: real -0.0060 star +0.0008 depth -0.0069 z -0.68 (106s)
siglip_b  wn30 rand6     s=0.5   seed 4 depth: real -0.0042 star +0.0008 depth -0.0051 z -0.52 (101s)
siglip_b  wn30 rand6     s=0.75  seed 0 depth: real -0.0050 star +0.0008 depth -0.0059 z -0.53 (102s)
siglip_b  wn30 rand6     s=0.75  seed 1 depth: real -0.0029 star +0.0008 depth -0.0038 z -0.35 (108s)
siglip_b  wn30 rand6     s=0.75  seed 2 depth: real -0.0036 star +0.0008 depth -0.0045 z -0.43 (105s)
siglip_b  wn30 rand6     s=0.75  seed 3 depth: real +0.0019 star +0.0008 depth +0.0010 z +0.08 (103s)
siglip_b  wn30 rand6     s=0.75  seed 4 depth: real -0.0003 star +0.0008 depth -0.0012 z -0.10 (110s)
siglip_b  wn30 rand6     s=1.0   seed 0 depth: real -0.0141 star +0.0008 depth -0.0149 z -1.12 (109s)
siglip_b  wn30 rand6     s=1.0   seed 1 depth: real -0.0187 star +0.0008 depth -0.0196 z -1.60 (107s)
siglip_b  wn30 rand6     s=1.0   seed 2 depth: real -0.0185 star +0.0008 depth -0.0193 z -1.56 (104s)
siglip_b  wn30 rand6     s=1.0   seed 3 depth: real -0.0200 star +0.0008 depth -0.0208 z -1.71 (106s)
siglip_b  wn30 rand6     s=1.0   seed 4 depth: real -0.0189 star +0.0008 depth -0.0197 z -1.75 (103s)
siglip_b  wn30 rand6     s=0.0   seed 0 census: exc -0.0204 r=200 (603s)
siglip_b  wn30 rand6     s=0.25  seed 0 census: exc -0.0216 r=200 (623s)
siglip_b  wn30 rand6     s=0.5   seed 0 census: exc -0.0222 r=200 (613s)
siglip_b  wn30 rand6     s=0.75  seed 0 census: exc -0.0207 r=200 (601s)
siglip_b  wn30 rand6     s=1.0   seed 0 census: exc -0.0192 r=200 (592s)
siglip_b  wn30 tight06   s=real  seed 0 depth: real -0.0149 star -0.0043 depth -0.0106 z -1.06 (102s)
siglip_b  wn30 rand6_t06 s=0.0   seed 0 depth: real -0.0260 star -0.0043 depth -0.0217 z -2.06 (101s)
siglip_b  wn30 rand6_t06 s=0.0   seed 1 depth: real -0.0275 star -0.0043 depth -0.0232 z -2.13 (100s)
siglip_b  wn30 rand6_t06 s=0.5   seed 0 depth: real -0.0538 star -0.0042 depth -0.0496 z -4.96 (99s)
siglip_b  wn30 rand6_t06 s=0.5   seed 1 depth: real -0.0604 star -0.0042 depth -0.0562 z -5.13 (103s)
siglip_b  wn30 rand6_t06 s=1.0   seed 0 depth: real -0.1381 star -0.0043 depth -0.1338 z -11.20 (100s)
siglip_b  wn30 rand6_t06 s=1.0   seed 1 depth: real -0.1367 star -0.0043 depth -0.1324 z -10.87 (100s)
PART DONE wn30 siglip_b
