i21k_b    wn30 real      s=real  seed 0 depth: real -0.0335 star -0.0000 depth -0.0335 z -3.62 (110s)
i21k_b    wn30 rand6     s=0.0   seed 0 depth: real -0.0007 star -0.0000 depth -0.0007 z -0.05 (107s)
i21k_b    wn30 rand6     s=0.0   seed 1 depth: real -0.0025 star -0.0000 depth -0.0025 z -0.20 (110s)
i21k_b    wn30 rand6     s=0.0   seed 2 depth: real -0.0058 star -0.0000 depth -0.0058 z -0.56 (110s)
i21k_b    wn30 rand6     s=0.0   seed 3 depth: real +0.0012 star -0.0000 depth +0.0012 z +0.10 (110s)
i21k_b    wn30 rand6     s=0.0   seed 4 depth: real -0.0019 star -0.0000 depth -0.0019 z -0.15 (109s)
i21k_b    wn30 rand6     s=0.25  seed 0 depth: real -0.0001 star -0.0000 depth -0.0001 z -0.01 (112s)
i21k_b    wn30 rand6     s=0.25  seed 1 depth: real +0.0013 star -0.0000 depth +0.0013 z +0.12 (107s)
i21k_b    wn30 rand6     s=0.25  seed 2 depth: real +0.0016 star -0.0000 depth +0.0016 z +0.11 (105s)
i21k_b    wn30 rand6     s=0.25  seed 3 depth: real +0.0022 star -0.0000 depth +0.0022 z +0.15 (98s)
i21k_b    wn30 rand6     s=0.25  seed 4 depth: real -0.0011 star -0.0000 depth -0.0011 z -0.09 (110s)
i21k_b    wn30 rand6     s=0.5   seed 0 depth: real +0.0008 star -0.0000 depth +0.0009 z +0.06 (103s)
i21k_b    wn30 rand6     s=0.5   seed 1 depth: real +0.0009 star -0.0000 depth +0.0009 z +0.07 (102s)
i21k_b    wn30 rand6     s=0.5   seed 2 depth: real +0.0042 star -0.0000 depth +0.0043 z +0.36 (114s)
i21k_b    wn30 rand6     s=0.5   seed 3 depth: real +0.0081 star -0.0000 depth +0.0081 z +0.63 (120s)
i21k_b    wn30 rand6     s=0.5   seed 4 depth: real +0.0015 star -0.0000 depth +0.0015 z +0.12 (111s)
i21k_b    wn30 rand6     s=0.75  seed 0 depth: real +0.0150 star -0.0000 depth +0.0150 z +0.94 (108s)
i21k_b    wn30 rand6     s=0.75  seed 1 depth: real +0.0154 star -0.0000 depth +0.0154 z +1.03 (112s)
i21k_b    wn30 rand6     s=0.75  seed 2 depth: real +0.0155 star -0.0000 depth +0.0155 z +1.13 (121s)
i21k_b    wn30 rand6     s=0.75  seed 3 depth: real +0.0168 star -0.0000 depth +0.0168 z +1.15 (113s)
i21k_b    wn30 rand6     s=0.75  seed 4 depth: real +0.0178 star -0.0000 depth +0.0178 z +1.32 (114s)
i21k_b    wn30 rand6     s=1.0   seed 0 depth: real +0.0059 star -0.0000 depth +0.0059 z +0.38 (112s)
i21k_b    wn30 rand6     s=1.0   seed 1 depth: real +0.0048 star -0.0000 depth +0.0048 z +0.34 (118s)
i21k_b    wn30 rand6     s=1.0   seed 2 depth: real +0.0059 star -0.0000 depth +0.0059 z +0.41 (117s)
i21k_b    wn30 rand6     s=1.0   seed 3 depth: real +0.0052 star -0.0000 depth +0.0052 z +0.35 (117s)
i21k_b    wn30 rand6     s=1.0   seed 4 depth: real +0.0056 star -0.0000 depth +0.0056 z +0.36 (121s)
i21k_b    wn30 rand6     s=0.0   seed 0 census: exc -0.0173 r=200 (714s)
i21k_b    wn30 rand6     s=0.25  seed 0 census: exc -0.0205 r=200 (708s)
i21k_b    wn30 rand6     s=0.5   seed 0 census: exc -0.0210 r=200 (659s)
i21k_b    wn30 rand6     s=0.75  seed 0 census: exc -0.0188 r=200 (638s)
i21k_b    wn30 rand6     s=1.0   seed 0 census: exc -0.0203 r=200 (634s)
i21k_b    wn30 tight06   s=real  seed 0 depth: real -0.0547 star -0.0243 depth -0.0304 z -2.31 (110s)
i21k_b    wn30 rand6_t06 s=0.0   seed 0 depth: real -0.0344 star -0.0245 depth -0.0099 z -0.80 (111s)
i21k_b    wn30 rand6_t06 s=0.0   seed 1 depth: real -0.0385 star -0.0246 depth -0.0139 z -1.26 (111s)
i21k_b    wn30 rand6_t06 s=0.5   seed 0 depth: real -0.0646 star -0.0245 depth -0.0401 z -4.11 (104s)
i21k_b    wn30 rand6_t06 s=0.5   seed 1 depth: real -0.0686 star -0.0245 depth -0.0441 z -3.74 (110s)
i21k_b    wn30 rand6_t06 s=1.0   seed 0 depth: real -0.1552 star -0.0245 depth -0.1307 z -12.08 (112s)
i21k_b    wn30 rand6_t06 s=1.0   seed 1 depth: real -0.1493 star -0.0245 depth -0.1248 z -10.82 (107s)
PART DONE wn30 i21k_b
