dinov2_b  dtd          b= -1 exc -0.0346 r=50/50 (27s)
dinov2_b  dtd          b=  0 exc -0.0323 r=50/50 (27s)
dinov2_b  dtd          b= 10 exc -0.0333 r=50/50 (28s)
dinov2_b  dtd          b= 20 exc -0.0332 r=50/50 (27s)
dinov2_l  dtd          b= -1 exc -0.0414 r=50/50 (28s)
dinov2_l  dtd          b=  0 exc -0.0395 r=50/50 (28s)
dinov2_l  dtd          b= 10 exc -0.0406 r=50/50 (28s)
dinov2_l  dtd          b= 20 exc -0.0418 r=50/50 (28s)
dinov2_g  dtd          b= -1 exc -0.0382 r=50/50 (26s)
dinov2_g  dtd          b=  0 exc -0.0369 r=50/50 (28s)
dinov2_g  dtd          b= 10 exc -0.0387 r=50/50 (29s)
dinov2_g  dtd          b= 20 exc -0.0386 r=50/50 (26s)
clip_b    dtd          b= -1 exc -0.0236 r=50/50 (26s)
clip_b    dtd          b=  0 exc -0.0242 r=50/50 (24s)
clip_b    dtd          b= 10 exc -0.0238 r=50/50 (20s)
clip_b    dtd          b= 20 exc -0.0270 r=50/50 (20s)
clip_l    dtd          b= -1 exc -0.0262 r=50/50 (24s)
clip_l    dtd          b=  0 exc -0.0272 r=50/50 (24s)
clip_l    dtd          b= 10 exc -0.0270 r=50/50 (19s)
clip_l    dtd          b= 20 exc -0.0299 r=50/50 (19s)
siglip_b  dtd          b= -1 exc -0.0230 r=50/50 (24s)
siglip_b  dtd          b=  0 exc -0.0228 r=50/50 (24s)
siglip_b  dtd          b= 10 exc -0.0235 r=50/50 (26s)
siglip_b  dtd          b= 20 exc -0.0234 r=50/50 (26s)
i21k_t    fashionmnist b= -1 exc +0.0146 r=7/50 (17s)
i21k_t    fashionmnist b=  0 exc +0.0144 r=7/50 (17s)
i21k_t    fashionmnist b= 10 exc +0.0146 r=7/50 (16s)
i21k_t    fashionmnist b= 20 exc +0.0132 r=9/50 (16s)
i21k_s    fashionmnist b= -1 exc -0.0391 r=50/50 (22s)
i21k_s    fashionmnist b=  0 exc -0.0382 r=50/50 (22s)
i21k_s    fashionmnist b= 10 exc -0.0382 r=50/50 (22s)
i21k_s    fashionmnist b= 20 exc -0.0386 r=50/50 (22s)
i21k_b    fashionmnist b= -1 exc -0.0471 r=50/50 (21s)
i21k_b    fashionmnist b=  0 exc -0.0473 r=50/50 (21s)
i21k_b    fashionmnist b= 10 exc -0.0451 r=50/50 (21s)
i21k_b    fashionmnist b= 20 exc -0.0486 r=50/50 (16s)
i21k_l    fashionmnist b= -1 exc -0.0564 r=50/50 (16s)
i21k_l    fashionmnist b=  0 exc -0.0569 r=50/50 (16s)
i21k_l    fashionmnist b= 10 exc -0.0559 r=50/50 (16s)
i21k_l    fashionmnist b= 20 exc -0.0546 r=50/50 (16s)
PART DONE 9
