clip_b    b -1 delta 0.0843 null 0.0911 exc -0.0068 (43s)
clip_b    b  0 delta 0.0840 null 0.0907 exc -0.0067 (42s)
clip_b    b  1 delta 0.0828 null 0.0907 exc -0.0079 (44s)
clip_b    b  2 delta 0.0850 null 0.0907 exc -0.0057 (35s)
clip_b    b  3 delta 0.0843 null 0.0906 exc -0.0064 (42s)
clip_b    b  4 delta 0.0840 null 0.0908 exc -0.0069 (40s)
clip_b    b  5 delta 0.0848 null 0.0908 exc -0.0060 (42s)
clip_b    b  6 delta 0.0828 null 0.0908 exc -0.0080 (29s)
clip_b    b  7 delta 0.0825 null 0.0908 exc -0.0083 (35s)
clip_b    b  8 delta 0.0846 null 0.0908 exc -0.0062 (39s)
clip_b    b  9 delta 0.0835 null 0.0908 exc -0.0073 (39s)
clip_b    b 10 delta 0.0836 null 0.0907 exc -0.0071 (42s)
clip_b    b 11 delta 0.0841 null 0.0908 exc -0.0067 (43s)
clip_b    b 12 delta 0.0848 null 0.0907 exc -0.0060 (39s)
clip_b    b 13 delta 0.0819 null 0.0907 exc -0.0089 (42s)
clip_b    b 14 delta 0.0832 null 0.0907 exc -0.0075 (40s)
clip_b    b 15 delta 0.0843 null 0.0907 exc -0.0064 (41s)
clip_b    b 16 delta 0.0853 null 0.0907 exc -0.0053 (39s)
clip_b    b 17 delta 0.0843 null 0.0908 exc -0.0065 (40s)
clip_b    b 18 delta 0.0853 null 0.0907 exc -0.0054 (42s)
clip_b    b 19 delta 0.0830 null 0.0908 exc -0.0078 (41s)
clip_b    b 20 delta 0.0844 null 0.0908 exc -0.0064 (42s)
clip_b    b 21 delta 0.0842 null 0.0908 exc -0.0066 (42s)
clip_b    b 22 delta 0.0828 null 0.0907 exc -0.0079 (41s)
clip_b    b 23 delta 0.0831 null 0.0908 exc -0.0077 (44s)
clip_b    b 24 delta 0.0835 null 0.0906 exc -0.0070 (40s)
clip_b    b 25 delta 0.0838 null 0.0907 exc -0.0069 (37s)
clip_b    b 26 delta 0.0842 null 0.0907 exc -0.0065 (38s)
clip_b    b 27 delta 0.0853 null 0.0907 exc -0.0054 (41s)
clip_b    b 28 delta 0.0835 null 0.0907 exc -0.0073 (35s)
clip_b    b 29 delta 0.0837 null 0.0908 exc -0.0071 (38s)
clip_l    b -1 delta 0.0760 null 0.0854 exc -0.0094 (53s)
clip_l    b  0 delta 0.0761 null 0.0850 exc -0.0089 (55s)
clip_l    b  1 delta 0.0759 null 0.0850 exc -0.0092 (53s)
clip_l    b  2 delta 0.0758 null 0.0851 exc -0.0092 (54s)
clip_l    b  3 delta 0.0754 null 0.0850 exc -0.0096 (57s)
clip_l    b  4 delta 0.0753 null 0.0851 exc -0.0098 (52s)
clip_l    b  5 delta 0.0753 null 0.0851 exc -0.0098 (58s)
clip_l    b  6 delta 0.0754 null 0.0851 exc -0.0097 (59s)
clip_l    b  7 delta 0.0750 null 0.0851 exc -0.0101 (59s)
clip_l    b  8 delta 0.0757 null 0.0851 exc -0.0094 (75s)
clip_l    b  9 delta 0.0762 null 0.0851 exc -0.0089 (78s)
clip_l    b 10 delta 0.0743 null 0.0850 exc -0.0108 (81s)
clip_l    b 11 delta 0.0760 null 0.0850 exc -0.0090 (85s)
clip_l    b 12 delta 0.0757 null 0.0850 exc -0.0093 (70s)
clip_l    b 13 delta 0.0756 null 0.0851 exc -0.0095 (55s)
clip_l    b 14 delta 0.0765 null 0.0850 exc -0.0085 (53s)
clip_l    b 15 delta 0.0764 null 0.0851 exc -0.0087 (56s)
clip_l    b 16 delta 0.0755 null 0.0850 exc -0.0095 (59s)
clip_l    b 17 delta 0.0761 null 0.0851 exc -0.0090 (60s)
clip_l    b 18 delta 0.0760 null 0.0851 exc -0.0090 (56s)
clip_l    b 19 delta 0.0745 null 0.0851 exc -0.0105 (62s)
clip_l    b 20 delta 0.0748 null 0.0850 exc -0.0103 (62s)
clip_l    b 21 delta 0.0743 null 0.0851 exc -0.0108 (64s)
clip_l    b 22 delta 0.0758 null 0.0850 exc -0.0092 (65s)
clip_l    b 23 delta 0.0751 null 0.0851 exc -0.0099 (59s)
clip_l    b 24 delta 0.0757 null 0.0850 exc -0.0093 (60s)
clip_l    b 25 delta 0.0747 null 0.0851 exc -0.0104 (60s)
clip_l    b 26 delta 0.0763 null 0.0850 exc -0.0087 (59s)
clip_l    b 27 delta 0.0761 null 0.0851 exc -0.0089 (58s)
clip_l    b 28 delta 0.0763 null 0.0851 exc -0.0088 (60s)
clip_l    b 29 delta 0.0754 null 0.0851 exc -0.0097 (58s)
siglip_b  b -1 delta 0.0747 null 0.0827 exc -0.0080 (59s)
siglip_b  b  0 delta 0.0754 null 0.0824 exc -0.0070 (58s)
siglip_b  b  1 delta 0.0733 null 0.0823 exc -0.0090 (59s)
siglip_b  b  2 delta 0.0746 null 0.0824 exc -0.0079 (54s)
siglip_b  b  3 delta 0.0731 null 0.0825 exc -0.0093 (52s)
siglip_b  b  4 delta 0.0742 null 0.0825 exc -0.0083 (54s)
siglip_b  b  5 delta 0.0745 null 0.0825 exc -0.0080 (60s)
siglip_b  b  6 delta 0.0745 null 0.0824 exc -0.0080 (60s)
siglip_b  b  7 delta 0.0741 null 0.0825 exc -0.0083 (59s)
siglip_b  b  8 delta 0.0742 null 0.0825 exc -0.0083 (57s)
siglip_b  b  9 delta 0.0743 null 0.0825 exc -0.0082 (57s)
siglip_b  b 10 delta 0.0742 null 0.0824 exc -0.0082 (57s)
siglip_b  b 11 delta 0.0745 null 0.0824 exc -0.0079 (56s)
siglip_b  b 12 delta 0.0739 null 0.0825 exc -0.0086 (55s)
siglip_b  b 13 delta 0.0743 null 0.0824 exc -0.0081 (56s)
siglip_b  b 14 delta 0.0748 null 0.0824 exc -0.0076 (51s)
siglip_b  b 15 delta 0.0742 null 0.0824 exc -0.0082 (52s)
siglip_b  b 16 delta 0.0745 null 0.0824 exc -0.0079 (54s)
siglip_b  b 17 delta 0.0737 null 0.0825 exc -0.0088 (59s)
siglip_b  b 18 delta 0.0753 null 0.0824 exc -0.0071 (55s)
siglip_b  b 19 delta 0.0743 null 0.0825 exc -0.0081 (60s)
siglip_b  b 20 delta 0.0751 null 0.0825 exc -0.0074 (71s)
siglip_b  b 21 delta 0.0739 null 0.0825 exc -0.0086 (76s)
siglip_b  b 22 delta 0.0743 null 0.0824 exc -0.0082 (57s)
siglip_b  b 23 delta 0.0744 null 0.0825 exc -0.0081 (35s)
siglip_b  b 24 delta 0.0742 null 0.0824 exc -0.0082 (35s)
siglip_b  b 25 delta 0.0729 null 0.0824 exc -0.0095 (34s)
siglip_b  b 26 delta 0.0746 null 0.0825 exc -0.0079 (35s)
siglip_b  b 27 delta 0.0750 null 0.0824 exc -0.0075 (35s)
siglip_b  b 28 delta 0.0749 null 0.0825 exc -0.0076 (35s)
siglip_b  b 29 delta 0.0738 null 0.0825 exc -0.0087 (35s)
Done part b4
