star  K30 r0.1 iso   n 100 s0: depth -0.0018 z -0.2 (10s)
star  K30 r0.1 iso   n 100 s1: depth +0.0025 z +0.2 (10s)
star  K30 r0.1 iso   n 100 s2: depth +0.0007 z +0.1 (10s)
star  K30 r0.1 iso   n 100 s3: depth +0.0009 z +0.1 (10s)
star  K30 r0.1 iso   n 100 s4: depth -0.0054 z -0.5 (10s)
star  K30 r0.1 iso   n1000 s0: depth -0.0023 z -0.2 (33s)
star  K30 r0.1 iso   n1000 s1: depth +0.0009 z +0.1 (35s)
star  K30 r0.1 iso   n1000 s2: depth +0.0031 z +0.3 (34s)
star  K30 r0.1 iso   n1000 s3: depth -0.0001 z -0.0 (28s)
star  K30 r0.1 iso   n1000 s4: depth -0.0022 z -0.2 (26s)
star  K30 r0.1 aniso n 100 s0: depth +0.0000 z +0.0 (11s)
star  K30 r0.1 aniso n 100 s1: depth -0.0006 z -0.1 (11s)
star  K30 r0.1 aniso n 100 s2: depth +0.0042 z +0.4 (11s)
star  K30 r0.1 aniso n 100 s3: depth +0.0009 z +0.1 (11s)
star  K30 r0.1 aniso n 100 s4: depth -0.0049 z -0.4 (10s)
star  K30 r0.1 aniso n1000 s0: depth -0.0019 z -0.2 (24s)
star  K30 r0.1 aniso n1000 s1: depth +0.0006 z +0.1 (33s)
star  K30 r0.1 aniso n1000 s2: depth +0.0033 z +0.3 (36s)
star  K30 r0.1 aniso n1000 s3: depth +0.0002 z +0.0 (37s)
star  K30 r0.1 aniso n1000 s4: depth -0.0021 z -0.2 (35s)
star  K30 r0.3 iso   n 100 s0: depth +0.0008 z +0.1 (10s)
star  K30 r0.3 iso   n 100 s1: depth +0.0048 z +0.4 (10s)
star  K30 r0.3 iso   n 100 s2: depth +0.0000 z +0.0 (10s)
star  K30 r0.3 iso   n 100 s3: depth +0.0040 z +0.4 (10s)
star  K30 r0.3 iso   n 100 s4: depth -0.0056 z -0.7 (10s)
star  K30 r0.3 iso   n1000 s0: depth -0.0004 z -0.0 (25s)
star  K30 r0.3 iso   n1000 s1: depth +0.0005 z +0.1 (24s)
star  K30 r0.3 iso   n1000 s2: depth +0.0031 z +0.3 (25s)
star  K30 r0.3 iso   n1000 s3: depth +0.0005 z +0.1 (25s)
star  K30 r0.3 iso   n1000 s4: depth -0.0049 z -0.5 (24s)
star  K30 r0.3 aniso n 100 s0: depth +0.0116 z +1.0 (11s)
star  K30 r0.3 aniso n 100 s1: depth -0.0039 z -0.4 (10s)
star  K30 r0.3 aniso n 100 s2: depth +0.0084 z +0.7 (10s)
star  K30 r0.3 aniso n 100 s3: depth +0.0058 z +0.7 (10s)
star  K30 r0.3 aniso n 100 s4: depth +0.0034 z +0.4 (10s)
star  K30 r0.3 aniso n1000 s0: depth +0.0103 z +1.1 (28s)
star  K30 r0.3 aniso n1000 s1: depth +0.0025 z +0.3 (29s)
star  K30 r0.3 aniso n1000 s2: depth +0.0057 z +0.7 (33s)
star  K30 r0.3 aniso n1000 s3: depth +0.0055 z +0.6 (37s)
star  K30 r0.3 aniso n1000 s4: depth +0.0024 z +0.2 (36s)
star  K30 r0.6 iso   n 100 s0: depth +0.0031 z +0.3 (10s)
star  K30 r0.6 iso   n 100 s1: depth +0.0066 z +0.8 (10s)
star  K30 r0.6 iso   n 100 s2: depth +0.0032 z +0.3 (9s)
star  K30 r0.6 iso   n 100 s3: depth +0.0051 z +0.7 (9s)
star  K30 r0.6 iso   n 100 s4: depth -0.0012 z -0.1 (9s)
star  K30 r0.6 iso   n1000 s0: depth +0.0003 z +0.0 (31s)
star  K30 r0.6 iso   n1000 s1: depth +0.0002 z +0.0 (32s)
star  K30 r0.6 iso   n1000 s2: depth +0.0038 z +0.6 (34s)
star  K30 r0.6 iso   n1000 s3: depth +0.0012 z +0.2 (33s)
star  K30 r0.6 iso   n1000 s4: depth -0.0049 z -0.6 (33s)
star  K30 r0.6 aniso n 100 s0: depth +0.0514 z +5.8 (13s)
star  K30 r0.6 aniso n 100 s1: depth +0.0399 z +3.8 (13s)
star  K30 r0.6 aniso n 100 s2: depth +0.0465 z +3.7 (11s)
star  K30 r0.6 aniso n 100 s3: depth +0.0630 z +4.9 (11s)
star  K30 r0.6 aniso n 100 s4: depth +0.0608 z +4.3 (12s)
star  K30 r0.6 aniso n1000 s0: depth +0.0355 z +3.7 (36s)
star  K30 r0.6 aniso n1000 s1: depth +0.0394 z +4.7 (31s)
star  K30 r0.6 aniso n1000 s2: depth +0.0273 z +4.5 (34s)
star  K30 r0.6 aniso n1000 s3: depth +0.0327 z +2.8 (34s)
star  K30 r0.6 aniso n1000 s4: depth +0.0279 z +3.1 (36s)
hier2 K30 r0.1 iso   n 100 s0: depth +0.0136 z +1.3 (9s)
hier2 K30 r0.1 iso   n 100 s1: depth +0.0041 z +0.4 (9s)
hier2 K30 r0.1 iso   n 100 s2: depth +0.0076 z +0.8 (9s)
hier2 K30 r0.1 iso   n 100 s3: depth +0.0053 z +0.7 (10s)
hier2 K30 r0.1 iso   n 100 s4: depth -0.0016 z -0.2 (10s)
hier2 K30 r0.1 iso   n1000 s0: depth +0.0046 z +0.5 (29s)
hier2 K30 r0.1 iso   n1000 s1: depth +0.0012 z +0.2 (25s)
hier2 K30 r0.1 iso   n1000 s2: depth +0.0012 z +0.1 (25s)
hier2 K30 r0.1 iso   n1000 s3: depth -0.0004 z -0.0 (22s)
hier2 K30 r0.1 iso   n1000 s4: depth -0.0018 z -0.2 (23s)
hier2 K30 r0.1 aniso n 100 s0: depth +0.0148 z +1.5 (17s)
hier2 K30 r0.1 aniso n 100 s1: depth +0.0037 z +0.4 (16s)
hier2 K30 r0.1 aniso n 100 s2: depth +0.0065 z +0.7 (14s)
hier2 K30 r0.1 aniso n 100 s3: depth +0.0040 z +0.5 (16s)
hier2 K30 r0.1 aniso n 100 s4: depth -0.0026 z -0.3 (14s)
hier2 K30 r0.1 aniso n1000 s0: depth +0.0047 z +0.6 (44s)
hier2 K30 r0.1 aniso n1000 s1: depth +0.0009 z +0.1 (36s)
hier2 K30 r0.1 aniso n1000 s2: depth +0.0011 z +0.1 (38s)
hier2 K30 r0.1 aniso n1000 s3: depth +0.0010 z +0.1 (38s)
hier2 K30 r0.1 aniso n1000 s4: depth -0.0028 z -0.4 (37s)
hier2 K30 r0.3 iso   n 100 s0: depth +0.0121 z +1.0 (8s)
hier2 K30 r0.3 iso   n 100 s1: depth +0.0054 z +0.6 (9s)
hier2 K30 r0.3 iso   n 100 s2: depth +0.0030 z +0.3 (9s)
hier2 K30 r0.3 iso   n 100 s3: depth +0.0073 z +1.0 (9s)
hier2 K30 r0.3 iso   n 100 s4: depth -0.0012 z -0.1 (10s)
hier2 K30 r0.3 iso   n1000 s0: depth +0.0046 z +0.5 (26s)
hier2 K30 r0.3 iso   n1000 s1: depth +0.0007 z +0.1 (31s)
hier2 K30 r0.3 iso   n1000 s2: depth -0.0004 z -0.0 (28s)
hier2 K30 r0.3 iso   n1000 s3: depth +0.0029 z +0.3 (22s)
hier2 K30 r0.3 iso   n1000 s4: depth +0.0004 z +0.0 (33s)
hier2 K30 r0.3 aniso n 100 s0: depth +0.0147 z +1.4 (18s)
hier2 K30 r0.3 aniso n 100 s1: depth +0.0067 z +0.8 (19s)
hier2 K30 r0.3 aniso n 100 s2: depth +0.0024 z +0.3 (19s)
hier2 K30 r0.3 aniso n 100 s3: depth +0.0068 z +1.0 (19s)
hier2 K30 r0.3 aniso n 100 s4: depth +0.0071 z +0.7 (19s)
hier2 K30 r0.3 aniso n1000 s0: depth +0.0040 z +0.5 (43s)
hier2 K30 r0.3 aniso n1000 s1: depth -0.0005 z -0.1 (38s)
hier2 K30 r0.3 aniso n1000 s2: depth +0.0016 z +0.2 (36s)
hier2 K30 r0.3 aniso n1000 s3: depth +0.0031 z +0.4 (37s)
hier2 K30 r0.3 aniso n1000 s4: depth +0.0008 z +0.1 (37s)
hier2 K30 r0.6 iso   n 100 s0: depth +0.0070 z +0.7 (8s)
hier2 K30 r0.6 iso   n 100 s1: depth +0.0075 z +0.9 (8s)
hier2 K30 r0.6 iso   n 100 s2: depth +0.0052 z +0.7 (8s)
hier2 K30 r0.6 iso   n 100 s3: depth +0.0058 z +0.8 (8s)
hier2 K30 r0.6 iso   n 100 s4: depth -0.0019 z -0.2 (8s)
hier2 K30 r0.6 iso   n1000 s0: depth +0.0031 z +0.4 (23s)
hier2 K30 r0.6 iso   n1000 s1: depth +0.0002 z +0.0 (21s)
hier2 K30 r0.6 iso   n1000 s2: depth +0.0017 z +0.3 (21s)
hier2 K30 r0.6 iso   n1000 s3: depth +0.0051 z +0.8 (19s)
hier2 K30 r0.6 iso   n1000 s4: depth +0.0011 z +0.2 (19s)
hier2 K30 r0.6 aniso n 100 s0: depth +0.0341 z +4.4 (12s)
hier2 K30 r0.6 aniso n 100 s1: depth +0.0447 z +5.2 (12s)
hier2 K30 r0.6 aniso n 100 s2: depth +0.0366 z +3.7 (12s)
hier2 K30 r0.6 aniso n 100 s3: depth +0.0349 z +4.7 (12s)
hier2 K30 r0.6 aniso n 100 s4: depth +0.0481 z +5.5 (12s)
hier2 K30 r0.6 aniso n1000 s0: depth +0.0225 z +1.9 (27s)
hier2 K30 r0.6 aniso n1000 s1: depth +0.0346 z +4.2 (26s)
hier2 K30 r0.6 aniso n1000 s2: depth +0.0317 z +2.9 (27s)
hier2 K30 r0.6 aniso n1000 s3: depth +0.0314 z +3.4 (27s)
hier2 K30 r0.6 aniso n1000 s4: depth +0.0258 z +2.4 (27s)
hier3 K30 r0.1 iso   n 100 s0: depth +0.0087 z +0.8 (6s)
hier3 K30 r0.1 iso   n 100 s1: depth +0.0049 z +0.5 (6s)
hier3 K30 r0.1 iso   n 100 s2: depth +0.0073 z +0.7 (6s)
hier3 K30 r0.1 iso   n 100 s3: depth +0.0049 z +0.6 (6s)
hier3 K30 r0.1 iso   n 100 s4: depth +0.0000 z +0.0 (6s)
hier3 K30 r0.1 iso   n1000 s0: depth +0.0005 z +0.1 (16s)
hier3 K30 r0.1 iso   n1000 s1: depth +0.0029 z +0.3 (16s)
hier3 K30 r0.1 iso   n1000 s2: depth +0.0035 z +0.4 (16s)
hier3 K30 r0.1 iso   n1000 s3: depth +0.0042 z +0.5 (16s)
hier3 K30 r0.1 iso   n1000 s4: depth -0.0044 z -0.6 (17s)
hier3 K30 r0.1 aniso n 100 s0: depth +0.0064 z +0.6 (13s)
hier3 K30 r0.1 aniso n 100 s1: depth +0.0076 z +0.8 (12s)
hier3 K30 r0.1 aniso n 100 s2: depth +0.0101 z +0.8 (12s)
hier3 K30 r0.1 aniso n 100 s3: depth +0.0058 z +0.8 (12s)
hier3 K30 r0.1 aniso n 100 s4: depth +0.0037 z +0.6 (12s)
hier3 K30 r0.1 aniso n1000 s0: depth +0.0022 z +0.3 (35s)
hier3 K30 r0.1 aniso n1000 s1: depth +0.0037 z +0.5 (35s)
hier3 K30 r0.1 aniso n1000 s2: depth +0.0031 z +0.4 (35s)
hier3 K30 r0.1 aniso n1000 s3: depth +0.0048 z +0.6 (35s)
hier3 K30 r0.1 aniso n1000 s4: depth -0.0016 z -0.2 (36s)
hier3 K30 r0.3 iso   n 100 s0: depth +0.0062 z +0.6 (6s)
hier3 K30 r0.3 iso   n 100 s1: depth +0.0050 z +0.6 (6s)
hier3 K30 r0.3 iso   n 100 s2: depth +0.0049 z +0.5 (6s)
hier3 K30 r0.3 iso   n 100 s3: depth +0.0075 z +1.0 (6s)
hier3 K30 r0.3 iso   n 100 s4: depth +0.0018 z +0.2 (6s)
hier3 K30 r0.3 iso   n1000 s0: depth +0.0001 z +0.0 (16s)
hier3 K30 r0.3 iso   n1000 s1: depth +0.0037 z +0.5 (17s)
hier3 K30 r0.3 iso   n1000 s2: depth +0.0023 z +0.3 (17s)
hier3 K30 r0.3 iso   n1000 s3: depth +0.0026 z +0.3 (16s)
hier3 K30 r0.3 iso   n1000 s4: depth -0.0063 z -1.1 (16s)
hier3 K30 r0.3 aniso n 100 s0: depth +0.0059 z +0.5 (13s)
hier3 K30 r0.3 aniso n 100 s1: depth +0.0137 z +1.8 (12s)
hier3 K30 r0.3 aniso n 100 s2: depth +0.0107 z +0.9 (12s)
hier3 K30 r0.3 aniso n 100 s3: depth +0.0089 z +1.6 (12s)
hier3 K30 r0.3 aniso n 100 s4: depth +0.0099 z +1.2 (12s)
hier3 K30 r0.3 aniso n1000 s0: depth +0.0037 z +0.5 (36s)
hier3 K30 r0.3 aniso n1000 s1: depth +0.0055 z +0.7 (36s)
hier3 K30 r0.3 aniso n1000 s2: depth +0.0047 z +0.5 (36s)
hier3 K30 r0.3 aniso n1000 s3: depth +0.0039 z +0.6 (36s)
hier3 K30 r0.3 aniso n1000 s4: depth +0.0014 z +0.2 (36s)
hier3 K30 r0.6 iso   n 100 s0: depth +0.0093 z +1.0 (6s)
hier3 K30 r0.6 iso   n 100 s1: depth +0.0034 z +0.4 (6s)
hier3 K30 r0.6 iso   n 100 s2: depth +0.0051 z +0.6 (6s)
hier3 K30 r0.6 iso   n 100 s3: depth +0.0080 z +1.3 (6s)
hier3 K30 r0.6 iso   n 100 s4: depth +0.0076 z +0.9 (6s)
hier3 K30 r0.6 iso   n1000 s0: depth -0.0028 z -0.5 (16s)
hier3 K30 r0.6 iso   n1000 s1: depth +0.0035 z +0.5 (16s)
hier3 K30 r0.6 iso   n1000 s2: depth +0.0040 z +0.6 (16s)
hier3 K30 r0.6 iso   n1000 s3: depth +0.0038 z +0.6 (15s)
hier3 K30 r0.6 iso   n1000 s4: depth -0.0051 z -0.7 (15s)
hier3 K30 r0.6 aniso n 100 s0: depth +0.0449 z +3.0 (13s)
hier3 K30 r0.6 aniso n 100 s1: depth +0.0420 z +5.0 (13s)
hier3 K30 r0.6 aniso n 100 s2: depth +0.0435 z +6.1 (12s)
hier3 K30 r0.6 aniso n 100 s3: depth +0.0379 z +4.4 (12s)
hier3 K30 r0.6 aniso n 100 s4: depth +0.0485 z +3.3 (12s)
hier3 K30 r0.6 aniso n1000 s0: depth +0.0245 z +3.2 (36s)
hier3 K30 r0.6 aniso n1000 s1: depth +0.0287 z +3.2 (37s)
hier3 K30 r0.6 aniso n1000 s2: depth +0.0216 z +1.4 (35s)
hier3 K30 r0.6 aniso n1000 s3: depth +0.0334 z +4.3 (33s)
hier3 K30 r0.6 aniso n1000 s4: depth +0.0231 z +2.2 (32s)
Done part k30
