dinov2_l  wn30 real      s=real  seed 0 depth: real -0.0274 star +0.0003 depth -0.0277 z -2.39 (135s)
dinov2_l  wn30 rand6     s=0.0   seed 0 depth: real +0.0012 star +0.0003 depth +0.0009 z +0.11 (132s)
dinov2_l  wn30 rand6     s=0.0   seed 1 depth: real +0.0008 star +0.0003 depth +0.0005 z +0.05 (128s)
dinov2_l  wn30 rand6     s=0.0   seed 2 depth: real +0.0030 star +0.0003 depth +0.0027 z +0.32 (128s)
dinov2_l  wn30 rand6     s=0.0   seed 3 depth: real +0.0005 star +0.0003 depth +0.0002 z +0.03 (125s)
dinov2_l  wn30 rand6     s=0.0   seed 4 depth: real +0.0017 star +0.0003 depth +0.0013 z +0.15 (133s)
dinov2_l  wn30 rand6     s=0.25  seed 0 depth: real +0.0007 star +0.0003 depth +0.0004 z +0.04 (130s)
dinov2_l  wn30 rand6     s=0.25  seed 1 depth: real +0.0009 star +0.0003 depth +0.0006 z +0.07 (130s)
dinov2_l  wn30 rand6     s=0.25  seed 2 depth: real +0.0023 star +0.0003 depth +0.0020 z +0.23 (128s)
dinov2_l  wn30 rand6     s=0.25  seed 3 depth: real +0.0010 star +0.0003 depth +0.0007 z +0.08 (134s)
dinov2_l  wn30 rand6     s=0.25  seed 4 depth: real +0.0018 star +0.0003 depth +0.0015 z +0.17 (126s)
dinov2_l  wn30 rand6     s=0.5   seed 0 depth: real +0.0050 star +0.0003 depth +0.0047 z +0.42 (130s)
dinov2_l  wn30 rand6     s=0.5   seed 1 depth: real +0.0033 star +0.0003 depth +0.0031 z +0.30 (134s)
dinov2_l  wn30 rand6     s=0.5   seed 2 depth: real +0.0013 star +0.0003 depth +0.0010 z +0.10 (124s)
dinov2_l  wn30 rand6     s=0.5   seed 3 depth: real +0.0051 star +0.0003 depth +0.0048 z +0.42 (123s)
dinov2_l  wn30 rand6     s=0.5   seed 4 depth: real +0.0044 star +0.0003 depth +0.0042 z +0.41 (123s)
dinov2_l  wn30 rand6     s=0.75  seed 0 depth: real +0.0118 star +0.0003 depth +0.0115 z +1.00 (121s)
dinov2_l  wn30 rand6     s=0.75  seed 1 depth: real +0.0119 star +0.0003 depth +0.0116 z +0.93 (121s)
dinov2_l  wn30 rand6     s=0.75  seed 2 depth: real +0.0114 star +0.0003 depth +0.0111 z +0.96 (121s)
dinov2_l  wn30 rand6     s=0.75  seed 3 depth: real +0.0094 star +0.0003 depth +0.0091 z +0.73 (120s)
dinov2_l  wn30 rand6     s=0.75  seed 4 depth: real +0.0102 star +0.0003 depth +0.0100 z +0.80 (118s)
dinov2_l  wn30 rand6     s=1.0   seed 0 depth: real +0.0022 star +0.0003 depth +0.0019 z +0.23 (120s)
dinov2_l  wn30 rand6     s=1.0   seed 1 depth: real +0.0005 star +0.0003 depth +0.0002 z +0.02 (119s)
dinov2_l  wn30 rand6     s=1.0   seed 2 depth: real +0.0044 star +0.0003 depth +0.0041 z +0.45 (120s)
dinov2_l  wn30 rand6     s=1.0   seed 3 depth: real +0.0019 star +0.0003 depth +0.0015 z +0.18 (114s)
dinov2_l  wn30 rand6     s=1.0   seed 4 depth: real +0.0013 star +0.0003 depth +0.0010 z +0.10 (119s)
dinov2_l  wn30 rand6     s=0.0   seed 0 census: exc -0.0286 r=200 (760s)
dinov2_l  wn30 rand6     s=0.25  seed 0 census: exc -0.0296 r=200 (760s)
dinov2_l  wn30 rand6     s=0.5   seed 0 census: exc -0.0278 r=200 (761s)
dinov2_l  wn30 rand6     s=0.75  seed 0 census: exc -0.0275 r=200 (785s)
dinov2_l  wn30 rand6     s=1.0   seed 0 census: exc -0.0307 r=200 (799s)
dinov2_l  wn30 tight06   s=real  seed 0 depth: real -0.1104 star -0.0490 depth -0.0613 z -6.13 (123s)
dinov2_l  wn30 rand6_t06 s=0.0   seed 0 depth: real -0.0445 star -0.0490 depth +0.0045 z +0.38 (124s)
dinov2_l  wn30 rand6_t06 s=0.0   seed 1 depth: real -0.0487 star -0.0491 depth +0.0004 z +0.03 (124s)
dinov2_l  wn30 rand6_t06 s=0.5   seed 0 depth: real -0.0728 star -0.0491 depth -0.0237 z -2.58 (123s)
dinov2_l  wn30 rand6_t06 s=0.5   seed 1 depth: real -0.0756 star -0.0490 depth -0.0266 z -2.77 (126s)
dinov2_l  wn30 rand6_t06 s=1.0   seed 0 depth: real -0.1748 star -0.0490 depth -0.1258 z -12.64 (122s)
dinov2_l  wn30 rand6_t06 s=1.0   seed 1 depth: real -0.1669 star -0.0490 depth -0.1179 z -10.15 (124s)
PART DONE wn30 dinov2_l
