clip_l    cifar100     b= -1 exc -0.0174 r=50/50 (31s)
clip_l    cifar100     b=  0 exc -0.0186 r=50/50 (33s)
clip_l    cifar100     b= 10 exc -0.0188 r=50/50 (32s)
clip_l    cifar100     b= 20 exc -0.0171 r=50/50 (32s)
siglip_b  cifar100     b= -1 exc -0.0214 r=50/50 (31s)
siglip_b  cifar100     b=  0 exc -0.0201 r=50/50 (31s)
siglip_b  cifar100     b= 10 exc -0.0210 r=50/50 (31s)
siglip_b  cifar100     b= 20 exc -0.0216 r=50/50 (32s)
i21k_t    cifar10      b= -1 exc -0.0244 r=45/50 (26s)
i21k_t    cifar10      b=  0 exc -0.0258 r=46/50 (25s)
i21k_t    cifar10      b= 10 exc -0.0238 r=45/50 (24s)
i21k_t    cifar10      b= 20 exc -0.0248 r=45/50 (24s)
i21k_s    cifar10      b= -1 exc -0.0587 r=50/50 (24s)
i21k_s    cifar10      b=  0 exc -0.0589 r=50/50 (24s)
i21k_s    cifar10      b= 10 exc -0.0579 r=50/50 (24s)
i21k_s    cifar10      b= 20 exc -0.0587 r=50/50 (23s)
i21k_b    cifar10      b= -1 exc -0.0538 r=50/50 (22s)
i21k_b    cifar10      b=  0 exc -0.0544 r=50/50 (20s)
i21k_b    cifar10      b= 10 exc -0.0511 r=50/50 (25s)
i21k_b    cifar10      b= 20 exc -0.0537 r=50/50 (24s)
i21k_l    cifar10      b= -1 exc -0.0619 r=50/50 (22s)
i21k_l    cifar10      b=  0 exc -0.0628 r=50/50 (22s)
i21k_l    cifar10      b= 10 exc -0.0617 r=50/50 (23s)
i21k_l    cifar10      b= 20 exc -0.0614 r=50/50 (22s)
dinov1_b  cifar10      b= -1 exc -0.0640 r=50/50 (24s)
dinov1_b  cifar10      b=  0 exc -0.0665 r=50/50 (24s)
dinov1_b  cifar10      b= 10 exc -0.0633 r=50/50 (24s)
dinov1_b  cifar10      b= 20 exc -0.0632 r=50/50 (22s)
dinov2_s  cifar10      b= -1 exc -0.0754 r=50/50 (20s)
dinov2_s  cifar10      b=  0 exc -0.0757 r=50/50 (18s)
dinov2_s  cifar10      b= 10 exc -0.0742 r=50/50 (18s)
dinov2_s  cifar10      b= 20 exc -0.0748 r=50/50 (21s)
dinov2_b  cifar10      b= -1 exc -0.1176 r=50/50 (23s)
dinov2_b  cifar10      b=  0 exc -0.1183 r=50/50 (23s)
dinov2_b  cifar10      b= 10 exc -0.1172 r=50/50 (23s)
dinov2_b  cifar10      b= 20 exc -0.1167 r=50/50 (23s)
dinov2_l  cifar10      b= -1 exc -0.1325 r=50/50 (21s)
dinov2_l  cifar10      b=  0 exc -0.1318 r=50/50 (20s)
dinov2_l  cifar10      b= 10 exc -0.1325 r=50/50 (21s)
dinov2_l  cifar10      b= 20 exc -0.1324 r=50/50 (21s)
PART DONE 7
