i21k_t    cifar100  K20 iso   real -0.0240 star -0.0242 depth +0.0002 z +0.0 (22s)
i21k_t    cifar100  K20 aniso real -0.0240 star +0.0009 depth -0.0249 z -1.4 (24s)
i21k_t    cifar100  K10 iso   real -0.0243 star -0.0404 depth +0.0161 z +0.9 (22s)
i21k_t    cifar100  K10 aniso real -0.0243 star +0.0005 depth -0.0247 z -1.4 (21s)
i21k_t    cifar100  K 5 iso   real -0.0261 star -0.0216 depth -0.0046 z -0.3 (18s)
i21k_t    cifar100  K 5 aniso real -0.0261 star +0.0001 depth -0.0262 z -1.8 (18s)
i21k_s    cifar100  K20 iso   real -0.0073 star -0.0429 depth +0.0356 z +2.3 (23s)
i21k_s    cifar100  K20 aniso real -0.0073 star +0.0004 depth -0.0077 z -0.5 (23s)
i21k_s    cifar100  K10 iso   real -0.0120 star -0.0501 depth +0.0381 z +3.6 (23s)
i21k_s    cifar100  K10 aniso real -0.0120 star +0.0005 depth -0.0125 z -1.0 (24s)
i21k_s    cifar100  K 5 iso   real -0.0058 star -0.0363 depth +0.0306 z +1.8 (24s)
i21k_s    cifar100  K 5 aniso real -0.0058 star -0.0005 depth -0.0053 z -0.3 (24s)
i21k_b    cifar100  K20 iso   real +0.0044 star -0.0584 depth +0.0628 z +4.5 (24s)
i21k_b    cifar100  K20 aniso real +0.0044 star +0.0013 depth +0.0032 z +0.2 (24s)
i21k_b    cifar100  K10 iso   real +0.0014 star -0.0607 depth +0.0622 z +6.1 (24s)
i21k_b    cifar100  K10 aniso real +0.0014 star -0.0018 depth +0.0032 z +0.3 (22s)
i21k_b    cifar100  K 5 iso   real +0.0107 star -0.0401 depth +0.0508 z +4.4 (23s)
i21k_b    cifar100  K 5 aniso real +0.0107 star -0.0012 depth +0.0119 z +1.0 (24s)
i21k_l    cifar100  K20 iso   real -0.0164 star -0.0567 depth +0.0403 z +4.2 (24s)
i21k_l    cifar100  K20 aniso real -0.0164 star +0.0003 depth -0.0167 z -1.5 (22s)
i21k_l    cifar100  K10 iso   real -0.0128 star -0.0575 depth +0.0447 z +5.8 (24s)
i21k_l    cifar100  K10 aniso real -0.0128 star +0.0001 depth -0.0129 z -1.7 (23s)
i21k_l    cifar100  K 5 iso   real -0.0061 star -0.0308 depth +0.0247 z +3.0 (23s)
i21k_l    cifar100  K 5 aniso real -0.0061 star -0.0013 depth -0.0048 z -0.6 (23s)
i21k_t    imagenet  K30 iso   real -0.0173 star -0.0022 depth -0.0151 z -1.5 (57s)
i21k_t    imagenet  K30 aniso real -0.0173 star +0.0003 depth -0.0176 z -1.5 (57s)
i21k_t    imagenet  K10 iso   real -0.0182 star -0.0046 depth -0.0136 z -1.1 (57s)
i21k_t    imagenet  K10 aniso real -0.0182 star +0.0013 depth -0.0196 z -1.7 (41s)
i21k_t    imagenet  K60 iso   real -0.0224 star -0.0018 depth -0.0206 z -2.4 (52s)
i21k_t    imagenet  K60 aniso real -0.0224 star +0.0027 depth -0.0251 z -2.5 (57s)
i21k_s    imagenet  K30 iso   real -0.0247 star -0.0035 depth -0.0213 z -1.9 (54s)
i21k_s    imagenet  K30 aniso real -0.0247 star +0.0034 depth -0.0281 z -2.4 (48s)
i21k_s    imagenet  K10 iso   real -0.0185 star -0.0077 depth -0.0108 z -1.0 (64s)
i21k_s    imagenet  K10 aniso real -0.0185 star +0.0006 depth -0.0191 z -1.7 (63s)
i21k_s    imagenet  K60 iso   real -0.0226 star -0.0017 depth -0.0210 z -1.8 (54s)
i21k_s    imagenet  K60 aniso real -0.0226 star -0.0022 depth -0.0204 z -1.8 (62s)
i21k_b    imagenet  K30 iso   real -0.0335 star -0.0076 depth -0.0258 z -2.9 (76s)
i21k_b    imagenet  K30 aniso real -0.0335 star -0.0000 depth -0.0335 z -3.6 (77s)
i21k_b    imagenet  K10 iso   real -0.0237 star -0.0158 depth -0.0079 z -0.9 (81s)
i21k_b    imagenet  K10 aniso real -0.0237 star -0.0005 depth -0.0231 z -2.6 (84s)
i21k_b    imagenet  K60 iso   real -0.0241 star -0.0029 depth -0.0212 z -2.2 (83s)
i21k_b    imagenet  K60 aniso real -0.0241 star -0.0016 depth -0.0226 z -2.2 (84s)
i21k_l    imagenet  K30 iso   real -0.0336 star -0.0095 depth -0.0241 z -3.2 (96s)
i21k_l    imagenet  K30 aniso real -0.0336 star -0.0005 depth -0.0332 z -4.0 (92s)
i21k_l    imagenet  K10 iso   real -0.0297 star -0.0199 depth -0.0098 z -0.9 (93s)
i21k_l    imagenet  K10 aniso real -0.0297 star -0.0002 depth -0.0295 z -2.7 (102s)
i21k_l    imagenet  K60 iso   real -0.0347 star -0.0047 depth -0.0300 z -4.3 (97s)
i21k_l    imagenet  K60 aniso real -0.0347 star -0.0010 depth -0.0337 z -4.7 (92s)
Done part v1
