i21k_t    imagenet  delta 0.1004 | A 0.0935 excA +0.0069 | B 0.1016 excB -0.0012 zB=-0.2 (18s)
i21k_s    imagenet  delta 0.0790 | A 0.0838 excA -0.0048 | B 0.0862 excB -0.0072 zB=-1.2 (23s)
i21k_b    imagenet  delta 0.0814 | A 0.0878 excA -0.0065 | B 0.0885 excB -0.0071 zB=-1.0 (35s)
i21k_l    imagenet  delta 0.0686 | A 0.0825 excA -0.0139 | B 0.0850 excB -0.0164 zB=-3.2 (42s)
dinov1_b  imagenet  delta 0.0543 | A 0.0790 excA -0.0247 | B 0.0734 excB -0.0190 zB=-5.2 (31s)
dinov2_s  imagenet  delta 0.0533 | A 0.0753 excA -0.0220 | B 0.0703 excB -0.0170 zB=-4.7 (22s)
dinov2_b  imagenet  delta 0.0350 | A 0.0606 excA -0.0256 | B 0.0581 excB -0.0232 zB=-5.8 (32s)
dinov2_l  imagenet  delta 0.0318 | A 0.0552 excA -0.0235 | B 0.0554 excB -0.0236 zB=-5.0 (41s)
dinov2_g  imagenet  delta 0.0316 | A 0.0520 excA -0.0203 | B 0.0530 excB -0.0213 zB=-5.3 (55s)
clip_b    imagenet  delta 0.0867 | A 0.0928 excA -0.0061 | B 0.0947 excB -0.0080 zB=-1.2 (25s)
clip_l    imagenet  delta 0.0762 | A 0.0876 excA -0.0114 | B 0.0862 excB -0.0100 zB=-2.0 (31s)
siglip_b  imagenet  delta 0.0758 | A 0.0848 excA -0.0090 | B 0.0858 excB -0.0100 zB=-2.2 (30s)
i21k_t    cifar100  delta 0.1309 | A 0.1385 excA -0.0076 | B 0.1353 excB -0.0044 zB=-0.6 (9s)
i21k_s    cifar100  delta 0.1220 | A 0.1272 excA -0.0052 | B 0.1258 excB -0.0038 zB=-0.4 (9s)
i21k_b    cifar100  delta 0.1259 | A 0.1249 excA +0.0011 | B 0.1238 excB +0.0021 zB=+0.2 (11s)
i21k_l    cifar100  delta 0.0940 | A 0.1226 excA -0.0287 | B 0.1184 excB -0.0244 zB=-3.7 (11s)
dinov1_b  cifar100  delta 0.0822 | A 0.1228 excA -0.0407 | B 0.1124 excB -0.0302 zB=-5.2 (11s)
dinov2_s  cifar100  delta 0.0672 | A 0.1140 excA -0.0468 | B 0.1005 excB -0.0332 zB=-6.6 (9s)
dinov2_b  cifar100  delta 0.0492 | A 0.1062 excA -0.0570 | B 0.0845 excB -0.0353 zB=-12.3 (11s)
dinov2_l  cifar100  delta 0.0365 | A 0.1033 excA -0.0668 | B 0.0720 excB -0.0355 zB=-10.4 (11s)
dinov2_g  cifar100  delta 0.0300 | A 0.1029 excA -0.0729 | B 0.0645 excB -0.0344 zB=-9.7 (13s)
clip_b    cifar100  delta 0.1010 | A 0.1262 excA -0.0252 | B 0.1271 excB -0.0261 zB=-3.1 (10s)
clip_l    cifar100  delta 0.0971 | A 0.1233 excA -0.0262 | B 0.1190 excB -0.0220 zB=-3.0 (11s)
siglip_b  cifar100  delta 0.0978 | A 0.1265 excA -0.0287 | B 0.1227 excB -0.0249 zB=-3.4 (11s)
Done expR41
