dinov2_g  wn30 real      s=real  seed 0 depth: real -0.0284 star +0.0006 depth -0.0290 z -1.78 (163s)
dinov2_g  wn30 rand6     s=0.0   seed 0 depth: real -0.0025 star +0.0007 depth -0.0032 z -0.21 (157s)
dinov2_g  wn30 rand6     s=0.0   seed 1 depth: real -0.0057 star +0.0007 depth -0.0064 z -0.40 (161s)
dinov2_g  wn30 rand6     s=0.0   seed 2 depth: real -0.0024 star +0.0007 depth -0.0030 z -0.18 (164s)
dinov2_g  wn30 rand6     s=0.0   seed 3 depth: real -0.0044 star +0.0007 depth -0.0050 z -0.31 (161s)
dinov2_g  wn30 rand6     s=0.0   seed 4 depth: real -0.0018 star +0.0007 depth -0.0024 z -0.16 (164s)
dinov2_g  wn30 rand6     s=0.25  seed 0 depth: real -0.0021 star +0.0007 depth -0.0028 z -0.17 (159s)
dinov2_g  wn30 rand6     s=0.25  seed 1 depth: real -0.0022 star +0.0007 depth -0.0028 z -0.18 (154s)
dinov2_g  wn30 rand6     s=0.25  seed 2 depth: real +0.0002 star +0.0007 depth -0.0005 z -0.03 (161s)
dinov2_g  wn30 rand6     s=0.25  seed 3 depth: real +0.0001 star +0.0007 depth -0.0005 z -0.03 (155s)
dinov2_g  wn30 rand6     s=0.25  seed 4 depth: real -0.0002 star +0.0007 depth -0.0009 z -0.06 (154s)
dinov2_g  wn30 rand6     s=0.5   seed 0 depth: real +0.0082 star +0.0007 depth +0.0075 z +0.47 (147s)
dinov2_g  wn30 rand6     s=0.5   seed 1 depth: real +0.0078 star +0.0007 depth +0.0072 z +0.39 (151s)
dinov2_g  wn30 rand6     s=0.5   seed 2 depth: real +0.0073 star +0.0007 depth +0.0066 z +0.37 (155s)
dinov2_g  wn30 rand6     s=0.5   seed 3 depth: real +0.0068 star +0.0007 depth +0.0061 z +0.35 (146s)
dinov2_g  wn30 rand6     s=0.5   seed 4 depth: real +0.0062 star +0.0007 depth +0.0055 z +0.31 (151s)
dinov2_g  wn30 rand6     s=0.75  seed 0 depth: real +0.0213 star +0.0007 depth +0.0207 z +1.23 (145s)
dinov2_g  wn30 rand6     s=0.75  seed 1 depth: real +0.0175 star +0.0007 depth +0.0168 z +0.96 (152s)
dinov2_g  wn30 rand6     s=0.75  seed 2 depth: real +0.0195 star +0.0007 depth +0.0188 z +1.15 (151s)
dinov2_g  wn30 rand6     s=0.75  seed 3 depth: real +0.0196 star +0.0007 depth +0.0189 z +1.19 (152s)
dinov2_g  wn30 rand6     s=0.75  seed 4 depth: real +0.0212 star +0.0007 depth +0.0205 z +1.19 (150s)
dinov2_g  wn30 rand6     s=1.0   seed 0 depth: real +0.0174 star +0.0007 depth +0.0168 z +1.38 (143s)
dinov2_g  wn30 rand6     s=1.0   seed 1 depth: real +0.0159 star +0.0007 depth +0.0152 z +1.28 (143s)
dinov2_g  wn30 rand6     s=1.0   seed 2 depth: real +0.0152 star +0.0007 depth +0.0146 z +1.11 (151s)
dinov2_g  wn30 rand6     s=1.0   seed 3 depth: real +0.0186 star +0.0007 depth +0.0180 z +1.52 (145s)
dinov2_g  wn30 rand6     s=1.0   seed 4 depth: real +0.0156 star +0.0007 depth +0.0149 z +1.21 (149s)
dinov2_g  wn30 rand6     s=0.0   seed 0 census: exc -0.0280 r=200 (1055s)
dinov2_g  wn30 rand6     s=0.25  seed 0 census: exc -0.0277 r=200 (1091s)
dinov2_g  wn30 rand6     s=0.5   seed 0 census: exc -0.0271 r=200 (1073s)
dinov2_g  wn30 rand6     s=0.75  seed 0 census: exc -0.0267 r=200 (1027s)
dinov2_g  wn30 rand6     s=1.0   seed 0 census: exc -0.0286 r=200 (1022s)
dinov2_g  wn30 tight06   s=real  seed 0 depth: real -0.1118 star -0.0558 depth -0.0560 z -8.14 (145s)
dinov2_g  wn30 rand6_t06 s=0.0   seed 0 depth: real -0.0563 star -0.0555 depth -0.0008 z -0.07 (141s)
dinov2_g  wn30 rand6_t06 s=0.0   seed 1 depth: real -0.0493 star -0.0556 depth +0.0063 z +0.54 (148s)
dinov2_g  wn30 rand6_t06 s=0.5   seed 0 depth: real -0.0865 star -0.0555 depth -0.0309 z -3.91 (145s)
dinov2_g  wn30 rand6_t06 s=0.5   seed 1 depth: real -0.0893 star -0.0556 depth -0.0337 z -3.87 (141s)
dinov2_g  wn30 rand6_t06 s=1.0   seed 0 depth: real -0.1769 star -0.0555 depth -0.1214 z -10.73 (129s)
dinov2_g  wn30 rand6_t06 s=1.0   seed 1 depth: real -0.1740 star -0.0555 depth -0.1184 z -12.42 (130s)
PART DONE wn30 dinov2_g
