dinov2_g  cifar100  K20 iso   real -0.0029 star -0.0293 depth +0.0264 z +3.8 (21s)
dinov2_g  cifar100  K20 aniso real -0.0029 star +0.0045 depth -0.0074 z -0.7 (25s)
dinov2_g  cifar100  K10 iso   real -0.0016 star -0.0161 depth +0.0145 z +2.2 (23s)
dinov2_g  cifar100  K10 aniso real -0.0016 star -0.0011 depth -0.0004 z -0.1 (23s)
dinov2_g  cifar100  K 5 iso   real -0.0003 star -0.0083 depth +0.0079 z +2.7 (23s)
dinov2_g  cifar100  K 5 aniso real -0.0003 star +0.0007 depth -0.0011 z -0.2 (23s)
clip_b    cifar100  K20 iso   real -0.0247 star -0.0440 depth +0.0193 z +1.8 (23s)
clip_b    cifar100  K20 aniso real -0.0247 star -0.0005 depth -0.0242 z -2.0 (23s)
clip_b    cifar100  K10 iso   real -0.0157 star -0.0509 depth +0.0353 z +2.9 (24s)
clip_b    cifar100  K10 aniso real -0.0157 star -0.0013 depth -0.0144 z -1.1 (24s)
clip_b    cifar100  K 5 iso   real -0.0038 star -0.0305 depth +0.0267 z +1.9 (24s)
clip_b    cifar100  K 5 aniso real -0.0038 star -0.0011 depth -0.0027 z -0.2 (24s)
clip_l    cifar100  K20 iso   real -0.0127 star -0.0486 depth +0.0359 z +5.7 (21s)
clip_l    cifar100  K20 aniso real -0.0127 star +0.0003 depth -0.0129 z -2.3 (18s)
clip_l    cifar100  K10 iso   real -0.0064 star -0.0491 depth +0.0427 z +7.6 (18s)
clip_l    cifar100  K10 aniso real -0.0064 star -0.0026 depth -0.0038 z -0.6 (21s)
clip_l    cifar100  K 5 iso   real -0.0010 star -0.0268 depth +0.0259 z +3.3 (20s)
clip_l    cifar100  K 5 aniso real -0.0010 star -0.0008 depth -0.0002 z -0.0 (19s)
siglip_b  cifar100  K20 iso   real -0.0228 star -0.0495 depth +0.0267 z +2.8 (21s)
siglip_b  cifar100  K20 aniso real -0.0228 star -0.0017 depth -0.0211 z -2.2 (24s)
siglip_b  cifar100  K10 iso   real -0.0132 star -0.0544 depth +0.0412 z +4.1 (19s)
siglip_b  cifar100  K10 aniso real -0.0132 star -0.0008 depth -0.0124 z -1.2 (18s)
siglip_b  cifar100  K 5 iso   real +0.0003 star -0.0313 depth +0.0316 z +3.3 (20s)
siglip_b  cifar100  K 5 aniso real +0.0003 star -0.0001 depth +0.0004 z +0.0 (20s)
dinov2_g  imagenet  K30 iso   real -0.0284 star -0.0048 depth -0.0236 z -1.6 (86s)
dinov2_g  imagenet  K30 aniso real -0.0284 star +0.0006 depth -0.0290 z -1.8 (90s)
dinov2_g  imagenet  K10 iso   real -0.0190 star -0.0156 depth -0.0034 z -0.2 (98s)
dinov2_g  imagenet  K10 aniso real -0.0190 star -0.0020 depth -0.0171 z -1.0 (101s)
dinov2_g  imagenet  K60 iso   real -0.0044 star -0.0025 depth -0.0019 z -0.2 (113s)
dinov2_g  imagenet  K60 aniso real -0.0044 star +0.0003 depth -0.0047 z -0.5 (108s)
clip_b    imagenet  K30 iso   real -0.0159 star -0.0102 depth -0.0057 z -0.7 (50s)
clip_b    imagenet  K30 aniso real -0.0159 star +0.0005 depth -0.0164 z -2.0 (45s)
clip_b    imagenet  K10 iso   real -0.0156 star -0.0197 depth +0.0041 z +0.4 (49s)
clip_b    imagenet  K10 aniso real -0.0156 star +0.0003 depth -0.0158 z -1.6 (59s)
clip_b    imagenet  K60 iso   real -0.0186 star -0.0037 depth -0.0149 z -1.8 (47s)
clip_b    imagenet  K60 aniso real -0.0186 star +0.0013 depth -0.0198 z -2.1 (53s)
clip_l    imagenet  K30 iso   real -0.0072 star -0.0113 depth +0.0041 z +0.5 (58s)
clip_l    imagenet  K30 aniso real -0.0072 star +0.0006 depth -0.0078 z -0.8 (78s)
clip_l    imagenet  K10 iso   real -0.0113 star -0.0222 depth +0.0110 z +1.4 (80s)
clip_l    imagenet  K10 aniso real -0.0113 star -0.0010 depth -0.0102 z -1.3 (67s)
clip_l    imagenet  K60 iso   real -0.0092 star -0.0049 depth -0.0043 z -0.6 (61s)
clip_l    imagenet  K60 aniso real -0.0092 star +0.0019 depth -0.0112 z -1.4 (64s)
siglip_b  imagenet  K30 iso   real -0.0097 star -0.0103 depth +0.0005 z +0.0 (76s)
siglip_b  imagenet  K30 aniso real -0.0097 star +0.0008 depth -0.0106 z -0.9 (81s)
siglip_b  imagenet  K10 iso   real -0.0106 star -0.0224 depth +0.0118 z +1.0 (55s)
siglip_b  imagenet  K10 aniso real -0.0106 star -0.0015 depth -0.0092 z -0.8 (58s)
siglip_b  imagenet  K60 iso   real -0.0158 star -0.0041 depth -0.0117 z -1.1 (55s)
siglip_b  imagenet  K60 aniso real -0.0158 star +0.0027 depth -0.0185 z -1.7 (55s)
Done part v3
