dinov2_s  real  s=real  seed 0 depth: real +0.0089 star +0.0012 depth +0.0077 z +0.66 (70s)
dinov2_s  rand6 s=0.0   seed 0 depth: real +0.0055 star +0.0012 depth +0.0042 z +0.50 (73s)
dinov2_s  rand6 s=0.0   seed 1 depth: real +0.0015 star +0.0012 depth +0.0003 z +0.04 (71s)
dinov2_s  rand6 s=0.0   seed 2 depth: real +0.0023 star +0.0012 depth +0.0011 z +0.13 (73s)
dinov2_s  rand6 s=0.0   seed 3 depth: real +0.0017 star +0.0012 depth +0.0005 z +0.06 (75s)
dinov2_s  rand6 s=0.0   seed 4 depth: real +0.0035 star +0.0012 depth +0.0023 z +0.28 (78s)
dinov2_s  rand6 s=0.25  seed 0 depth: real +0.0026 star +0.0012 depth +0.0014 z +0.16 (74s)
dinov2_s  rand6 s=0.25  seed 1 depth: real +0.0043 star +0.0012 depth +0.0031 z +0.39 (76s)
dinov2_s  rand6 s=0.25  seed 2 depth: real +0.0013 star +0.0012 depth +0.0001 z +0.01 (74s)
dinov2_s  rand6 s=0.25  seed 3 depth: real +0.0056 star +0.0012 depth +0.0044 z +0.50 (71s)
dinov2_s  rand6 s=0.25  seed 4 depth: real +0.0025 star +0.0012 depth +0.0013 z +0.18 (70s)
dinov2_s  rand6 s=0.5   seed 0 depth: real +0.0077 star +0.0012 depth +0.0065 z +0.74 (70s)
dinov2_s  rand6 s=0.5   seed 1 depth: real +0.0071 star +0.0012 depth +0.0059 z +0.72 (68s)
dinov2_s  rand6 s=0.5   seed 2 depth: real +0.0032 star +0.0012 depth +0.0020 z +0.22 (73s)
dinov2_s  rand6 s=0.5   seed 3 depth: real +0.0055 star +0.0012 depth +0.0043 z +0.54 (69s)
dinov2_s  rand6 s=0.5   seed 4 depth: real +0.0081 star +0.0012 depth +0.0069 z +0.96 (69s)
dinov2_s  rand6 s=0.75  seed 0 depth: real -0.0091 star +0.0012 depth -0.0103 z -1.05 (70s)
dinov2_s  rand6 s=0.75  seed 1 depth: real -0.0103 star +0.0012 depth -0.0115 z -1.32 (70s)
dinov2_s  rand6 s=0.75  seed 2 depth: real -0.0094 star +0.0012 depth -0.0106 z -1.21 (71s)
dinov2_s  rand6 s=0.75  seed 3 depth: real -0.0092 star +0.0012 depth -0.0104 z -1.10 (70s)
dinov2_s  rand6 s=0.75  seed 4 depth: real -0.0059 star +0.0012 depth -0.0071 z -0.82 (70s)
dinov2_s  rand6 s=1.0   seed 0 depth: real -0.0172 star +0.0012 depth -0.0184 z -1.57 (70s)
dinov2_s  rand6 s=1.0   seed 1 depth: real -0.0145 star +0.0012 depth -0.0158 z -1.50 (70s)
dinov2_s  rand6 s=1.0   seed 2 depth: real -0.0134 star +0.0012 depth -0.0146 z -1.30 (70s)
dinov2_s  rand6 s=1.0   seed 3 depth: real -0.0151 star +0.0012 depth -0.0163 z -1.47 (69s)
dinov2_s  rand6 s=1.0   seed 4 depth: real -0.0147 star +0.0012 depth -0.0159 z -1.29 (71s)
dinov2_s  wn6   s=0.0   seed 0 depth: real +0.0055 star +0.0012 depth +0.0042 z +0.50 (70s)
dinov2_s  wn6   s=0.25  seed 0 depth: real +0.0031 star +0.0012 depth +0.0019 z +0.24 (76s)
dinov2_s  wn6   s=0.5   seed 0 depth: real +0.0035 star +0.0012 depth +0.0023 z +0.23 (81s)
dinov2_s  wn6   s=0.75  seed 0 depth: real -0.0127 star +0.0012 depth -0.0139 z -0.96 (79s)
dinov2_s  wn6   s=1.0   seed 0 depth: real -0.0185 star +0.0012 depth -0.0198 z -1.45 (75s)
dinov2_s  rand6 s=0.0   seed 0 census: d999 0.0586 null 0.0749 exc -0.0163 r=200 (366s)
dinov2_s  rand6 s=0.25  seed 0 census: d999 0.0575 null 0.0753 exc -0.0178 r=200 (367s)
dinov2_s  rand6 s=0.5   seed 0 census: d999 0.0581 null 0.0744 exc -0.0163 r=200 (387s)
dinov2_s  rand6 s=0.75  seed 0 census: d999 0.0591 null 0.0743 exc -0.0152 r=200 (379s)
dinov2_s  rand6 s=1.0   seed 0 census: d999 0.0600 null 0.0751 exc -0.0151 r=200 (369s)
PART DONE dinov2_s
