dinov2_l  real  s=real  seed 0 depth: real -0.0274 star +0.0003 depth -0.0277 z -2.39 (118s)
dinov2_l  rand6 s=0.0   seed 0 depth: real +0.0012 star +0.0003 depth +0.0009 z +0.11 (121s)
dinov2_l  rand6 s=0.0   seed 1 depth: real +0.0008 star +0.0003 depth +0.0005 z +0.05 (120s)
dinov2_l  rand6 s=0.0   seed 2 depth: real +0.0030 star +0.0003 depth +0.0027 z +0.32 (125s)
dinov2_l  rand6 s=0.0   seed 3 depth: real +0.0005 star +0.0003 depth +0.0002 z +0.03 (130s)
dinov2_l  rand6 s=0.0   seed 4 depth: real +0.0017 star +0.0003 depth +0.0013 z +0.15 (127s)
dinov2_l  rand6 s=0.25  seed 0 depth: real +0.0004 star +0.0003 depth +0.0001 z +0.01 (126s)
dinov2_l  rand6 s=0.25  seed 1 depth: real +0.0007 star +0.0003 depth +0.0004 z +0.05 (126s)
dinov2_l  rand6 s=0.25  seed 2 depth: real +0.0031 star +0.0003 depth +0.0028 z +0.32 (127s)
dinov2_l  rand6 s=0.25  seed 3 depth: real +0.0008 star +0.0003 depth +0.0005 z +0.06 (117s)
dinov2_l  rand6 s=0.25  seed 4 depth: real +0.0016 star +0.0003 depth +0.0013 z +0.15 (121s)
dinov2_l  rand6 s=0.5   seed 0 depth: real +0.0084 star +0.0003 depth +0.0081 z +0.62 (123s)
dinov2_l  rand6 s=0.5   seed 1 depth: real +0.0096 star +0.0003 depth +0.0094 z +0.77 (127s)
dinov2_l  rand6 s=0.5   seed 2 depth: real +0.0060 star +0.0003 depth +0.0057 z +0.46 (128s)
dinov2_l  rand6 s=0.5   seed 3 depth: real +0.0098 star +0.0003 depth +0.0095 z +0.77 (125s)
dinov2_l  rand6 s=0.5   seed 4 depth: real +0.0088 star +0.0003 depth +0.0085 z +0.67 (120s)
dinov2_l  rand6 s=0.75  seed 0 depth: real +0.0006 star +0.0003 depth +0.0003 z +0.04 (121s)
dinov2_l  rand6 s=0.75  seed 1 depth: real +0.0011 star +0.0003 depth +0.0008 z +0.09 (122s)
dinov2_l  rand6 s=0.75  seed 2 depth: real +0.0016 star +0.0003 depth +0.0013 z +0.15 (126s)
dinov2_l  rand6 s=0.75  seed 3 depth: real -0.0014 star +0.0003 depth -0.0017 z -0.22 (122s)
dinov2_l  rand6 s=0.75  seed 4 depth: real +0.0002 star +0.0003 depth -0.0001 z -0.01 (124s)
dinov2_l  rand6 s=1.0   seed 0 depth: real -0.0061 star +0.0003 depth -0.0064 z -0.73 (118s)
dinov2_l  rand6 s=1.0   seed 1 depth: real -0.0081 star +0.0003 depth -0.0084 z -0.94 (113s)
dinov2_l  rand6 s=1.0   seed 2 depth: real -0.0065 star +0.0003 depth -0.0068 z -0.82 (104s)
dinov2_l  rand6 s=1.0   seed 3 depth: real -0.0055 star +0.0003 depth -0.0058 z -0.67 (105s)
dinov2_l  rand6 s=1.0   seed 4 depth: real -0.0070 star +0.0003 depth -0.0073 z -0.86 (104s)
dinov2_l  wn6   s=0.0   seed 0 depth: real +0.0012 star +0.0003 depth +0.0009 z +0.11 (104s)
dinov2_l  wn6   s=0.25  seed 0 depth: real +0.0013 star +0.0003 depth +0.0010 z +0.10 (104s)
dinov2_l  wn6   s=0.5   seed 0 depth: real -0.0006 star +0.0003 depth -0.0009 z -0.08 (105s)
dinov2_l  wn6   s=0.75  seed 0 depth: real -0.0093 star +0.0003 depth -0.0096 z -0.77 (104s)
dinov2_l  wn6   s=1.0   seed 0 depth: real -0.0162 star +0.0003 depth -0.0165 z -1.08 (105s)
dinov2_l  rand6 s=0.0   seed 0 census: d999 0.0353 null 0.0639 exc -0.0286 r=200 (545s)
dinov2_l  rand6 s=0.25  seed 0 census: d999 0.0351 null 0.0646 exc -0.0295 r=200 (702s)
dinov2_l  rand6 s=0.5   seed 0 census: d999 0.0365 null 0.0635 exc -0.0270 r=200 (721s)
dinov2_l  rand6 s=0.75  seed 0 census: d999 0.0351 null 0.0655 exc -0.0303 r=200 (719s)
dinov2_l  rand6 s=1.0   seed 0 census: d999 0.0351 null 0.0674 exc -0.0323 r=200 (724s)
PART DONE dinov2_l
