gpt2     photo       delta 0.1280 null 0.1445 exc -0.0165 z=-3.0 (19s)
gpt2     name_only   delta 0.1029 null 0.1091 exc -0.0061 z=-0.8 (14s)
gpt2     image       delta 0.1276 null 0.1459 exc -0.0183 z=-2.8 (14s)
gpt2     closeup     delta 0.1455 null 0.1389 exc +0.0066 z=+0.8 (14s)
gpt2     this_is     delta 0.1328 null 0.1645 exc -0.0317 z=-2.3 (14s)
gpt2     wild        delta 0.1223 null 0.1455 exc -0.0232 z=-3.1 (14s)
gpt2     def_pair    delta 0.1334 null 0.1352 exc -0.0018 z=-0.2 (15s)
gpt2     gloss_only  delta 0.1247 null 0.1444 exc -0.0197 z=-2.1 (16s)
gpt2     concept     delta 0.1364 null 0.1380 exc -0.0017 z=-0.2 (15s)
gpt2     discussion  delta 0.1323 null 0.1422 exc -0.0099 z=-1.4 (13s)
gpt2_m   photo       delta 0.0816 null 0.1009 exc -0.0193 z=-3.4 (24s)
gpt2_m   name_only   delta 0.1264 null 0.1330 exc -0.0066 z=-0.8 (21s)
gpt2_m   image       delta 0.0796 null 0.1081 exc -0.0284 z=-5.2 (22s)
gpt2_m   closeup     delta 0.0796 null 0.0972 exc -0.0175 z=-3.0 (22s)
gpt2_m   this_is     delta 0.0771 null 0.0990 exc -0.0218 z=-4.4 (22s)
gpt2_m   wild        delta 0.0904 null 0.1576 exc -0.0672 z=-6.9 (22s)
gpt2_m   def_pair    delta 0.0691 null 0.0878 exc -0.0187 z=-3.4 (21s)
gpt2_m   gloss_only  delta 0.0670 null 0.0967 exc -0.0297 z=-5.4 (22s)
gpt2_m   concept     delta 0.0853 null 0.0881 exc -0.0028 z=-0.4 (22s)
gpt2_m   discussion  delta 0.0669 null 0.0803 exc -0.0133 z=-2.7 (22s)
gpt2_l   photo       delta 0.0823 null 0.1253 exc -0.0430 z=-5.7 (62s)
gpt2_l   name_only   delta 0.0752 null 0.1236 exc -0.0484 z=-8.4 (27s)
gpt2_l   image       delta 0.0741 null 0.1245 exc -0.0504 z=-9.4 (27s)
gpt2_l   closeup     delta 0.0802 null 0.1243 exc -0.0441 z=-4.4 (27s)
gpt2_l   this_is     delta 0.0804 null 0.1226 exc -0.0422 z=-5.0 (27s)
gpt2_l   wild        delta 0.1122 null 0.1259 exc -0.0136 z=-1.9 (27s)
gpt2_l   def_pair    delta 0.0915 null 0.1273 exc -0.0359 z=-4.8 (27s)
gpt2_l   gloss_only  delta 0.0923 null 0.1258 exc -0.0335 z=-5.9 (27s)
gpt2_l   concept     delta 0.0699 null 0.1132 exc -0.0432 z=-7.3 (27s)
gpt2_l   discussion  delta 0.0742 null 0.1151 exc -0.0409 z=-8.0 (27s)
gpt2_xl  photo       delta 0.0721 null 0.1225 exc -0.0504 z=-7.9 (96s)
gpt2_xl  name_only   delta 0.0683 null 0.1196 exc -0.0513 z=-9.3 (34s)
gpt2_xl  image       delta 0.0711 null 0.1204 exc -0.0494 z=-8.7 (33s)
gpt2_xl  closeup     delta 0.0730 null 0.1220 exc -0.0490 z=-8.0 (33s)
gpt2_xl  this_is     delta 0.0747 null 0.1204 exc -0.0457 z=-6.1 (33s)
gpt2_xl  wild        delta 0.1129 null 0.1230 exc -0.0101 z=-2.2 (33s)
gpt2_xl  def_pair    delta 0.0856 null 0.1207 exc -0.0350 z=-5.8 (33s)
gpt2_xl  gloss_only  delta 0.0874 null 0.1232 exc -0.0358 z=-5.2 (32s)
gpt2_xl  concept     delta 0.0683 null 0.1094 exc -0.0411 z=-6.6 (32s)
gpt2_xl  discussion  delta 0.0749 null 0.1147 exc -0.0398 z=-6.8 (33s)
Done expR49
