i21k_t    real  s=real  seed 0 depth: real -0.0173 star +0.0003 depth -0.0176 z -1.48 (55s)
i21k_t    rand6 s=0.0   seed 0 depth: real +0.0000 star +0.0003 depth -0.0003 z -0.02 (62s)
i21k_t    rand6 s=0.0   seed 1 depth: real -0.0042 star +0.0003 depth -0.0045 z -0.34 (62s)
i21k_t    rand6 s=0.0   seed 2 depth: real -0.0004 star +0.0003 depth -0.0007 z -0.06 (62s)
i21k_t    rand6 s=0.0   seed 3 depth: real +0.0038 star +0.0003 depth +0.0035 z +0.26 (65s)
i21k_t    rand6 s=0.0   seed 4 depth: real +0.0031 star +0.0003 depth +0.0028 z +0.24 (64s)
i21k_t    rand6 s=0.25  seed 0 depth: real -0.0053 star +0.0003 depth -0.0056 z -0.51 (65s)
i21k_t    rand6 s=0.25  seed 1 depth: real +0.0054 star +0.0003 depth +0.0051 z +0.41 (66s)
i21k_t    rand6 s=0.25  seed 2 depth: real -0.0002 star +0.0003 depth -0.0005 z -0.05 (63s)
i21k_t    rand6 s=0.25  seed 3 depth: real +0.0020 star +0.0003 depth +0.0017 z +0.14 (64s)
i21k_t    rand6 s=0.25  seed 4 depth: real +0.0036 star +0.0003 depth +0.0033 z +0.24 (61s)
i21k_t    rand6 s=0.5   seed 0 depth: real +0.0067 star +0.0003 depth +0.0063 z +0.49 (60s)
i21k_t    rand6 s=0.5   seed 1 depth: real +0.0145 star +0.0003 depth +0.0142 z +1.03 (60s)
i21k_t    rand6 s=0.5   seed 2 depth: real +0.0074 star +0.0003 depth +0.0071 z +0.49 (61s)
i21k_t    rand6 s=0.5   seed 3 depth: real +0.0061 star +0.0003 depth +0.0057 z +0.38 (60s)
i21k_t    rand6 s=0.5   seed 4 depth: real -0.0039 star +0.0003 depth -0.0042 z -0.29 (62s)
i21k_t    rand6 s=0.75  seed 0 depth: real -0.0027 star +0.0003 depth -0.0031 z -0.18 (61s)
i21k_t    rand6 s=0.75  seed 1 depth: real -0.0044 star +0.0003 depth -0.0047 z -0.31 (60s)
i21k_t    rand6 s=0.75  seed 2 depth: real -0.0057 star +0.0003 depth -0.0060 z -0.45 (60s)
i21k_t    rand6 s=0.75  seed 3 depth: real +0.0044 star +0.0003 depth +0.0041 z +0.25 (62s)
i21k_t    rand6 s=0.75  seed 4 depth: real +0.0021 star +0.0003 depth +0.0018 z +0.13 (61s)
i21k_t    rand6 s=1.0   seed 0 depth: real -0.0173 star +0.0003 depth -0.0176 z -1.22 (60s)
i21k_t    rand6 s=1.0   seed 1 depth: real -0.0065 star +0.0003 depth -0.0068 z -0.40 (61s)
i21k_t    rand6 s=1.0   seed 2 depth: real -0.0082 star +0.0003 depth -0.0085 z -0.50 (62s)
i21k_t    rand6 s=1.0   seed 3 depth: real -0.0121 star +0.0003 depth -0.0124 z -0.75 (61s)
i21k_t    rand6 s=1.0   seed 4 depth: real -0.0121 star +0.0003 depth -0.0124 z -0.73 (61s)
i21k_t    wn6   s=0.0   seed 0 depth: real +0.0000 star +0.0003 depth -0.0003 z -0.02 (61s)
i21k_t    wn6   s=0.25  seed 0 depth: real -0.0019 star +0.0003 depth -0.0022 z -0.22 (61s)
i21k_t    wn6   s=0.5   seed 0 depth: real -0.0104 star +0.0003 depth -0.0107 z -0.85 (60s)
i21k_t    wn6   s=0.75  seed 0 depth: real -0.0302 star +0.0003 depth -0.0305 z -1.88 (61s)
i21k_t    wn6   s=1.0   seed 0 depth: real -0.0277 star +0.0003 depth -0.0280 z -1.40 (62s)
i21k_t    rand6 s=0.0   seed 0 census: d999 0.0837 null 0.0926 exc -0.0089 r=191 (344s)
i21k_t    rand6 s=0.25  seed 0 census: d999 0.0816 null 0.0956 exc -0.0140 r=199 (327s)
i21k_t    rand6 s=0.5   seed 0 census: d999 0.0840 null 0.0903 exc -0.0064 r=172 (324s)
i21k_t    rand6 s=0.75  seed 0 census: d999 0.0811 null 0.0911 exc -0.0100 r=194 (334s)
i21k_t    rand6 s=1.0   seed 0 census: d999 0.0806 null 0.0900 exc -0.0094 r=190 (335s)
PART DONE i21k_t
