dinov1_b  real  s=real  seed 0 depth: real -0.0091 star -0.0002 depth -0.0089 z -0.94 (94s)
dinov1_b  rand6 s=0.0   seed 0 depth: real -0.0031 star -0.0002 depth -0.0030 z -0.25 (94s)
dinov1_b  rand6 s=0.0   seed 1 depth: real -0.0039 star -0.0002 depth -0.0037 z -0.31 (93s)
dinov1_b  rand6 s=0.0   seed 2 depth: real -0.0046 star -0.0002 depth -0.0045 z -0.45 (101s)
dinov1_b  rand6 s=0.0   seed 3 depth: real -0.0088 star -0.0002 depth -0.0086 z -0.73 (94s)
dinov1_b  rand6 s=0.0   seed 4 depth: real -0.0049 star -0.0002 depth -0.0048 z -0.46 (96s)
dinov1_b  rand6 s=0.25  seed 0 depth: real -0.0024 star -0.0002 depth -0.0023 z -0.19 (93s)
dinov1_b  rand6 s=0.25  seed 1 depth: real -0.0007 star -0.0002 depth -0.0005 z -0.04 (92s)
dinov1_b  rand6 s=0.25  seed 2 depth: real -0.0043 star -0.0002 depth -0.0042 z -0.34 (89s)
dinov1_b  rand6 s=0.25  seed 3 depth: real -0.0022 star -0.0002 depth -0.0020 z -0.16 (91s)
dinov1_b  rand6 s=0.25  seed 4 depth: real -0.0065 star -0.0002 depth -0.0064 z -0.65 (91s)
dinov1_b  rand6 s=0.5   seed 0 depth: real -0.0013 star -0.0002 depth -0.0011 z -0.10 (92s)
dinov1_b  rand6 s=0.5   seed 1 depth: real +0.0016 star -0.0002 depth +0.0018 z +0.14 (90s)
dinov1_b  rand6 s=0.5   seed 2 depth: real +0.0036 star -0.0002 depth +0.0038 z +0.30 (91s)
dinov1_b  rand6 s=0.5   seed 3 depth: real -0.0023 star -0.0002 depth -0.0021 z -0.18 (90s)
dinov1_b  rand6 s=0.5   seed 4 depth: real +0.0009 star -0.0002 depth +0.0010 z +0.08 (91s)
dinov1_b  rand6 s=0.75  seed 0 depth: real -0.0082 star -0.0002 depth -0.0081 z -0.93 (89s)
dinov1_b  rand6 s=0.75  seed 1 depth: real -0.0036 star -0.0002 depth -0.0035 z -0.29 (91s)
dinov1_b  rand6 s=0.75  seed 2 depth: real -0.0083 star -0.0002 depth -0.0081 z -0.67 (89s)
dinov1_b  rand6 s=0.75  seed 3 depth: real -0.0043 star -0.0002 depth -0.0042 z -0.40 (93s)
dinov1_b  rand6 s=0.75  seed 4 depth: real -0.0069 star -0.0002 depth -0.0068 z -0.57 (91s)
dinov1_b  rand6 s=1.0   seed 0 depth: real -0.0108 star -0.0002 depth -0.0106 z -0.86 (102s)
dinov1_b  rand6 s=1.0   seed 1 depth: real -0.0180 star -0.0002 depth -0.0179 z -1.63 (102s)
dinov1_b  rand6 s=1.0   seed 2 depth: real -0.0173 star -0.0002 depth -0.0172 z -1.47 (101s)
dinov1_b  rand6 s=1.0   seed 3 depth: real -0.0155 star -0.0002 depth -0.0153 z -1.39 (95s)
dinov1_b  rand6 s=1.0   seed 4 depth: real -0.0136 star -0.0002 depth -0.0134 z -1.31 (94s)
dinov1_b  wn6   s=0.0   seed 0 depth: real -0.0031 star -0.0002 depth -0.0030 z -0.25 (94s)
dinov1_b  wn6   s=0.25  seed 0 depth: real -0.0030 star -0.0002 depth -0.0029 z -0.27 (94s)
dinov1_b  wn6   s=0.5   seed 0 depth: real -0.0076 star -0.0002 depth -0.0075 z -0.70 (91s)
dinov1_b  wn6   s=0.75  seed 0 depth: real -0.0213 star -0.0002 depth -0.0211 z -1.46 (94s)
dinov1_b  wn6   s=1.0   seed 0 depth: real -0.0222 star -0.0002 depth -0.0220 z -1.45 (95s)
dinov1_b  rand6 s=0.0   seed 0 census: d999 0.0594 null 0.0799 exc -0.0205 r=200 (573s)
dinov1_b  rand6 s=0.25  seed 0 census: d999 0.0591 null 0.0819 exc -0.0228 r=200 (554s)
dinov1_b  rand6 s=0.5   seed 0 census: d999 0.0565 null 0.0783 exc -0.0218 r=200 (595s)
dinov1_b  rand6 s=0.75  seed 0 census: d999 0.0583 null 0.0780 exc -0.0197 r=200 (626s)
dinov1_b  rand6 s=1.0   seed 0 census: d999 0.0623 null 0.0803 exc -0.0180 r=200 (611s)
PART DONE dinov1_b
