dinov1_b  wn30 real      s=real  seed 0 depth: real -0.0091 star -0.0002 depth -0.0089 z -0.94 (109s)
dinov1_b  wn30 rand6     s=0.0   seed 0 depth: real -0.0031 star -0.0002 depth -0.0030 z -0.25 (109s)
dinov1_b  wn30 rand6     s=0.0   seed 1 depth: real -0.0039 star -0.0002 depth -0.0037 z -0.31 (107s)
dinov1_b  wn30 rand6     s=0.0   seed 2 depth: real -0.0046 star -0.0002 depth -0.0045 z -0.45 (111s)
dinov1_b  wn30 rand6     s=0.0   seed 3 depth: real -0.0088 star -0.0002 depth -0.0086 z -0.73 (103s)
dinov1_b  wn30 rand6     s=0.0   seed 4 depth: real -0.0049 star -0.0002 depth -0.0048 z -0.46 (110s)
dinov1_b  wn30 rand6     s=0.25  seed 0 depth: real -0.0027 star -0.0002 depth -0.0026 z -0.22 (104s)
dinov1_b  wn30 rand6     s=0.25  seed 1 depth: real -0.0003 star -0.0002 depth -0.0002 z -0.01 (110s)
dinov1_b  wn30 rand6     s=0.25  seed 2 depth: real -0.0042 star -0.0002 depth -0.0040 z -0.33 (106s)
dinov1_b  wn30 rand6     s=0.25  seed 3 depth: real -0.0020 star -0.0002 depth -0.0018 z -0.15 (96s)
dinov1_b  wn30 rand6     s=0.25  seed 4 depth: real -0.0060 star -0.0002 depth -0.0058 z -0.56 (99s)
dinov1_b  wn30 rand6     s=0.5   seed 0 depth: real -0.0043 star -0.0002 depth -0.0041 z -0.37 (97s)
dinov1_b  wn30 rand6     s=0.5   seed 1 depth: real -0.0018 star -0.0002 depth -0.0017 z -0.15 (95s)
dinov1_b  wn30 rand6     s=0.5   seed 2 depth: real -0.0004 star -0.0002 depth -0.0003 z -0.02 (112s)
dinov1_b  wn30 rand6     s=0.5   seed 3 depth: real -0.0049 star -0.0002 depth -0.0048 z -0.45 (123s)
dinov1_b  wn30 rand6     s=0.5   seed 4 depth: real -0.0024 star -0.0002 depth -0.0022 z -0.18 (109s)
dinov1_b  wn30 rand6     s=0.75  seed 0 depth: real +0.0038 star -0.0002 depth +0.0040 z +0.39 (112s)
dinov1_b  wn30 rand6     s=0.75  seed 1 depth: real +0.0074 star -0.0002 depth +0.0076 z +0.62 (111s)
dinov1_b  wn30 rand6     s=0.75  seed 2 depth: real +0.0044 star -0.0002 depth +0.0045 z +0.37 (122s)
dinov1_b  wn30 rand6     s=0.75  seed 3 depth: real +0.0058 star -0.0002 depth +0.0060 z +0.58 (118s)
dinov1_b  wn30 rand6     s=0.75  seed 4 depth: real +0.0034 star -0.0002 depth +0.0035 z +0.28 (119s)
dinov1_b  wn30 rand6     s=1.0   seed 0 depth: real -0.0021 star -0.0002 depth -0.0020 z -0.15 (113s)
dinov1_b  wn30 rand6     s=1.0   seed 1 depth: real -0.0050 star -0.0002 depth -0.0049 z -0.41 (113s)
dinov1_b  wn30 rand6     s=1.0   seed 2 depth: real -0.0048 star -0.0002 depth -0.0046 z -0.37 (113s)
dinov1_b  wn30 rand6     s=1.0   seed 3 depth: real -0.0025 star -0.0002 depth -0.0023 z -0.20 (109s)
dinov1_b  wn30 rand6     s=1.0   seed 4 depth: real -0.0046 star -0.0002 depth -0.0044 z -0.43 (114s)
dinov1_b  wn30 rand6     s=0.0   seed 0 census: exc -0.0205 r=200 (698s)
dinov1_b  wn30 rand6     s=0.25  seed 0 census: exc -0.0226 r=200 (684s)
dinov1_b  wn30 rand6     s=0.5   seed 0 census: exc -0.0230 r=200 (666s)
dinov1_b  wn30 rand6     s=0.75  seed 0 census: exc -0.0198 r=200 (629s)
dinov1_b  wn30 rand6     s=1.0   seed 0 census: exc -0.0202 r=200 (641s)
dinov1_b  wn30 tight06   s=real  seed 0 depth: real -0.0583 star -0.0168 depth -0.0416 z -5.49 (111s)
dinov1_b  wn30 rand6_t06 s=0.0   seed 0 depth: real -0.0346 star -0.0167 depth -0.0180 z -1.66 (104s)
dinov1_b  wn30 rand6_t06 s=0.0   seed 1 depth: real -0.0348 star -0.0168 depth -0.0180 z -1.57 (110s)
dinov1_b  wn30 rand6_t06 s=0.5   seed 0 depth: real -0.0668 star -0.0167 depth -0.0502 z -5.08 (108s)
dinov1_b  wn30 rand6_t06 s=0.5   seed 1 depth: real -0.0678 star -0.0167 depth -0.0511 z -5.20 (108s)
dinov1_b  wn30 rand6_t06 s=1.0   seed 0 depth: real -0.1507 star -0.0167 depth -0.1341 z -12.35 (107s)
dinov1_b  wn30 rand6_t06 s=1.0   seed 1 depth: real -0.1500 star -0.0168 depth -0.1332 z -11.82 (106s)
PART DONE wn30 dinov1_b
