dinov1_b  cifar100  K20 iso   real -0.0357 star -0.0434 depth +0.0077 z +0.9 (23s)
dinov1_b  cifar100  K20 aniso real -0.0357 star +0.0026 depth -0.0383 z -4.2 (20s)
dinov1_b  cifar100  K10 iso   real -0.0350 star -0.0448 depth +0.0097 z +0.9 (20s)
dinov1_b  cifar100  K10 aniso real -0.0350 star -0.0010 depth -0.0340 z -2.9 (21s)
dinov1_b  cifar100  K 5 iso   real -0.0113 star -0.0210 depth +0.0098 z +1.1 (22s)
dinov1_b  cifar100  K 5 aniso real -0.0113 star -0.0012 depth -0.0101 z -1.1 (21s)
dinov2_s  cifar100  K20 iso   real -0.0197 star -0.0259 depth +0.0062 z +0.6 (22s)
dinov2_s  cifar100  K20 aniso real -0.0197 star -0.0001 depth -0.0196 z -1.6 (23s)
dinov2_s  cifar100  K10 iso   real -0.0072 star -0.0245 depth +0.0172 z +1.8 (20s)
dinov2_s  cifar100  K10 aniso real -0.0072 star -0.0018 depth -0.0055 z -0.5 (20s)
dinov2_s  cifar100  K 5 iso   real +0.0056 star -0.0096 depth +0.0152 z +2.0 (22s)
dinov2_s  cifar100  K 5 aniso real +0.0056 star -0.0004 depth +0.0060 z +0.9 (22s)
dinov2_b  cifar100  K20 iso   real +0.0124 star -0.0282 depth +0.0405 z +5.4 (21s)
dinov2_b  cifar100  K20 aniso real +0.0124 star +0.0022 depth +0.0102 z +0.9 (22s)
dinov2_b  cifar100  K10 iso   real +0.0061 star -0.0227 depth +0.0288 z +5.3 (24s)
dinov2_b  cifar100  K10 aniso real +0.0061 star -0.0021 depth +0.0081 z +1.5 (24s)
dinov2_b  cifar100  K 5 iso   real +0.0020 star -0.0078 depth +0.0098 z +2.4 (20s)
dinov2_b  cifar100  K 5 aniso real +0.0020 star -0.0004 depth +0.0024 z +0.5 (23s)
dinov2_l  cifar100  K20 iso   real +0.0151 star -0.0273 depth +0.0424 z +6.8 (24s)
dinov2_l  cifar100  K20 aniso real +0.0151 star +0.0025 depth +0.0125 z +1.2 (20s)
dinov2_l  cifar100  K10 iso   real +0.0065 star -0.0176 depth +0.0240 z +5.3 (24s)
dinov2_l  cifar100  K10 aniso real +0.0065 star -0.0003 depth +0.0068 z +1.3 (24s)
dinov2_l  cifar100  K 5 iso   real +0.0016 star -0.0072 depth +0.0088 z +3.1 (23s)
dinov2_l  cifar100  K 5 aniso real +0.0016 star +0.0014 depth +0.0001 z +0.0 (23s)
dinov1_b  imagenet  K30 iso   real -0.0091 star -0.0072 depth -0.0018 z -0.2 (83s)
dinov1_b  imagenet  K30 aniso real -0.0091 star -0.0002 depth -0.0089 z -0.9 (87s)
dinov1_b  imagenet  K10 iso   real -0.0075 star -0.0143 depth +0.0068 z +0.7 (82s)
dinov1_b  imagenet  K10 aniso real -0.0075 star -0.0011 depth -0.0064 z -0.6 (82s)
dinov1_b  imagenet  K60 iso   real -0.0093 star -0.0032 depth -0.0061 z -0.8 (67s)
dinov1_b  imagenet  K60 aniso real -0.0093 star +0.0011 depth -0.0105 z -1.1 (82s)
dinov2_s  imagenet  K30 iso   real +0.0089 star -0.0016 depth +0.0105 z +0.9 (63s)
dinov2_s  imagenet  K30 aniso real +0.0089 star +0.0012 depth +0.0077 z +0.7 (60s)
dinov2_s  imagenet  K10 iso   real +0.0021 star -0.0027 depth +0.0048 z +0.4 (45s)
dinov2_s  imagenet  K10 aniso real +0.0021 star -0.0013 depth +0.0034 z +0.3 (47s)
dinov2_s  imagenet  K60 iso   real +0.0077 star -0.0008 depth +0.0085 z +0.8 (44s)
dinov2_s  imagenet  K60 aniso real +0.0077 star +0.0007 depth +0.0071 z +0.6 (59s)
dinov2_b  imagenet  K30 iso   real -0.0137 star -0.0027 depth -0.0110 z -0.9 (80s)
dinov2_b  imagenet  K30 aniso real -0.0137 star +0.0019 depth -0.0157 z -1.2 (82s)
dinov2_b  imagenet  K10 iso   real -0.0101 star -0.0073 depth -0.0028 z -0.2 (80s)
dinov2_b  imagenet  K10 aniso real -0.0101 star -0.0026 depth -0.0074 z -0.5 (80s)
dinov2_b  imagenet  K60 iso   real -0.0116 star -0.0015 depth -0.0101 z -0.8 (81s)
dinov2_b  imagenet  K60 aniso real -0.0116 star -0.0018 depth -0.0098 z -0.7 (73s)
dinov2_l  imagenet  K30 iso   real -0.0274 star -0.0036 depth -0.0238 z -2.3 (84s)
dinov2_l  imagenet  K30 aniso real -0.0274 star +0.0003 depth -0.0277 z -2.4 (87s)
dinov2_l  imagenet  K10 iso   real -0.0233 star -0.0101 depth -0.0132 z -0.8 (96s)
dinov2_l  imagenet  K10 aniso real -0.0233 star -0.0031 depth -0.0203 z -1.2 (99s)
dinov2_l  imagenet  K60 iso   real -0.0121 star -0.0015 depth -0.0106 z -1.3 (73s)
dinov2_l  imagenet  K60 aniso real -0.0121 star -0.0012 depth -0.0109 z -1.3 (55s)
Done part v2
