i21k_s    wn30 real      s=real  seed 0 depth: real -0.0247 star +0.0034 depth -0.0281 z -2.36 (77s)
i21k_s    wn30 rand6     s=0.0   seed 0 depth: real -0.0089 star +0.0034 depth -0.0123 z -1.23 (77s)
i21k_s    wn30 rand6     s=0.0   seed 1 depth: real -0.0020 star +0.0034 depth -0.0054 z -0.53 (79s)
i21k_s    wn30 rand6     s=0.0   seed 2 depth: real -0.0087 star +0.0034 depth -0.0121 z -1.20 (81s)
i21k_s    wn30 rand6     s=0.0   seed 3 depth: real -0.0058 star +0.0034 depth -0.0092 z -0.99 (83s)
i21k_s    wn30 rand6     s=0.0   seed 4 depth: real -0.0024 star +0.0034 depth -0.0058 z -0.58 (80s)
i21k_s    wn30 rand6     s=0.25  seed 0 depth: real -0.0094 star +0.0034 depth -0.0128 z -1.28 (83s)
i21k_s    wn30 rand6     s=0.25  seed 1 depth: real -0.0041 star +0.0034 depth -0.0075 z -0.87 (81s)
i21k_s    wn30 rand6     s=0.25  seed 2 depth: real -0.0072 star +0.0034 depth -0.0106 z -1.22 (79s)
i21k_s    wn30 rand6     s=0.25  seed 3 depth: real -0.0086 star +0.0034 depth -0.0120 z -1.25 (83s)
i21k_s    wn30 rand6     s=0.25  seed 4 depth: real -0.0064 star +0.0034 depth -0.0098 z -1.12 (87s)
i21k_s    wn30 rand6     s=0.5   seed 0 depth: real -0.0031 star +0.0034 depth -0.0065 z -0.58 (81s)
i21k_s    wn30 rand6     s=0.5   seed 1 depth: real -0.0030 star +0.0034 depth -0.0065 z -0.63 (81s)
i21k_s    wn30 rand6     s=0.5   seed 2 depth: real -0.0017 star +0.0034 depth -0.0051 z -0.51 (80s)
i21k_s    wn30 rand6     s=0.5   seed 3 depth: real -0.0021 star +0.0034 depth -0.0055 z -0.55 (82s)
i21k_s    wn30 rand6     s=0.5   seed 4 depth: real -0.0020 star +0.0034 depth -0.0054 z -0.62 (85s)
i21k_s    wn30 rand6     s=0.75  seed 0 depth: real +0.0045 star +0.0034 depth +0.0011 z +0.08 (77s)
i21k_s    wn30 rand6     s=0.75  seed 1 depth: real +0.0060 star +0.0034 depth +0.0026 z +0.22 (87s)
i21k_s    wn30 rand6     s=0.75  seed 2 depth: real +0.0002 star +0.0034 depth -0.0032 z -0.28 (91s)
i21k_s    wn30 rand6     s=0.75  seed 3 depth: real +0.0058 star +0.0034 depth +0.0025 z +0.22 (91s)
i21k_s    wn30 rand6     s=0.75  seed 4 depth: real +0.0029 star +0.0034 depth -0.0005 z -0.04 (89s)
i21k_s    wn30 rand6     s=1.0   seed 0 depth: real -0.0151 star +0.0034 depth -0.0185 z -1.52 (83s)
i21k_s    wn30 rand6     s=1.0   seed 1 depth: real -0.0084 star +0.0034 depth -0.0118 z -0.95 (85s)
i21k_s    wn30 rand6     s=1.0   seed 2 depth: real -0.0131 star +0.0034 depth -0.0165 z -1.29 (88s)
i21k_s    wn30 rand6     s=1.0   seed 3 depth: real -0.0121 star +0.0034 depth -0.0155 z -1.12 (98s)
i21k_s    wn30 rand6     s=1.0   seed 4 depth: real -0.0131 star +0.0034 depth -0.0165 z -1.20 (87s)
i21k_s    wn30 rand6     s=0.0   seed 0 census: exc -0.0184 r=200 (440s)
i21k_s    wn30 rand6     s=0.25  seed 0 census: exc -0.0199 r=200 (450s)
i21k_s    wn30 rand6     s=0.5   seed 0 census: exc -0.0194 r=200 (451s)
i21k_s    wn30 rand6     s=0.75  seed 0 census: exc -0.0156 r=200 (470s)
i21k_s    wn30 rand6     s=1.0   seed 0 census: exc -0.0188 r=200 (470s)
i21k_s    wn30 tight06   s=real  seed 0 depth: real -0.0463 star -0.0193 depth -0.0271 z -2.79 (86s)
i21k_s    wn30 rand6_t06 s=0.0   seed 0 depth: real -0.0211 star -0.0193 depth -0.0018 z -0.16 (88s)
i21k_s    wn30 rand6_t06 s=0.0   seed 1 depth: real -0.0224 star -0.0187 depth -0.0037 z -0.30 (89s)
i21k_s    wn30 rand6_t06 s=0.5   seed 0 depth: real -0.0547 star -0.0187 depth -0.0360 z -3.14 (89s)
i21k_s    wn30 rand6_t06 s=0.5   seed 1 depth: real -0.0514 star -0.0193 depth -0.0322 z -3.76 (86s)
i21k_s    wn30 rand6_t06 s=1.0   seed 0 depth: real -0.1423 star -0.0187 depth -0.1236 z -10.32 (83s)
i21k_s    wn30 rand6_t06 s=1.0   seed 1 depth: real -0.1457 star -0.0187 depth -0.1270 z -9.79 (85s)
PART DONE wn30 i21k_s
