star  K12 r0.1 iso   n 100 s0: depth -0.0262 z -0.8 (26s)
star  K12 r0.1 iso   n 100 s1: depth -0.0363 z -1.1 (23s)
star  K12 r0.1 iso   n 100 s2: depth -0.0281 z -0.8 (20s)
star  K12 r0.1 iso   n 100 s3: depth -0.0184 z -0.6 (21s)
star  K12 r0.1 iso   n 100 s4: depth -0.0253 z -0.8 (22s)
star  K12 r0.1 iso   n1000 s0: depth -0.0264 z -0.8 (60s)
star  K12 r0.1 iso   n1000 s1: depth -0.0346 z -1.1 (58s)
star  K12 r0.1 iso   n1000 s2: depth -0.0265 z -0.8 (60s)
star  K12 r0.1 iso   n1000 s3: depth -0.0158 z -0.5 (58s)
star  K12 r0.1 iso   n1000 s4: depth -0.0247 z -0.8 (70s)
star  K12 r0.1 aniso n 100 s0: depth -0.0270 z -0.9 (24s)
star  K12 r0.1 aniso n 100 s1: depth -0.0359 z -1.1 (24s)
star  K12 r0.1 aniso n 100 s2: depth -0.0273 z -0.8 (25s)
star  K12 r0.1 aniso n 100 s3: depth -0.0174 z -0.6 (21s)
star  K12 r0.1 aniso n 100 s4: depth -0.0264 z -0.8 (22s)
star  K12 r0.1 aniso n1000 s0: depth -0.0277 z -0.9 (60s)
star  K12 r0.1 aniso n1000 s1: depth -0.0352 z -1.1 (59s)
star  K12 r0.1 aniso n1000 s2: depth -0.0261 z -0.8 (59s)
star  K12 r0.1 aniso n1000 s3: depth -0.0160 z -0.5 (60s)
star  K12 r0.1 aniso n1000 s4: depth -0.0250 z -0.8 (60s)
star  K12 r0.3 iso   n 100 s0: depth -0.0273 z -0.9 (19s)
star  K12 r0.3 iso   n 100 s1: depth -0.0347 z -1.2 (24s)
star  K12 r0.3 iso   n 100 s2: depth -0.0287 z -1.0 (22s)
star  K12 r0.3 iso   n 100 s3: depth -0.0272 z -0.9 (20s)
star  K12 r0.3 iso   n 100 s4: depth -0.0265 z -0.9 (24s)
star  K12 r0.3 iso   n1000 s0: depth -0.0224 z -0.8 (79s)
star  K12 r0.3 iso   n1000 s1: depth -0.0296 z -1.0 (63s)
star  K12 r0.3 iso   n1000 s2: depth -0.0244 z -0.9 (57s)
star  K12 r0.3 iso   n1000 s3: depth -0.0169 z -0.6 (59s)
star  K12 r0.3 iso   n1000 s4: depth -0.0216 z -0.8 (75s)
star  K12 r0.3 aniso n 100 s0: depth -0.0342 z -1.1 (25s)
star  K12 r0.3 aniso n 100 s1: depth -0.0333 z -1.1 (26s)
star  K12 r0.3 aniso n 100 s2: depth -0.0207 z -0.7 (26s)
star  K12 r0.3 aniso n 100 s3: depth -0.0203 z -0.7 (27s)
star  K12 r0.3 aniso n 100 s4: depth -0.0327 z -1.1 (25s)
star  K12 r0.3 aniso n1000 s0: depth -0.0303 z -1.1 (86s)
star  K12 r0.3 aniso n1000 s1: depth -0.0292 z -1.1 (82s)
star  K12 r0.3 aniso n1000 s2: depth -0.0226 z -0.8 (74s)
star  K12 r0.3 aniso n1000 s3: depth -0.0287 z -1.0 (80s)
star  K12 r0.3 aniso n1000 s4: depth -0.0265 z -0.9 (70s)
star  K12 r0.6 iso   n 100 s0: depth -0.0578 z -2.7 (23s)
star  K12 r0.6 iso   n 100 s1: depth -0.0616 z -2.6 (24s)
star  K12 r0.6 iso   n 100 s2: depth -0.0563 z -2.2 (22s)
star  K12 r0.6 iso   n 100 s3: depth -0.0624 z -2.5 (24s)
star  K12 r0.6 iso   n 100 s4: depth -0.0534 z -2.2 (22s)
star  K12 r0.6 iso   n1000 s0: depth -0.0180 z -0.9 (80s)
star  K12 r0.6 iso   n1000 s1: depth -0.0209 z -1.0 (81s)
star  K12 r0.6 iso   n1000 s2: depth -0.0183 z -0.8 (70s)
star  K12 r0.6 iso   n1000 s3: depth -0.0165 z -0.8 (56s)
star  K12 r0.6 iso   n1000 s4: depth -0.0166 z -0.8 (60s)
star  K12 r0.6 aniso n 100 s0: depth +0.0032 z +0.3 (24s)
star  K12 r0.6 aniso n 100 s1: depth -0.0108 z -0.5 (24s)
star  K12 r0.6 aniso n 100 s2: depth -0.0104 z -0.4 (24s)
star  K12 r0.6 aniso n 100 s3: depth +0.0009 z +0.0 (25s)
star  K12 r0.6 aniso n 100 s4: depth -0.0097 z -0.4 (25s)
star  K12 r0.6 aniso n1000 s0: depth -0.0041 z -0.3 (81s)
star  K12 r0.6 aniso n1000 s1: depth -0.0072 z -0.5 (79s)
star  K12 r0.6 aniso n1000 s2: depth -0.0043 z -0.3 (81s)
star  K12 r0.6 aniso n1000 s3: depth +0.0005 z +0.0 (81s)
star  K12 r0.6 aniso n1000 s4: depth -0.0001 z -0.0 (80s)
hier2 K12 r0.1 iso   n 100 s0: depth -0.1135 z -13.8 (23s)
hier2 K12 r0.1 iso   n 100 s1: depth -0.1213 z -13.0 (23s)
hier2 K12 r0.1 iso   n 100 s2: depth -0.1175 z -17.2 (23s)
hier2 K12 r0.1 iso   n 100 s3: depth -0.1078 z -10.3 (24s)
hier2 K12 r0.1 iso   n 100 s4: depth -0.1146 z -14.9 (24s)
hier2 K12 r0.1 iso   n1000 s0: depth -0.1072 z -13.3 (80s)
hier2 K12 r0.1 iso   n1000 s1: depth -0.1176 z -14.2 (78s)
hier2 K12 r0.1 iso   n1000 s2: depth -0.1181 z -18.6 (55s)
hier2 K12 r0.1 iso   n1000 s3: depth -0.1107 z -14.7 (55s)
hier2 K12 r0.1 iso   n1000 s4: depth -0.1151 z -13.9 (54s)
hier2 K12 r0.1 aniso n 100 s0: depth -0.1142 z -14.1 (25s)
hier2 K12 r0.1 aniso n 100 s1: depth -0.1189 z -12.7 (24s)
hier2 K12 r0.1 aniso n 100 s2: depth -0.1177 z -17.2 (24s)
hier2 K12 r0.1 aniso n 100 s3: depth -0.1083 z -10.2 (24s)
hier2 K12 r0.1 aniso n 100 s4: depth -0.1151 z -14.0 (24s)
hier2 K12 r0.1 aniso n1000 s0: depth -0.1079 z -14.8 (60s)
hier2 K12 r0.1 aniso n1000 s1: depth -0.1192 z -14.1 (59s)
hier2 K12 r0.1 aniso n1000 s2: depth -0.1191 z -19.6 (59s)
hier2 K12 r0.1 aniso n1000 s3: depth -0.1102 z -14.8 (59s)
hier2 K12 r0.1 aniso n1000 s4: depth -0.1160 z -14.6 (59s)
hier2 K12 r0.3 iso   n 100 s0: depth -0.1048 z -16.0 (18s)
hier2 K12 r0.3 iso   n 100 s1: depth -0.1129 z -12.2 (18s)
hier2 K12 r0.3 iso   n 100 s2: depth -0.1125 z -18.4 (18s)
hier2 K12 r0.3 iso   n 100 s3: depth -0.1000 z -10.2 (19s)
hier2 K12 r0.3 iso   n 100 s4: depth -0.1095 z -14.8 (19s)
hier2 K12 r0.3 iso   n1000 s0: depth -0.1011 z -13.3 (54s)
hier2 K12 r0.3 iso   n1000 s1: depth -0.1144 z -14.2 (55s)
hier2 K12 r0.3 iso   n1000 s2: depth -0.1125 z -17.6 (73s)
hier2 K12 r0.3 iso   n1000 s3: depth -0.1047 z -15.3 (60s)
hier2 K12 r0.3 iso   n1000 s4: depth -0.1080 z -14.9 (52s)
hier2 K12 r0.3 aniso n 100 s0: depth -0.1039 z -13.8 (24s)
hier2 K12 r0.3 aniso n 100 s1: depth -0.1016 z -10.5 (23s)
hier2 K12 r0.3 aniso n 100 s2: depth -0.1101 z -18.8 (23s)
hier2 K12 r0.3 aniso n 100 s3: depth -0.0943 z -9.2 (23s)
hier2 K12 r0.3 aniso n 100 s4: depth -0.1082 z -13.5 (23s)
hier2 K12 r0.3 aniso n1000 s0: depth -0.1003 z -11.2 (58s)
hier2 K12 r0.3 aniso n1000 s1: depth -0.1101 z -14.9 (57s)
hier2 K12 r0.3 aniso n1000 s2: depth -0.1119 z -18.8 (81s)
hier2 K12 r0.3 aniso n1000 s3: depth -0.0981 z -12.2 (58s)
hier2 K12 r0.3 aniso n1000 s4: depth -0.1074 z -14.0 (67s)
hier2 K12 r0.6 iso   n 100 s0: depth -0.1002 z -13.2 (23s)
hier2 K12 r0.6 iso   n 100 s1: depth -0.1090 z -13.2 (23s)
hier2 K12 r0.6 iso   n 100 s2: depth -0.1131 z -17.9 (23s)
hier2 K12 r0.6 iso   n 100 s3: depth -0.0939 z -9.1 (23s)
hier2 K12 r0.6 iso   n 100 s4: depth -0.0996 z -9.1 (22s)
hier2 K12 r0.6 iso   n1000 s0: depth -0.0911 z -11.7 (79s)
hier2 K12 r0.6 iso   n1000 s1: depth -0.0990 z -14.4 (77s)
hier2 K12 r0.6 iso   n1000 s2: depth -0.0987 z -15.0 (78s)
hier2 K12 r0.6 iso   n1000 s3: depth -0.0913 z -15.7 (77s)
hier2 K12 r0.6 iso   n1000 s4: depth -0.0933 z -14.8 (81s)
hier2 K12 r0.6 aniso n 100 s0: depth -0.0622 z -6.1 (33s)
hier2 K12 r0.6 aniso n 100 s1: depth -0.0312 z -3.0 (32s)
hier2 K12 r0.6 aniso n 100 s2: depth -0.0568 z -5.6 (23s)
hier2 K12 r0.6 aniso n 100 s3: depth -0.0371 z -3.0 (23s)
hier2 K12 r0.6 aniso n 100 s4: depth -0.0353 z -3.7 (24s)
hier2 K12 r0.6 aniso n1000 s0: depth -0.0428 z -3.8 (59s)
hier2 K12 r0.6 aniso n1000 s1: depth -0.0336 z -3.0 (61s)
hier2 K12 r0.6 aniso n1000 s2: depth -0.0434 z -3.0 (87s)
hier2 K12 r0.6 aniso n1000 s3: depth -0.0346 z -3.2 (85s)
hier2 K12 r0.6 aniso n1000 s4: depth -0.0426 z -3.7 (71s)
hier3 K12 n100: infeasible (108 leaves > 100 points), skipped
hier3 K12 n100: infeasible (108 leaves > 100 points), skipped
hier3 K12 n100: infeasible (108 leaves > 100 points), skipped
hier3 K12 n100: infeasible (108 leaves > 100 points), skipped
hier3 K12 n100: infeasible (108 leaves > 100 points), skipped
hier3 K12 r0.1 iso   n1000 s0: depth -0.1390 z -16.8 (78s)
hier3 K12 r0.1 iso   n1000 s1: depth -0.1426 z -18.0 (54s)
hier3 K12 r0.1 iso   n1000 s2: depth -0.1416 z -17.8 (62s)
hier3 K12 r0.1 iso   n1000 s3: depth -0.1348 z -16.5 (80s)
hier3 K12 r0.1 iso   n1000 s4: depth -0.1385 z -13.1 (81s)
hier3 K12 n100: infeasible (108 leaves > 100 points), skipped
hier3 K12 n100: infeasible (108 leaves > 100 points), skipped
hier3 K12 n100: infeasible (108 leaves > 100 points), skipped
hier3 K12 n100: infeasible (108 leaves > 100 points), skipped
hier3 K12 n100: infeasible (108 leaves > 100 points), skipped
hier3 K12 r0.1 aniso n1000 s0: depth -0.1368 z -16.6 (76s)
hier3 K12 r0.1 aniso n1000 s1: depth -0.1411 z -18.8 (62s)
hier3 K12 r0.1 aniso n1000 s2: depth -0.1415 z -17.9 (65s)
hier3 K12 r0.1 aniso n1000 s3: depth -0.1349 z -15.4 (65s)
hier3 K12 r0.1 aniso n1000 s4: depth -0.1391 z -13.4 (65s)
hier3 K12 n100: infeasible (108 leaves > 100 points), skipped
hier3 K12 n100: infeasible (108 leaves > 100 points), skipped
hier3 K12 n100: infeasible (108 leaves > 100 points), skipped
hier3 K12 n100: infeasible (108 leaves > 100 points), skipped
hier3 K12 n100: infeasible (108 leaves > 100 points), skipped
hier3 K12 r0.3 iso   n1000 s0: depth -0.1310 z -16.9 (54s)
hier3 K12 r0.3 iso   n1000 s1: depth -0.1326 z -17.1 (55s)
hier3 K12 r0.3 iso   n1000 s2: depth -0.1317 z -17.2 (54s)
hier3 K12 r0.3 iso   n1000 s3: depth -0.1265 z -16.0 (54s)
hier3 K12 r0.3 iso   n1000 s4: depth -0.1305 z -14.0 (54s)
hier3 K12 n100: infeasible (108 leaves > 100 points), skipped
hier3 K12 n100: infeasible (108 leaves > 100 points), skipped
hier3 K12 n100: infeasible (108 leaves > 100 points), skipped
hier3 K12 n100: infeasible (108 leaves > 100 points), skipped
hier3 K12 n100: infeasible (108 leaves > 100 points), skipped
hier3 K12 r0.3 aniso n1000 s0: depth -0.1253 z -17.1 (65s)
hier3 K12 r0.3 aniso n1000 s1: depth -0.1282 z -17.4 (65s)
hier3 K12 r0.3 aniso n1000 s2: depth -0.1230 z -13.3 (64s)
hier3 K12 r0.3 aniso n1000 s3: depth -0.1235 z -13.7 (66s)
hier3 K12 r0.3 aniso n1000 s4: depth -0.1250 z -13.3 (64s)
hier3 K12 n100: infeasible (108 leaves > 100 points), skipped
hier3 K12 n100: infeasible (108 leaves > 100 points), skipped
hier3 K12 n100: infeasible (108 leaves > 100 points), skipped
hier3 K12 n100: infeasible (108 leaves > 100 points), skipped
hier3 K12 n100: infeasible (108 leaves > 100 points), skipped
hier3 K12 r0.6 iso   n1000 s0: depth -0.1102 z -14.1 (52s)
hier3 K12 r0.6 iso   n1000 s1: depth -0.1129 z -14.9 (56s)
hier3 K12 r0.6 iso   n1000 s2: depth -0.1120 z -20.5 (77s)
hier3 K12 r0.6 iso   n1000 s3: depth -0.1096 z -15.1 (66s)
hier3 K12 r0.6 iso   n1000 s4: depth -0.1102 z -13.9 (53s)
hier3 K12 n100: infeasible (108 leaves > 100 points), skipped
hier3 K12 n100: infeasible (108 leaves > 100 points), skipped
hier3 K12 n100: infeasible (108 leaves > 100 points), skipped
hier3 K12 n100: infeasible (108 leaves > 100 points), skipped
hier3 K12 n100: infeasible (108 leaves > 100 points), skipped
hier3 K12 r0.6 aniso n1000 s0: depth -0.0395 z -3.2 (63s)
hier3 K12 r0.6 aniso n1000 s1: depth -0.0511 z -5.5 (56s)
hier3 K12 r0.6 aniso n1000 s2: depth -0.0480 z -3.9 (57s)
hier3 K12 r0.6 aniso n1000 s3: depth -0.0490 z -4.1 (56s)
hier3 K12 r0.6 aniso n1000 s4: depth -0.0516 z -5.1 (54s)
Done part k12
