dinov2_b  wn30 real      s=real  seed 0 depth: real -0.0137 star +0.0019 depth -0.0157 z -1.19 (109s)
dinov2_b  wn30 rand6     s=0.0   seed 0 depth: real +0.0015 star +0.0019 depth -0.0004 z -0.05 (107s)
dinov2_b  wn30 rand6     s=0.0   seed 1 depth: real +0.0004 star +0.0019 depth -0.0015 z -0.16 (107s)
dinov2_b  wn30 rand6     s=0.0   seed 2 depth: real +0.0005 star +0.0019 depth -0.0015 z -0.17 (110s)
dinov2_b  wn30 rand6     s=0.0   seed 3 depth: real -0.0036 star +0.0019 depth -0.0055 z -0.63 (112s)
dinov2_b  wn30 rand6     s=0.0   seed 4 depth: real +0.0007 star +0.0019 depth -0.0012 z -0.14 (108s)
dinov2_b  wn30 rand6     s=0.25  seed 0 depth: real -0.0025 star +0.0019 depth -0.0045 z -0.44 (111s)
dinov2_b  wn30 rand6     s=0.25  seed 1 depth: real -0.0017 star +0.0019 depth -0.0036 z -0.36 (109s)
dinov2_b  wn30 rand6     s=0.25  seed 2 depth: real +0.0016 star +0.0019 depth -0.0003 z -0.04 (103s)
dinov2_b  wn30 rand6     s=0.25  seed 3 depth: real -0.0008 star +0.0019 depth -0.0027 z -0.33 (101s)
dinov2_b  wn30 rand6     s=0.25  seed 4 depth: real +0.0014 star +0.0019 depth -0.0005 z -0.05 (97s)
dinov2_b  wn30 rand6     s=0.5   seed 0 depth: real +0.0045 star +0.0019 depth +0.0026 z +0.26 (102s)
dinov2_b  wn30 rand6     s=0.5   seed 1 depth: real +0.0015 star +0.0019 depth -0.0005 z -0.05 (99s)
dinov2_b  wn30 rand6     s=0.5   seed 2 depth: real +0.0027 star +0.0019 depth +0.0007 z +0.08 (110s)
dinov2_b  wn30 rand6     s=0.5   seed 3 depth: real +0.0020 star +0.0019 depth +0.0001 z +0.01 (121s)
dinov2_b  wn30 rand6     s=0.5   seed 4 depth: real +0.0065 star +0.0019 depth +0.0046 z +0.48 (110s)
dinov2_b  wn30 rand6     s=0.75  seed 0 depth: real +0.0090 star +0.0019 depth +0.0071 z +0.54 (115s)
dinov2_b  wn30 rand6     s=0.75  seed 1 depth: real +0.0113 star +0.0019 depth +0.0094 z +0.81 (114s)
dinov2_b  wn30 rand6     s=0.75  seed 2 depth: real +0.0138 star +0.0019 depth +0.0119 z +1.11 (118s)
dinov2_b  wn30 rand6     s=0.75  seed 3 depth: real +0.0101 star +0.0019 depth +0.0082 z +0.71 (120s)
dinov2_b  wn30 rand6     s=0.75  seed 4 depth: real +0.0093 star +0.0019 depth +0.0074 z +0.62 (116s)
dinov2_b  wn30 rand6     s=1.0   seed 0 depth: real +0.0042 star +0.0019 depth +0.0023 z +0.26 (117s)
dinov2_b  wn30 rand6     s=1.0   seed 1 depth: real +0.0045 star +0.0019 depth +0.0026 z +0.26 (118s)
dinov2_b  wn30 rand6     s=1.0   seed 2 depth: real +0.0090 star +0.0019 depth +0.0071 z +0.79 (112s)
dinov2_b  wn30 rand6     s=1.0   seed 3 depth: real +0.0036 star +0.0019 depth +0.0017 z +0.16 (117s)
dinov2_b  wn30 rand6     s=1.0   seed 4 depth: real +0.0072 star +0.0019 depth +0.0053 z +0.56 (115s)
dinov2_b  wn30 rand6     s=0.0   seed 0 census: exc -0.0259 r=200 (684s)
dinov2_b  wn30 rand6     s=0.25  seed 0 census: exc -0.0269 r=200 (700s)
dinov2_b  wn30 rand6     s=0.5   seed 0 census: exc -0.0253 r=200 (646s)
dinov2_b  wn30 rand6     s=0.75  seed 0 census: exc -0.0242 r=200 (642s)
dinov2_b  wn30 rand6     s=1.0   seed 0 census: exc -0.0270 r=200 (634s)
dinov2_b  wn30 tight06   s=real  seed 0 depth: real -0.1051 star -0.0433 depth -0.0617 z -7.30 (112s)
dinov2_b  wn30 rand6_t06 s=0.0   seed 0 depth: real -0.0428 star -0.0433 depth +0.0005 z +0.04 (114s)
dinov2_b  wn30 rand6_t06 s=0.0   seed 1 depth: real -0.0440 star -0.0433 depth -0.0008 z -0.07 (103s)
dinov2_b  wn30 rand6_t06 s=0.5   seed 0 depth: real -0.0720 star -0.0433 depth -0.0288 z -3.04 (102s)
dinov2_b  wn30 rand6_t06 s=0.5   seed 1 depth: real -0.0730 star -0.0433 depth -0.0298 z -3.10 (103s)
dinov2_b  wn30 rand6_t06 s=1.0   seed 0 depth: real -0.1655 star -0.0433 depth -0.1222 z -11.86 (105s)
dinov2_b  wn30 rand6_t06 s=1.0   seed 1 depth: real -0.1577 star -0.0433 depth -0.1144 z -10.48 (112s)
PART DONE wn30 dinov2_b
