star  K30 r0.1 iso   n 100 s0: depth -0.0027 z -0.2 (21s)
star  K30 r0.1 iso   n 100 s1: depth +0.0032 z +0.3 (21s)
star  K30 r0.1 iso   n 100 s2: depth +0.0013 z +0.1 (23s)
star  K30 r0.1 iso   n 100 s3: depth +0.0004 z +0.0 (22s)
star  K30 r0.1 iso   n 100 s4: depth -0.0049 z -0.4 (20s)
star  K30 r0.1 iso   n1000 s0: depth -0.0027 z -0.3 (81s)
star  K30 r0.1 iso   n1000 s1: depth +0.0012 z +0.1 (80s)
star  K30 r0.1 iso   n1000 s2: depth +0.0027 z +0.2 (60s)
star  K30 r0.1 iso   n1000 s3: depth +0.0005 z +0.0 (68s)
star  K30 r0.1 iso   n1000 s4: depth -0.0018 z -0.2 (79s)
star  K30 r0.1 aniso n 100 s0: depth -0.0003 z -0.0 (23s)
star  K30 r0.1 aniso n 100 s1: depth -0.0001 z -0.0 (23s)
star  K30 r0.1 aniso n 100 s2: depth +0.0049 z +0.4 (23s)
star  K30 r0.1 aniso n 100 s3: depth +0.0005 z +0.0 (24s)
star  K30 r0.1 aniso n 100 s4: depth -0.0042 z -0.4 (22s)
star  K30 r0.1 aniso n1000 s0: depth -0.0027 z -0.3 (60s)
star  K30 r0.1 aniso n1000 s1: depth +0.0010 z +0.1 (67s)
star  K30 r0.1 aniso n1000 s2: depth +0.0027 z +0.2 (70s)
star  K30 r0.1 aniso n1000 s3: depth +0.0008 z +0.1 (73s)
star  K30 r0.1 aniso n1000 s4: depth -0.0023 z -0.2 (73s)
star  K30 r0.3 iso   n 100 s0: depth -0.0030 z -0.2 (19s)
star  K30 r0.3 iso   n 100 s1: depth +0.0031 z +0.3 (19s)
star  K30 r0.3 iso   n 100 s2: depth -0.0011 z -0.1 (19s)
star  K30 r0.3 iso   n 100 s3: depth +0.0009 z +0.1 (19s)
star  K30 r0.3 iso   n 100 s4: depth -0.0091 z -1.1 (21s)
star  K30 r0.3 iso   n1000 s0: depth -0.0010 z -0.1 (57s)
star  K30 r0.3 iso   n1000 s1: depth +0.0014 z +0.2 (79s)
star  K30 r0.3 iso   n1000 s2: depth +0.0022 z +0.2 (84s)
star  K30 r0.3 iso   n1000 s3: depth +0.0009 z +0.1 (82s)
star  K30 r0.3 iso   n1000 s4: depth -0.0027 z -0.3 (90s)
star  K30 r0.3 aniso n 100 s0: depth +0.0077 z +0.7 (29s)
star  K30 r0.3 aniso n 100 s1: depth -0.0095 z -0.8 (28s)
star  K30 r0.3 aniso n 100 s2: depth +0.0055 z +0.4 (28s)
star  K30 r0.3 aniso n 100 s3: depth +0.0002 z +0.0 (27s)
star  K30 r0.3 aniso n 100 s4: depth -0.0035 z -0.3 (26s)
star  K30 r0.3 aniso n1000 s0: depth -0.0003 z -0.0 (85s)
star  K30 r0.3 aniso n1000 s1: depth -0.0005 z -0.1 (79s)
star  K30 r0.3 aniso n1000 s2: depth +0.0010 z +0.1 (91s)
star  K30 r0.3 aniso n1000 s3: depth -0.0004 z -0.0 (83s)
star  K30 r0.3 aniso n1000 s4: depth -0.0026 z -0.2 (79s)
star  K30 r0.6 iso   n 100 s0: depth -0.0313 z -3.1 (19s)
star  K30 r0.6 iso   n 100 s1: depth -0.0303 z -3.0 (19s)
star  K30 r0.6 iso   n 100 s2: depth -0.0303 z -2.8 (19s)
star  K30 r0.6 iso   n 100 s3: depth -0.0291 z -3.1 (19s)
star  K30 r0.6 iso   n 100 s4: depth -0.0398 z -4.0 (19s)
star  K30 r0.6 iso   n1000 s0: depth +0.0001 z +0.0 (63s)
star  K30 r0.6 iso   n1000 s1: depth +0.0003 z +0.0 (57s)
star  K30 r0.6 iso   n1000 s2: depth +0.0038 z +0.6 (54s)
star  K30 r0.6 iso   n1000 s3: depth -0.0009 z -0.1 (54s)
star  K30 r0.6 iso   n1000 s4: depth -0.0032 z -0.4 (53s)
star  K30 r0.6 aniso n 100 s0: depth +0.0104 z +0.9 (20s)
star  K30 r0.6 aniso n 100 s1: depth -0.0049 z -0.4 (20s)
star  K30 r0.6 aniso n 100 s2: depth +0.0087 z +0.7 (20s)
star  K30 r0.6 aniso n 100 s3: depth +0.0208 z +1.5 (20s)
star  K30 r0.6 aniso n 100 s4: depth +0.0192 z +1.3 (20s)
star  K30 r0.6 aniso n1000 s0: depth +0.0033 z +0.3 (55s)
star  K30 r0.6 aniso n1000 s1: depth +0.0059 z +0.6 (55s)
star  K30 r0.6 aniso n1000 s2: depth -0.0101 z -1.4 (56s)
star  K30 r0.6 aniso n1000 s3: depth -0.0038 z -0.3 (55s)
star  K30 r0.6 aniso n1000 s4: depth -0.0026 z -0.2 (54s)
hier2 K30 n100: infeasible (150 leaves > 100 points), skipped
hier2 K30 n100: infeasible (150 leaves > 100 points), skipped
hier2 K30 n100: infeasible (150 leaves > 100 points), skipped
hier2 K30 n100: infeasible (150 leaves > 100 points), skipped
hier2 K30 n100: infeasible (150 leaves > 100 points), skipped
hier2 K30 r0.1 iso   n1000 s0: depth -0.1010 z -14.2 (53s)
hier2 K30 r0.1 iso   n1000 s1: depth -0.1018 z -18.2 (54s)
hier2 K30 r0.1 iso   n1000 s2: depth -0.0940 z -19.7 (53s)
hier2 K30 r0.1 iso   n1000 s3: depth -0.0983 z -19.0 (54s)
hier2 K30 r0.1 iso   n1000 s4: depth -0.1050 z -12.7 (53s)
hier2 K30 n100: infeasible (150 leaves > 100 points), skipped
hier2 K30 n100: infeasible (150 leaves > 100 points), skipped
hier2 K30 n100: infeasible (150 leaves > 100 points), skipped
hier2 K30 n100: infeasible (150 leaves > 100 points), skipped
hier2 K30 n100: infeasible (150 leaves > 100 points), skipped
hier2 K30 r0.1 aniso n1000 s0: depth -0.1023 z -14.0 (83s)
hier2 K30 r0.1 aniso n1000 s1: depth -0.1006 z -16.7 (69s)
hier2 K30 r0.1 aniso n1000 s2: depth -0.0952 z -19.1 (68s)
hier2 K30 r0.1 aniso n1000 s3: depth -0.0978 z -20.7 (68s)
hier2 K30 r0.1 aniso n1000 s4: depth -0.1045 z -12.6 (69s)
hier2 K30 n100: infeasible (150 leaves > 100 points), skipped
hier2 K30 n100: infeasible (150 leaves > 100 points), skipped
hier2 K30 n100: infeasible (150 leaves > 100 points), skipped
hier2 K30 n100: infeasible (150 leaves > 100 points), skipped
hier2 K30 n100: infeasible (150 leaves > 100 points), skipped
hier2 K30 r0.3 iso   n1000 s0: depth -0.0928 z -12.6 (57s)
hier2 K30 r0.3 iso   n1000 s1: depth -0.0959 z -21.4 (56s)
hier2 K30 r0.3 iso   n1000 s2: depth -0.0865 z -18.6 (55s)
hier2 K30 r0.3 iso   n1000 s3: depth -0.0926 z -24.0 (54s)
hier2 K30 r0.3 iso   n1000 s4: depth -0.0954 z -12.5 (55s)
hier2 K30 n100: infeasible (150 leaves > 100 points), skipped
hier2 K30 n100: infeasible (150 leaves > 100 points), skipped
hier2 K30 n100: infeasible (150 leaves > 100 points), skipped
hier2 K30 n100: infeasible (150 leaves > 100 points), skipped
hier2 K30 n100: infeasible (150 leaves > 100 points), skipped
hier2 K30 r0.3 aniso n1000 s0: depth -0.0891 z -12.7 (68s)
hier2 K30 r0.3 aniso n1000 s1: depth -0.0914 z -17.7 (74s)
hier2 K30 r0.3 aniso n1000 s2: depth -0.0892 z -15.4 (76s)
hier2 K30 r0.3 aniso n1000 s3: depth -0.0854 z -15.4 (69s)
hier2 K30 r0.3 aniso n1000 s4: depth -0.0926 z -14.4 (66s)
hier2 K30 n100: infeasible (150 leaves > 100 points), skipped
hier2 K30 n100: infeasible (150 leaves > 100 points), skipped
hier2 K30 n100: infeasible (150 leaves > 100 points), skipped
hier2 K30 n100: infeasible (150 leaves > 100 points), skipped
hier2 K30 n100: infeasible (150 leaves > 100 points), skipped
hier2 K30 r0.6 iso   n1000 s0: depth -0.0732 z -13.6 (54s)
hier2 K30 r0.6 iso   n1000 s1: depth -0.0759 z -14.2 (53s)
hier2 K30 r0.6 iso   n1000 s2: depth -0.0712 z -12.4 (55s)
hier2 K30 r0.6 iso   n1000 s3: depth -0.0731 z -15.9 (53s)
hier2 K30 r0.6 iso   n1000 s4: depth -0.0745 z -12.4 (53s)
hier2 K30 n100: infeasible (150 leaves > 100 points), skipped
hier2 K30 n100: infeasible (150 leaves > 100 points), skipped
hier2 K30 n100: infeasible (150 leaves > 100 points), skipped
hier2 K30 n100: infeasible (150 leaves > 100 points), skipped
hier2 K30 n100: infeasible (150 leaves > 100 points), skipped
hier2 K30 r0.6 aniso n1000 s0: depth -0.0062 z -0.6 (69s)
hier2 K30 r0.6 aniso n1000 s1: depth -0.0151 z -1.4 (94s)
hier2 K30 r0.6 aniso n1000 s2: depth -0.0266 z -2.8 (68s)
hier2 K30 r0.6 aniso n1000 s3: depth -0.0175 z -1.8 (67s)
hier2 K30 r0.6 aniso n1000 s4: depth -0.0163 z -1.6 (66s)
hier3 K30 n100: infeasible (270 leaves > 100 points), skipped
hier3 K30 n100: infeasible (270 leaves > 100 points), skipped
hier3 K30 n100: infeasible (270 leaves > 100 points), skipped
hier3 K30 n100: infeasible (270 leaves > 100 points), skipped
hier3 K30 n100: infeasible (270 leaves > 100 points), skipped
hier3 K30 r0.1 iso   n1000 s0: depth -0.0998 z -25.0 (55s)
hier3 K30 r0.1 iso   n1000 s1: depth -0.1016 z -22.7 (56s)
hier3 K30 r0.1 iso   n1000 s2: depth -0.0953 z -19.8 (54s)
hier3 K30 r0.1 iso   n1000 s3: depth -0.0990 z -13.6 (56s)
hier3 K30 r0.1 iso   n1000 s4: depth -0.1003 z -16.3 (55s)
hier3 K30 n100: infeasible (270 leaves > 100 points), skipped
hier3 K30 n100: infeasible (270 leaves > 100 points), skipped
hier3 K30 n100: infeasible (270 leaves > 100 points), skipped
hier3 K30 n100: infeasible (270 leaves > 100 points), skipped
hier3 K30 n100: infeasible (270 leaves > 100 points), skipped
hier3 K30 r0.1 aniso n1000 s0: depth -0.1003 z -26.5 (79s)
hier3 K30 r0.1 aniso n1000 s1: depth -0.1006 z -21.6 (80s)
hier3 K30 r0.1 aniso n1000 s2: depth -0.0943 z -18.3 (109s)
hier3 K30 r0.1 aniso n1000 s3: depth -0.1005 z -15.2 (114s)
hier3 K30 r0.1 aniso n1000 s4: depth -0.0995 z -16.0 (107s)
hier3 K30 n100: infeasible (270 leaves > 100 points), skipped
hier3 K30 n100: infeasible (270 leaves > 100 points), skipped
hier3 K30 n100: infeasible (270 leaves > 100 points), skipped
hier3 K30 n100: infeasible (270 leaves > 100 points), skipped
hier3 K30 n100: infeasible (270 leaves > 100 points), skipped
hier3 K30 r0.3 iso   n1000 s0: depth -0.0910 z -21.6 (64s)
hier3 K30 r0.3 iso   n1000 s1: depth -0.0938 z -22.4 (56s)
hier3 K30 r0.3 iso   n1000 s2: depth -0.0891 z -16.2 (68s)
hier3 K30 r0.3 iso   n1000 s3: depth -0.0912 z -13.1 (73s)
hier3 K30 r0.3 iso   n1000 s4: depth -0.0922 z -16.1 (57s)
hier3 K30 n100: infeasible (270 leaves > 100 points), skipped
hier3 K30 n100: infeasible (270 leaves > 100 points), skipped
hier3 K30 n100: infeasible (270 leaves > 100 points), skipped
hier3 K30 n100: infeasible (270 leaves > 100 points), skipped
hier3 K30 n100: infeasible (270 leaves > 100 points), skipped
hier3 K30 r0.3 aniso n1000 s0: depth -0.0917 z -16.8 (82s)
hier3 K30 r0.3 aniso n1000 s1: depth -0.0927 z -15.7 (87s)
hier3 K30 r0.3 aniso n1000 s2: depth -0.0863 z -16.6 (116s)
hier3 K30 r0.3 aniso n1000 s3: depth -0.0907 z -12.8 (116s)
hier3 K30 r0.3 aniso n1000 s4: depth -0.0893 z -13.4 (115s)
hier3 K30 n100: infeasible (270 leaves > 100 points), skipped
hier3 K30 n100: infeasible (270 leaves > 100 points), skipped
hier3 K30 n100: infeasible (270 leaves > 100 points), skipped
hier3 K30 n100: infeasible (270 leaves > 100 points), skipped
hier3 K30 n100: infeasible (270 leaves > 100 points), skipped
hier3 K30 r0.6 iso   n1000 s0: depth -0.0729 z -11.3 (83s)
hier3 K30 r0.6 iso   n1000 s1: depth -0.0760 z -14.6 (84s)
hier3 K30 r0.6 iso   n1000 s2: depth -0.0740 z -11.1 (84s)
hier3 K30 r0.6 iso   n1000 s3: depth -0.0715 z -10.7 (84s)
hier3 K30 r0.6 iso   n1000 s4: depth -0.0747 z -12.5 (83s)
hier3 K30 n100: infeasible (270 leaves > 100 points), skipped
hier3 K30 n100: infeasible (270 leaves > 100 points), skipped
hier3 K30 n100: infeasible (270 leaves > 100 points), skipped
hier3 K30 n100: infeasible (270 leaves > 100 points), skipped
hier3 K30 n100: infeasible (270 leaves > 100 points), skipped
hier3 K30 r0.6 aniso n1000 s0: depth -0.0298 z -2.8 (114s)
hier3 K30 r0.6 aniso n1000 s1: depth -0.0198 z -1.8 (106s)
hier3 K30 r0.6 aniso n1000 s2: depth -0.0149 z -1.7 (80s)
hier3 K30 r0.6 aniso n1000 s3: depth -0.0253 z -2.5 (81s)
hier3 K30 r0.6 aniso n1000 s4: depth -0.0201 z -2.3 (82s)
Done part k30
