siglip_b  real  s=real  seed 0 depth: real -0.0097 star +0.0008 depth -0.0106 z -0.90 (94s)
siglip_b  rand6 s=0.0   seed 0 depth: real -0.0055 star +0.0008 depth -0.0063 z -0.65 (92s)
siglip_b  rand6 s=0.0   seed 1 depth: real -0.0079 star +0.0008 depth -0.0087 z -0.82 (91s)
siglip_b  rand6 s=0.0   seed 2 depth: real -0.0037 star +0.0008 depth -0.0045 z -0.44 (92s)
siglip_b  rand6 s=0.0   seed 3 depth: real -0.0071 star +0.0008 depth -0.0079 z -0.77 (91s)
siglip_b  rand6 s=0.0   seed 4 depth: real -0.0073 star +0.0008 depth -0.0081 z -0.89 (92s)
siglip_b  rand6 s=0.25  seed 0 depth: real -0.0040 star +0.0008 depth -0.0048 z -0.47 (77s)
siglip_b  rand6 s=0.25  seed 1 depth: real -0.0053 star +0.0008 depth -0.0061 z -0.59 (93s)
siglip_b  rand6 s=0.25  seed 2 depth: real -0.0056 star +0.0008 depth -0.0065 z -0.64 (95s)
siglip_b  rand6 s=0.25  seed 3 depth: real -0.0085 star +0.0008 depth -0.0094 z -0.99 (98s)
siglip_b  rand6 s=0.25  seed 4 depth: real -0.0096 star +0.0008 depth -0.0105 z -1.22 (94s)
siglip_b  rand6 s=0.5   seed 0 depth: real -0.0039 star +0.0008 depth -0.0047 z -0.43 (98s)
siglip_b  rand6 s=0.5   seed 1 depth: real -0.0034 star +0.0008 depth -0.0043 z -0.41 (94s)
siglip_b  rand6 s=0.5   seed 2 depth: real +0.0000 star +0.0008 depth -0.0008 z -0.08 (96s)
siglip_b  rand6 s=0.5   seed 3 depth: real -0.0038 star +0.0008 depth -0.0046 z -0.42 (95s)
siglip_b  rand6 s=0.5   seed 4 depth: real -0.0016 star +0.0008 depth -0.0024 z -0.23 (97s)
siglip_b  rand6 s=0.75  seed 0 depth: real -0.0234 star +0.0008 depth -0.0242 z -1.78 (95s)
siglip_b  rand6 s=0.75  seed 1 depth: real -0.0233 star +0.0008 depth -0.0241 z -1.92 (95s)
siglip_b  rand6 s=0.75  seed 2 depth: real -0.0251 star +0.0008 depth -0.0260 z -2.13 (102s)
siglip_b  rand6 s=0.75  seed 3 depth: real -0.0210 star +0.0008 depth -0.0218 z -1.59 (104s)
siglip_b  rand6 s=0.75  seed 4 depth: real -0.0188 star +0.0008 depth -0.0196 z -1.49 (104s)
siglip_b  rand6 s=1.0   seed 0 depth: real -0.0309 star +0.0008 depth -0.0317 z -2.56 (103s)
siglip_b  rand6 s=1.0   seed 1 depth: real -0.0287 star +0.0008 depth -0.0296 z -2.24 (100s)
siglip_b  rand6 s=1.0   seed 2 depth: real -0.0339 star +0.0008 depth -0.0347 z -3.12 (99s)
siglip_b  rand6 s=1.0   seed 3 depth: real -0.0336 star +0.0008 depth -0.0345 z -2.71 (101s)
siglip_b  rand6 s=1.0   seed 4 depth: real -0.0315 star +0.0008 depth -0.0324 z -2.79 (101s)
siglip_b  wn6   s=0.0   seed 0 depth: real -0.0055 star +0.0008 depth -0.0063 z -0.65 (99s)
siglip_b  wn6   s=0.25  seed 0 depth: real -0.0050 star +0.0008 depth -0.0059 z -0.51 (98s)
siglip_b  wn6   s=0.5   seed 0 depth: real -0.0027 star +0.0008 depth -0.0035 z -0.37 (97s)
siglip_b  wn6   s=0.75  seed 0 depth: real -0.0307 star +0.0008 depth -0.0316 z -2.09 (102s)
siglip_b  wn6   s=1.0   seed 0 depth: real -0.0272 star +0.0008 depth -0.0280 z -1.70 (102s)
siglip_b  rand6 s=0.0   seed 0 census: d999 0.0665 null 0.0869 exc -0.0204 r=200 (558s)
siglip_b  rand6 s=0.25  seed 0 census: d999 0.0672 null 0.0890 exc -0.0218 r=200 (562s)
siglip_b  rand6 s=0.5   seed 0 census: d999 0.0645 null 0.0847 exc -0.0201 r=200 (552s)
siglip_b  rand6 s=0.75  seed 0 census: d999 0.0623 null 0.0836 exc -0.0213 r=200 (480s)
siglip_b  rand6 s=1.0   seed 0 census: d999 0.0665 null 0.0863 exc -0.0198 r=200 (563s)
PART DONE siglip_b
