dinov2_g  cifar10      b= -1 exc -0.1352 r=50/50 (21s)
dinov2_g  cifar10      b=  0 exc -0.1351 r=50/50 (23s)
dinov2_g  cifar10      b= 10 exc -0.1355 r=50/50 (24s)
dinov2_g  cifar10      b= 20 exc -0.1355 r=50/50 (20s)
clip_b    cifar10      b= -1 exc -0.0403 r=49/50 (22s)
clip_b    cifar10      b=  0 exc -0.0406 r=49/50 (22s)
clip_b    cifar10      b= 10 exc -0.0416 r=50/50 (24s)
clip_b    cifar10      b= 20 exc -0.0400 r=49/50 (24s)
clip_l    cifar10      b= -1 exc -0.0459 r=50/50 (19s)
clip_l    cifar10      b=  0 exc -0.0439 r=50/50 (19s)
clip_l    cifar10      b= 10 exc -0.0465 r=50/50 (21s)
clip_l    cifar10      b= 20 exc -0.0460 r=50/50 (22s)
siglip_b  cifar10      b= -1 exc -0.0534 r=50/50 (23s)
siglip_b  cifar10      b=  0 exc -0.0526 r=50/50 (22s)
siglip_b  cifar10      b= 10 exc -0.0524 r=50/50 (22s)
siglip_b  cifar10      b= 20 exc -0.0526 r=50/50 (23s)
i21k_t    dtd          b= -1 exc -0.0139 r=49/50 (26s)
i21k_t    dtd          b=  0 exc -0.0176 r=50/50 (26s)
i21k_t    dtd          b= 10 exc -0.0146 r=50/50 (26s)
i21k_t    dtd          b= 20 exc -0.0144 r=50/50 (27s)
i21k_s    dtd          b= -1 exc -0.0183 r=50/50 (27s)
i21k_s    dtd          b=  0 exc -0.0170 r=50/50 (25s)
i21k_s    dtd          b= 10 exc -0.0184 r=50/50 (25s)
i21k_s    dtd          b= 20 exc -0.0208 r=50/50 (25s)
i21k_b    dtd          b= -1 exc -0.0206 r=50/50 (25s)
i21k_b    dtd          b=  0 exc -0.0215 r=50/50 (25s)
i21k_b    dtd          b= 10 exc -0.0211 r=50/50 (25s)
i21k_b    dtd          b= 20 exc -0.0228 r=50/50 (25s)
i21k_l    dtd          b= -1 exc -0.0310 r=50/50 (20s)
i21k_l    dtd          b=  0 exc -0.0309 r=50/50 (24s)
i21k_l    dtd          b= 10 exc -0.0291 r=50/50 (25s)
i21k_l    dtd          b= 20 exc -0.0330 r=50/50 (25s)
dinov1_b  dtd          b= -1 exc -0.0267 r=50/50 (19s)
dinov1_b  dtd          b=  0 exc -0.0292 r=50/50 (19s)
dinov1_b  dtd          b= 10 exc -0.0253 r=50/50 (18s)
dinov1_b  dtd          b= 20 exc -0.0291 r=50/50 (18s)
dinov2_s  dtd          b= -1 exc -0.0174 r=50/50 (25s)
dinov2_s  dtd          b=  0 exc -0.0170 r=50/50 (25s)
dinov2_s  dtd          b= 10 exc -0.0160 r=50/50 (18s)
dinov2_s  dtd          b= 20 exc -0.0169 r=50/50 (18s)
PART DONE 8
