i21k_b    real  s=real  seed 0 depth: real -0.0335 star -0.0000 depth -0.0335 z -3.62 (87s)
i21k_b    rand6 s=0.0   seed 0 depth: real -0.0007 star -0.0000 depth -0.0007 z -0.05 (95s)
i21k_b    rand6 s=0.0   seed 1 depth: real -0.0025 star -0.0000 depth -0.0025 z -0.20 (92s)
i21k_b    rand6 s=0.0   seed 2 depth: real -0.0058 star -0.0000 depth -0.0058 z -0.56 (98s)
i21k_b    rand6 s=0.0   seed 3 depth: real +0.0012 star -0.0000 depth +0.0012 z +0.10 (94s)
i21k_b    rand6 s=0.0   seed 4 depth: real -0.0019 star -0.0000 depth -0.0019 z -0.15 (97s)
i21k_b    rand6 s=0.25  seed 0 depth: real -0.0004 star -0.0000 depth -0.0004 z -0.03 (93s)
i21k_b    rand6 s=0.25  seed 1 depth: real +0.0012 star -0.0000 depth +0.0012 z +0.11 (91s)
i21k_b    rand6 s=0.25  seed 2 depth: real +0.0019 star -0.0000 depth +0.0019 z +0.13 (89s)
i21k_b    rand6 s=0.25  seed 3 depth: real +0.0020 star -0.0000 depth +0.0020 z +0.13 (90s)
i21k_b    rand6 s=0.25  seed 4 depth: real -0.0010 star -0.0001 depth -0.0010 z -0.07 (91s)
i21k_b    rand6 s=0.5   seed 0 depth: real +0.0082 star -0.0000 depth +0.0082 z +0.57 (91s)
i21k_b    rand6 s=0.5   seed 1 depth: real +0.0080 star -0.0000 depth +0.0081 z +0.61 (91s)
i21k_b    rand6 s=0.5   seed 2 depth: real +0.0101 star -0.0000 depth +0.0101 z +0.74 (91s)
i21k_b    rand6 s=0.5   seed 3 depth: real +0.0147 star -0.0000 depth +0.0147 z +1.03 (90s)
i21k_b    rand6 s=0.5   seed 4 depth: real +0.0092 star -0.0000 depth +0.0092 z +0.77 (90s)
i21k_b    rand6 s=0.75  seed 0 depth: real -0.0015 star -0.0000 depth -0.0015 z -0.10 (86s)
i21k_b    rand6 s=0.75  seed 1 depth: real +0.0026 star -0.0000 depth +0.0026 z +0.17 (91s)
i21k_b    rand6 s=0.75  seed 2 depth: real +0.0001 star -0.0000 depth +0.0002 z +0.01 (87s)
i21k_b    rand6 s=0.75  seed 3 depth: real +0.0002 star -0.0000 depth +0.0002 z +0.01 (90s)
i21k_b    rand6 s=0.75  seed 4 depth: real +0.0062 star -0.0000 depth +0.0062 z +0.43 (88s)
i21k_b    rand6 s=1.0   seed 0 depth: real -0.0074 star -0.0000 depth -0.0074 z -0.47 (96s)
i21k_b    rand6 s=1.0   seed 1 depth: real -0.0064 star -0.0000 depth -0.0064 z -0.39 (100s)
i21k_b    rand6 s=1.0   seed 2 depth: real -0.0097 star -0.0000 depth -0.0097 z -0.63 (100s)
i21k_b    rand6 s=1.0   seed 3 depth: real -0.0070 star -0.0000 depth -0.0070 z -0.45 (95s)
i21k_b    rand6 s=1.0   seed 4 depth: real -0.0070 star -0.0000 depth -0.0070 z -0.46 (95s)
i21k_b    wn6   s=0.0   seed 0 depth: real -0.0007 star -0.0000 depth -0.0007 z -0.05 (94s)
i21k_b    wn6   s=0.25  seed 0 depth: real -0.0004 star -0.0000 depth -0.0004 z -0.03 (92s)
i21k_b    wn6   s=0.5   seed 0 depth: real -0.0082 star -0.0000 depth -0.0082 z -0.93 (92s)
i21k_b    wn6   s=0.75  seed 0 depth: real -0.0260 star -0.0000 depth -0.0260 z -1.78 (96s)
i21k_b    wn6   s=1.0   seed 0 depth: real -0.0300 star -0.0000 depth -0.0300 z -1.95 (94s)
i21k_b    rand6 s=0.0   seed 0 census: d999 0.0613 null 0.0786 exc -0.0173 r=200 (577s)
i21k_b    rand6 s=0.25  seed 0 census: d999 0.0599 null 0.0806 exc -0.0207 r=200 (555s)
i21k_b    rand6 s=0.5   seed 0 census: d999 0.0570 null 0.0770 exc -0.0200 r=200 (592s)
i21k_b    rand6 s=0.75  seed 0 census: d999 0.0566 null 0.0770 exc -0.0204 r=200 (624s)
i21k_b    rand6 s=1.0   seed 0 census: d999 0.0584 null 0.0793 exc -0.0208 r=200 (611s)
PART DONE i21k_b
