i21k_t    cifar100     cos exc -0.0142 r 191/200 p 0.0498 (98s)
i21k_s    cifar100     cos exc -0.0170 r 200/200 p 0.0050 (96s)
i21k_b    cifar100     cos exc -0.0057 r 170/200 p 0.1542 (100s)
i21k_l    cifar100     cos exc -0.0245 r 200/200 p 0.0050 (103s)
dinov1_b  cifar100     cos exc -0.0346 r 200/200 p 0.0050 (84s)
dinov2_s  cifar100     cos exc -0.0325 r 200/200 p 0.0050 (99s)
dinov2_b  cifar100     cos exc -0.0316 r 200/200 p 0.0050 (84s)
dinov2_l  cifar100     cos exc -0.0292 r 200/200 p 0.0050 (88s)
dinov2_g  cifar100     cos exc -0.0288 r 200/200 p 0.0050 (103s)
clip_b    cifar100     cos exc -0.0226 r 200/200 p 0.0050 (93s)
clip_l    cifar100     cos exc -0.0250 r 200/200 p 0.0050 (84s)
siglip_b  cifar100     cos exc -0.0246 r 200/200 p 0.0050 (86s)
i21k_t    cifar10      cos exc -0.0426 r 198/200 p 0.0149 (73s)
i21k_s    cifar10      cos exc -0.0731 r 200/200 p 0.0050 (74s)
i21k_b    cifar10      cos exc -0.0655 r 200/200 p 0.0050 (72s)
i21k_l    cifar10      cos exc -0.0797 r 200/200 p 0.0050 (67s)
dinov1_b  cifar10      cos exc -0.0702 r 200/200 p 0.0050 (66s)
dinov2_s  cifar10      cos exc -0.0841 r 200/200 p 0.0050 (69s)
dinov2_b  cifar10      cos exc -0.1402 r 200/200 p 0.0050 (64s)
dinov2_l  cifar10      cos exc -0.1512 r 200/200 p 0.0050 (63s)
dinov2_g  cifar10      cos exc -0.1689 r 200/200 p 0.0050 (64s)
clip_b    cifar10      cos exc -0.0393 r 197/200 p 0.0199 (62s)
clip_l    cifar10      cos exc -0.0451 r 199/200 p 0.0100 (63s)
siglip_b  cifar10      cos exc -0.0529 r 200/200 p 0.0050 (63s)
i21k_t    dtd          cos exc -0.0169 r 199/200 p 0.0100 (68s)
i21k_s    dtd          cos exc -0.0205 r 200/200 p 0.0050 (64s)
i21k_b    dtd          cos exc -0.0210 r 200/200 p 0.0050 (65s)
i21k_l    dtd          cos exc -0.0243 r 200/200 p 0.0050 (65s)
dinov1_b  dtd          cos exc -0.0242 r 200/200 p 0.0050 (69s)
dinov2_s  dtd          cos exc -0.0179 r 200/200 p 0.0050 (68s)
dinov2_b  dtd          cos exc -0.0213 r 200/200 p 0.0050 (70s)
dinov2_l  dtd          cos exc -0.0236 r 200/200 p 0.0050 (70s)
dinov2_g  dtd          cos exc -0.0165 r 200/200 p 0.0050 (63s)
clip_b    dtd          cos exc -0.0313 r 200/200 p 0.0050 (75s)
clip_l    dtd          cos exc -0.0307 r 200/200 p 0.0050 (86s)
siglip_b  dtd          cos exc -0.0267 r 200/200 p 0.0050 (86s)
i21k_t    fashionmnist cos exc +0.0072 r 73/200 p 0.6368 (81s)
i21k_s    fashionmnist cos exc -0.0491 r 200/200 p 0.0050 (80s)
i21k_b    fashionmnist cos exc -0.0415 r 199/200 p 0.0100 (62s)
i21k_l    fashionmnist cos exc -0.0657 r 200/200 p 0.0050 (59s)
dinov1_b  fashionmnist cos exc -0.0057 r 116/200 p 0.4229 (58s)
dinov2_s  fashionmnist cos exc -0.0541 r 200/200 p 0.0050 (58s)
dinov2_b  fashionmnist cos exc -0.0806 r 200/200 p 0.0050 (57s)
dinov2_l  fashionmnist cos exc -0.0514 r 200/200 p 0.0050 (58s)
dinov2_g  fashionmnist cos exc -0.0639 r 200/200 p 0.0050 (59s)
clip_b    fashionmnist cos exc -0.0376 r 185/200 p 0.0796 (59s)
clip_l    fashionmnist cos exc -0.0383 r 192/200 p 0.0448 (60s)
siglip_b  fashionmnist cos exc -0.0518 r 199/200 p 0.0100 (59s)
i21k_t    mnist        cos exc -0.0262 r 167/200 p 0.1692 (59s)
i21k_s    mnist        cos exc -0.0362 r 183/200 p 0.0896 (58s)
i21k_b    mnist        cos exc -0.0100 r 130/200 p 0.3532 (58s)
i21k_l    mnist        cos exc -0.0425 r 196/200 p 0.0249 (60s)
dinov1_b  mnist        cos exc -0.0381 r 193/200 p 0.0398 (59s)
dinov2_s  mnist        cos exc -0.0039 r 113/200 p 0.4378 (56s)
dinov2_b  mnist        cos exc -0.0190 r 147/200 p 0.2687 (60s)
dinov2_l  mnist        cos exc -0.0196 r 145/200 p 0.2786 (59s)
dinov2_g  mnist        cos exc -0.0229 r 157/200 p 0.2189 (61s)
clip_b    mnist        cos exc +0.0022 r 93/200 p 0.5373 (59s)
clip_l    mnist        cos exc -0.0076 r 124/200 p 0.3831 (62s)
siglip_b  mnist        cos exc -0.0439 r 197/200 p 0.0199 (61s)
Done vision part tr
