dinov2_s  wn30 real      s=real  seed 0 depth: real +0.0089 star +0.0012 depth +0.0077 z +0.66 (81s)
dinov2_s  wn30 rand6     s=0.0   seed 0 depth: real +0.0055 star +0.0012 depth +0.0042 z +0.50 (80s)
dinov2_s  wn30 rand6     s=0.0   seed 1 depth: real +0.0015 star +0.0012 depth +0.0003 z +0.04 (80s)
dinov2_s  wn30 rand6     s=0.0   seed 2 depth: real +0.0023 star +0.0012 depth +0.0011 z +0.13 (81s)
dinov2_s  wn30 rand6     s=0.0   seed 3 depth: real +0.0017 star +0.0012 depth +0.0005 z +0.06 (83s)
dinov2_s  wn30 rand6     s=0.0   seed 4 depth: real +0.0035 star +0.0012 depth +0.0023 z +0.28 (82s)
dinov2_s  wn30 rand6     s=0.25  seed 0 depth: real +0.0018 star +0.0012 depth +0.0006 z +0.07 (80s)
dinov2_s  wn30 rand6     s=0.25  seed 1 depth: real +0.0034 star +0.0012 depth +0.0021 z +0.27 (84s)
dinov2_s  wn30 rand6     s=0.25  seed 2 depth: real +0.0018 star +0.0012 depth +0.0006 z +0.08 (79s)
dinov2_s  wn30 rand6     s=0.25  seed 3 depth: real +0.0027 star +0.0012 depth +0.0015 z +0.17 (82s)
dinov2_s  wn30 rand6     s=0.25  seed 4 depth: real +0.0037 star +0.0012 depth +0.0025 z +0.37 (82s)
dinov2_s  wn30 rand6     s=0.5   seed 0 depth: real +0.0045 star +0.0012 depth +0.0033 z +0.37 (81s)
dinov2_s  wn30 rand6     s=0.5   seed 1 depth: real +0.0044 star +0.0012 depth +0.0032 z +0.37 (75s)
dinov2_s  wn30 rand6     s=0.5   seed 2 depth: real +0.0032 star +0.0012 depth +0.0020 z +0.21 (76s)
dinov2_s  wn30 rand6     s=0.5   seed 3 depth: real +0.0038 star +0.0012 depth +0.0026 z +0.33 (75s)
dinov2_s  wn30 rand6     s=0.5   seed 4 depth: real +0.0062 star +0.0012 depth +0.0050 z +0.64 (77s)
dinov2_s  wn30 rand6     s=0.75  seed 0 depth: real +0.0038 star +0.0012 depth +0.0026 z +0.31 (75s)
dinov2_s  wn30 rand6     s=0.75  seed 1 depth: real +0.0033 star +0.0012 depth +0.0021 z +0.26 (83s)
dinov2_s  wn30 rand6     s=0.75  seed 2 depth: real +0.0047 star +0.0012 depth +0.0035 z +0.38 (89s)
dinov2_s  wn30 rand6     s=0.75  seed 3 depth: real +0.0035 star +0.0012 depth +0.0023 z +0.26 (90s)
dinov2_s  wn30 rand6     s=0.75  seed 4 depth: real +0.0052 star +0.0012 depth +0.0040 z +0.54 (84s)
dinov2_s  wn30 rand6     s=1.0   seed 0 depth: real -0.0096 star +0.0012 depth -0.0108 z -1.11 (92s)
dinov2_s  wn30 rand6     s=1.0   seed 1 depth: real -0.0071 star +0.0012 depth -0.0083 z -0.91 (92s)
dinov2_s  wn30 rand6     s=1.0   seed 2 depth: real -0.0038 star +0.0012 depth -0.0050 z -0.50 (87s)
dinov2_s  wn30 rand6     s=1.0   seed 3 depth: real -0.0064 star +0.0012 depth -0.0076 z -0.84 (96s)
dinov2_s  wn30 rand6     s=1.0   seed 4 depth: real -0.0033 star +0.0012 depth -0.0045 z -0.57 (87s)
dinov2_s  wn30 rand6     s=0.0   seed 0 census: exc -0.0163 r=200 (449s)
dinov2_s  wn30 rand6     s=0.25  seed 0 census: exc -0.0177 r=200 (463s)
dinov2_s  wn30 rand6     s=0.5   seed 0 census: exc -0.0178 r=200 (468s)
dinov2_s  wn30 rand6     s=0.75  seed 0 census: exc -0.0156 r=200 (465s)
dinov2_s  wn30 rand6     s=1.0   seed 0 census: exc -0.0154 r=200 (474s)
dinov2_s  wn30 tight06   s=real  seed 0 depth: real -0.0844 star -0.0240 depth -0.0604 z -7.56 (83s)
dinov2_s  wn30 rand6_t06 s=0.0   seed 0 depth: real -0.0263 star -0.0241 depth -0.0021 z -0.19 (83s)
dinov2_s  wn30 rand6_t06 s=0.0   seed 1 depth: real -0.0263 star -0.0241 depth -0.0022 z -0.19 (83s)
dinov2_s  wn30 rand6_t06 s=0.5   seed 0 depth: real -0.0579 star -0.0241 depth -0.0338 z -2.82 (87s)
dinov2_s  wn30 rand6_t06 s=0.5   seed 1 depth: real -0.0572 star -0.0241 depth -0.0331 z -3.30 (86s)
dinov2_s  wn30 rand6_t06 s=1.0   seed 0 depth: real -0.1495 star -0.0241 depth -0.1254 z -11.94 (86s)
dinov2_s  wn30 rand6_t06 s=1.0   seed 1 depth: real -0.1591 star -0.0241 depth -0.1350 z -11.01 (84s)
PART DONE wn30 dinov2_s
