i21k_l    real  s=real  seed 0 depth: real -0.0336 star -0.0005 depth -0.0332 z -4.04 (109s)
i21k_l    rand6 s=0.0   seed 0 depth: real -0.0081 star -0.0005 depth -0.0076 z -0.83 (107s)
i21k_l    rand6 s=0.0   seed 1 depth: real -0.0071 star -0.0005 depth -0.0067 z -0.78 (111s)
i21k_l    rand6 s=0.0   seed 2 depth: real -0.0025 star -0.0005 depth -0.0020 z -0.21 (113s)
i21k_l    rand6 s=0.0   seed 3 depth: real -0.0084 star -0.0005 depth -0.0079 z -0.92 (109s)
i21k_l    rand6 s=0.0   seed 4 depth: real -0.0053 star -0.0005 depth -0.0048 z -0.53 (109s)
i21k_l    rand6 s=0.25  seed 0 depth: real -0.0043 star -0.0005 depth -0.0038 z -0.42 (102s)
i21k_l    rand6 s=0.25  seed 1 depth: real -0.0074 star -0.0005 depth -0.0069 z -0.96 (102s)
i21k_l    rand6 s=0.25  seed 2 depth: real -0.0036 star -0.0005 depth -0.0031 z -0.31 (104s)
i21k_l    rand6 s=0.25  seed 3 depth: real -0.0054 star -0.0005 depth -0.0050 z -0.51 (103s)
i21k_l    rand6 s=0.25  seed 4 depth: real -0.0045 star -0.0005 depth -0.0041 z -0.47 (103s)
i21k_l    rand6 s=0.5   seed 0 depth: real +0.0034 star -0.0005 depth +0.0039 z +0.34 (102s)
i21k_l    rand6 s=0.5   seed 1 depth: real -0.0061 star -0.0005 depth -0.0056 z -0.51 (103s)
i21k_l    rand6 s=0.5   seed 2 depth: real +0.0013 star -0.0005 depth +0.0018 z +0.16 (102s)
i21k_l    rand6 s=0.5   seed 3 depth: real +0.0009 star -0.0005 depth +0.0014 z +0.13 (101s)
i21k_l    rand6 s=0.5   seed 4 depth: real -0.0014 star -0.0005 depth -0.0009 z -0.08 (102s)
i21k_l    rand6 s=0.75  seed 0 depth: real -0.0195 star -0.0005 depth -0.0190 z -1.88 (101s)
i21k_l    rand6 s=0.75  seed 1 depth: real -0.0171 star -0.0005 depth -0.0166 z -1.48 (104s)
i21k_l    rand6 s=0.75  seed 2 depth: real -0.0177 star -0.0005 depth -0.0172 z -1.76 (108s)
i21k_l    rand6 s=0.75  seed 3 depth: real -0.0142 star -0.0005 depth -0.0137 z -1.33 (123s)
i21k_l    rand6 s=0.75  seed 4 depth: real -0.0155 star -0.0005 depth -0.0151 z -1.45 (111s)
i21k_l    rand6 s=1.0   seed 0 depth: real -0.0260 star -0.0005 depth -0.0255 z -2.22 (108s)
i21k_l    rand6 s=1.0   seed 1 depth: real -0.0251 star -0.0005 depth -0.0246 z -2.08 (107s)
i21k_l    rand6 s=1.0   seed 2 depth: real -0.0278 star -0.0005 depth -0.0273 z -2.95 (107s)
i21k_l    rand6 s=1.0   seed 3 depth: real -0.0291 star -0.0005 depth -0.0286 z -2.93 (106s)
i21k_l    rand6 s=1.0   seed 4 depth: real -0.0268 star -0.0005 depth -0.0264 z -2.76 (109s)
i21k_l    wn6   s=0.0   seed 0 depth: real -0.0081 star -0.0005 depth -0.0076 z -0.83 (105s)
i21k_l    wn6   s=0.25  seed 0 depth: real -0.0044 star -0.0005 depth -0.0039 z -0.44 (110s)
i21k_l    wn6   s=0.5   seed 0 depth: real -0.0069 star -0.0005 depth -0.0064 z -0.63 (108s)
i21k_l    wn6   s=0.75  seed 0 depth: real -0.0344 star -0.0005 depth -0.0339 z -2.00 (110s)
i21k_l    wn6   s=1.0   seed 0 depth: real -0.0423 star -0.0005 depth -0.0418 z -2.36 (113s)
i21k_l    rand6 s=0.0   seed 0 census: d999 0.0562 null 0.0789 exc -0.0227 r=200 (696s)
i21k_l    rand6 s=0.25  seed 0 census: d999 0.0580 null 0.0805 exc -0.0225 r=200 (745s)
i21k_l    rand6 s=0.5   seed 0 census: d999 0.0563 null 0.0791 exc -0.0228 r=200 (749s)
i21k_l    rand6 s=0.75  seed 0 census: d999 0.0531 null 0.0786 exc -0.0255 r=200 (760s)
i21k_l    rand6 s=1.0   seed 0 census: d999 0.0548 null 0.0814 exc -0.0266 r=200 (721s)
PART DONE i21k_l
