clip_b    wn30 real      s=real  seed 0 depth: real -0.0159 star +0.0005 depth -0.0164 z -1.95 (102s)
clip_b    wn30 rand6     s=0.0   seed 0 depth: real -0.0079 star +0.0004 depth -0.0083 z -0.98 (94s)
clip_b    wn30 rand6     s=0.0   seed 1 depth: real -0.0071 star +0.0004 depth -0.0075 z -0.97 (94s)
clip_b    wn30 rand6     s=0.0   seed 2 depth: real -0.0039 star +0.0004 depth -0.0044 z -0.56 (97s)
clip_b    wn30 rand6     s=0.0   seed 3 depth: real -0.0028 star +0.0005 depth -0.0034 z -0.40 (96s)
clip_b    wn30 rand6     s=0.0   seed 4 depth: real -0.0049 star +0.0004 depth -0.0053 z -0.74 (95s)
clip_b    wn30 rand6     s=0.25  seed 0 depth: real -0.0087 star +0.0004 depth -0.0091 z -1.30 (99s)
clip_b    wn30 rand6     s=0.25  seed 1 depth: real -0.0016 star +0.0004 depth -0.0020 z -0.23 (102s)
clip_b    wn30 rand6     s=0.25  seed 2 depth: real -0.0018 star +0.0005 depth -0.0024 z -0.27 (99s)
clip_b    wn30 rand6     s=0.25  seed 3 depth: real -0.0029 star +0.0004 depth -0.0033 z -0.45 (95s)
clip_b    wn30 rand6     s=0.25  seed 4 depth: real -0.0092 star +0.0005 depth -0.0097 z -1.08 (99s)
clip_b    wn30 rand6     s=0.5   seed 0 depth: real -0.0041 star +0.0004 depth -0.0045 z -0.56 (94s)
clip_b    wn30 rand6     s=0.5   seed 1 depth: real -0.0040 star +0.0004 depth -0.0045 z -0.51 (87s)
clip_b    wn30 rand6     s=0.5   seed 2 depth: real -0.0034 star +0.0005 depth -0.0040 z -0.55 (90s)
clip_b    wn30 rand6     s=0.5   seed 3 depth: real -0.0070 star +0.0005 depth -0.0076 z -0.88 (88s)
clip_b    wn30 rand6     s=0.5   seed 4 depth: real -0.0063 star +0.0005 depth -0.0068 z -0.87 (90s)
clip_b    wn30 rand6     s=0.75  seed 0 depth: real -0.0030 star +0.0004 depth -0.0034 z -0.28 (93s)
clip_b    wn30 rand6     s=0.75  seed 1 depth: real -0.0020 star +0.0005 depth -0.0026 z -0.28 (88s)
clip_b    wn30 rand6     s=0.75  seed 2 depth: real +0.0009 star +0.0004 depth +0.0005 z +0.04 (94s)
clip_b    wn30 rand6     s=0.75  seed 3 depth: real -0.0031 star +0.0005 depth -0.0036 z -0.42 (88s)
clip_b    wn30 rand6     s=0.75  seed 4 depth: real -0.0012 star +0.0004 depth -0.0016 z -0.19 (89s)
clip_b    wn30 rand6     s=1.0   seed 0 depth: real -0.0117 star +0.0004 depth -0.0121 z -1.08 (89s)
clip_b    wn30 rand6     s=1.0   seed 1 depth: real -0.0126 star +0.0005 depth -0.0131 z -1.23 (88s)
clip_b    wn30 rand6     s=1.0   seed 2 depth: real -0.0190 star +0.0004 depth -0.0194 z -1.62 (94s)
clip_b    wn30 rand6     s=1.0   seed 3 depth: real -0.0168 star +0.0004 depth -0.0172 z -1.47 (88s)
clip_b    wn30 rand6     s=1.0   seed 4 depth: real -0.0090 star +0.0004 depth -0.0094 z -0.63 (84s)
clip_b    wn30 rand6     s=0.0   seed 0 census: exc -0.0211 r=200 (443s)
clip_b    wn30 rand6     s=0.25  seed 0 census: exc -0.0208 r=200 (445s)
clip_b    wn30 rand6     s=0.5   seed 0 census: exc -0.0224 r=200 (437s)
clip_b    wn30 rand6     s=0.75  seed 0 census: exc -0.0193 r=200 (445s)
clip_b    wn30 rand6     s=1.0   seed 0 census: exc -0.0199 r=200 (438s)
clip_b    wn30 tight06   s=real  seed 0 depth: real -0.0167 star -0.0018 depth -0.0149 z -1.48 (91s)
clip_b    wn30 rand6_t06 s=0.0   seed 0 depth: real -0.0151 star -0.0018 depth -0.0133 z -1.49 (88s)
clip_b    wn30 rand6_t06 s=0.0   seed 1 depth: real -0.0200 star -0.0018 depth -0.0182 z -1.84 (87s)
clip_b    wn30 rand6_t06 s=0.5   seed 0 depth: real -0.0401 star -0.0018 depth -0.0383 z -3.52 (92s)
clip_b    wn30 rand6_t06 s=0.5   seed 1 depth: real -0.0446 star -0.0018 depth -0.0428 z -4.10 (93s)
clip_b    wn30 rand6_t06 s=1.0   seed 0 depth: real -0.1270 star -0.0018 depth -0.1252 z -11.03 (92s)
clip_b    wn30 rand6_t06 s=1.0   seed 1 depth: real -0.1277 star -0.0018 depth -0.1259 z -11.72 (90s)
PART DONE wn30 clip_b
