clip_b    real  s=real  seed 0 depth: real -0.0159 star +0.0005 depth -0.0164 z -1.95 (91s)
clip_b    rand6 s=0.0   seed 0 depth: real -0.0079 star +0.0004 depth -0.0083 z -0.98 (91s)
clip_b    rand6 s=0.0   seed 1 depth: real -0.0071 star +0.0004 depth -0.0075 z -0.97 (89s)
clip_b    rand6 s=0.0   seed 2 depth: real -0.0039 star +0.0004 depth -0.0044 z -0.56 (88s)
clip_b    rand6 s=0.0   seed 3 depth: real -0.0028 star +0.0005 depth -0.0034 z -0.40 (89s)
clip_b    rand6 s=0.0   seed 4 depth: real -0.0049 star +0.0004 depth -0.0053 z -0.74 (89s)
clip_b    rand6 s=0.25  seed 0 depth: real -0.0081 star +0.0004 depth -0.0085 z -1.28 (90s)
clip_b    rand6 s=0.25  seed 1 depth: real -0.0018 star +0.0005 depth -0.0023 z -0.29 (90s)
clip_b    rand6 s=0.25  seed 2 depth: real -0.0018 star +0.0004 depth -0.0022 z -0.25 (89s)
clip_b    rand6 s=0.25  seed 3 depth: real -0.0031 star +0.0005 depth -0.0036 z -0.48 (91s)
clip_b    rand6 s=0.25  seed 4 depth: real -0.0092 star +0.0004 depth -0.0097 z -1.08 (88s)
clip_b    rand6 s=0.5   seed 0 depth: real -0.0014 star +0.0005 depth -0.0020 z -0.26 (84s)
clip_b    rand6 s=0.5   seed 1 depth: real -0.0047 star +0.0004 depth -0.0052 z -0.50 (73s)
clip_b    rand6 s=0.5   seed 2 depth: real -0.0035 star +0.0005 depth -0.0041 z -0.49 (59s)
clip_b    rand6 s=0.5   seed 3 depth: real -0.0046 star +0.0005 depth -0.0051 z -0.59 (63s)
clip_b    rand6 s=0.5   seed 4 depth: real -0.0018 star +0.0005 depth -0.0024 z -0.26 (58s)
clip_b    rand6 s=0.75  seed 0 depth: real -0.0175 star +0.0005 depth -0.0181 z -1.35 (53s)
clip_b    rand6 s=0.75  seed 1 depth: real -0.0158 star +0.0004 depth -0.0162 z -1.12 (52s)
clip_b    rand6 s=0.75  seed 2 depth: real -0.0156 star +0.0004 depth -0.0161 z -1.22 (67s)
clip_b    rand6 s=0.75  seed 3 depth: real -0.0145 star +0.0005 depth -0.0151 z -1.11 (53s)
clip_b    rand6 s=0.75  seed 4 depth: real -0.0190 star +0.0004 depth -0.0195 z -1.53 (68s)
clip_b    rand6 s=1.0   seed 0 depth: real -0.0268 star +0.0004 depth -0.0273 z -1.84 (77s)
clip_b    rand6 s=1.0   seed 1 depth: real -0.0266 star +0.0005 depth -0.0271 z -2.06 (76s)
clip_b    rand6 s=1.0   seed 2 depth: real -0.0295 star +0.0004 depth -0.0299 z -2.28 (65s)
clip_b    rand6 s=1.0   seed 3 depth: real -0.0313 star +0.0005 depth -0.0318 z -2.89 (53s)
clip_b    rand6 s=1.0   seed 4 depth: real -0.0257 star +0.0005 depth -0.0263 z -1.73 (54s)
clip_b    wn6   s=0.0   seed 0 depth: real -0.0079 star +0.0004 depth -0.0083 z -0.98 (67s)
clip_b    wn6   s=0.25  seed 0 depth: real -0.0062 star +0.0004 depth -0.0066 z -0.87 (62s)
clip_b    wn6   s=0.5   seed 0 depth: real -0.0065 star +0.0005 depth -0.0070 z -0.94 (81s)
clip_b    wn6   s=0.75  seed 0 depth: real -0.0224 star +0.0005 depth -0.0229 z -1.71 (80s)
clip_b    wn6   s=1.0   seed 0 depth: real -0.0321 star +0.0004 depth -0.0325 z -2.12 (82s)
clip_b    rand6 s=0.0   seed 0 census: d999 0.0694 null 0.0906 exc -0.0211 r=200 (421s)
clip_b    rand6 s=0.25  seed 0 census: d999 0.0701 null 0.0910 exc -0.0210 r=200 (423s)
clip_b    rand6 s=0.5   seed 0 census: d999 0.0699 null 0.0907 exc -0.0208 r=200 (422s)
clip_b    rand6 s=0.75  seed 0 census: d999 0.0690 null 0.0893 exc -0.0203 r=200 (416s)
clip_b    rand6 s=1.0   seed 0 census: d999 0.0704 null 0.0921 exc -0.0216 r=200 (432s)
PART DONE clip_b
