dinov1_b  fashionmnist b= -1 exc -0.0113 r=37/50 (23s)
dinov1_b  fashionmnist b=  0 exc -0.0104 r=35/50 (23s)
dinov1_b  fashionmnist b= 10 exc -0.0117 r=38/50 (21s)
dinov1_b  fashionmnist b= 20 exc -0.0094 r=34/50 (21s)
dinov2_s  fashionmnist b= -1 exc -0.0367 r=50/50 (22s)
dinov2_s  fashionmnist b=  0 exc -0.0375 r=50/50 (23s)
dinov2_s  fashionmnist b= 10 exc -0.0352 r=50/50 (22s)
dinov2_s  fashionmnist b= 20 exc -0.0369 r=50/50 (24s)
dinov2_b  fashionmnist b= -1 exc -0.0658 r=50/50 (24s)
dinov2_b  fashionmnist b=  0 exc -0.0678 r=50/50 (24s)
dinov2_b  fashionmnist b= 10 exc -0.0656 r=50/50 (24s)
dinov2_b  fashionmnist b= 20 exc -0.0648 r=50/50 (24s)
dinov2_l  fashionmnist b= -1 exc -0.0412 r=50/50 (25s)
dinov2_l  fashionmnist b=  0 exc -0.0409 r=50/50 (20s)
dinov2_l  fashionmnist b= 10 exc -0.0419 r=50/50 (23s)
dinov2_l  fashionmnist b= 20 exc -0.0414 r=50/50 (23s)
dinov2_g  fashionmnist b= -1 exc -0.0507 r=50/50 (23s)
dinov2_g  fashionmnist b=  0 exc -0.0537 r=50/50 (23s)
dinov2_g  fashionmnist b= 10 exc -0.0512 r=50/50 (23s)
dinov2_g  fashionmnist b= 20 exc -0.0520 r=50/50 (18s)
clip_b    fashionmnist b= -1 exc -0.0382 r=47/50 (22s)
clip_b    fashionmnist b=  0 exc -0.0367 r=47/50 (22s)
clip_b    fashionmnist b= 10 exc -0.0401 r=48/50 (18s)
clip_b    fashionmnist b= 20 exc -0.0370 r=47/50 (18s)
clip_l    fashionmnist b= -1 exc -0.0405 r=49/50 (21s)
clip_l    fashionmnist b=  0 exc -0.0412 r=49/50 (19s)
clip_l    fashionmnist b= 10 exc -0.0419 r=49/50 (16s)
clip_l    fashionmnist b= 20 exc -0.0401 r=49/50 (20s)
siglip_b  fashionmnist b= -1 exc -0.0478 r=50/50 (21s)
siglip_b  fashionmnist b=  0 exc -0.0471 r=50/50 (21s)
siglip_b  fashionmnist b= 10 exc -0.0476 r=50/50 (16s)
siglip_b  fashionmnist b= 20 exc -0.0500 r=50/50 (16s)
i21k_t    mnist        b= -1 exc -0.0296 r=45/50 (16s)
i21k_t    mnist        b=  0 exc -0.0293 r=45/50 (19s)
i21k_t    mnist        b= 10 exc -0.0274 r=45/50 (21s)
i21k_t    mnist        b= 20 exc -0.0317 r=46/50 (15s)
i21k_s    mnist        b= -1 exc -0.0396 r=48/50 (15s)
i21k_s    mnist        b=  0 exc -0.0385 r=48/50 (15s)
i21k_s    mnist        b= 10 exc -0.0376 r=48/50 (15s)
i21k_s    mnist        b= 20 exc -0.0393 r=48/50 (15s)
PART DONE 10
