i21k_b    mnist        b= -1 exc -0.0166 r=40/50 (24s)
i21k_b    mnist        b=  0 exc -0.0160 r=39/50 (24s)
i21k_b    mnist        b= 10 exc -0.0170 r=41/50 (24s)
i21k_b    mnist        b= 20 exc -0.0185 r=41/50 (24s)
i21k_l    mnist        b= -1 exc -0.0441 r=49/50 (22s)
i21k_l    mnist        b=  0 exc -0.0437 r=49/50 (22s)
i21k_l    mnist        b= 10 exc -0.0448 r=49/50 (23s)
i21k_l    mnist        b= 20 exc -0.0455 r=49/50 (18s)
dinov1_b  mnist        b= -1 exc -0.0366 r=49/50 (23s)
dinov1_b  mnist        b=  0 exc -0.0355 r=48/50 (23s)
dinov1_b  mnist        b= 10 exc -0.0366 r=49/50 (23s)
dinov1_b  mnist        b= 20 exc -0.0366 r=49/50 (19s)
dinov2_s  mnist        b= -1 exc -0.0081 r=28/50 (19s)
dinov2_s  mnist        b=  0 exc -0.0069 r=28/50 (18s)
dinov2_s  mnist        b= 10 exc -0.0061 r=28/50 (21s)
dinov2_s  mnist        b= 20 exc -0.0087 r=28/50 (18s)
dinov2_b  mnist        b= -1 exc -0.0203 r=39/50 (23s)
dinov2_b  mnist        b=  0 exc -0.0201 r=39/50 (23s)
dinov2_b  mnist        b= 10 exc -0.0213 r=39/50 (22s)
dinov2_b  mnist        b= 20 exc -0.0204 r=39/50 (17s)
dinov2_l  mnist        b= -1 exc -0.0160 r=35/50 (21s)
dinov2_l  mnist        b=  0 exc -0.0186 r=37/50 (18s)
dinov2_l  mnist        b= 10 exc -0.0156 r=34/50 (17s)
dinov2_l  mnist        b= 20 exc -0.0165 r=36/50 (16s)
dinov2_g  mnist        b= -1 exc -0.0218 r=41/50 (17s)
dinov2_g  mnist        b=  0 exc -0.0190 r=40/50 (17s)
dinov2_g  mnist        b= 10 exc -0.0222 r=41/50 (17s)
dinov2_g  mnist        b= 20 exc -0.0217 r=41/50 (17s)
clip_b    mnist        b= -1 exc -0.0045 r=29/50 (16s)
clip_b    mnist        b=  0 exc -0.0006 r=23/50 (16s)
clip_b    mnist        b= 10 exc -0.0051 r=29/50 (16s)
clip_b    mnist        b= 20 exc -0.0055 r=29/50 (15s)
clip_l    mnist        b= -1 exc -0.0116 r=32/50 (15s)
clip_l    mnist        b=  0 exc -0.0123 r=32/50 (16s)
clip_l    mnist        b= 10 exc -0.0111 r=32/50 (15s)
clip_l    mnist        b= 20 exc -0.0123 r=32/50 (14s)
siglip_b  mnist        b= -1 exc -0.0491 r=50/50 (14s)
siglip_b  mnist        b=  0 exc -0.0495 r=50/50 (15s)
siglip_b  mnist        b= 10 exc -0.0500 r=50/50 (15s)
siglip_b  mnist        b= 20 exc -0.0501 r=50/50 (15s)
PART DONE 11
