i21k_l    wn30 real      s=real  seed 0 depth: real -0.0336 star -0.0005 depth -0.0332 z -4.04 (127s)
i21k_l    wn30 rand6     s=0.0   seed 0 depth: real -0.0081 star -0.0005 depth -0.0076 z -0.83 (123s)
i21k_l    wn30 rand6     s=0.0   seed 1 depth: real -0.0071 star -0.0005 depth -0.0067 z -0.78 (120s)
i21k_l    wn30 rand6     s=0.0   seed 2 depth: real -0.0025 star -0.0005 depth -0.0020 z -0.21 (127s)
i21k_l    wn30 rand6     s=0.0   seed 3 depth: real -0.0084 star -0.0005 depth -0.0079 z -0.92 (125s)
i21k_l    wn30 rand6     s=0.0   seed 4 depth: real -0.0053 star -0.0005 depth -0.0048 z -0.53 (126s)
i21k_l    wn30 rand6     s=0.25  seed 0 depth: real -0.0031 star -0.0005 depth -0.0027 z -0.30 (121s)
i21k_l    wn30 rand6     s=0.25  seed 1 depth: real -0.0069 star -0.0005 depth -0.0064 z -0.86 (120s)
i21k_l    wn30 rand6     s=0.25  seed 2 depth: real -0.0030 star -0.0005 depth -0.0025 z -0.25 (114s)
i21k_l    wn30 rand6     s=0.25  seed 3 depth: real -0.0047 star -0.0005 depth -0.0043 z -0.45 (112s)
i21k_l    wn30 rand6     s=0.25  seed 4 depth: real -0.0042 star -0.0005 depth -0.0038 z -0.44 (113s)
i21k_l    wn30 rand6     s=0.5   seed 0 depth: real -0.0013 star -0.0005 depth -0.0009 z -0.09 (122s)
i21k_l    wn30 rand6     s=0.5   seed 1 depth: real -0.0111 star -0.0005 depth -0.0106 z -1.31 (142s)
i21k_l    wn30 rand6     s=0.5   seed 2 depth: real -0.0033 star -0.0005 depth -0.0028 z -0.27 (125s)
i21k_l    wn30 rand6     s=0.5   seed 3 depth: real -0.0046 star -0.0005 depth -0.0041 z -0.45 (132s)
i21k_l    wn30 rand6     s=0.5   seed 4 depth: real -0.0068 star -0.0005 depth -0.0063 z -0.64 (130s)
i21k_l    wn30 rand6     s=0.75  seed 0 depth: real -0.0022 star -0.0005 depth -0.0017 z -0.16 (134s)
i21k_l    wn30 rand6     s=0.75  seed 1 depth: real +0.0007 star -0.0005 depth +0.0012 z +0.11 (128s)
i21k_l    wn30 rand6     s=0.75  seed 2 depth: real -0.0015 star -0.0005 depth -0.0011 z -0.12 (135s)
i21k_l    wn30 rand6     s=0.75  seed 3 depth: real +0.0053 star -0.0005 depth +0.0058 z +0.51 (129s)
i21k_l    wn30 rand6     s=0.75  seed 4 depth: real +0.0019 star -0.0005 depth +0.0024 z +0.24 (127s)
i21k_l    wn30 rand6     s=1.0   seed 0 depth: real -0.0131 star -0.0005 depth -0.0126 z -1.16 (126s)
i21k_l    wn30 rand6     s=1.0   seed 1 depth: real -0.0136 star -0.0005 depth -0.0132 z -1.22 (131s)
i21k_l    wn30 rand6     s=1.0   seed 2 depth: real -0.0146 star -0.0005 depth -0.0141 z -1.49 (139s)
i21k_l    wn30 rand6     s=1.0   seed 3 depth: real -0.0156 star -0.0005 depth -0.0151 z -1.73 (137s)
i21k_l    wn30 rand6     s=1.0   seed 4 depth: real -0.0133 star -0.0005 depth -0.0128 z -1.27 (136s)
i21k_l    wn30 rand6     s=0.0   seed 0 census: exc -0.0227 r=200 (873s)
i21k_l    wn30 rand6     s=0.25  seed 0 census: exc -0.0225 r=200 (835s)
i21k_l    wn30 rand6     s=0.5   seed 0 census: exc -0.0235 r=200 (809s)
i21k_l    wn30 rand6     s=0.75  seed 0 census: exc -0.0232 r=200 (793s)
i21k_l    wn30 rand6     s=1.0   seed 0 census: exc -0.0250 r=200 (746s)
i21k_l    wn30 tight06   s=real  seed 0 depth: real -0.0442 star -0.0243 depth -0.0199 z -1.94 (117s)
i21k_l    wn30 rand6_t06 s=0.0   seed 0 depth: real -0.0384 star -0.0243 depth -0.0141 z -1.30 (124s)
i21k_l    wn30 rand6_t06 s=0.0   seed 1 depth: real -0.0460 star -0.0243 depth -0.0217 z -1.91 (120s)
i21k_l    wn30 rand6_t06 s=0.5   seed 0 depth: real -0.0671 star -0.0243 depth -0.0428 z -3.92 (121s)
i21k_l    wn30 rand6_t06 s=0.5   seed 1 depth: real -0.0730 star -0.0243 depth -0.0487 z -4.82 (122s)
i21k_l    wn30 rand6_t06 s=1.0   seed 0 depth: real -0.1573 star -0.0243 depth -0.1330 z -13.62 (123s)
i21k_l    wn30 rand6_t06 s=1.0   seed 1 depth: real -0.1573 star -0.0243 depth -0.1330 z -11.74 (123s)
PART DONE wn30 i21k_l
