i21k_t    cifar100     haar/sup exc -0.0368 r 200/200 p 0.0050 (111s)
i21k_s    cifar100     haar/sup exc -0.0253 r 200/200 p 0.0050 (111s)
i21k_b    cifar100     haar/sup exc -0.0104 r 166/200 p 0.1741 (114s)
i21k_l    cifar100     haar/sup exc -0.0337 r 200/200 p 0.0050 (113s)
dinov1_b  cifar100     haar/sup exc -0.0526 r 200/200 p 0.0050 (117s)
dinov2_s  cifar100     haar/sup exc -0.0303 r 200/200 p 0.0050 (114s)
dinov2_b  cifar100     haar/sup exc -0.0066 r 188/200 p 0.0647 (120s)
dinov2_l  cifar100     haar/sup exc -0.0064 r 191/200 p 0.0498 (119s)
dinov2_g  cifar100     haar/sup exc -0.0324 r 200/200 p 0.0050 (125s)
clip_b    cifar100     haar/sup exc -0.0365 r 200/200 p 0.0050 (118s)
clip_l    cifar100     haar/sup exc -0.0289 r 200/200 p 0.0050 (120s)
siglip_b  cifar100     haar/sup exc -0.0296 r 200/200 p 0.0050 (121s)
i21k_t    cifar10      haar/sup exc -0.0213 r 172/200 p 0.1443 (100s)
i21k_s    cifar10      haar/sup exc -0.0559 r 200/200 p 0.0050 (101s)
i21k_b    cifar10      haar/sup exc -0.0499 r 200/200 p 0.0050 (102s)
i21k_l    cifar10      haar/sup exc -0.0596 r 200/200 p 0.0050 (95s)
dinov1_b  cifar10      haar/sup exc -0.0614 r 200/200 p 0.0050 (95s)
dinov2_s  cifar10      haar/sup exc -0.0710 r 200/200 p 0.0050 (95s)
dinov2_b  cifar10      haar/sup exc -0.1122 r 200/200 p 0.0050 (95s)
dinov2_l  cifar10      haar/sup exc -0.1276 r 200/200 p 0.0050 (95s)
dinov2_g  cifar10      haar/sup exc -0.1303 r 200/200 p 0.0050 (98s)
clip_b    cifar10      haar/sup exc -0.0363 r 195/200 p 0.0299 (97s)
clip_l    cifar10      haar/sup exc -0.0432 r 199/200 p 0.0100 (93s)
siglip_b  cifar10      haar/sup exc -0.0502 r 199/200 p 0.0100 (92s)
i21k_t    dtd          haar/sup exc -0.0295 r 200/200 p 0.0050 (111s)
i21k_s    dtd          haar/sup exc -0.0335 r 200/200 p 0.0050 (112s)
i21k_b    dtd          haar/sup exc -0.0332 r 200/200 p 0.0050 (113s)
i21k_l    dtd          haar/sup exc -0.0517 r 200/200 p 0.0050 (110s)
dinov1_b  dtd          haar/sup exc -0.0387 r 200/200 p 0.0050 (103s)
dinov2_s  dtd          haar/sup exc -0.0274 r 200/200 p 0.0050 (101s)
dinov2_b  dtd          haar/sup exc -0.0414 r 200/200 p 0.0050 (100s)
dinov2_l  dtd          haar/sup exc -0.0499 r 200/200 p 0.0050 (95s)
dinov2_g  dtd          haar/sup exc -0.0435 r 200/200 p 0.0050 (99s)
clip_b    dtd          haar/sup exc -0.0468 r 200/200 p 0.0050 (101s)
clip_l    dtd          haar/sup exc -0.0385 r 200/200 p 0.0050 (94s)
siglip_b  dtd          haar/sup exc -0.0425 r 200/200 p 0.0050 (85s)
i21k_t    fashionmnist haar/sup exc +0.0184 r 34/200 p 0.8308 (74s)
i21k_s    fashionmnist haar/sup exc -0.0332 r 196/200 p 0.0249 (70s)
i21k_b    fashionmnist haar/sup exc -0.0419 r 200/200 p 0.0050 (67s)
i21k_l    fashionmnist haar/sup exc -0.0507 r 200/200 p 0.0050 (67s)
dinov1_b  fashionmnist haar/sup exc -0.0067 r 127/200 p 0.3682 (67s)
dinov2_s  fashionmnist haar/sup exc -0.0314 r 193/200 p 0.0398 (66s)
dinov2_b  fashionmnist haar/sup exc -0.0618 r 200/200 p 0.0050 (67s)
dinov2_l  fashionmnist haar/sup exc -0.0351 r 197/200 p 0.0199 (67s)
dinov2_g  fashionmnist haar/sup exc -0.0455 r 199/200 p 0.0100 (68s)
clip_b    fashionmnist haar/sup exc -0.0350 r 181/200 p 0.0995 (67s)
clip_l    fashionmnist haar/sup exc -0.0368 r 188/200 p 0.0647 (67s)
siglip_b  fashionmnist haar/sup exc -0.0420 r 198/200 p 0.0149 (68s)
i21k_t    mnist        haar/sup exc -0.0257 r 168/200 p 0.1642 (66s)
i21k_s    mnist        haar/sup exc -0.0367 r 181/200 p 0.0995 (66s)
i21k_b    mnist        haar/sup exc -0.0130 r 142/200 p 0.2935 (67s)
i21k_l    mnist        haar/sup exc -0.0396 r 193/200 p 0.0398 (70s)
dinov1_b  mnist        haar/sup exc -0.0335 r 188/200 p 0.0647 (76s)
dinov2_s  mnist        haar/sup exc -0.0042 r 112/200 p 0.4428 (66s)
dinov2_b  mnist        haar/sup exc -0.0173 r 147/200 p 0.2687 (68s)
dinov2_l  mnist        haar/sup exc -0.0138 r 132/200 p 0.3433 (68s)
dinov2_g  mnist        haar/sup exc -0.0218 r 158/200 p 0.2139 (58s)
clip_b    mnist        haar/sup exc -0.0007 r 104/200 p 0.4826 (56s)
clip_l    mnist        haar/sup exc -0.0084 r 126/200 p 0.3731 (56s)
siglip_b  mnist        haar/sup exc -0.0441 r 198/200 p 0.0149 (56s)
Done part tr (haar/sup)
