i21k_t    wn30 real      s=real  seed 0 depth: real -0.0173 star +0.0003 depth -0.0176 z -1.48 (71s)
i21k_t    wn30 rand6     s=0.0   seed 0 depth: real +0.0000 star +0.0003 depth -0.0003 z -0.02 (69s)
i21k_t    wn30 rand6     s=0.0   seed 1 depth: real -0.0042 star +0.0003 depth -0.0045 z -0.34 (69s)
i21k_t    wn30 rand6     s=0.0   seed 2 depth: real -0.0004 star +0.0003 depth -0.0007 z -0.06 (68s)
i21k_t    wn30 rand6     s=0.0   seed 3 depth: real +0.0038 star +0.0003 depth +0.0035 z +0.26 (69s)
i21k_t    wn30 rand6     s=0.0   seed 4 depth: real +0.0031 star +0.0003 depth +0.0028 z +0.24 (70s)
i21k_t    wn30 rand6     s=0.25  seed 0 depth: real -0.0064 star +0.0003 depth -0.0067 z -0.62 (72s)
i21k_t    wn30 rand6     s=0.25  seed 1 depth: real +0.0052 star +0.0003 depth +0.0049 z +0.41 (73s)
i21k_t    wn30 rand6     s=0.25  seed 2 depth: real -0.0007 star +0.0003 depth -0.0010 z -0.10 (71s)
i21k_t    wn30 rand6     s=0.25  seed 3 depth: real +0.0011 star +0.0003 depth +0.0008 z +0.06 (74s)
i21k_t    wn30 rand6     s=0.25  seed 4 depth: real +0.0034 star +0.0003 depth +0.0031 z +0.23 (72s)
i21k_t    wn30 rand6     s=0.5   seed 0 depth: real +0.0007 star +0.0003 depth +0.0004 z +0.03 (70s)
i21k_t    wn30 rand6     s=0.5   seed 1 depth: real +0.0130 star +0.0003 depth +0.0126 z +1.04 (72s)
i21k_t    wn30 rand6     s=0.5   seed 2 depth: real +0.0050 star +0.0003 depth +0.0047 z +0.34 (66s)
i21k_t    wn30 rand6     s=0.5   seed 3 depth: real +0.0041 star +0.0003 depth +0.0038 z +0.27 (69s)
i21k_t    wn30 rand6     s=0.5   seed 4 depth: real -0.0065 star +0.0003 depth -0.0068 z -0.52 (64s)
i21k_t    wn30 rand6     s=0.75  seed 0 depth: real +0.0086 star +0.0003 depth +0.0083 z +0.60 (63s)
i21k_t    wn30 rand6     s=0.75  seed 1 depth: real +0.0046 star +0.0003 depth +0.0042 z +0.29 (63s)
i21k_t    wn30 rand6     s=0.75  seed 2 depth: real +0.0111 star +0.0003 depth +0.0108 z +0.84 (63s)
i21k_t    wn30 rand6     s=0.75  seed 3 depth: real +0.0176 star +0.0003 depth +0.0172 z +1.14 (63s)
i21k_t    wn30 rand6     s=0.75  seed 4 depth: real +0.0154 star +0.0003 depth +0.0151 z +1.11 (75s)
i21k_t    wn30 rand6     s=1.0   seed 0 depth: real -0.0035 star +0.0003 depth -0.0038 z -0.25 (79s)
i21k_t    wn30 rand6     s=1.0   seed 1 depth: real +0.0034 star +0.0003 depth +0.0031 z +0.20 (84s)
i21k_t    wn30 rand6     s=1.0   seed 2 depth: real +0.0040 star +0.0003 depth +0.0037 z +0.27 (78s)
i21k_t    wn30 rand6     s=1.0   seed 3 depth: real +0.0049 star +0.0003 depth +0.0046 z +0.30 (74s)
i21k_t    wn30 rand6     s=1.0   seed 4 depth: real +0.0013 star +0.0003 depth +0.0010 z +0.07 (84s)
i21k_t    wn30 rand6     s=0.0   seed 0 census: exc -0.0089 r=191 (406s)
i21k_t    wn30 rand6     s=0.25  seed 0 census: exc -0.0137 r=199 (403s)
i21k_t    wn30 rand6     s=0.5   seed 0 census: exc -0.0085 r=188 (411s)
i21k_t    wn30 rand6     s=0.75  seed 0 census: exc -0.0101 r=196 (409s)
i21k_t    wn30 rand6     s=1.0   seed 0 census: exc -0.0087 r=189 (406s)
i21k_t    wn30 tight06   s=real  seed 0 depth: real -0.0362 star -0.0091 depth -0.0271 z -1.97 (80s)
i21k_t    wn30 rand6_t06 s=0.0   seed 0 depth: real -0.0096 star -0.0092 depth -0.0004 z -0.05 (79s)
i21k_t    wn30 rand6_t06 s=0.0   seed 1 depth: real -0.0198 star -0.0092 depth -0.0106 z -1.16 (79s)
i21k_t    wn30 rand6_t06 s=0.5   seed 0 depth: real -0.0328 star -0.0092 depth -0.0236 z -2.51 (79s)
i21k_t    wn30 rand6_t06 s=0.5   seed 1 depth: real -0.0252 star -0.0092 depth -0.0159 z -1.19 (77s)
i21k_t    wn30 rand6_t06 s=1.0   seed 0 depth: real -0.1181 star -0.0092 depth -0.1089 z -8.90 (82s)
i21k_t    wn30 rand6_t06 s=1.0   seed 1 depth: real -0.1177 star -0.0092 depth -0.1085 z -9.55 (78s)
PART DONE wn30 i21k_t
