i21k_t    cifar100     exc -0.0076 r 160/200 p 0.2040 (92s)
i21k_s    cifar100     exc -0.0047 r 149/200 p 0.2587 (99s)
i21k_b    cifar100     exc +0.0013 r 89/200 p 0.5572 (107s)
i21k_l    cifar100     exc -0.0287 r 200/200 p 0.0050 (103s)
dinov1_b  cifar100     exc -0.0412 r 200/200 p 0.0050 (89s)
dinov2_s  cifar100     exc -0.0473 r 200/200 p 0.0050 (88s)
dinov2_b  cifar100     exc -0.0579 r 200/200 p 0.0050 (89s)
dinov2_l  cifar100     exc -0.0677 r 200/200 p 0.0050 (92s)
dinov2_g  cifar100     exc -0.0736 r 200/200 p 0.0050 (97s)
clip_b    cifar100     exc -0.0252 r 200/200 p 0.0050 (91s)
clip_l    cifar100     exc -0.0263 r 200/200 p 0.0050 (92s)
siglip_b  cifar100     exc -0.0289 r 200/200 p 0.0050 (92s)
i21k_t    cifar10      exc -0.0418 r 191/200 p 0.0498 (80s)
i21k_s    cifar10      exc -0.0811 r 200/200 p 0.0050 (81s)
i21k_b    cifar10      exc -0.0733 r 200/200 p 0.0050 (80s)
i21k_l    cifar10      exc -0.0877 r 200/200 p 0.0050 (73s)
dinov1_b  cifar10      exc -0.0853 r 200/200 p 0.0050 (73s)
dinov2_s  cifar10      exc -0.0952 r 200/200 p 0.0050 (72s)
dinov2_b  cifar10      exc -0.1353 r 200/200 p 0.0050 (66s)
dinov2_l  cifar10      exc -0.1526 r 200/200 p 0.0050 (68s)
dinov2_g  cifar10      exc -0.1555 r 200/200 p 0.0050 (66s)
clip_b    cifar10      exc -0.0617 r 200/200 p 0.0050 (61s)
clip_l    cifar10      exc -0.0718 r 200/200 p 0.0050 (62s)
siglip_b  cifar10      exc -0.0805 r 200/200 p 0.0050 (60s)
i21k_t    dtd          exc -0.0264 r 200/200 p 0.0050 (64s)
i21k_s    dtd          exc -0.0375 r 200/200 p 0.0050 (64s)
i21k_b    dtd          exc -0.0439 r 200/200 p 0.0050 (64s)
i21k_l    dtd          exc -0.0562 r 200/200 p 0.0050 (64s)
dinov1_b  dtd          exc -0.0437 r 200/200 p 0.0050 (64s)
dinov2_s  dtd          exc -0.0349 r 200/200 p 0.0050 (64s)
dinov2_b  dtd          exc -0.0597 r 200/200 p 0.0050 (64s)
dinov2_l  dtd          exc -0.0671 r 200/200 p 0.0050 (64s)
dinov2_g  dtd          exc -0.0634 r 200/200 p 0.0050 (65s)
clip_b    dtd          exc -0.0377 r 200/200 p 0.0050 (64s)
clip_l    dtd          exc -0.0419 r 200/200 p 0.0050 (63s)
siglip_b  dtd          exc -0.0411 r 200/200 p 0.0050 (62s)
i21k_t    fashionmnist exc +0.0010 r 95/200 p 0.5274 (59s)
i21k_s    fashionmnist exc -0.0501 r 198/200 p 0.0149 (56s)
i21k_b    fashionmnist exc -0.0597 r 199/200 p 0.0100 (56s)
i21k_l    fashionmnist exc -0.0697 r 200/200 p 0.0050 (60s)
dinov1_b  fashionmnist exc -0.0221 r 164/200 p 0.1841 (57s)
dinov2_s  fashionmnist exc -0.0491 r 196/200 p 0.0249 (55s)
dinov2_b  fashionmnist exc -0.0776 r 200/200 p 0.0050 (56s)
dinov2_l  fashionmnist exc -0.0580 r 199/200 p 0.0100 (57s)
dinov2_g  fashionmnist exc -0.0665 r 200/200 p 0.0050 (62s)
clip_b    fashionmnist exc -0.0368 r 177/200 p 0.1194 (57s)
clip_l    fashionmnist exc -0.0474 r 191/200 p 0.0498 (56s)
siglip_b  fashionmnist exc -0.0585 r 200/200 p 0.0050 (56s)
i21k_t    mnist        exc -0.0329 r 178/200 p 0.1144 (58s)
i21k_s    mnist        exc -0.0438 r 186/200 p 0.0746 (59s)
i21k_b    mnist        exc -0.0298 r 181/200 p 0.0995 (59s)
i21k_l    mnist        exc -0.0524 r 196/200 p 0.0249 (59s)
dinov1_b  mnist        exc -0.0446 r 193/200 p 0.0398 (59s)
dinov2_s  mnist        exc -0.0197 r 154/200 p 0.2338 (59s)
dinov2_b  mnist        exc -0.0277 r 162/200 p 0.1940 (59s)
dinov2_l  mnist        exc -0.0244 r 163/200 p 0.1891 (60s)
dinov2_g  mnist        exc -0.0285 r 162/200 p 0.1940 (58s)
clip_b    mnist        exc -0.0149 r 137/200 p 0.3184 (59s)
clip_l    mnist        exc -0.0175 r 144/200 p 0.2836 (59s)
siglip_b  mnist        exc -0.0643 r 200/200 p 0.0050 (59s)
Done part tr
