star  K 6 r0.1 iso   n 100 s0: depth +0.0110 z +0.3 (10s)
star  K 6 r0.1 iso   n 100 s1: depth -0.0045 z -0.1 (11s)
star  K 6 r0.1 iso   n 100 s2: depth -0.0089 z -0.2 (10s)
star  K 6 r0.1 iso   n 100 s3: depth +0.0142 z +0.3 (10s)
star  K 6 r0.1 iso   n 100 s4: depth +0.0047 z +0.1 (10s)
star  K 6 r0.1 iso   n1000 s0: depth +0.0112 z +0.3 (36s)
star  K 6 r0.1 iso   n1000 s1: depth -0.0040 z -0.1 (33s)
star  K 6 r0.1 iso   n1000 s2: depth -0.0094 z -0.2 (40s)
star  K 6 r0.1 iso   n1000 s3: depth +0.0131 z +0.3 (37s)
star  K 6 r0.1 iso   n1000 s4: depth +0.0029 z +0.1 (37s)
star  K 6 r0.1 aniso n 100 s0: depth +0.0127 z +0.3 (10s)
star  K 6 r0.1 aniso n 100 s1: depth -0.0022 z -0.0 (11s)
star  K 6 r0.1 aniso n 100 s2: depth -0.0004 z -0.0 (11s)
star  K 6 r0.1 aniso n 100 s3: depth +0.0119 z +0.3 (11s)
star  K 6 r0.1 aniso n 100 s4: depth +0.0017 z +0.0 (11s)
star  K 6 r0.1 aniso n1000 s0: depth +0.0126 z +0.3 (38s)
star  K 6 r0.1 aniso n1000 s1: depth +0.0040 z +0.1 (40s)
star  K 6 r0.1 aniso n1000 s2: depth +0.0057 z +0.1 (39s)
star  K 6 r0.1 aniso n1000 s3: depth +0.0114 z +0.2 (36s)
star  K 6 r0.1 aniso n1000 s4: depth +0.0028 z +0.1 (38s)
star  K 6 r0.3 iso   n 100 s0: depth +0.0055 z +0.1 (10s)
star  K 6 r0.3 iso   n 100 s1: depth -0.0076 z -0.2 (11s)
star  K 6 r0.3 iso   n 100 s2: depth -0.0113 z -0.3 (11s)
star  K 6 r0.3 iso   n 100 s3: depth +0.0117 z +0.3 (11s)
star  K 6 r0.3 iso   n 100 s4: depth +0.0055 z +0.1 (10s)
star  K 6 r0.3 iso   n1000 s0: depth +0.0058 z +0.2 (36s)
star  K 6 r0.3 iso   n1000 s1: depth -0.0083 z -0.2 (35s)
star  K 6 r0.3 iso   n1000 s2: depth -0.0139 z -0.4 (37s)
star  K 6 r0.3 iso   n1000 s3: depth +0.0062 z +0.2 (37s)
star  K 6 r0.3 iso   n1000 s4: depth -0.0020 z -0.1 (37s)
star  K 6 r0.3 aniso n 100 s0: depth +0.0193 z +0.6 (11s)
star  K 6 r0.3 aniso n 100 s1: depth +0.0119 z +0.3 (11s)
star  K 6 r0.3 aniso n 100 s2: depth +0.0167 z +0.4 (11s)
star  K 6 r0.3 aniso n 100 s3: depth +0.0106 z +0.3 (11s)
star  K 6 r0.3 aniso n 100 s4: depth +0.0200 z +0.5 (11s)
star  K 6 r0.3 aniso n1000 s0: depth +0.0312 z +0.9 (39s)
star  K 6 r0.3 aniso n1000 s1: depth +0.0267 z +0.7 (39s)
star  K 6 r0.3 aniso n1000 s2: depth +0.0298 z +0.8 (40s)
star  K 6 r0.3 aniso n1000 s3: depth +0.0316 z +0.9 (38s)
star  K 6 r0.3 aniso n1000 s4: depth +0.0218 z +0.6 (40s)
star  K 6 r0.6 iso   n 100 s0: depth +0.0003 z +0.0 (11s)
star  K 6 r0.6 iso   n 100 s1: depth -0.0064 z -0.2 (10s)
star  K 6 r0.6 iso   n 100 s2: depth -0.0053 z -0.2 (11s)
star  K 6 r0.6 iso   n 100 s3: depth +0.0075 z +0.3 (12s)
star  K 6 r0.6 iso   n 100 s4: depth +0.0024 z +0.1 (11s)
star  K 6 r0.6 iso   n1000 s0: depth -0.0004 z -0.0 (38s)
star  K 6 r0.6 iso   n1000 s1: depth -0.0105 z -0.4 (37s)
star  K 6 r0.6 iso   n1000 s2: depth -0.0113 z -0.4 (40s)
star  K 6 r0.6 iso   n1000 s3: depth +0.0007 z +0.0 (38s)
star  K 6 r0.6 iso   n1000 s4: depth -0.0048 z -0.2 (40s)
star  K 6 r0.6 aniso n 100 s0: depth +0.0752 z +3.8 (12s)
star  K 6 r0.6 aniso n 100 s1: depth +0.0624 z +2.6 (11s)
star  K 6 r0.6 aniso n 100 s2: depth +0.0784 z +3.1 (11s)
star  K 6 r0.6 aniso n 100 s3: depth +0.0606 z +2.5 (12s)
star  K 6 r0.6 aniso n 100 s4: depth +0.0800 z +5.0 (12s)
star  K 6 r0.6 aniso n1000 s0: depth +0.0765 z +4.6 (35s)
star  K 6 r0.6 aniso n1000 s1: depth +0.0762 z +4.4 (37s)
star  K 6 r0.6 aniso n1000 s2: depth +0.0811 z +4.9 (37s)
star  K 6 r0.6 aniso n1000 s3: depth +0.0821 z +6.4 (38s)
star  K 6 r0.6 aniso n1000 s4: depth +0.0778 z +4.4 (38s)
hier2 K 6 r0.1 iso   n 100 s0: depth +0.0084 z +0.2 (10s)
hier2 K 6 r0.1 iso   n 100 s1: depth -0.0030 z -0.1 (11s)
hier2 K 6 r0.1 iso   n 100 s2: depth +0.0020 z +0.1 (11s)
hier2 K 6 r0.1 iso   n 100 s3: depth +0.0081 z +0.2 (11s)
hier2 K 6 r0.1 iso   n 100 s4: depth +0.0076 z +0.2 (12s)
hier2 K 6 r0.1 iso   n1000 s0: depth -0.0045 z -0.1 (41s)
hier2 K 6 r0.1 iso   n1000 s1: depth -0.0139 z -0.4 (40s)
hier2 K 6 r0.1 iso   n1000 s2: depth -0.0123 z -0.4 (40s)
hier2 K 6 r0.1 iso   n1000 s3: depth +0.0004 z +0.0 (39s)
hier2 K 6 r0.1 iso   n1000 s4: depth -0.0073 z -0.2 (38s)
hier2 K 6 r0.1 aniso n 100 s0: depth +0.0067 z +0.2 (17s)
hier2 K 6 r0.1 aniso n 100 s1: depth -0.0031 z -0.1 (18s)
hier2 K 6 r0.1 aniso n 100 s2: depth -0.0002 z -0.0 (22s)
hier2 K 6 r0.1 aniso n 100 s3: depth +0.0056 z +0.2 (18s)
hier2 K 6 r0.1 aniso n 100 s4: depth +0.0092 z +0.3 (22s)
hier2 K 6 r0.1 aniso n1000 s0: depth -0.0048 z -0.1 (55s)
hier2 K 6 r0.1 aniso n1000 s1: depth -0.0125 z -0.4 (55s)
hier2 K 6 r0.1 aniso n1000 s2: depth -0.0115 z -0.3 (56s)
hier2 K 6 r0.1 aniso n1000 s3: depth -0.0002 z -0.0 (61s)
hier2 K 6 r0.1 aniso n1000 s4: depth -0.0048 z -0.1 (65s)
hier2 K 6 r0.3 iso   n 100 s0: depth +0.0065 z +0.2 (10s)
hier2 K 6 r0.3 iso   n 100 s1: depth -0.0004 z -0.0 (12s)
hier2 K 6 r0.3 iso   n 100 s2: depth -0.0018 z -0.1 (10s)
hier2 K 6 r0.3 iso   n 100 s3: depth +0.0053 z +0.2 (11s)
hier2 K 6 r0.3 iso   n 100 s4: depth +0.0043 z +0.1 (11s)
hier2 K 6 r0.3 iso   n1000 s0: depth -0.0042 z -0.1 (40s)
hier2 K 6 r0.3 iso   n1000 s1: depth -0.0101 z -0.3 (38s)
hier2 K 6 r0.3 iso   n1000 s2: depth -0.0094 z -0.3 (39s)
hier2 K 6 r0.3 iso   n1000 s3: depth -0.0013 z -0.0 (39s)
hier2 K 6 r0.3 iso   n1000 s4: depth -0.0058 z -0.2 (41s)
hier2 K 6 r0.3 aniso n 100 s0: depth +0.0319 z +1.1 (15s)
hier2 K 6 r0.3 aniso n 100 s1: depth +0.0361 z +1.1 (15s)
hier2 K 6 r0.3 aniso n 100 s2: depth +0.0121 z +0.4 (15s)
hier2 K 6 r0.3 aniso n 100 s3: depth +0.0121 z +0.4 (15s)
hier2 K 6 r0.3 aniso n 100 s4: depth +0.0113 z +0.4 (15s)
hier2 K 6 r0.3 aniso n1000 s0: depth +0.0195 z +0.7 (44s)
hier2 K 6 r0.3 aniso n1000 s1: depth +0.0076 z +0.3 (45s)
hier2 K 6 r0.3 aniso n1000 s2: depth +0.0145 z +0.5 (45s)
hier2 K 6 r0.3 aniso n1000 s3: depth +0.0183 z +0.6 (49s)
hier2 K 6 r0.3 aniso n1000 s4: depth +0.0076 z +0.3 (47s)
hier2 K 6 r0.6 iso   n 100 s0: depth +0.0041 z +0.2 (13s)
hier2 K 6 r0.6 iso   n 100 s1: depth +0.0041 z +0.2 (13s)
hier2 K 6 r0.6 iso   n 100 s2: depth -0.0062 z -0.2 (12s)
hier2 K 6 r0.6 iso   n 100 s3: depth -0.0010 z -0.0 (14s)
hier2 K 6 r0.6 iso   n 100 s4: depth -0.0002 z -0.0 (11s)
hier2 K 6 r0.6 iso   n1000 s0: depth -0.0041 z -0.2 (41s)
hier2 K 6 r0.6 iso   n1000 s1: depth -0.0091 z -0.4 (41s)
hier2 K 6 r0.6 iso   n1000 s2: depth -0.0066 z -0.3 (40s)
hier2 K 6 r0.6 iso   n1000 s3: depth -0.0051 z -0.2 (41s)
hier2 K 6 r0.6 iso   n1000 s4: depth -0.0048 z -0.2 (38s)
hier2 K 6 r0.6 aniso n 100 s0: depth +0.0838 z +6.3 (15s)
hier2 K 6 r0.6 aniso n 100 s1: depth +0.0658 z +4.8 (15s)
hier2 K 6 r0.6 aniso n 100 s2: depth +0.0654 z +3.6 (15s)
hier2 K 6 r0.6 aniso n 100 s3: depth +0.0632 z +3.7 (15s)
hier2 K 6 r0.6 aniso n 100 s4: depth +0.0540 z +3.2 (15s)
hier2 K 6 r0.6 aniso n1000 s0: depth +0.0596 z +4.2 (42s)
hier2 K 6 r0.6 aniso n1000 s1: depth +0.0601 z +2.8 (44s)
hier2 K 6 r0.6 aniso n1000 s2: depth +0.0621 z +5.0 (44s)
hier2 K 6 r0.6 aniso n1000 s3: depth +0.0670 z +3.6 (44s)
hier2 K 6 r0.6 aniso n1000 s4: depth +0.0605 z +3.8 (44s)
hier3 K 6 r0.1 iso   n 100 s0: depth +0.0146 z +0.5 (11s)
hier3 K 6 r0.1 iso   n 100 s1: depth -0.0013 z -0.0 (11s)
hier3 K 6 r0.1 iso   n 100 s2: depth -0.0050 z -0.1 (11s)
hier3 K 6 r0.1 iso   n 100 s3: depth +0.0072 z +0.2 (11s)
hier3 K 6 r0.1 iso   n 100 s4: depth +0.0145 z +0.5 (11s)
hier3 K 6 r0.1 iso   n1000 s0: depth -0.0053 z -0.2 (41s)
hier3 K 6 r0.1 iso   n1000 s1: depth -0.0079 z -0.2 (39s)
hier3 K 6 r0.1 iso   n1000 s2: depth -0.0085 z -0.2 (39s)
hier3 K 6 r0.1 iso   n1000 s3: depth -0.0037 z -0.1 (40s)
hier3 K 6 r0.1 iso   n1000 s4: depth -0.0051 z -0.2 (39s)
hier3 K 6 r0.1 aniso n 100 s0: depth +0.0191 z +0.6 (18s)
hier3 K 6 r0.1 aniso n 100 s1: depth -0.0032 z -0.1 (17s)
hier3 K 6 r0.1 aniso n 100 s2: depth -0.0057 z -0.2 (18s)
hier3 K 6 r0.1 aniso n 100 s3: depth +0.0016 z +0.1 (17s)
hier3 K 6 r0.1 aniso n 100 s4: depth +0.0121 z +0.4 (17s)
hier3 K 6 r0.1 aniso n1000 s0: depth -0.0057 z -0.2 (45s)
hier3 K 6 r0.1 aniso n1000 s1: depth -0.0077 z -0.2 (46s)
hier3 K 6 r0.1 aniso n1000 s2: depth -0.0081 z -0.2 (48s)
hier3 K 6 r0.1 aniso n1000 s3: depth -0.0049 z -0.1 (49s)
hier3 K 6 r0.1 aniso n1000 s4: depth -0.0051 z -0.2 (45s)
hier3 K 6 r0.3 iso   n 100 s0: depth +0.0109 z +0.4 (11s)
hier3 K 6 r0.3 iso   n 100 s1: depth +0.0002 z +0.0 (11s)
hier3 K 6 r0.3 iso   n 100 s2: depth -0.0071 z -0.2 (11s)
hier3 K 6 r0.3 iso   n 100 s3: depth +0.0075 z +0.2 (11s)
hier3 K 6 r0.3 iso   n 100 s4: depth +0.0093 z +0.3 (11s)
hier3 K 6 r0.3 iso   n1000 s0: depth -0.0054 z -0.2 (41s)
hier3 K 6 r0.3 iso   n1000 s1: depth -0.0063 z -0.2 (40s)
hier3 K 6 r0.3 iso   n1000 s2: depth -0.0089 z -0.3 (30s)
hier3 K 6 r0.3 iso   n1000 s3: depth -0.0046 z -0.1 (27s)
hier3 K 6 r0.3 iso   n1000 s4: depth -0.0061 z -0.2 (29s)
hier3 K 6 r0.3 aniso n 100 s0: depth +0.0187 z +0.7 (17s)
hier3 K 6 r0.3 aniso n 100 s1: depth +0.0136 z +0.5 (18s)
hier3 K 6 r0.3 aniso n 100 s2: depth +0.0091 z +0.3 (17s)
hier3 K 6 r0.3 aniso n 100 s3: depth +0.0117 z +0.4 (15s)
hier3 K 6 r0.3 aniso n 100 s4: depth +0.0084 z +0.3 (15s)
hier3 K 6 r0.3 aniso n1000 s0: depth +0.0103 z +0.3 (44s)
hier3 K 6 r0.3 aniso n1000 s1: depth +0.0068 z +0.2 (44s)
hier3 K 6 r0.3 aniso n1000 s2: depth +0.0115 z +0.4 (45s)
hier3 K 6 r0.3 aniso n1000 s3: depth +0.0150 z +0.5 (45s)
hier3 K 6 r0.3 aniso n1000 s4: depth +0.0111 z +0.4 (49s)
hier3 K 6 r0.6 iso   n 100 s0: depth +0.0057 z +0.3 (13s)
hier3 K 6 r0.6 iso   n 100 s1: depth -0.0049 z -0.2 (14s)
hier3 K 6 r0.6 iso   n 100 s2: depth -0.0043 z -0.2 (20s)
hier3 K 6 r0.6 iso   n 100 s3: depth +0.0007 z +0.0 (18s)
hier3 K 6 r0.6 iso   n 100 s4: depth -0.0009 z -0.0 (22s)
hier3 K 6 r0.6 iso   n1000 s0: depth -0.0059 z -0.2 (50s)
hier3 K 6 r0.6 iso   n1000 s1: depth -0.0066 z -0.3 (46s)
hier3 K 6 r0.6 iso   n1000 s2: depth -0.0086 z -0.4 (43s)
hier3 K 6 r0.6 iso   n1000 s3: depth -0.0073 z -0.3 (36s)
hier3 K 6 r0.6 iso   n1000 s4: depth -0.0056 z -0.3 (36s)
hier3 K 6 r0.6 aniso n 100 s0: depth +0.0693 z +6.1 (16s)
hier3 K 6 r0.6 aniso n 100 s1: depth +0.0719 z +3.9 (16s)
hier3 K 6 r0.6 aniso n 100 s2: depth +0.0529 z +2.5 (16s)
hier3 K 6 r0.6 aniso n 100 s3: depth +0.0684 z +4.0 (17s)
hier3 K 6 r0.6 aniso n 100 s4: depth +0.0601 z +2.7 (16s)
hier3 K 6 r0.6 aniso n1000 s0: depth +0.0574 z +3.6 (44s)
hier3 K 6 r0.6 aniso n1000 s1: depth +0.0649 z +3.8 (42s)
hier3 K 6 r0.6 aniso n1000 s2: depth +0.0612 z +4.1 (37s)
hier3 K 6 r0.6 aniso n1000 s3: depth +0.0570 z +3.7 (26s)
hier3 K 6 r0.6 aniso n1000 s4: depth +0.0666 z +4.1 (26s)
Done part k6
