star  K12 r0.1 iso   n 100 s0: depth -0.0218 z -0.7 (11s)
star  K12 r0.1 iso   n 100 s1: depth -0.0302 z -0.9 (10s)
star  K12 r0.1 iso   n 100 s2: depth -0.0224 z -0.7 (10s)
star  K12 r0.1 iso   n 100 s3: depth -0.0140 z -0.5 (11s)
star  K12 r0.1 iso   n 100 s4: depth -0.0201 z -0.6 (11s)
star  K12 r0.1 iso   n1000 s0: depth -0.0215 z -0.7 (38s)
star  K12 r0.1 iso   n1000 s1: depth -0.0298 z -0.9 (36s)
star  K12 r0.1 iso   n1000 s2: depth -0.0207 z -0.6 (37s)
star  K12 r0.1 iso   n1000 s3: depth -0.0109 z -0.4 (37s)
star  K12 r0.1 iso   n1000 s4: depth -0.0194 z -0.6 (36s)
star  K12 r0.1 aniso n 100 s0: depth -0.0218 z -0.7 (12s)
star  K12 r0.1 aniso n 100 s1: depth -0.0305 z -1.0 (13s)
star  K12 r0.1 aniso n 100 s2: depth -0.0221 z -0.7 (13s)
star  K12 r0.1 aniso n 100 s3: depth -0.0138 z -0.4 (13s)
star  K12 r0.1 aniso n 100 s4: depth -0.0213 z -0.7 (12s)
star  K12 r0.1 aniso n1000 s0: depth -0.0223 z -0.7 (40s)
star  K12 r0.1 aniso n1000 s1: depth -0.0306 z -0.9 (39s)
star  K12 r0.1 aniso n1000 s2: depth -0.0204 z -0.6 (39s)
star  K12 r0.1 aniso n1000 s3: depth -0.0109 z -0.4 (39s)
star  K12 r0.1 aniso n1000 s4: depth -0.0196 z -0.6 (37s)
star  K12 r0.3 iso   n 100 s0: depth -0.0183 z -0.6 (11s)
star  K12 r0.3 iso   n 100 s1: depth -0.0219 z -0.8 (11s)
star  K12 r0.3 iso   n 100 s2: depth -0.0198 z -0.7 (11s)
star  K12 r0.3 iso   n 100 s3: depth -0.0165 z -0.6 (11s)
star  K12 r0.3 iso   n 100 s4: depth -0.0166 z -0.5 (11s)
star  K12 r0.3 iso   n1000 s0: depth -0.0190 z -0.7 (38s)
star  K12 r0.3 iso   n1000 s1: depth -0.0251 z -0.9 (37s)
star  K12 r0.3 iso   n1000 s2: depth -0.0182 z -0.6 (38s)
star  K12 r0.3 iso   n1000 s3: depth -0.0121 z -0.4 (36s)
star  K12 r0.3 iso   n1000 s4: depth -0.0161 z -0.6 (39s)
star  K12 r0.3 aniso n 100 s0: depth -0.0136 z -0.5 (10s)
star  K12 r0.3 aniso n 100 s1: depth -0.0194 z -0.7 (11s)
star  K12 r0.3 aniso n 100 s2: depth -0.0127 z -0.4 (12s)
star  K12 r0.3 aniso n 100 s3: depth -0.0107 z -0.4 (12s)
star  K12 r0.3 aniso n 100 s4: depth -0.0189 z -0.6 (11s)
star  K12 r0.3 aniso n1000 s0: depth -0.0102 z -0.4 (36s)
star  K12 r0.3 aniso n1000 s1: depth -0.0126 z -0.5 (33s)
star  K12 r0.3 aniso n1000 s2: depth -0.0038 z -0.1 (39s)
star  K12 r0.3 aniso n1000 s3: depth -0.0085 z -0.3 (40s)
star  K12 r0.3 aniso n1000 s4: depth -0.0053 z -0.2 (39s)
star  K12 r0.6 iso   n 100 s0: depth -0.0125 z -0.6 (11s)
star  K12 r0.6 iso   n 100 s1: depth -0.0103 z -0.5 (10s)
star  K12 r0.6 iso   n 100 s2: depth -0.0148 z -0.6 (11s)
star  K12 r0.6 iso   n 100 s3: depth -0.0151 z -0.6 (11s)
star  K12 r0.6 iso   n 100 s4: depth -0.0106 z -0.4 (9s)
star  K12 r0.6 iso   n1000 s0: depth -0.0177 z -0.8 (38s)
star  K12 r0.6 iso   n1000 s1: depth -0.0175 z -0.8 (39s)
star  K12 r0.6 iso   n1000 s2: depth -0.0153 z -0.7 (38s)
star  K12 r0.6 iso   n1000 s3: depth -0.0132 z -0.6 (39s)
star  K12 r0.6 iso   n1000 s4: depth -0.0146 z -0.7 (38s)
star  K12 r0.6 aniso n 100 s0: depth +0.0691 z +5.9 (12s)
star  K12 r0.6 aniso n 100 s1: depth +0.0566 z +3.1 (12s)
star  K12 r0.6 aniso n 100 s2: depth +0.0400 z +1.7 (13s)
star  K12 r0.6 aniso n 100 s3: depth +0.0558 z +2.3 (13s)
star  K12 r0.6 aniso n 100 s4: depth +0.0491 z +2.4 (11s)
star  K12 r0.6 aniso n1000 s0: depth +0.0581 z +4.6 (40s)
star  K12 r0.6 aniso n1000 s1: depth +0.0589 z +3.9 (40s)
star  K12 r0.6 aniso n1000 s2: depth +0.0579 z +3.7 (40s)
star  K12 r0.6 aniso n1000 s3: depth +0.0673 z +4.9 (38s)
star  K12 r0.6 aniso n1000 s4: depth +0.0623 z +5.4 (40s)
hier2 K12 r0.1 iso   n 100 s0: depth -0.0169 z -0.7 (11s)
hier2 K12 r0.1 iso   n 100 s1: depth -0.0199 z -0.8 (11s)
hier2 K12 r0.1 iso   n 100 s2: depth -0.0144 z -0.6 (11s)
hier2 K12 r0.1 iso   n 100 s3: depth -0.0020 z -0.1 (11s)
hier2 K12 r0.1 iso   n 100 s4: depth -0.0155 z -0.6 (11s)
hier2 K12 r0.1 iso   n1000 s0: depth -0.0187 z -0.8 (38s)
hier2 K12 r0.1 iso   n1000 s1: depth -0.0254 z -1.0 (40s)
hier2 K12 r0.1 iso   n1000 s2: depth -0.0204 z -0.8 (41s)
hier2 K12 r0.1 iso   n1000 s3: depth -0.0125 z -0.5 (40s)
hier2 K12 r0.1 iso   n1000 s4: depth -0.0205 z -0.8 (43s)
hier2 K12 r0.1 aniso n 100 s0: depth -0.0189 z -0.7 (25s)
hier2 K12 r0.1 aniso n 100 s1: depth -0.0191 z -0.8 (24s)
hier2 K12 r0.1 aniso n 100 s2: depth -0.0154 z -0.6 (28s)
hier2 K12 r0.1 aniso n 100 s3: depth -0.0030 z -0.1 (23s)
hier2 K12 r0.1 aniso n 100 s4: depth -0.0125 z -0.5 (23s)
hier2 K12 r0.1 aniso n1000 s0: depth -0.0197 z -0.8 (58s)
hier2 K12 r0.1 aniso n1000 s1: depth -0.0239 z -1.0 (61s)
hier2 K12 r0.1 aniso n1000 s2: depth -0.0198 z -0.8 (64s)
hier2 K12 r0.1 aniso n1000 s3: depth -0.0119 z -0.5 (66s)
hier2 K12 r0.1 aniso n1000 s4: depth -0.0182 z -0.7 (47s)
hier2 K12 r0.3 iso   n 100 s0: depth -0.0140 z -0.6 (10s)
hier2 K12 r0.3 iso   n 100 s1: depth -0.0128 z -0.6 (10s)
hier2 K12 r0.3 iso   n 100 s2: depth -0.0123 z -0.5 (10s)
hier2 K12 r0.3 iso   n 100 s3: depth -0.0024 z -0.1 (10s)
hier2 K12 r0.3 iso   n 100 s4: depth -0.0163 z -0.6 (11s)
hier2 K12 r0.3 iso   n1000 s0: depth -0.0195 z -0.9 (39s)
hier2 K12 r0.3 iso   n1000 s1: depth -0.0227 z -1.0 (38s)
hier2 K12 r0.3 iso   n1000 s2: depth -0.0191 z -0.8 (37s)
hier2 K12 r0.3 iso   n1000 s3: depth -0.0097 z -0.4 (39s)
hier2 K12 r0.3 iso   n1000 s4: depth -0.0193 z -0.8 (41s)
hier2 K12 r0.3 aniso n 100 s0: depth -0.0159 z -0.7 (18s)
hier2 K12 r0.3 aniso n 100 s1: depth -0.0126 z -0.5 (18s)
hier2 K12 r0.3 aniso n 100 s2: depth -0.0119 z -0.5 (18s)
hier2 K12 r0.3 aniso n 100 s3: depth -0.0045 z -0.2 (16s)
hier2 K12 r0.3 aniso n 100 s4: depth -0.0125 z -0.5 (16s)
hier2 K12 r0.3 aniso n1000 s0: depth -0.0142 z -0.7 (46s)
hier2 K12 r0.3 aniso n1000 s1: depth -0.0100 z -0.4 (49s)
hier2 K12 r0.3 aniso n1000 s2: depth -0.0137 z -0.6 (54s)
hier2 K12 r0.3 aniso n1000 s3: depth -0.0111 z -0.5 (52s)
hier2 K12 r0.3 aniso n1000 s4: depth -0.0111 z -0.5 (50s)
hier2 K12 r0.6 iso   n 100 s0: depth -0.0131 z -0.7 (11s)
hier2 K12 r0.6 iso   n 100 s1: depth -0.0107 z -0.5 (11s)
hier2 K12 r0.6 iso   n 100 s2: depth -0.0130 z -0.7 (11s)
hier2 K12 r0.6 iso   n 100 s3: depth -0.0040 z -0.2 (11s)
hier2 K12 r0.6 iso   n 100 s4: depth -0.0133 z -0.6 (11s)
hier2 K12 r0.6 iso   n1000 s0: depth -0.0169 z -1.0 (41s)
hier2 K12 r0.6 iso   n1000 s1: depth -0.0169 z -0.9 (32s)
hier2 K12 r0.6 iso   n1000 s2: depth -0.0182 z -1.0 (41s)
hier2 K12 r0.6 iso   n1000 s3: depth -0.0100 z -0.5 (39s)
hier2 K12 r0.6 iso   n1000 s4: depth -0.0173 z -1.0 (40s)
hier2 K12 r0.6 aniso n 100 s0: depth +0.0477 z +3.3 (18s)
hier2 K12 r0.6 aniso n 100 s1: depth +0.0598 z +3.9 (19s)
hier2 K12 r0.6 aniso n 100 s2: depth +0.0340 z +1.8 (18s)
hier2 K12 r0.6 aniso n 100 s3: depth +0.0410 z +1.9 (17s)
hier2 K12 r0.6 aniso n 100 s4: depth +0.0520 z +2.5 (17s)
hier2 K12 r0.6 aniso n1000 s0: depth +0.0461 z +4.5 (47s)
hier2 K12 r0.6 aniso n1000 s1: depth +0.0576 z +5.5 (47s)
hier2 K12 r0.6 aniso n1000 s2: depth +0.0388 z +2.8 (48s)
hier2 K12 r0.6 aniso n1000 s3: depth +0.0442 z +3.2 (47s)
hier2 K12 r0.6 aniso n1000 s4: depth +0.0481 z +4.1 (47s)
hier3 K12 r0.1 iso   n 100 s0: depth -0.0074 z -0.3 (11s)
hier3 K12 r0.1 iso   n 100 s1: depth -0.0155 z -0.6 (11s)
hier3 K12 r0.1 iso   n 100 s2: depth -0.0101 z -0.4 (11s)
hier3 K12 r0.1 iso   n 100 s3: depth -0.0001 z -0.0 (11s)
hier3 K12 r0.1 iso   n 100 s4: depth -0.0114 z -0.4 (11s)
hier3 K12 r0.1 iso   n1000 s0: depth -0.0185 z -0.8 (41s)
hier3 K12 r0.1 iso   n1000 s1: depth -0.0269 z -1.1 (41s)
hier3 K12 r0.1 iso   n1000 s2: depth -0.0167 z -0.7 (41s)
hier3 K12 r0.1 iso   n1000 s3: depth -0.0164 z -0.7 (40s)
hier3 K12 r0.1 iso   n1000 s4: depth -0.0133 z -0.6 (42s)
hier3 K12 r0.1 aniso n 100 s0: depth -0.0147 z -0.6 (21s)
hier3 K12 r0.1 aniso n 100 s1: depth -0.0166 z -0.7 (19s)
hier3 K12 r0.1 aniso n 100 s2: depth -0.0108 z -0.4 (19s)
hier3 K12 r0.1 aniso n 100 s3: depth -0.0041 z -0.2 (20s)
hier3 K12 r0.1 aniso n 100 s4: depth -0.0092 z -0.4 (20s)
hier3 K12 r0.1 aniso n1000 s0: depth -0.0161 z -0.7 (40s)
hier3 K12 r0.1 aniso n1000 s1: depth -0.0266 z -1.1 (38s)
hier3 K12 r0.1 aniso n1000 s2: depth -0.0145 z -0.6 (40s)
hier3 K12 r0.1 aniso n1000 s3: depth -0.0176 z -0.7 (39s)
hier3 K12 r0.1 aniso n1000 s4: depth -0.0148 z -0.6 (39s)
hier3 K12 r0.3 iso   n 100 s0: depth -0.0055 z -0.2 (9s)
hier3 K12 r0.3 iso   n 100 s1: depth -0.0130 z -0.6 (9s)
hier3 K12 r0.3 iso   n 100 s2: depth -0.0124 z -0.5 (9s)
hier3 K12 r0.3 iso   n 100 s3: depth +0.0002 z +0.0 (9s)
hier3 K12 r0.3 iso   n 100 s4: depth -0.0100 z -0.4 (9s)
hier3 K12 r0.3 iso   n1000 s0: depth -0.0198 z -0.9 (29s)
hier3 K12 r0.3 iso   n1000 s1: depth -0.0224 z -1.0 (42s)
hier3 K12 r0.3 iso   n1000 s2: depth -0.0188 z -0.8 (41s)
hier3 K12 r0.3 iso   n1000 s3: depth -0.0166 z -0.7 (38s)
hier3 K12 r0.3 iso   n1000 s4: depth -0.0108 z -0.5 (38s)
hier3 K12 r0.3 aniso n 100 s0: depth -0.0111 z -0.5 (20s)
hier3 K12 r0.3 aniso n 100 s1: depth -0.0158 z -0.7 (20s)
hier3 K12 r0.3 aniso n 100 s2: depth -0.0134 z -0.6 (20s)
hier3 K12 r0.3 aniso n 100 s3: depth -0.0020 z -0.1 (20s)
hier3 K12 r0.3 aniso n 100 s4: depth -0.0052 z -0.2 (21s)
hier3 K12 r0.3 aniso n1000 s0: depth -0.0148 z -0.6 (50s)
hier3 K12 r0.3 aniso n1000 s1: depth -0.0169 z -0.8 (52s)
hier3 K12 r0.3 aniso n1000 s2: depth -0.0138 z -0.6 (59s)
hier3 K12 r0.3 aniso n1000 s3: depth -0.0115 z -0.5 (73s)
hier3 K12 r0.3 aniso n1000 s4: depth -0.0028 z -0.1 (61s)
hier3 K12 r0.6 iso   n 100 s0: depth -0.0046 z -0.2 (20s)
hier3 K12 r0.6 iso   n 100 s1: depth -0.0049 z -0.3 (10s)
hier3 K12 r0.6 iso   n 100 s2: depth -0.0099 z -0.5 (10s)
hier3 K12 r0.6 iso   n 100 s3: depth +0.0015 z +0.1 (10s)
hier3 K12 r0.6 iso   n 100 s4: depth -0.0104 z -0.5 (10s)
hier3 K12 r0.6 iso   n1000 s0: depth -0.0143 z -0.9 (34s)
hier3 K12 r0.6 iso   n1000 s1: depth -0.0156 z -0.9 (33s)
hier3 K12 r0.6 iso   n1000 s2: depth -0.0182 z -0.9 (34s)
hier3 K12 r0.6 iso   n1000 s3: depth -0.0125 z -0.6 (35s)
hier3 K12 r0.6 iso   n1000 s4: depth -0.0114 z -0.6 (35s)
hier3 K12 r0.6 aniso n 100 s0: depth +0.0355 z +1.9 (19s)
hier3 K12 r0.6 aniso n 100 s1: depth +0.0324 z +1.7 (18s)
hier3 K12 r0.6 aniso n 100 s2: depth +0.0527 z +3.3 (15s)
hier3 K12 r0.6 aniso n 100 s3: depth +0.0624 z +4.9 (12s)
hier3 K12 r0.6 aniso n 100 s4: depth +0.0450 z +2.6 (12s)
hier3 K12 r0.6 aniso n1000 s0: depth +0.0380 z +2.8 (31s)
hier3 K12 r0.6 aniso n1000 s1: depth +0.0464 z +2.8 (31s)
hier3 K12 r0.6 aniso n1000 s2: depth +0.0452 z +2.6 (28s)
hier3 K12 r0.6 aniso n1000 s3: depth +0.0483 z +3.7 (27s)
hier3 K12 r0.6 aniso n1000 s4: depth +0.0510 z +3.6 (28s)
Done part k12
