dinov2_b  b -1 delta 0.0336 null 0.0503 exc -0.0167 (59s)
dinov2_b  b  0 delta 0.0339 null 0.0501 exc -0.0162 (57s)
dinov2_b  b  1 delta 0.0337 null 0.0502 exc -0.0165 (53s)
dinov2_b  b  2 delta 0.0336 null 0.0502 exc -0.0166 (54s)
dinov2_b  b  3 delta 0.0334 null 0.0501 exc -0.0167 (45s)
dinov2_b  b  4 delta 0.0335 null 0.0501 exc -0.0167 (50s)
dinov2_b  b  5 delta 0.0337 null 0.0501 exc -0.0164 (53s)
dinov2_b  b  6 delta 0.0340 null 0.0501 exc -0.0162 (54s)
dinov2_b  b  7 delta 0.0340 null 0.0501 exc -0.0161 (54s)
dinov2_b  b  8 delta 0.0335 null 0.0501 exc -0.0166 (56s)
dinov2_b  b  9 delta 0.0339 null 0.0501 exc -0.0162 (56s)
dinov2_b  b 10 delta 0.0337 null 0.0501 exc -0.0164 (52s)
dinov2_b  b 11 delta 0.0336 null 0.0501 exc -0.0165 (54s)
dinov2_b  b 12 delta 0.0338 null 0.0501 exc -0.0163 (58s)
dinov2_b  b 13 delta 0.0333 null 0.0501 exc -0.0168 (53s)
dinov2_b  b 14 delta 0.0336 null 0.0501 exc -0.0165 (53s)
dinov2_b  b 15 delta 0.0337 null 0.0501 exc -0.0164 (49s)
dinov2_b  b 16 delta 0.0337 null 0.0501 exc -0.0164 (56s)
dinov2_b  b 17 delta 0.0336 null 0.0501 exc -0.0165 (59s)
dinov2_b  b 18 delta 0.0340 null 0.0501 exc -0.0162 (55s)
dinov2_b  b 19 delta 0.0337 null 0.0501 exc -0.0165 (55s)
dinov2_b  b 20 delta 0.0337 null 0.0501 exc -0.0164 (54s)
dinov2_b  b 21 delta 0.0337 null 0.0501 exc -0.0164 (54s)
dinov2_b  b 22 delta 0.0337 null 0.0501 exc -0.0164 (60s)
dinov2_b  b 23 delta 0.0339 null 0.0502 exc -0.0163 (57s)
dinov2_b  b 24 delta 0.0337 null 0.0501 exc -0.0164 (57s)
dinov2_b  b 25 delta 0.0338 null 0.0501 exc -0.0162 (55s)
dinov2_b  b 26 delta 0.0333 null 0.0501 exc -0.0168 (58s)
dinov2_b  b 27 delta 0.0339 null 0.0501 exc -0.0163 (56s)
dinov2_b  b 28 delta 0.0335 null 0.0501 exc -0.0166 (57s)
dinov2_b  b 29 delta 0.0336 null 0.0502 exc -0.0166 (61s)
dinov2_l  b -1 delta 0.0297 null 0.0433 exc -0.0136 (93s)
dinov2_l  b  0 delta 0.0298 null 0.0431 exc -0.0134 (98s)
dinov2_l  b  1 delta 0.0297 null 0.0432 exc -0.0135 (100s)
dinov2_l  b  2 delta 0.0297 null 0.0432 exc -0.0135 (105s)
dinov2_l  b  3 delta 0.0297 null 0.0432 exc -0.0135 (76s)
dinov2_l  b  4 delta 0.0296 null 0.0432 exc -0.0136 (73s)
dinov2_l  b  5 delta 0.0297 null 0.0431 exc -0.0135 (57s)
dinov2_l  b  6 delta 0.0299 null 0.0432 exc -0.0133 (59s)
dinov2_l  b  7 delta 0.0295 null 0.0432 exc -0.0136 (61s)
dinov2_l  b  8 delta 0.0297 null 0.0431 exc -0.0134 (75s)
dinov2_l  b  9 delta 0.0298 null 0.0431 exc -0.0134 (78s)
dinov2_l  b 10 delta 0.0297 null 0.0431 exc -0.0134 (81s)
dinov2_l  b 11 delta 0.0298 null 0.0431 exc -0.0134 (81s)
dinov2_l  b 12 delta 0.0296 null 0.0432 exc -0.0135 (74s)
dinov2_l  b 13 delta 0.0298 null 0.0432 exc -0.0133 (68s)
dinov2_l  b 14 delta 0.0299 null 0.0432 exc -0.0132 (74s)
dinov2_l  b 15 delta 0.0296 null 0.0432 exc -0.0136 (75s)
dinov2_l  b 16 delta 0.0297 null 0.0432 exc -0.0135 (75s)
dinov2_l  b 17 delta 0.0299 null 0.0432 exc -0.0132 (73s)
dinov2_l  b 18 delta 0.0299 null 0.0432 exc -0.0132 (74s)
dinov2_l  b 19 delta 0.0297 null 0.0432 exc -0.0135 (75s)
dinov2_l  b 20 delta 0.0299 null 0.0432 exc -0.0133 (71s)
dinov2_l  b 21 delta 0.0297 null 0.0431 exc -0.0135 (76s)
dinov2_l  b 22 delta 0.0297 null 0.0432 exc -0.0135 (73s)
dinov2_l  b 23 delta 0.0298 null 0.0432 exc -0.0134 (69s)
dinov2_l  b 24 delta 0.0296 null 0.0432 exc -0.0136 (70s)
dinov2_l  b 25 delta 0.0299 null 0.0431 exc -0.0133 (76s)
dinov2_l  b 26 delta 0.0299 null 0.0432 exc -0.0132 (76s)
dinov2_l  b 27 delta 0.0298 null 0.0431 exc -0.0134 (73s)
dinov2_l  b 28 delta 0.0294 null 0.0431 exc -0.0137 (76s)
dinov2_l  b 29 delta 0.0297 null 0.0432 exc -0.0136 (71s)
dinov2_g  b -1 delta 0.0326 null 0.0407 exc -0.0080 (106s)
dinov2_g  b  0 delta 0.0327 null 0.0406 exc -0.0079 (95s)
dinov2_g  b  1 delta 0.0318 null 0.0406 exc -0.0089 (101s)
dinov2_g  b  2 delta 0.0322 null 0.0406 exc -0.0085 (106s)
dinov2_g  b  3 delta 0.0321 null 0.0406 exc -0.0085 (92s)
dinov2_g  b  4 delta 0.0326 null 0.0407 exc -0.0080 (88s)
dinov2_g  b  5 delta 0.0320 null 0.0406 exc -0.0085 (93s)
dinov2_g  b  6 delta 0.0324 null 0.0406 exc -0.0082 (75s)
dinov2_g  b  7 delta 0.0321 null 0.0406 exc -0.0085 (56s)
dinov2_g  b  8 delta 0.0323 null 0.0405 exc -0.0083 (52s)
dinov2_g  b  9 delta 0.0321 null 0.0406 exc -0.0085 (47s)
dinov2_g  b 10 delta 0.0326 null 0.0406 exc -0.0080 (45s)
dinov2_g  b 11 delta 0.0327 null 0.0406 exc -0.0079 (38s)
dinov2_g  b 12 delta 0.0323 null 0.0406 exc -0.0083 (37s)
dinov2_g  b 13 delta 0.0322 null 0.0406 exc -0.0084 (37s)
dinov2_g  b 14 delta 0.0322 null 0.0406 exc -0.0084 (37s)
dinov2_g  b 15 delta 0.0321 null 0.0406 exc -0.0084 (37s)
dinov2_g  b 16 delta 0.0323 null 0.0406 exc -0.0083 (38s)
dinov2_g  b 17 delta 0.0327 null 0.0406 exc -0.0079 (40s)
dinov2_g  b 18 delta 0.0329 null 0.0406 exc -0.0077 (40s)
dinov2_g  b 19 delta 0.0317 null 0.0406 exc -0.0089 (40s)
dinov2_g  b 20 delta 0.0327 null 0.0406 exc -0.0079 (40s)
dinov2_g  b 21 delta 0.0326 null 0.0406 exc -0.0080 (39s)
dinov2_g  b 22 delta 0.0317 null 0.0406 exc -0.0089 (40s)
dinov2_g  b 23 delta 0.0321 null 0.0406 exc -0.0085 (37s)
dinov2_g  b 24 delta 0.0317 null 0.0406 exc -0.0090 (37s)
dinov2_g  b 25 delta 0.0326 null 0.0405 exc -0.0079 (36s)
dinov2_g  b 26 delta 0.0317 null 0.0406 exc -0.0089 (36s)
dinov2_g  b 27 delta 0.0324 null 0.0406 exc -0.0081 (38s)
dinov2_g  b 28 delta 0.0317 null 0.0406 exc -0.0088 (39s)
dinov2_g  b 29 delta 0.0324 null 0.0407 exc -0.0083 (40s)
Done part b3
