star  K20 r0.1 iso   n 100 s0: depth -0.0052 z -0.2 (27s)
star  K20 r0.1 iso   n 100 s1: depth -0.0094 z -0.5 (22s)
star  K20 r0.1 iso   n 100 s2: depth +0.0047 z +0.2 (20s)
star  K20 r0.1 iso   n 100 s3: depth +0.0048 z +0.2 (20s)
star  K20 r0.1 iso   n 100 s4: depth +0.0005 z +0.0 (20s)
star  K20 r0.1 iso   n1000 s0: depth -0.0064 z -0.3 (59s)
star  K20 r0.1 iso   n1000 s1: depth -0.0087 z -0.4 (58s)
star  K20 r0.1 iso   n1000 s2: depth +0.0045 z +0.2 (61s)
star  K20 r0.1 iso   n1000 s3: depth +0.0039 z +0.2 (58s)
star  K20 r0.1 iso   n1000 s4: depth -0.0006 z -0.0 (57s)
star  K20 r0.1 aniso n 100 s0: depth -0.0050 z -0.2 (22s)
star  K20 r0.1 aniso n 100 s1: depth -0.0068 z -0.3 (21s)
star  K20 r0.1 aniso n 100 s2: depth +0.0031 z +0.1 (21s)
star  K20 r0.1 aniso n 100 s3: depth +0.0019 z +0.1 (22s)
star  K20 r0.1 aniso n 100 s4: depth +0.0018 z +0.1 (21s)
star  K20 r0.1 aniso n1000 s0: depth -0.0062 z -0.3 (64s)
star  K20 r0.1 aniso n1000 s1: depth -0.0087 z -0.4 (60s)
star  K20 r0.1 aniso n1000 s2: depth +0.0054 z +0.3 (59s)
star  K20 r0.1 aniso n1000 s3: depth +0.0040 z +0.2 (60s)
star  K20 r0.1 aniso n1000 s4: depth -0.0012 z -0.1 (67s)
star  K20 r0.3 iso   n 100 s0: depth -0.0066 z -0.3 (23s)
star  K20 r0.3 iso   n 100 s1: depth -0.0102 z -0.5 (22s)
star  K20 r0.3 iso   n 100 s2: depth +0.0018 z +0.1 (24s)
star  K20 r0.3 iso   n 100 s3: depth -0.0013 z -0.1 (20s)
star  K20 r0.3 iso   n 100 s4: depth -0.0031 z -0.2 (23s)
star  K20 r0.3 iso   n1000 s0: depth -0.0027 z -0.1 (79s)
star  K20 r0.3 iso   n1000 s1: depth -0.0073 z -0.4 (81s)
star  K20 r0.3 iso   n1000 s2: depth +0.0017 z +0.1 (59s)
star  K20 r0.3 iso   n1000 s3: depth +0.0029 z +0.2 (68s)
star  K20 r0.3 iso   n1000 s4: depth -0.0005 z -0.0 (83s)
star  K20 r0.3 aniso n 100 s0: depth -0.0071 z -0.4 (27s)
star  K20 r0.3 aniso n 100 s1: depth -0.0001 z -0.0 (25s)
star  K20 r0.3 aniso n 100 s2: depth -0.0028 z -0.1 (27s)
star  K20 r0.3 aniso n 100 s3: depth -0.0012 z -0.1 (26s)
star  K20 r0.3 aniso n 100 s4: depth -0.0047 z -0.2 (27s)
star  K20 r0.3 aniso n1000 s0: depth +0.0006 z +0.0 (79s)
star  K20 r0.3 aniso n1000 s1: depth -0.0014 z -0.1 (91s)
star  K20 r0.3 aniso n1000 s2: depth -0.0001 z -0.0 (82s)
star  K20 r0.3 aniso n1000 s3: depth +0.0026 z +0.2 (90s)
star  K20 r0.3 aniso n1000 s4: depth -0.0050 z -0.3 (85s)
star  K20 r0.6 iso   n 100 s0: depth -0.0401 z -2.5 (23s)
star  K20 r0.6 iso   n 100 s1: depth -0.0425 z -3.0 (21s)
star  K20 r0.6 iso   n 100 s2: depth -0.0375 z -2.3 (24s)
star  K20 r0.6 iso   n 100 s3: depth -0.0349 z -2.1 (23s)
star  K20 r0.6 iso   n 100 s4: depth -0.0407 z -2.9 (23s)
star  K20 r0.6 iso   n1000 s0: depth -0.0005 z -0.0 (82s)
star  K20 r0.6 iso   n1000 s1: depth -0.0037 z -0.3 (62s)
star  K20 r0.6 iso   n1000 s2: depth -0.0007 z -0.1 (81s)
star  K20 r0.6 iso   n1000 s3: depth -0.0012 z -0.1 (63s)
star  K20 r0.6 iso   n1000 s4: depth -0.0010 z -0.1 (53s)
star  K20 r0.6 aniso n 100 s0: depth +0.0173 z +1.7 (20s)
star  K20 r0.6 aniso n 100 s1: depth +0.0070 z +0.6 (20s)
star  K20 r0.6 aniso n 100 s2: depth +0.0199 z +1.3 (19s)
star  K20 r0.6 aniso n 100 s3: depth +0.0101 z +0.7 (20s)
star  K20 r0.6 aniso n 100 s4: depth +0.0066 z +0.5 (20s)
star  K20 r0.6 aniso n1000 s0: depth -0.0014 z -0.1 (54s)
star  K20 r0.6 aniso n1000 s1: depth +0.0011 z +0.1 (54s)
star  K20 r0.6 aniso n1000 s2: depth -0.0028 z -0.3 (55s)
star  K20 r0.6 aniso n1000 s3: depth -0.0069 z -0.5 (54s)
star  K20 r0.6 aniso n1000 s4: depth +0.0003 z +0.0 (55s)
hier2 K20 r0.1 iso   n 100 s0: depth -0.1149 z -21.5 (19s)
hier2 K20 r0.1 iso   n 100 s1: depth -0.1187 z -23.9 (18s)
hier2 K20 r0.1 iso   n 100 s2: depth -0.1024 z -15.7 (18s)
hier2 K20 r0.1 iso   n 100 s3: depth -0.1148 z -15.3 (18s)
hier2 K20 r0.1 iso   n 100 s4: depth -0.1114 z -20.2 (18s)
hier2 K20 r0.1 iso   n1000 s0: depth -0.1088 z -26.3 (52s)
hier2 K20 r0.1 iso   n1000 s1: depth -0.1168 z -18.4 (53s)
hier2 K20 r0.1 iso   n1000 s2: depth -0.1051 z -17.8 (54s)
hier2 K20 r0.1 iso   n1000 s3: depth -0.1116 z -21.3 (53s)
hier2 K20 r0.1 iso   n1000 s4: depth -0.1104 z -19.0 (55s)
hier2 K20 r0.1 aniso n 100 s0: depth -0.1146 z -20.6 (28s)
hier2 K20 r0.1 aniso n 100 s1: depth -0.1163 z -22.1 (28s)
hier2 K20 r0.1 aniso n 100 s2: depth -0.1054 z -16.4 (28s)
hier2 K20 r0.1 aniso n 100 s3: depth -0.1143 z -15.2 (27s)
hier2 K20 r0.1 aniso n 100 s4: depth -0.1110 z -18.6 (28s)
hier2 K20 r0.1 aniso n1000 s0: depth -0.1088 z -25.1 (63s)
hier2 K20 r0.1 aniso n1000 s1: depth -0.1161 z -18.0 (62s)
hier2 K20 r0.1 aniso n1000 s2: depth -0.1064 z -17.7 (65s)
hier2 K20 r0.1 aniso n1000 s3: depth -0.1110 z -20.6 (65s)
hier2 K20 r0.1 aniso n1000 s4: depth -0.1101 z -19.9 (64s)
hier2 K20 r0.3 iso   n 100 s0: depth -0.1070 z -20.6 (19s)
hier2 K20 r0.3 iso   n 100 s1: depth -0.1143 z -24.9 (19s)
hier2 K20 r0.3 iso   n 100 s2: depth -0.0977 z -16.0 (18s)
hier2 K20 r0.3 iso   n 100 s3: depth -0.1061 z -14.8 (18s)
hier2 K20 r0.3 iso   n 100 s4: depth -0.1018 z -17.8 (18s)
hier2 K20 r0.3 iso   n1000 s0: depth -0.1008 z -21.9 (54s)
hier2 K20 r0.3 iso   n1000 s1: depth -0.1080 z -16.4 (53s)
hier2 K20 r0.3 iso   n1000 s2: depth -0.0984 z -16.9 (55s)
hier2 K20 r0.3 iso   n1000 s3: depth -0.1043 z -20.9 (59s)
hier2 K20 r0.3 iso   n1000 s4: depth -0.1023 z -17.4 (54s)
hier2 K20 r0.3 aniso n 100 s0: depth -0.1073 z -18.4 (28s)
hier2 K20 r0.3 aniso n 100 s1: depth -0.1100 z -21.8 (27s)
hier2 K20 r0.3 aniso n 100 s2: depth -0.1027 z -16.5 (33s)
hier2 K20 r0.3 aniso n 100 s3: depth -0.1053 z -14.6 (35s)
hier2 K20 r0.3 aniso n 100 s4: depth -0.1005 z -16.9 (35s)
hier2 K20 r0.3 aniso n1000 s0: depth -0.1001 z -19.5 (88s)
hier2 K20 r0.3 aniso n1000 s1: depth -0.1029 z -13.6 (90s)
hier2 K20 r0.3 aniso n1000 s2: depth -0.0995 z -16.0 (80s)
hier2 K20 r0.3 aniso n1000 s3: depth -0.1007 z -20.5 (69s)
hier2 K20 r0.3 aniso n1000 s4: depth -0.0993 z -14.6 (84s)
hier2 K20 r0.6 iso   n 100 s0: depth -0.0884 z -17.6 (18s)
hier2 K20 r0.6 iso   n 100 s1: depth -0.0946 z -21.9 (18s)
hier2 K20 r0.6 iso   n 100 s2: depth -0.0833 z -14.8 (18s)
hier2 K20 r0.6 iso   n 100 s3: depth -0.0873 z -13.0 (18s)
hier2 K20 r0.6 iso   n 100 s4: depth -0.0841 z -16.8 (18s)
hier2 K20 r0.6 iso   n1000 s0: depth -0.0829 z -14.7 (64s)
hier2 K20 r0.6 iso   n1000 s1: depth -0.0894 z -21.6 (79s)
hier2 K20 r0.6 iso   n1000 s2: depth -0.0811 z -13.8 (78s)
hier2 K20 r0.6 iso   n1000 s3: depth -0.0867 z -19.9 (79s)
hier2 K20 r0.6 iso   n1000 s4: depth -0.0836 z -16.1 (79s)
hier2 K20 r0.6 aniso n 100 s0: depth -0.0414 z -5.2 (36s)
hier2 K20 r0.6 aniso n 100 s1: depth -0.0402 z -5.0 (36s)
hier2 K20 r0.6 aniso n 100 s2: depth -0.0386 z -5.2 (38s)
hier2 K20 r0.6 aniso n 100 s3: depth -0.0372 z -3.9 (35s)
hier2 K20 r0.6 aniso n 100 s4: depth -0.0483 z -5.5 (32s)
hier2 K20 r0.6 aniso n1000 s0: depth -0.0232 z -1.9 (65s)
hier2 K20 r0.6 aniso n1000 s1: depth -0.0320 z -3.6 (64s)
hier2 K20 r0.6 aniso n1000 s2: depth -0.0260 z -2.9 (61s)
hier2 K20 r0.6 aniso n1000 s3: depth -0.0265 z -2.3 (63s)
hier2 K20 r0.6 aniso n1000 s4: depth -0.0220 z -2.0 (75s)
hier3 K20 n100: infeasible (180 leaves > 100 points), skipped
hier3 K20 n100: infeasible (180 leaves > 100 points), skipped
hier3 K20 n100: infeasible (180 leaves > 100 points), skipped
hier3 K20 n100: infeasible (180 leaves > 100 points), skipped
hier3 K20 n100: infeasible (180 leaves > 100 points), skipped
hier3 K20 r0.1 iso   n1000 s0: depth -0.1129 z -15.9 (58s)
hier3 K20 r0.1 iso   n1000 s1: depth -0.1173 z -26.6 (55s)
hier3 K20 r0.1 iso   n1000 s2: depth -0.1155 z -12.4 (56s)
hier3 K20 r0.1 iso   n1000 s3: depth -0.1152 z -16.1 (55s)
hier3 K20 r0.1 iso   n1000 s4: depth -0.1212 z -22.2 (56s)
hier3 K20 n100: infeasible (180 leaves > 100 points), skipped
hier3 K20 n100: infeasible (180 leaves > 100 points), skipped
hier3 K20 n100: infeasible (180 leaves > 100 points), skipped
hier3 K20 n100: infeasible (180 leaves > 100 points), skipped
hier3 K20 n100: infeasible (180 leaves > 100 points), skipped
hier3 K20 r0.1 aniso n1000 s0: depth -0.1143 z -18.1 (74s)
hier3 K20 r0.1 aniso n1000 s1: depth -0.1162 z -21.6 (96s)
hier3 K20 r0.1 aniso n1000 s2: depth -0.1159 z -12.6 (101s)
hier3 K20 r0.1 aniso n1000 s3: depth -0.1155 z -17.4 (72s)
hier3 K20 r0.1 aniso n1000 s4: depth -0.1212 z -22.8 (72s)
hier3 K20 n100: infeasible (180 leaves > 100 points), skipped
hier3 K20 n100: infeasible (180 leaves > 100 points), skipped
hier3 K20 n100: infeasible (180 leaves > 100 points), skipped
hier3 K20 n100: infeasible (180 leaves > 100 points), skipped
hier3 K20 n100: infeasible (180 leaves > 100 points), skipped
hier3 K20 r0.3 iso   n1000 s0: depth -0.1040 z -17.0 (57s)
hier3 K20 r0.3 iso   n1000 s1: depth -0.1120 z -28.1 (56s)
hier3 K20 r0.3 iso   n1000 s2: depth -0.1077 z -12.6 (56s)
hier3 K20 r0.3 iso   n1000 s3: depth -0.1096 z -16.8 (55s)
hier3 K20 r0.3 iso   n1000 s4: depth -0.1138 z -22.1 (54s)
hier3 K20 n100: infeasible (180 leaves > 100 points), skipped
hier3 K20 n100: infeasible (180 leaves > 100 points), skipped
hier3 K20 n100: infeasible (180 leaves > 100 points), skipped
hier3 K20 n100: infeasible (180 leaves > 100 points), skipped
hier3 K20 n100: infeasible (180 leaves > 100 points), skipped
hier3 K20 r0.3 aniso n1000 s0: depth -0.1074 z -15.9 (73s)
hier3 K20 r0.3 aniso n1000 s1: depth -0.1064 z -23.3 (72s)
hier3 K20 r0.3 aniso n1000 s2: depth -0.1064 z -13.4 (73s)
hier3 K20 r0.3 aniso n1000 s3: depth -0.1053 z -16.1 (72s)
hier3 K20 r0.3 aniso n1000 s4: depth -0.1092 z -22.5 (72s)
hier3 K20 n100: infeasible (180 leaves > 100 points), skipped
hier3 K20 n100: infeasible (180 leaves > 100 points), skipped
hier3 K20 n100: infeasible (180 leaves > 100 points), skipped
hier3 K20 n100: infeasible (180 leaves > 100 points), skipped
hier3 K20 n100: infeasible (180 leaves > 100 points), skipped
hier3 K20 r0.6 iso   n1000 s0: depth -0.0858 z -21.0 (53s)
hier3 K20 r0.6 iso   n1000 s1: depth -0.0925 z -18.6 (53s)
hier3 K20 r0.6 iso   n1000 s2: depth -0.0889 z -11.6 (63s)
hier3 K20 r0.6 iso   n1000 s3: depth -0.0935 z -15.4 (79s)
hier3 K20 r0.6 iso   n1000 s4: depth -0.0954 z -20.1 (81s)
hier3 K20 n100: infeasible (180 leaves > 100 points), skipped
hier3 K20 n100: infeasible (180 leaves > 100 points), skipped
hier3 K20 n100: infeasible (180 leaves > 100 points), skipped
hier3 K20 n100: infeasible (180 leaves > 100 points), skipped
hier3 K20 n100: infeasible (180 leaves > 100 points), skipped
hier3 K20 r0.6 aniso n1000 s0: depth -0.0287 z -2.2 (70s)
hier3 K20 r0.6 aniso n1000 s1: depth -0.0311 z -3.3 (64s)
hier3 K20 r0.6 aniso n1000 s2: depth -0.0279 z -2.1 (64s)
hier3 K20 r0.6 aniso n1000 s3: depth -0.0383 z -3.2 (60s)
hier3 K20 r0.6 aniso n1000 s4: depth -0.0353 z -4.1 (55s)
Done part k20
