i21k_t    b -1 delta 0.0878 null 0.0934 exc -0.0055 (33s)
i21k_t    b  0 delta 0.0887 null 0.0930 exc -0.0043 (29s)
i21k_t    b  1 delta 0.0881 null 0.0931 exc -0.0049 (29s)
i21k_t    b  2 delta 0.0883 null 0.0931 exc -0.0049 (34s)
i21k_t    b  3 delta 0.0882 null 0.0931 exc -0.0050 (34s)
i21k_t    b  4 delta 0.0877 null 0.0932 exc -0.0055 (32s)
i21k_t    b  5 delta 0.0869 null 0.0932 exc -0.0063 (32s)
i21k_t    b  6 delta 0.0886 null 0.0931 exc -0.0045 (35s)
i21k_t    b  7 delta 0.0883 null 0.0931 exc -0.0049 (35s)
i21k_t    b  8 delta 0.0879 null 0.0932 exc -0.0053 (34s)
i21k_t    b  9 delta 0.0883 null 0.0931 exc -0.0049 (33s)
i21k_t    b 10 delta 0.0885 null 0.0932 exc -0.0047 (33s)
i21k_t    b 11 delta 0.0887 null 0.0932 exc -0.0045 (33s)
i21k_t    b 12 delta 0.0879 null 0.0932 exc -0.0053 (33s)
i21k_t    b 13 delta 0.0868 null 0.0931 exc -0.0063 (32s)
i21k_t    b 14 delta 0.0885 null 0.0930 exc -0.0045 (34s)
i21k_t    b 15 delta 0.0857 null 0.0931 exc -0.0074 (34s)
i21k_t    b 16 delta 0.0880 null 0.0932 exc -0.0052 (33s)
i21k_t    b 17 delta 0.0871 null 0.0932 exc -0.0061 (31s)
i21k_t    b 18 delta 0.0869 null 0.0931 exc -0.0062 (32s)
i21k_t    b 19 delta 0.0885 null 0.0932 exc -0.0047 (33s)
i21k_t    b 20 delta 0.0868 null 0.0931 exc -0.0063 (34s)
i21k_t    b 21 delta 0.0879 null 0.0933 exc -0.0054 (36s)
i21k_t    b 22 delta 0.0861 null 0.0931 exc -0.0071 (34s)
i21k_t    b 23 delta 0.0860 null 0.0932 exc -0.0072 (33s)
i21k_t    b 24 delta 0.0896 null 0.0930 exc -0.0034 (33s)
i21k_t    b 25 delta 0.0902 null 0.0931 exc -0.0029 (34s)
i21k_t    b 26 delta 0.0889 null 0.0931 exc -0.0042 (35s)
i21k_t    b 27 delta 0.0886 null 0.0931 exc -0.0045 (35s)
i21k_t    b 28 delta 0.0892 null 0.0932 exc -0.0040 (33s)
i21k_t    b 29 delta 0.0888 null 0.0931 exc -0.0042 (32s)
i21k_s    b -1 delta 0.0629 null 0.0755 exc -0.0126 (39s)
i21k_s    b  0 delta 0.0646 null 0.0751 exc -0.0105 (40s)
i21k_s    b  1 delta 0.0630 null 0.0751 exc -0.0121 (39s)
i21k_s    b  2 delta 0.0640 null 0.0751 exc -0.0112 (38s)
i21k_s    b  3 delta 0.0629 null 0.0752 exc -0.0123 (39s)
i21k_s    b  4 delta 0.0635 null 0.0753 exc -0.0117 (39s)
i21k_s    b  5 delta 0.0619 null 0.0751 exc -0.0132 (39s)
i21k_s    b  6 delta 0.0632 null 0.0751 exc -0.0119 (37s)
i21k_s    b  7 delta 0.0634 null 0.0751 exc -0.0117 (37s)
i21k_s    b  8 delta 0.0634 null 0.0752 exc -0.0118 (40s)
i21k_s    b  9 delta 0.0624 null 0.0751 exc -0.0127 (38s)
i21k_s    b 10 delta 0.0630 null 0.0752 exc -0.0122 (38s)
i21k_s    b 11 delta 0.0634 null 0.0752 exc -0.0118 (39s)
i21k_s    b 12 delta 0.0629 null 0.0752 exc -0.0123 (37s)
i21k_s    b 13 delta 0.0631 null 0.0752 exc -0.0121 (35s)
i21k_s    b 14 delta 0.0632 null 0.0751 exc -0.0119 (36s)
i21k_s    b 15 delta 0.0616 null 0.0752 exc -0.0136 (38s)
i21k_s    b 16 delta 0.0617 null 0.0752 exc -0.0135 (42s)
i21k_s    b 17 delta 0.0627 null 0.0751 exc -0.0124 (51s)
i21k_s    b 18 delta 0.0622 null 0.0751 exc -0.0130 (56s)
i21k_s    b 19 delta 0.0635 null 0.0752 exc -0.0117 (53s)
i21k_s    b 20 delta 0.0636 null 0.0751 exc -0.0115 (53s)
i21k_s    b 21 delta 0.0625 null 0.0752 exc -0.0127 (50s)
i21k_s    b 22 delta 0.0621 null 0.0751 exc -0.0130 (56s)
i21k_s    b 23 delta 0.0630 null 0.0752 exc -0.0122 (62s)
i21k_s    b 24 delta 0.0633 null 0.0751 exc -0.0117 (40s)
i21k_s    b 25 delta 0.0632 null 0.0751 exc -0.0119 (37s)
i21k_s    b 26 delta 0.0632 null 0.0751 exc -0.0119 (39s)
i21k_s    b 27 delta 0.0633 null 0.0751 exc -0.0118 (39s)
i21k_s    b 28 delta 0.0631 null 0.0751 exc -0.0121 (38s)
i21k_s    b 29 delta 0.0629 null 0.0752 exc -0.0123 (31s)
i21k_b    b -1 delta 0.0539 null 0.0704 exc -0.0165 (59s)
i21k_b    b  0 delta 0.0543 null 0.0699 exc -0.0156 (60s)
i21k_b    b  1 delta 0.0534 null 0.0698 exc -0.0164 (61s)
i21k_b    b  2 delta 0.0539 null 0.0699 exc -0.0160 (61s)
i21k_b    b  3 delta 0.0545 null 0.0700 exc -0.0155 (68s)
i21k_b    b  4 delta 0.0548 null 0.0701 exc -0.0153 (65s)
i21k_b    b  5 delta 0.0539 null 0.0700 exc -0.0160 (59s)
i21k_b    b  6 delta 0.0542 null 0.0699 exc -0.0156 (61s)
i21k_b    b  7 delta 0.0532 null 0.0699 exc -0.0167 (58s)
i21k_b    b  8 delta 0.0541 null 0.0700 exc -0.0159 (58s)
i21k_b    b  9 delta 0.0541 null 0.0699 exc -0.0158 (59s)
i21k_b    b 10 delta 0.0539 null 0.0700 exc -0.0161 (59s)
i21k_b    b 11 delta 0.0544 null 0.0700 exc -0.0156 (57s)
i21k_b    b 12 delta 0.0544 null 0.0700 exc -0.0155 (57s)
i21k_b    b 13 delta 0.0530 null 0.0699 exc -0.0169 (60s)
i21k_b    b 14 delta 0.0547 null 0.0699 exc -0.0153 (60s)
i21k_b    b 15 delta 0.0525 null 0.0701 exc -0.0176 (59s)
i21k_b    b 16 delta 0.0541 null 0.0700 exc -0.0159 (61s)
i21k_b    b 17 delta 0.0535 null 0.0699 exc -0.0165 (52s)
i21k_b    b 18 delta 0.0545 null 0.0699 exc -0.0154 (56s)
i21k_b    b 19 delta 0.0547 null 0.0700 exc -0.0153 (61s)
i21k_b    b 20 delta 0.0546 null 0.0699 exc -0.0153 (60s)
i21k_b    b 21 delta 0.0544 null 0.0700 exc -0.0156 (61s)
i21k_b    b 22 delta 0.0538 null 0.0699 exc -0.0161 (60s)
i21k_b    b 23 delta 0.0544 null 0.0700 exc -0.0157 (59s)
i21k_b    b 24 delta 0.0526 null 0.0699 exc -0.0174 (58s)
i21k_b    b 25 delta 0.0544 null 0.0700 exc -0.0155 (60s)
i21k_b    b 26 delta 0.0538 null 0.0699 exc -0.0161 (59s)
i21k_b    b 27 delta 0.0536 null 0.0699 exc -0.0164 (54s)
i21k_b    b 28 delta 0.0534 null 0.0700 exc -0.0165 (48s)
i21k_b    b 29 delta 0.0546 null 0.0700 exc -0.0154 (63s)
Done part b1
