gpt2     photo       delta 0.1306 null 0.0951 exc +0.0355 z=+5.6 (51s)
gpt2     name_only   delta 0.1535 null 0.1217 exc +0.0318 z=+3.0 (6s)
gpt2     image       delta 0.1035 null 0.0760 exc +0.0275 z=+11.1 (6s)
gpt2     closeup     delta 0.0882 null 0.0804 exc +0.0078 z=+1.4 (6s)
gpt2     this_is     delta 0.0844 null 0.0818 exc +0.0026 z=+0.4 (6s)
gpt2     wild        delta 0.0897 null 0.0878 exc +0.0019 z=+0.5 (6s)
gpt2     def_pair    delta 0.1262 null 0.0961 exc +0.0300 z=+4.0 (6s)
gpt2     gloss_only  delta 0.1308 null 0.0970 exc +0.0337 z=+4.9 (6s)
gpt2     concept     delta 0.1142 null 0.0736 exc +0.0406 z=+12.3 (6s)
gpt2     discussion  delta 0.1000 null 0.0851 exc +0.0148 z=+3.3 (6s)
gpt2_m   photo       delta 0.0996 null 0.1256 exc -0.0260 z=-4.3 (138s)
gpt2_m   name_only   delta 0.1207 null 0.1146 exc +0.0061 z=+0.8 (17s)
gpt2_m   image       delta 0.1137 null 0.1196 exc -0.0059 z=-1.0 (17s)
gpt2_m   closeup     delta 0.1102 null 0.1099 exc +0.0002 z=+0.0 (18s)
gpt2_m   this_is     delta 0.1433 null 0.1381 exc +0.0052 z=+0.7 (19s)
gpt2_m   wild        delta 0.1038 null 0.1130 exc -0.0091 z=-1.7 (18s)
gpt2_m   def_pair    delta 0.0869 null 0.1032 exc -0.0163 z=-3.4 (19s)
gpt2_m   gloss_only  delta 0.1066 null 0.1039 exc +0.0027 z=+0.4 (20s)
gpt2_m   concept     delta 0.1230 null 0.1067 exc +0.0163 z=+2.7 (19s)
gpt2_m   discussion  delta 0.1060 null 0.1264 exc -0.0204 z=-3.2 (15s)
/home/javi/anaconda3/lib/python3.8/site-packages/huggingface_hub/file_download.py:801: UserWarning: Not enough free disk space to download the file. The expected file size is: 3247.16 MB. The target location /home/javi/.cache/huggingface/hub/models--gpt2-large/blobs only has 894.91 MB free disk space.
  warnings.warn(
Traceback (most recent call last):
  File "/home/javi/anaconda3/lib/python3.8/site-packages/transformers/modeling_utils.py", line 3809, in from_pretrained
    resolved_archive_file = cached_file(pretrained_model_name_or_path, filename, **cached_file_kwargs)
  File "/home/javi/anaconda3/lib/python3.8/site-packages/transformers/utils/hub.py", line 403, in cached_file
    resolved_file = hf_hub_download(
  File "/home/javi/anaconda3/lib/python3.8/site-packages/huggingface_hub/utils/_validators.py", line 114, in _inner_fn
    return fn(*args, **kwargs)
  File "/home/javi/anaconda3/lib/python3.8/site-packages/huggingface_hub/file_download.py", line 1010, in hf_hub_download
    return _hf_hub_download_to_cache_dir(
  File "/home/javi/anaconda3/lib/python3.8/site-packages/huggingface_hub/file_download.py", line 1171, in _hf_hub_download_to_cache_dir
    _download_to_tmp_and_move(
  File "/home/javi/anaconda3/lib/python3.8/site-packages/huggingface_hub/file_download.py", line 1723, in _download_to_tmp_and_move
    xet_get(
  File "/home/javi/anaconda3/lib/python3.8/site-packages/huggingface_hub/file_download.py", line 629, in xet_get
    download_files(
RuntimeError: Data processing error: CAS service error : IO Error: No space left on device (os error 28)

The above exception was the direct cause of the following exception:

Traceback (most recent call last):
  File "expR30_template_nulls.py", line 95, in <module>
    main()
  File "expR30_template_nulls.py", line 83, in main
    X = encode_causal(hf, TEMPLATES[tkey], fp16)
  File "/home/javi/anaconda3/lib/python3.8/site-packages/torch/utils/_contextlib.py", line 115, in decorate_context
    return func(*args, **kwargs)
  File "expR30_template_nulls.py", line 50, in encode_causal
    mod = AutoModel.from_pretrained(hf, **kw).to(DEV).eval()
  File "/home/javi/anaconda3/lib/python3.8/site-packages/transformers/models/auto/auto_factory.py", line 564, in from_pretrained
    return model_class.from_pretrained(
  File "/home/javi/anaconda3/lib/python3.8/site-packages/transformers/modeling_utils.py", line 3925, in from_pretrained
    raise EnvironmentError(
OSError: Can't load the model for 'gpt2-large'. If you were trying to load it from 'https://huggingface.co/models', make sure you don't have a local directory with the same name. Otherwise, make sure 'gpt2-large' is the correct path to a directory containing a file named pytorch_model.bin, tf_model.h5, model.ckpt or flax_model.msgpack.
gpt2_l   photo       delta 0.0909 null 0.1242 exc -0.0333 z=-4.1 (266s)
gpt2_l   name_only   delta 0.0882 null 0.1057 exc -0.0175 z=-3.4 (11s)
gpt2_l   image       delta 0.0786 null 0.1271 exc -0.0486 z=-6.2 (11s)
gpt2_l   closeup     delta 0.0838 null 0.1299 exc -0.0461 z=-5.9 (11s)
gpt2_l   this_is     delta 0.1047 null 0.1556 exc -0.0508 z=-4.4 (11s)
gpt2_l   wild        delta 0.1017 null 0.1311 exc -0.0294 z=-4.4 (10s)
gpt2_l   def_pair    delta 0.0840 null 0.1026 exc -0.0186 z=-2.8 (13s)
gpt2_l   gloss_only  delta 0.0952 null 0.1081 exc -0.0129 z=-1.8 (13s)
gpt2_l   concept     delta 0.1003 null 0.1348 exc -0.0345 z=-3.2 (10s)
gpt2_l   discussion  delta 0.0935 null 0.1200 exc -0.0265 z=-3.1 (10s)
gpt2_xl  photo       delta 0.0801 null 0.1212 exc -0.0411 z=-4.5 (537s)
gpt2_xl  name_only   delta 0.0927 null 0.1135 exc -0.0208 z=-2.7 (13s)
gpt2_xl  image       delta 0.0802 null 0.1198 exc -0.0397 z=-5.2 (12s)
gpt2_xl  closeup     delta 0.0803 null 0.1201 exc -0.0398 z=-4.5 (15s)
gpt2_xl  this_is     delta 0.0835 null 0.1159 exc -0.0323 z=-3.7 (13s)
gpt2_xl  wild        delta 0.1074 null 0.1240 exc -0.0166 z=-1.7 (12s)
gpt2_xl  def_pair    delta 0.0864 null 0.1019 exc -0.0155 z=-3.1 (13s)
gpt2_xl  gloss_only  delta 0.0909 null 0.1037 exc -0.0128 z=-2.1 (13s)
gpt2_xl  concept     delta 0.0847 null 0.1199 exc -0.0352 z=-4.3 (13s)
gpt2_xl  discussion  delta 0.0879 null 0.1133 exc -0.0254 z=-3.2 (12s)
Done expR30
