i21k_t    cifar100     haar/p999 exc -0.0064 r 151/200 p 0.2488 (106s)
i21k_s    cifar100     haar/p999 exc -0.0003 r 111/200 p 0.4478 (112s)
i21k_b    cifar100     haar/p999 exc +0.0057 r 43/200 p 0.7861 (121s)
i21k_l    cifar100     haar/p999 exc -0.0205 r 200/200 p 0.0050 (118s)
dinov1_b  cifar100     haar/p999 exc -0.0316 r 200/200 p 0.0050 (114s)
dinov2_s  cifar100     haar/p999 exc -0.0306 r 200/200 p 0.0050 (95s)
dinov2_b  cifar100     haar/p999 exc -0.0313 r 200/200 p 0.0050 (120s)
dinov2_l  cifar100     haar/p999 exc -0.0348 r 200/200 p 0.0050 (140s)
dinov2_g  cifar100     haar/p999 exc -0.0395 r 200/200 p 0.0050 (129s)
clip_b    cifar100     haar/p999 exc -0.0195 r 200/200 p 0.0050 (119s)
clip_l    cifar100     haar/p999 exc -0.0181 r 200/200 p 0.0050 (129s)
siglip_b  cifar100     haar/p999 exc -0.0220 r 200/200 p 0.0050 (129s)
i21k_t    cifar10      haar/p999 exc -0.0213 r 172/200 p 0.1443 (105s)
i21k_s    cifar10      haar/p999 exc -0.0559 r 200/200 p 0.0050 (105s)
i21k_b    cifar10      haar/p999 exc -0.0499 r 200/200 p 0.0050 (105s)
i21k_l    cifar10      haar/p999 exc -0.0596 r 200/200 p 0.0050 (99s)
dinov1_b  cifar10      haar/p999 exc -0.0614 r 200/200 p 0.0050 (124s)
dinov2_s  cifar10      haar/p999 exc -0.0710 r 200/200 p 0.0050 (98s)
dinov2_b  cifar10      haar/p999 exc -0.1122 r 200/200 p 0.0050 (99s)
dinov2_l  cifar10      haar/p999 exc -0.1276 r 200/200 p 0.0050 (97s)
dinov2_g  cifar10      haar/p999 exc -0.1303 r 200/200 p 0.0050 (101s)
clip_b    cifar10      haar/p999 exc -0.0363 r 195/200 p 0.0299 (97s)
clip_l    cifar10      haar/p999 exc -0.0432 r 199/200 p 0.0100 (96s)
siglip_b  cifar10      haar/p999 exc -0.0502 r 199/200 p 0.0100 (97s)
i21k_t    dtd          haar/p999 exc -0.0142 r 197/200 p 0.0199 (119s)
i21k_s    dtd          haar/p999 exc -0.0186 r 199/200 p 0.0100 (112s)
i21k_b    dtd          haar/p999 exc -0.0208 r 200/200 p 0.0050 (106s)
i21k_l    dtd          haar/p999 exc -0.0311 r 200/200 p 0.0050 (111s)
dinov1_b  dtd          haar/p999 exc -0.0272 r 200/200 p 0.0050 (105s)
dinov2_s  dtd          haar/p999 exc -0.0179 r 200/200 p 0.0050 (109s)
dinov2_b  dtd          haar/p999 exc -0.0350 r 200/200 p 0.0050 (100s)
dinov2_l  dtd          haar/p999 exc -0.0420 r 200/200 p 0.0050 (100s)
dinov2_g  dtd          haar/p999 exc -0.0386 r 200/200 p 0.0050 (100s)
clip_b    dtd          haar/p999 exc -0.0240 r 200/200 p 0.0050 (90s)
clip_l    dtd          haar/p999 exc -0.0266 r 200/200 p 0.0050 (90s)
siglip_b  dtd          haar/p999 exc -0.0233 r 200/200 p 0.0050 (88s)
i21k_t    fashionmnist haar/p999 exc +0.0184 r 34/200 p 0.8308 (70s)
i21k_s    fashionmnist haar/p999 exc -0.0332 r 196/200 p 0.0249 (69s)
i21k_b    fashionmnist haar/p999 exc -0.0419 r 200/200 p 0.0050 (69s)
i21k_l    fashionmnist haar/p999 exc -0.0507 r 200/200 p 0.0050 (71s)
dinov1_b  fashionmnist haar/p999 exc -0.0067 r 127/200 p 0.3682 (71s)
dinov2_s  fashionmnist haar/p999 exc -0.0314 r 193/200 p 0.0398 (68s)
dinov2_b  fashionmnist haar/p999 exc -0.0618 r 200/200 p 0.0050 (68s)
dinov2_l  fashionmnist haar/p999 exc -0.0351 r 197/200 p 0.0199 (70s)
dinov2_g  fashionmnist haar/p999 exc -0.0455 r 199/200 p 0.0100 (72s)
clip_b    fashionmnist haar/p999 exc -0.0350 r 181/200 p 0.0995 (70s)
clip_l    fashionmnist haar/p999 exc -0.0368 r 188/200 p 0.0647 (69s)
siglip_b  fashionmnist haar/p999 exc -0.0420 r 198/200 p 0.0149 (71s)
i21k_t    mnist        haar/p999 exc -0.0257 r 168/200 p 0.1642 (69s)
i21k_s    mnist        haar/p999 exc -0.0367 r 181/200 p 0.0995 (70s)
i21k_b    mnist        haar/p999 exc -0.0130 r 142/200 p 0.2935 (71s)
i21k_l    mnist        haar/p999 exc -0.0396 r 193/200 p 0.0398 (70s)
dinov1_b  mnist        haar/p999 exc -0.0335 r 188/200 p 0.0647 (70s)
dinov2_s  mnist        haar/p999 exc -0.0042 r 112/200 p 0.4428 (67s)
dinov2_b  mnist        haar/p999 exc -0.0173 r 147/200 p 0.2687 (65s)
dinov2_l  mnist        haar/p999 exc -0.0138 r 132/200 p 0.3433 (65s)
dinov2_g  mnist        haar/p999 exc -0.0218 r 158/200 p 0.2139 (67s)
clip_b    mnist        haar/p999 exc -0.0007 r 104/200 p 0.4826 (64s)
clip_l    mnist        haar/p999 exc -0.0084 r 126/200 p 0.3731 (65s)
siglip_b  mnist        haar/p999 exc -0.0441 r 198/200 p 0.0149 (66s)
Done part tr (haar/p999)
