i21k_t    imagenet     exc +0.0069 z +1.3 above 0.05 [store] (14s)
i21k_s    imagenet     exc -0.0048 z -1.1 above 0.90 [store] (20s)
i21k_b    imagenet     exc -0.0065 z -1.8 above 1.00 [store] (32s)
i21k_l    imagenet     exc -0.0139 z -4.4 above 1.00 [store] (34s)
dinov1_b  imagenet     exc -0.0247 z -10.8 above 1.00 (24s)
dinov2_s  imagenet     exc -0.0220 z -16.4 above 1.00 (16s)
dinov2_b  imagenet     exc -0.0256 z -32.7 above 1.00 (24s)
dinov2_l  imagenet     exc -0.0234 z -44.2 above 1.00 (30s)
dinov2_g  imagenet     exc -0.0203 z -38.5 above 1.00 (39s)
clip_b    imagenet     exc -0.0061 z -1.6 above 0.95 (18s)
clip_l    imagenet     exc -0.0115 z -3.1 above 1.00 (22s)
siglip_b  imagenet     exc -0.0090 z -2.7 above 1.00 (21s)
i21k_t    cifar100     exc -0.0075 z -0.8 above 0.75 (7s)
i21k_s    cifar100     exc -0.0052 z -0.6 above 0.75 (8s)
i21k_b    cifar100     exc +0.0011 z +0.1 above 0.60 (8s)
i21k_l    cifar100     exc -0.0286 z -4.1 above 1.00 (9s)
dinov1_b  cifar100     exc -0.0407 z -7.0 above 1.00 (8s)
dinov2_s  cifar100     exc -0.0467 z -9.4 above 1.00 (8s)
dinov2_b  cifar100     exc -0.0570 z -13.7 above 1.00 (8s)
dinov2_l  cifar100     exc -0.0668 z -18.0 above 1.00 (8s)
dinov2_g  cifar100     exc -0.0729 z -21.5 above 1.00 (10s)
clip_b    cifar100     exc -0.0252 z -3.2 above 1.00 (8s)
clip_l    cifar100     exc -0.0261 z -3.8 above 1.00 (8s)
siglip_b  cifar100     exc -0.0286 z -4.0 above 1.00 (8s)
i21k_t    cifar10      exc -0.0506 z -1.9 above 1.00 (7s)
i21k_s    cifar10      exc -0.0901 z -3.3 above 1.00 (7s)
i21k_b    cifar10      exc -0.0830 z -2.8 above 1.00 (7s)
i21k_l    cifar10      exc -0.0962 z -3.8 above 1.00 (8s)
dinov1_b  cifar10      exc -0.0940 z -4.0 above 1.00 (7s)
dinov2_s  cifar10      exc -0.0952 z -3.7 above 1.00 (7s)
dinov2_b  cifar10      exc -0.1343 z -4.9 above 1.00 (7s)
dinov2_l  cifar10      exc -0.1535 z -5.6 above 1.00 (8s)
dinov2_g  cifar10      exc -0.1554 z -5.6 above 1.00 (9s)
clip_b    cifar10      exc -0.0713 z -2.6 above 1.00 (7s)
clip_l    cifar10      exc -0.0803 z -3.3 above 1.00 (7s)
siglip_b  cifar10      exc -0.0884 z -3.5 above 1.00 (7s)
i21k_t    dtd          exc -0.0241 z -2.1 above 1.00 (7s)
i21k_s    dtd          exc -0.0351 z -3.4 above 1.00 (7s)
i21k_b    dtd          exc -0.0415 z -4.4 above 1.00 (7s)
i21k_l    dtd          exc -0.0537 z -5.9 above 1.00 (7s)
dinov1_b  dtd          exc -0.0409 z -3.9 above 1.00 (7s)
dinov2_s  dtd          exc -0.0322 z -3.5 above 1.00 (7s)
dinov2_b  dtd          exc -0.0574 z -7.6 above 1.00 (7s)
dinov2_l  dtd          exc -0.0651 z -8.8 above 1.00 (7s)
dinov2_g  dtd          exc -0.0613 z -8.1 above 1.00 (7s)
clip_b    dtd          exc -0.0351 z -3.1 above 1.00 (7s)
clip_l    dtd          exc -0.0392 z -3.7 above 1.00 (7s)
siglip_b  dtd          exc -0.0386 z -3.8 above 1.00 (7s)
i21k_t    fashionmnist exc -0.0116 z -0.4 above 0.55 (7s)
i21k_s    fashionmnist exc -0.0599 z -2.4 above 1.00 (7s)
i21k_b    fashionmnist exc -0.0690 z -2.7 above 1.00 (7s)
i21k_l    fashionmnist exc -0.0791 z -2.8 above 1.00 (8s)
dinov1_b  fashionmnist exc -0.0349 z -1.3 above 0.90 (7s)
dinov2_s  fashionmnist exc -0.0606 z -2.3 above 1.00 (7s)
dinov2_b  fashionmnist exc -0.0888 z -2.8 above 1.00 (7s)
dinov2_l  fashionmnist exc -0.0685 z -2.3 above 1.00 (9s)
dinov2_g  fashionmnist exc -0.0754 z -2.6 above 1.00 (9s)
clip_b    fashionmnist exc -0.0425 z -1.4 above 0.95 (7s)
clip_l    fashionmnist exc -0.0576 z -1.9 above 1.00 (8s)
siglip_b  fashionmnist exc -0.0678 z -2.5 above 1.00 (7s)
i21k_t    mnist        exc -0.0406 z -1.3 above 0.95 (7s)
i21k_s    mnist        exc -0.0510 z -1.6 above 1.00 (7s)
i21k_b    mnist        exc -0.0406 z -1.3 above 1.00 (8s)
i21k_l    mnist        exc -0.0598 z -2.3 above 1.00 (9s)
dinov1_b  mnist        exc -0.0577 z -2.0 above 1.00 (7s)
dinov2_s  mnist        exc -0.0286 z -1.0 above 0.85 (7s)
dinov2_b  mnist        exc -0.0358 z -1.0 above 0.90 (7s)
dinov2_l  mnist        exc -0.0319 z -1.1 above 0.95 (8s)
dinov2_g  mnist        exc -0.0366 z -1.3 above 0.95 (10s)
clip_b    mnist        exc -0.0278 z -1.0 above 0.80 (7s)
clip_l    mnist        exc -0.0235 z -0.9 above 0.75 (8s)
siglip_b  mnist        exc -0.0667 z -2.8 above 1.00 (7s)
Done expR40
