star  K20 r0.1 iso   n 100 s0: depth -0.0032 z -0.2 (8s)
star  K20 r0.1 iso   n 100 s1: depth -0.0080 z -0.4 (9s)
star  K20 r0.1 iso   n 100 s2: depth +0.0079 z +0.4 (9s)
star  K20 r0.1 iso   n 100 s3: depth +0.0069 z +0.3 (10s)
star  K20 r0.1 iso   n 100 s4: depth +0.0034 z +0.2 (10s)
star  K20 r0.1 iso   n1000 s0: depth -0.0032 z -0.1 (33s)
star  K20 r0.1 iso   n1000 s1: depth -0.0063 z -0.3 (32s)
star  K20 r0.1 iso   n1000 s2: depth +0.0077 z +0.4 (27s)
star  K20 r0.1 iso   n1000 s3: depth +0.0066 z +0.3 (22s)
star  K20 r0.1 iso   n1000 s4: depth +0.0019 z +0.1 (30s)
star  K20 r0.1 aniso n 100 s0: depth -0.0027 z -0.1 (12s)
star  K20 r0.1 aniso n 100 s1: depth -0.0055 z -0.3 (12s)
star  K20 r0.1 aniso n 100 s2: depth +0.0058 z +0.3 (12s)
star  K20 r0.1 aniso n 100 s3: depth +0.0031 z +0.1 (12s)
star  K20 r0.1 aniso n 100 s4: depth +0.0054 z +0.2 (12s)
star  K20 r0.1 aniso n1000 s0: depth -0.0036 z -0.2 (35s)
star  K20 r0.1 aniso n1000 s1: depth -0.0060 z -0.3 (35s)
star  K20 r0.1 aniso n1000 s2: depth +0.0083 z +0.4 (35s)
star  K20 r0.1 aniso n1000 s3: depth +0.0073 z +0.4 (35s)
star  K20 r0.1 aniso n1000 s4: depth +0.0012 z +0.1 (36s)
star  K20 r0.3 iso   n 100 s0: depth +0.0003 z +0.0 (10s)
star  K20 r0.3 iso   n 100 s1: depth -0.0071 z -0.4 (10s)
star  K20 r0.3 iso   n 100 s2: depth +0.0101 z +0.5 (10s)
star  K20 r0.3 iso   n 100 s3: depth +0.0019 z +0.1 (10s)
star  K20 r0.3 iso   n 100 s4: depth +0.0047 z +0.2 (10s)
star  K20 r0.3 iso   n1000 s0: depth -0.0012 z -0.1 (34s)
star  K20 r0.3 iso   n1000 s1: depth -0.0058 z -0.3 (35s)
star  K20 r0.3 iso   n1000 s2: depth +0.0035 z +0.2 (34s)
star  K20 r0.3 iso   n1000 s3: depth +0.0049 z +0.3 (34s)
star  K20 r0.3 iso   n1000 s4: depth +0.0009 z +0.1 (33s)
star  K20 r0.3 aniso n 100 s0: depth +0.0029 z +0.2 (12s)
star  K20 r0.3 aniso n 100 s1: depth +0.0028 z +0.2 (12s)
star  K20 r0.3 aniso n 100 s2: depth +0.0073 z +0.4 (12s)
star  K20 r0.3 aniso n 100 s3: depth +0.0039 z +0.2 (12s)
star  K20 r0.3 aniso n 100 s4: depth +0.0067 z +0.4 (12s)
star  K20 r0.3 aniso n1000 s0: depth +0.0087 z +0.5 (36s)
star  K20 r0.3 aniso n1000 s1: depth +0.0095 z +0.5 (36s)
star  K20 r0.3 aniso n1000 s2: depth +0.0080 z +0.5 (36s)
star  K20 r0.3 aniso n1000 s3: depth +0.0092 z +0.6 (35s)
star  K20 r0.3 aniso n1000 s4: depth +0.0008 z +0.0 (35s)
star  K20 r0.6 iso   n 100 s0: depth +0.0051 z +0.3 (9s)
star  K20 r0.6 iso   n 100 s1: depth -0.0009 z -0.1 (8s)
star  K20 r0.6 iso   n 100 s2: depth +0.0055 z +0.4 (8s)
star  K20 r0.6 iso   n 100 s3: depth +0.0056 z +0.3 (8s)
star  K20 r0.6 iso   n 100 s4: depth +0.0094 z +0.7 (8s)
star  K20 r0.6 iso   n1000 s0: depth -0.0004 z -0.0 (23s)
star  K20 r0.6 iso   n1000 s1: depth -0.0030 z -0.2 (25s)
star  K20 r0.6 iso   n1000 s2: depth +0.0003 z +0.0 (24s)
star  K20 r0.6 iso   n1000 s3: depth +0.0001 z +0.0 (24s)
star  K20 r0.6 iso   n1000 s4: depth -0.0005 z -0.0 (22s)
star  K20 r0.6 aniso n 100 s0: depth +0.0745 z +8.5 (10s)
star  K20 r0.6 aniso n 100 s1: depth +0.0514 z +4.7 (10s)
star  K20 r0.6 aniso n 100 s2: depth +0.0788 z +8.8 (9s)
star  K20 r0.6 aniso n 100 s3: depth +0.0673 z +4.8 (9s)
star  K20 r0.6 aniso n 100 s4: depth +0.0685 z +6.1 (11s)
star  K20 r0.6 aniso n1000 s0: depth +0.0563 z +6.4 (29s)
star  K20 r0.6 aniso n1000 s1: depth +0.0596 z +7.3 (32s)
star  K20 r0.6 aniso n1000 s2: depth +0.0586 z +8.5 (33s)
star  K20 r0.6 aniso n1000 s3: depth +0.0544 z +4.4 (33s)
star  K20 r0.6 aniso n1000 s4: depth +0.0592 z +7.4 (35s)
hier2 K20 r0.1 iso   n 100 s0: depth +0.0031 z +0.2 (9s)
hier2 K20 r0.1 iso   n 100 s1: depth +0.0021 z +0.1 (9s)
hier2 K20 r0.1 iso   n 100 s2: depth +0.0038 z +0.2 (9s)
hier2 K20 r0.1 iso   n 100 s3: depth +0.0016 z +0.1 (10s)
hier2 K20 r0.1 iso   n 100 s4: depth +0.0003 z +0.0 (10s)
hier2 K20 r0.1 iso   n1000 s0: depth +0.0058 z +0.4 (31s)
hier2 K20 r0.1 iso   n1000 s1: depth +0.0019 z +0.1 (35s)
hier2 K20 r0.1 iso   n1000 s2: depth +0.0048 z +0.3 (34s)
hier2 K20 r0.1 iso   n1000 s3: depth +0.0006 z +0.0 (34s)
hier2 K20 r0.1 iso   n1000 s4: depth -0.0031 z -0.2 (33s)
hier2 K20 r0.1 aniso n 100 s0: depth +0.0035 z +0.2 (17s)
hier2 K20 r0.1 aniso n 100 s1: depth -0.0034 z -0.2 (17s)
hier2 K20 r0.1 aniso n 100 s2: depth +0.0048 z +0.3 (16s)
hier2 K20 r0.1 aniso n 100 s3: depth +0.0014 z +0.1 (13s)
hier2 K20 r0.1 aniso n 100 s4: depth -0.0013 z -0.1 (14s)
hier2 K20 r0.1 aniso n1000 s0: depth +0.0036 z +0.2 (36s)
hier2 K20 r0.1 aniso n1000 s1: depth +0.0002 z +0.0 (40s)
hier2 K20 r0.1 aniso n1000 s2: depth +0.0014 z +0.1 (44s)
hier2 K20 r0.1 aniso n1000 s3: depth -0.0019 z -0.1 (46s)
hier2 K20 r0.1 aniso n1000 s4: depth -0.0043 z -0.3 (46s)
hier2 K20 r0.3 iso   n 100 s0: depth +0.0030 z +0.2 (10s)
hier2 K20 r0.3 iso   n 100 s1: depth +0.0017 z +0.1 (10s)
hier2 K20 r0.3 iso   n 100 s2: depth +0.0087 z +0.6 (10s)
hier2 K20 r0.3 iso   n 100 s3: depth +0.0018 z +0.1 (10s)
hier2 K20 r0.3 iso   n 100 s4: depth +0.0004 z +0.0 (9s)
hier2 K20 r0.3 iso   n1000 s0: depth +0.0002 z +0.0 (35s)
hier2 K20 r0.3 iso   n1000 s1: depth +0.0000 z +0.0 (29s)
hier2 K20 r0.3 iso   n1000 s2: depth +0.0030 z +0.2 (23s)
hier2 K20 r0.3 iso   n1000 s3: depth -0.0017 z -0.1 (25s)
hier2 K20 r0.3 iso   n1000 s4: depth -0.0036 z -0.3 (26s)
hier2 K20 r0.3 aniso n 100 s0: depth +0.0042 z +0.3 (14s)
hier2 K20 r0.3 aniso n 100 s1: depth -0.0008 z -0.1 (13s)
hier2 K20 r0.3 aniso n 100 s2: depth +0.0054 z +0.3 (14s)
hier2 K20 r0.3 aniso n 100 s3: depth +0.0024 z +0.1 (16s)
hier2 K20 r0.3 aniso n 100 s4: depth +0.0151 z +0.9 (18s)
hier2 K20 r0.3 aniso n1000 s0: depth +0.0035 z +0.3 (47s)
hier2 K20 r0.3 aniso n1000 s1: depth +0.0028 z +0.2 (47s)
hier2 K20 r0.3 aniso n1000 s2: depth +0.0054 z +0.4 (46s)
hier2 K20 r0.3 aniso n1000 s3: depth +0.0019 z +0.1 (47s)
hier2 K20 r0.3 aniso n1000 s4: depth +0.0024 z +0.2 (44s)
hier2 K20 r0.6 iso   n 100 s0: depth +0.0034 z +0.3 (9s)
hier2 K20 r0.6 iso   n 100 s1: depth +0.0051 z +0.5 (9s)
hier2 K20 r0.6 iso   n 100 s2: depth +0.0091 z +0.7 (9s)
hier2 K20 r0.6 iso   n 100 s3: depth +0.0047 z +0.4 (7s)
hier2 K20 r0.6 iso   n 100 s4: depth +0.0050 z +0.4 (7s)
hier2 K20 r0.6 iso   n1000 s0: depth +0.0010 z +0.1 (18s)
hier2 K20 r0.6 iso   n1000 s1: depth -0.0000 z -0.0 (16s)
hier2 K20 r0.6 iso   n1000 s2: depth -0.0025 z -0.2 (16s)
hier2 K20 r0.6 iso   n1000 s3: depth -0.0001 z -0.0 (16s)
hier2 K20 r0.6 iso   n1000 s4: depth -0.0025 z -0.2 (15s)
hier2 K20 r0.6 aniso n 100 s0: depth +0.0563 z +4.6 (11s)
hier2 K20 r0.6 aniso n 100 s1: depth +0.0438 z +4.1 (11s)
hier2 K20 r0.6 aniso n 100 s2: depth +0.0570 z +5.7 (11s)
hier2 K20 r0.6 aniso n 100 s3: depth +0.0496 z +5.6 (10s)
hier2 K20 r0.6 aniso n 100 s4: depth +0.0751 z +10.6 (10s)
hier2 K20 r0.6 aniso n1000 s0: depth +0.0489 z +5.2 (23s)
hier2 K20 r0.6 aniso n1000 s1: depth +0.0415 z +4.7 (23s)
hier2 K20 r0.6 aniso n1000 s2: depth +0.0481 z +6.5 (23s)
hier2 K20 r0.6 aniso n1000 s3: depth +0.0489 z +4.7 (23s)
hier2 K20 r0.6 aniso n1000 s4: depth +0.0457 z +5.0 (23s)
hier3 K20 r0.1 iso   n 100 s0: depth +0.0059 z +0.4 (6s)
hier3 K20 r0.1 iso   n 100 s1: depth +0.0017 z +0.1 (6s)
hier3 K20 r0.1 iso   n 100 s2: depth +0.0098 z +0.6 (6s)
hier3 K20 r0.1 iso   n 100 s3: depth +0.0009 z +0.1 (6s)
hier3 K20 r0.1 iso   n 100 s4: depth +0.0064 z +0.4 (6s)
hier3 K20 r0.1 iso   n1000 s0: depth +0.0013 z +0.1 (16s)
hier3 K20 r0.1 iso   n1000 s1: depth -0.0029 z -0.2 (16s)
hier3 K20 r0.1 iso   n1000 s2: depth +0.0039 z +0.2 (16s)
hier3 K20 r0.1 iso   n1000 s3: depth +0.0037 z +0.2 (16s)
hier3 K20 r0.1 iso   n1000 s4: depth +0.0007 z +0.0 (15s)
hier3 K20 r0.1 aniso n 100 s0: depth +0.0070 z +0.4 (12s)
hier3 K20 r0.1 aniso n 100 s1: depth +0.0013 z +0.1 (12s)
hier3 K20 r0.1 aniso n 100 s2: depth +0.0095 z +0.6 (12s)
hier3 K20 r0.1 aniso n 100 s3: depth +0.0017 z +0.1 (12s)
hier3 K20 r0.1 aniso n 100 s4: depth +0.0073 z +0.4 (12s)
hier3 K20 r0.1 aniso n1000 s0: depth +0.0024 z +0.2 (29s)
hier3 K20 r0.1 aniso n1000 s1: depth -0.0055 z -0.3 (29s)
hier3 K20 r0.1 aniso n1000 s2: depth +0.0041 z +0.2 (29s)
hier3 K20 r0.1 aniso n1000 s3: depth +0.0027 z +0.2 (30s)
hier3 K20 r0.1 aniso n1000 s4: depth +0.0026 z +0.2 (29s)
hier3 K20 r0.3 iso   n 100 s0: depth +0.0072 z +0.4 (6s)
hier3 K20 r0.3 iso   n 100 s1: depth +0.0027 z +0.2 (6s)
hier3 K20 r0.3 iso   n 100 s2: depth +0.0062 z +0.5 (6s)
hier3 K20 r0.3 iso   n 100 s3: depth +0.0042 z +0.2 (6s)
hier3 K20 r0.3 iso   n 100 s4: depth +0.0026 z +0.1 (6s)
hier3 K20 r0.3 iso   n1000 s0: depth -0.0011 z -0.1 (17s)
hier3 K20 r0.3 iso   n1000 s1: depth -0.0026 z -0.2 (16s)
hier3 K20 r0.3 iso   n1000 s2: depth +0.0053 z +0.4 (16s)
hier3 K20 r0.3 iso   n1000 s3: depth +0.0020 z +0.1 (16s)
hier3 K20 r0.3 iso   n1000 s4: depth +0.0023 z +0.2 (15s)
hier3 K20 r0.3 aniso n 100 s0: depth +0.0073 z +0.5 (12s)
hier3 K20 r0.3 aniso n 100 s1: depth +0.0022 z +0.1 (12s)
hier3 K20 r0.3 aniso n 100 s2: depth +0.0106 z +0.7 (12s)
hier3 K20 r0.3 aniso n 100 s3: depth +0.0044 z +0.3 (12s)
hier3 K20 r0.3 aniso n 100 s4: depth +0.0111 z +0.8 (12s)
hier3 K20 r0.3 aniso n1000 s0: depth +0.0051 z +0.4 (30s)
hier3 K20 r0.3 aniso n1000 s1: depth +0.0009 z +0.1 (30s)
hier3 K20 r0.3 aniso n1000 s2: depth +0.0070 z +0.5 (30s)
hier3 K20 r0.3 aniso n1000 s3: depth +0.0060 z +0.4 (30s)
hier3 K20 r0.3 aniso n1000 s4: depth +0.0043 z +0.3 (30s)
hier3 K20 r0.6 iso   n 100 s0: depth +0.0093 z +0.8 (6s)
hier3 K20 r0.6 iso   n 100 s1: depth +0.0074 z +0.6 (6s)
hier3 K20 r0.6 iso   n 100 s2: depth +0.0057 z +0.5 (6s)
hier3 K20 r0.6 iso   n 100 s3: depth +0.0086 z +0.6 (6s)
hier3 K20 r0.6 iso   n 100 s4: depth +0.0078 z +0.6 (6s)
hier3 K20 r0.6 iso   n1000 s0: depth +0.0001 z +0.0 (16s)
hier3 K20 r0.6 iso   n1000 s1: depth -0.0009 z -0.1 (16s)
hier3 K20 r0.6 iso   n1000 s2: depth +0.0022 z +0.2 (15s)
hier3 K20 r0.6 iso   n1000 s3: depth -0.0034 z -0.3 (16s)
hier3 K20 r0.6 iso   n1000 s4: depth +0.0010 z +0.1 (16s)
hier3 K20 r0.6 aniso n 100 s0: depth +0.0398 z +2.8 (12s)
hier3 K20 r0.6 aniso n 100 s1: depth +0.0441 z +4.0 (12s)
hier3 K20 r0.6 aniso n 100 s2: depth +0.0612 z +6.7 (12s)
hier3 K20 r0.6 aniso n 100 s3: depth +0.0636 z +4.6 (12s)
hier3 K20 r0.6 aniso n 100 s4: depth +0.0443 z +4.0 (11s)
hier3 K20 r0.6 aniso n1000 s0: depth +0.0504 z +4.1 (29s)
hier3 K20 r0.6 aniso n1000 s1: depth +0.0472 z +4.7 (29s)
hier3 K20 r0.6 aniso n1000 s2: depth +0.0528 z +4.7 (30s)
hier3 K20 r0.6 aniso n1000 s3: depth +0.0404 z +3.1 (30s)
hier3 K20 r0.6 aniso n1000 s4: depth +0.0467 z +5.4 (29s)
Done part k20
