i21k_t    cifar100  gauss -0.0445 haar -0.0307 pcperm -0.0550 (10s)
i21k_s    cifar100  gauss -0.0345 haar -0.0253 pcperm -0.0488 (11s)
i21k_b    cifar100  gauss -0.0180 haar -0.0113 pcperm -0.0388 (14s)
i21k_l    cifar100  gauss -0.0469 haar -0.0341 pcperm -0.0505 (13s)
dinov1_b  cifar100  gauss -0.0677 haar -0.0557 pcperm -0.0678 (15s)
dinov2_s  cifar100  gauss -0.0499 haar -0.0287 pcperm -0.0514 (13s)
dinov2_b  cifar100  gauss -0.0425 haar -0.0066 pcperm -0.0409 (18s)
dinov2_l  cifar100  gauss -0.0525 haar -0.0075 pcperm -0.0444 (17s)
dinov2_g  cifar100  gauss -0.0795 haar -0.0315 pcperm -0.0743 (13s)
clip_b    cifar100  gauss -0.0463 haar -0.0357 pcperm -0.0531 (12s)
clip_l    cifar100  gauss -0.0422 haar -0.0308 pcperm -0.0515 (10s)
siglip_b  cifar100  gauss -0.0416 haar -0.0318 pcperm -0.0461 (13s)
i21k_t    imagenet  gauss -0.0047 haar -0.0138 pcperm -0.0380 (25s)
i21k_s    imagenet  gauss -0.0227 haar -0.0251 pcperm -0.0520 (34s)
i21k_b    imagenet  gauss -0.0269 haar -0.0252 pcperm -0.0544 (56s)
i21k_l    imagenet  gauss -0.0277 haar -0.0285 pcperm -0.0402 (90s)
dinov1_b  imagenet  gauss -0.0046 haar -0.0023 pcperm -0.0080 (54s)
dinov2_s  imagenet  gauss +0.0102 haar +0.0149 pcperm +0.0127 (27s)
dinov2_b  imagenet  gauss +0.0040 haar +0.0148 pcperm +0.0061 (46s)
dinov2_l  imagenet  gauss -0.0131 haar +0.0005 pcperm -0.0110 (73s)
dinov2_g  imagenet  gauss -0.0004 haar +0.0161 pcperm +0.0010 (88s)
clip_b    imagenet  gauss -0.0280 haar -0.0280 pcperm -0.0480 (29s)
clip_l    imagenet  gauss -0.0157 haar -0.0168 pcperm -0.0286 (39s)
siglip_b  imagenet  gauss -0.0190 haar -0.0197 pcperm -0.0445 (37s)
i21k_t    cifar10   gauss -0.0571 haar -0.0272 pcperm -0.0505 (6s)
i21k_s    cifar10   gauss -0.0978 haar -0.0630 pcperm -0.0904 (8s)
i21k_b    cifar10   gauss -0.0897 haar -0.0545 pcperm -0.0783 (8s)
i21k_l    cifar10   gauss -0.1037 haar -0.0661 pcperm -0.0957 (8s)
dinov1_b  cifar10   gauss -0.0995 haar -0.0702 pcperm -0.0972 (8s)
dinov2_s  cifar10   gauss -0.0934 haar -0.0834 pcperm -0.0982 (7s)
dinov2_b  cifar10   gauss -0.1316 haar -0.1204 pcperm -0.1243 (9s)
dinov2_l  cifar10   gauss -0.1528 haar -0.1363 pcperm -0.1219 (9s)
dinov2_g  cifar10   gauss -0.1549 haar -0.1380 pcperm -0.1102 (20s)
clip_b    cifar10   gauss -0.0789 haar -0.0452 pcperm -0.0751 (7s)
clip_l    cifar10   gauss -0.0874 haar -0.0491 pcperm -0.0817 (8s)
siglip_b  cifar10   gauss -0.0965 haar -0.0558 pcperm -0.0807 (8s)
Done expR46
