dinov2_g  real  s=real  seed 0 depth: real -0.0284 star +0.0006 depth -0.0290 z -1.78 (148s)
dinov2_g  rand6 s=0.0   seed 0 depth: real -0.0025 star +0.0007 depth -0.0032 z -0.21 (153s)
dinov2_g  rand6 s=0.0   seed 1 depth: real -0.0057 star +0.0007 depth -0.0064 z -0.40 (158s)
dinov2_g  rand6 s=0.0   seed 2 depth: real -0.0024 star +0.0007 depth -0.0030 z -0.18 (163s)
dinov2_g  rand6 s=0.0   seed 3 depth: real -0.0044 star +0.0007 depth -0.0050 z -0.31 (159s)
dinov2_g  rand6 s=0.0   seed 4 depth: real -0.0018 star +0.0007 depth -0.0024 z -0.16 (162s)
dinov2_g  rand6 s=0.25  seed 0 depth: real -0.0014 star +0.0007 depth -0.0021 z -0.13 (155s)
dinov2_g  rand6 s=0.25  seed 1 depth: real -0.0014 star +0.0007 depth -0.0021 z -0.13 (153s)
dinov2_g  rand6 s=0.25  seed 2 depth: real -0.0002 star +0.0007 depth -0.0009 z -0.06 (149s)
dinov2_g  rand6 s=0.25  seed 3 depth: real +0.0011 star +0.0007 depth +0.0004 z +0.03 (160s)
dinov2_g  rand6 s=0.25  seed 4 depth: real +0.0004 star +0.0007 depth -0.0003 z -0.02 (162s)
dinov2_g  rand6 s=0.5   seed 0 depth: real +0.0139 star +0.0007 depth +0.0132 z +0.77 (154s)
dinov2_g  rand6 s=0.5   seed 1 depth: real +0.0133 star +0.0007 depth +0.0126 z +0.66 (152s)
dinov2_g  rand6 s=0.5   seed 2 depth: real +0.0146 star +0.0007 depth +0.0139 z +0.73 (153s)
dinov2_g  rand6 s=0.5   seed 3 depth: real +0.0149 star +0.0007 depth +0.0142 z +0.75 (159s)
dinov2_g  rand6 s=0.5   seed 4 depth: real +0.0128 star +0.0007 depth +0.0121 z +0.66 (157s)
dinov2_g  rand6 s=0.75  seed 0 depth: real +0.0172 star +0.0007 depth +0.0166 z +1.43 (154s)
dinov2_g  rand6 s=0.75  seed 1 depth: real +0.0140 star +0.0007 depth +0.0133 z +1.31 (149s)
dinov2_g  rand6 s=0.75  seed 2 depth: real +0.0160 star +0.0007 depth +0.0153 z +1.30 (138s)
dinov2_g  rand6 s=0.75  seed 3 depth: real +0.0132 star +0.0007 depth +0.0125 z +1.15 (127s)
dinov2_g  rand6 s=0.75  seed 4 depth: real +0.0151 star +0.0007 depth +0.0145 z +1.32 (134s)
dinov2_g  rand6 s=1.0   seed 0 depth: real +0.0123 star +0.0007 depth +0.0117 z +1.16 (115s)
dinov2_g  rand6 s=1.0   seed 1 depth: real +0.0082 star +0.0007 depth +0.0076 z +0.71 (112s)
dinov2_g  rand6 s=1.0   seed 2 depth: real +0.0097 star +0.0007 depth +0.0090 z +0.79 (128s)
dinov2_g  rand6 s=1.0   seed 3 depth: real +0.0107 star +0.0007 depth +0.0100 z +1.01 (134s)
dinov2_g  rand6 s=1.0   seed 4 depth: real +0.0088 star +0.0007 depth +0.0081 z +0.73 (124s)
dinov2_g  wn6   s=0.0   seed 0 depth: real -0.0025 star +0.0007 depth -0.0032 z -0.21 (133s)
dinov2_g  wn6   s=0.25  seed 0 depth: real -0.0061 star +0.0007 depth -0.0067 z -0.46 (133s)
dinov2_g  wn6   s=0.5   seed 0 depth: real -0.0037 star +0.0007 depth -0.0044 z -0.39 (139s)
dinov2_g  wn6   s=0.75  seed 0 depth: real -0.0122 star +0.0007 depth -0.0129 z -0.88 (138s)
dinov2_g  wn6   s=1.0   seed 0 depth: real -0.0123 star +0.0006 depth -0.0129 z -0.81 (140s)
dinov2_g  rand6 s=0.0   seed 0 census: d999 0.0352 null 0.0633 exc -0.0280 r=200 (944s)
dinov2_g  rand6 s=0.25  seed 0 census: d999 0.0357 null 0.0634 exc -0.0277 r=200 (975s)
dinov2_g  rand6 s=0.5   seed 0 census: d999 0.0369 null 0.0629 exc -0.0260 r=200 (956s)
dinov2_g  rand6 s=0.75  seed 0 census: d999 0.0359 null 0.0658 exc -0.0299 r=200 (862s)
dinov2_g  rand6 s=1.0   seed 0 census: d999 0.0366 null 0.0667 exc -0.0301 r=200 (953s)
PART DONE dinov2_g
