merged 165 rows (6 parts); missing NC: 0
  dinov2_l  C=  10 random  : exc -0.1342 (sup-exp19 -0.1214) r=200 p<=0.05 in 5/5
  dinov2_l  C=  10 coherent: exc -0.0981 (sup-exp19 -0.0956) r=200 p<=0.05 in 5/5
  dinov2_l  C=  20 random  : exc -0.0906 (sup-exp19 -0.1573) r=200 p<=0.05 in 5/5
  dinov2_l  C=  20 coherent: exc -0.0648 (sup-exp19 -0.1176) r=200 p<=0.05 in 5/5
  dinov2_l  C=  50 random  : exc -0.0462 (sup-exp19 -0.1240) r=200 p<=0.05 in 5/5
  dinov2_l  C=  50 coherent: exc -0.0417 (sup-exp19 -0.0930) r=200 p<=0.05 in 5/5
  dinov2_l  C= 100 random  : exc -0.0321 (sup-exp19 -0.0805) r=200 p<=0.05 in 5/5
  dinov2_l  C= 100 coherent: exc -0.0309 (sup-exp19 -0.0606) r=200 p<=0.05 in 5/5
  dinov2_l  C= 200 random  : exc -0.0224 (sup-exp19 -0.0538) r=200 p<=0.05 in 5/5
  dinov2_l  C= 200 coherent: exc -0.0226 (sup-exp19 -0.0344) r=200 p<=0.05 in 5/5
  dinov2_l  C= 500 random  : exc -0.0157 (sup-exp19 -0.0264) r=200 p<=0.05 in 2/2
  dinov2_l  C= 500 coherent: exc -0.0176 (sup-exp19 -0.0214) r=200 p<=0.05 in 2/2
  dinov2_l  C=1000 random  : exc -0.0135 (sup-exp19 -0.0155) r=200 p<=0.05 in 1/1
  dinov2_g  C=  10 random  : exc -0.1364 (sup-exp19 -0.1227) r=200 p<=0.05 in 5/5
  dinov2_g  C=  10 coherent: exc -0.0952 (sup-exp19 -0.0942) r=199 p<=0.05 in 5/5
  dinov2_g  C=  20 random  : exc -0.0889 (sup-exp19 -0.1547) r=200 p<=0.05 in 5/5
  dinov2_g  C=  20 coherent: exc -0.0674 (sup-exp19 -0.1203) r=199 p<=0.05 in 5/5
  dinov2_g  C=  50 random  : exc -0.0391 (sup-exp19 -0.1112) r=199 p<=0.05 in 5/5
  dinov2_g  C=  50 coherent: exc -0.0417 (sup-exp19 -0.0919) r=200 p<=0.05 in 5/5
  dinov2_g  C= 100 random  : exc -0.0219 (sup-exp19 -0.0728) r=200 p<=0.05 in 5/5
  dinov2_g  C= 100 coherent: exc -0.0279 (sup-exp19 -0.0561) r=200 p<=0.05 in 5/5
  dinov2_g  C= 200 random  : exc -0.0154 (sup-exp19 -0.0391) r=200 p<=0.05 in 5/5
  dinov2_g  C= 200 coherent: exc -0.0202 (sup-exp19 -0.0326) r=200 p<=0.05 in 5/5
  dinov2_g  C= 500 random  : exc -0.0092 (sup-exp19 -0.0034) r=200 p<=0.05 in 2/2
  dinov2_g  C= 500 coherent: exc -0.0135 (sup-exp19 -0.0133) r=200 p<=0.05 in 2/2
  dinov2_g  C=1000 random  : exc -0.0080 (sup-exp19 +0.0035) r=200 p<=0.05 in 1/1
  clip_l    C=  10 random  : exc -0.0800 (sup-exp19 -0.0933) r=200 p<=0.05 in 5/5
  clip_l    C=  10 coherent: exc -0.0657 (sup-exp19 -0.0975) r=195 p<=0.05 in 4/5
  clip_l    C=  20 random  : exc -0.0471 (sup-exp19 -0.0991) r=200 p<=0.05 in 5/5
  clip_l    C=  20 coherent: exc -0.0360 (sup-exp19 -0.0673) r=182 p<=0.05 in 4/5
  clip_l    C=  50 random  : exc -0.0273 (sup-exp19 -0.0763) r=200 p<=0.05 in 5/5
  clip_l    C=  50 coherent: exc -0.0139 (sup-exp19 -0.0512) r=164 p<=0.05 in 4/5
  clip_l    C= 100 random  : exc -0.0238 (sup-exp19 -0.0507) r=200 p<=0.05 in 5/5
  clip_l    C= 100 coherent: exc -0.0162 (sup-exp19 -0.0402) r=195 p<=0.05 in 3/5
  clip_l    C= 200 random  : exc -0.0194 (sup-exp19 -0.0385) r=200 p<=0.05 in 5/5
  clip_l    C= 200 coherent: exc -0.0104 (sup-exp19 -0.0255) r=162 p<=0.05 in 2/5
  clip_l    C= 500 random  : exc -0.0124 (sup-exp19 -0.0308) r=198 p<=0.05 in 2/2
  clip_l    C= 500 coherent: exc -0.0107 (sup-exp19 -0.0273) r=192 p<=0.05 in 1/2
  clip_l    C=1000 random  : exc -0.0091 (sup-exp19 -0.0225) r=197 p<=0.05 in 1/1
