i21k_t    cifar100     b= -1 exc -0.0048 r=35/50 (31s)
i21k_t    cifar100     b=  0 exc -0.0072 r=40/50 (30s)
i21k_t    cifar100     b= 10 exc -0.0040 r=34/50 (31s)
i21k_t    cifar100     b= 20 exc -0.0045 r=35/50 (31s)
i21k_s    cifar100     b= -1 exc +0.0006 r=27/50 (30s)
i21k_s    cifar100     b=  0 exc +0.0007 r=27/50 (30s)
i21k_s    cifar100     b= 10 exc +0.0003 r=28/50 (31s)
i21k_s    cifar100     b= 20 exc +0.0001 r=29/50 (27s)
i21k_b    cifar100     b= -1 exc +0.0066 r=7/50 (27s)
i21k_b    cifar100     b=  0 exc +0.0074 r=6/50 (31s)
i21k_b    cifar100     b= 10 exc +0.0055 r=13/50 (31s)
i21k_b    cifar100     b= 20 exc +0.0066 r=7/50 (31s)
i21k_l    cifar100     b= -1 exc -0.0198 r=50/50 (31s)
i21k_l    cifar100     b=  0 exc -0.0198 r=50/50 (31s)
i21k_l    cifar100     b= 10 exc -0.0202 r=50/50 (32s)
i21k_l    cifar100     b= 20 exc -0.0202 r=50/50 (32s)
dinov1_b  cifar100     b= -1 exc -0.0312 r=50/50 (32s)
dinov1_b  cifar100     b=  0 exc -0.0311 r=50/50 (32s)
dinov1_b  cifar100     b= 10 exc -0.0310 r=50/50 (33s)
dinov1_b  cifar100     b= 20 exc -0.0314 r=50/50 (32s)
dinov2_s  cifar100     b= -1 exc -0.0303 r=50/50 (31s)
dinov2_s  cifar100     b=  0 exc -0.0300 r=50/50 (31s)
dinov2_s  cifar100     b= 10 exc -0.0294 r=50/50 (26s)
dinov2_s  cifar100     b= 20 exc -0.0303 r=50/50 (30s)
dinov2_b  cifar100     b= -1 exc -0.0312 r=50/50 (29s)
dinov2_b  cifar100     b=  0 exc -0.0305 r=50/50 (29s)
dinov2_b  cifar100     b= 10 exc -0.0302 r=50/50 (29s)
dinov2_b  cifar100     b= 20 exc -0.0304 r=50/50 (28s)
dinov2_l  cifar100     b= -1 exc -0.0348 r=50/50 (28s)
dinov2_l  cifar100     b=  0 exc -0.0344 r=50/50 (28s)
dinov2_l  cifar100     b= 10 exc -0.0348 r=50/50 (26s)
dinov2_l  cifar100     b= 20 exc -0.0345 r=50/50 (29s)
dinov2_g  cifar100     b= -1 exc -0.0396 r=50/50 (30s)
dinov2_g  cifar100     b=  0 exc -0.0395 r=50/50 (28s)
dinov2_g  cifar100     b= 10 exc -0.0397 r=50/50 (28s)
dinov2_g  cifar100     b= 20 exc -0.0394 r=50/50 (27s)
clip_b    cifar100     b= -1 exc -0.0186 r=50/50 (28s)
clip_b    cifar100     b=  0 exc -0.0191 r=50/50 (25s)
clip_b    cifar100     b= 10 exc -0.0192 r=50/50 (23s)
clip_b    cifar100     b= 20 exc -0.0195 r=50/50 (29s)
PART DONE 6
