i21k_s    cifar100     exc -0.0307 r 199/200 p 0.0100 (114s)
i21k_b    cifar100     exc -0.0157 r 187/200 p 0.0697 (112s)
i21k_l    cifar100     exc -0.0441 r 200/200 p 0.0050 (115s)
dinov1_b  cifar100     exc -0.0640 r 200/200 p 0.0050 (109s)
dinov2_s  cifar100     exc -0.0516 r 200/200 p 0.0050 (115s)
dinov2_b  cifar100     exc -0.0421 r 200/200 p 0.0050 (122s)
dinov2_l  cifar100     exc -0.0511 r 200/200 p 0.0050 (122s)
dinov2_g  cifar100     exc -0.0786 r 200/200 p 0.0050 (125s)
clip_b    cifar100     exc -0.0436 r 200/200 p 0.0050 (115s)
clip_l    cifar100     exc -0.0391 r 200/200 p 0.0050 (123s)
siglip_b  cifar100     exc -0.0384 r 200/200 p 0.0050 (123s)
i21k_t    cifar10      exc -0.0418 r 191/200 p 0.0498 (100s)
i21k_s    cifar10      exc -0.0811 r 200/200 p 0.0050 (100s)
i21k_b    cifar10      exc -0.0733 r 200/200 p 0.0050 (102s)
i21k_l    cifar10      exc -0.0877 r 200/200 p 0.0050 (97s)
dinov1_b  cifar10      exc -0.0853 r 200/200 p 0.0050 (90s)
dinov2_s  cifar10      exc -0.0952 r 200/200 p 0.0050 (94s)
dinov2_b  cifar10      exc -0.1353 r 200/200 p 0.0050 (94s)
dinov2_l  cifar10      exc -0.1526 r 200/200 p 0.0050 (94s)
dinov2_g  cifar10      exc -0.1555 r 200/200 p 0.0050 (102s)
clip_b    cifar10      exc -0.0617 r 200/200 p 0.0050 (92s)
clip_l    cifar10      exc -0.0718 r 200/200 p 0.0050 (91s)
siglip_b  cifar10      exc -0.0805 r 200/200 p 0.0050 (92s)
i21k_t    dtd          exc -0.0456 r 200/200 p 0.0050 (111s)
i21k_s    dtd          exc -0.0584 r 200/200 p 0.0050 (102s)
i21k_b    dtd          exc -0.0635 r 200/200 p 0.0050 (99s)
i21k_l    dtd          exc -0.0846 r 200/200 p 0.0050 (98s)
dinov1_b  dtd          exc -0.0604 r 200/200 p 0.0050 (95s)
dinov2_s  dtd          exc -0.0493 r 200/200 p 0.0050 (98s)
dinov2_b  dtd          exc -0.0735 r 200/200 p 0.0050 (94s)
dinov2_l  dtd          exc -0.0829 r 200/200 p 0.0050 (95s)
dinov2_g  dtd          exc -0.0756 r 200/200 p 0.0050 (101s)
clip_b    dtd          exc -0.0652 r 200/200 p 0.0050 (85s)
clip_l    dtd          exc -0.0589 r 200/200 p 0.0050 (86s)
siglip_b  dtd          exc -0.0657 r 200/200 p 0.0050 (82s)
i21k_t    fashionmnist exc +0.0010 r 95/200 p 0.5274 (67s)
i21k_s    fashionmnist exc -0.0501 r 198/200 p 0.0149 (66s)
i21k_b    fashionmnist exc -0.0597 r 199/200 p 0.0100 (67s)
i21k_l    fashionmnist exc -0.0697 r 200/200 p 0.0050 (69s)
dinov1_b  fashionmnist exc -0.0221 r 164/200 p 0.1841 (71s)
dinov2_s  fashionmnist exc -0.0491 r 196/200 p 0.0249 (69s)
dinov2_b  fashionmnist exc -0.0776 r 200/200 p 0.0050 (73s)
dinov2_l  fashionmnist exc -0.0580 r 199/200 p 0.0100 (76s)
dinov2_g  fashionmnist exc -0.0665 r 200/200 p 0.0050 (78s)
clip_b    fashionmnist exc -0.0368 r 177/200 p 0.1194 (71s)
clip_l    fashionmnist exc -0.0474 r 191/200 p 0.0498 (81s)
siglip_b  fashionmnist exc -0.0585 r 200/200 p 0.0050 (74s)
i21k_t    mnist        exc -0.0329 r 178/200 p 0.1144 (69s)
i21k_s    mnist        exc -0.0438 r 186/200 p 0.0746 (71s)
i21k_b    mnist        exc -0.0298 r 181/200 p 0.0995 (69s)
i21k_l    mnist        exc -0.0524 r 196/200 p 0.0249 (73s)
dinov1_b  mnist        exc -0.0446 r 193/200 p 0.0398 (69s)
dinov2_s  mnist        exc -0.0197 r 154/200 p 0.2338 (66s)
dinov2_b  mnist        exc -0.0277 r 162/200 p 0.1940 (66s)
dinov2_l  mnist        exc -0.0244 r 163/200 p 0.1891 (67s)
dinov2_g  mnist        exc -0.0285 r 162/200 p 0.1940 (68s)
clip_b    mnist        exc -0.0149 r 137/200 p 0.3184 (65s)
clip_l    mnist        exc -0.0175 r 144/200 p 0.2836 (65s)
siglip_b  mnist        exc -0.0643 r 200/200 p 0.0050 (65s)
Done part tr
