i21k_l imagenet nq=   10000 max exc -0.0263  p999 exc -0.0170 (2s)
i21k_l imagenet nq=   50000 max exc -0.0242  p999 exc -0.0182 (2s)
i21k_l imagenet nq=  100000 max exc -0.0270  p999 exc -0.0177 (3s)
i21k_l imagenet nq=  500000 max exc -0.0298  p999 exc -0.0180 (7s)
i21k_l imagenet nq= 1000000 max exc -0.0342  p999 exc -0.0177 (10s)
i21k_l imagenet nq= 2000000 max exc -0.0346  p999 exc -0.0178 (20s)
dinov2_l imagenet nq=   10000 max exc -0.0270  p999 exc -0.0230 (3s)
dinov2_l imagenet nq=   50000 max exc -0.0185  p999 exc -0.0241 (4s)
dinov2_l imagenet nq=  100000 max exc -0.0242  p999 exc -0.0237 (4s)
dinov2_l imagenet nq=  500000 max exc -0.0112  p999 exc -0.0238 (8s)
dinov2_l imagenet nq= 1000000 max exc -0.0041  p999 exc -0.0239 (15s)
dinov2_l imagenet nq= 2000000 max exc -0.0053  p999 exc -0.0239 (25s)
clip_b imagenet nq=   10000 max exc -0.0078  p999 exc -0.0054 (1s)
clip_b imagenet nq=   50000 max exc -0.0122  p999 exc -0.0076 (2s)
clip_b imagenet nq=  100000 max exc -0.0235  p999 exc -0.0067 (2s)
clip_b imagenet nq=  500000 max exc -0.0246  p999 exc -0.0072 (8s)
clip_b imagenet nq= 1000000 max exc -0.0254  p999 exc -0.0071 (13s)
clip_b imagenet nq= 2000000 max exc -0.0307  p999 exc -0.0070 (29s)
i21k_l cifar100 nq=   10000 max exc -0.0453  p999 exc -0.0339 (0s)
i21k_l cifar100 nq=   50000 max exc -0.0469  p999 exc -0.0342 (0s)
i21k_l cifar100 nq=  100000 max exc -0.0474  p999 exc -0.0339 (0s)
i21k_l cifar100 nq=  500000 max exc -0.0491  p999 exc -0.0333 (3s)
i21k_l cifar100 nq= 1000000 max exc -0.0517  p999 exc -0.0334 (7s)
i21k_l cifar100 nq= 2000000 max exc -0.0535  p999 exc -0.0333 (13s)
dinov2_l cifar100 nq=   10000 max exc -0.0714  p999 exc -0.0694 (0s)
dinov2_l cifar100 nq=   50000 max exc -0.0545  p999 exc -0.0698 (0s)
dinov2_l cifar100 nq=  100000 max exc -0.0540  p999 exc -0.0688 (1s)
dinov2_l cifar100 nq=  500000 max exc -0.0501  p999 exc -0.0691 (3s)
dinov2_l cifar100 nq= 1000000 max exc -0.0520  p999 exc -0.0690 (6s)
dinov2_l cifar100 nq= 2000000 max exc -0.0551  p999 exc -0.0690 (14s)
clip_b cifar100 nq=   10000 max exc -0.0447  p999 exc -0.0310 (0s)
clip_b cifar100 nq=   50000 max exc -0.0470  p999 exc -0.0308 (0s)
clip_b cifar100 nq=  100000 max exc -0.0498  p999 exc -0.0301 (0s)
clip_b cifar100 nq=  500000 max exc -0.0489  p999 exc -0.0305 (3s)
clip_b cifar100 nq= 1000000 max exc -0.0517  p999 exc -0.0304 (6s)
clip_b cifar100 nq= 2000000 max exc -0.0511  p999 exc -0.0305 (11s)
i21k_l dtd nq=   10000 max exc -0.0635  p999 exc -0.0516 (0s)
i21k_l dtd nq=   50000 max exc -0.0700  p999 exc -0.0534 (0s)
i21k_l dtd nq=  100000 max exc -0.0760  p999 exc -0.0534 (0s)
i21k_l dtd nq=  500000 max exc -0.0826  p999 exc -0.0536 (3s)
i21k_l dtd nq= 1000000 max exc -0.0840  p999 exc -0.0537 (6s)
i21k_l dtd nq= 2000000 max exc -0.0839  p999 exc -0.0537 (10s)
dinov2_l dtd nq=   10000 max exc -0.0684  p999 exc -0.0643 (0s)
dinov2_l dtd nq=   50000 max exc -0.0717  p999 exc -0.0646 (0s)
dinov2_l dtd nq=  100000 max exc -0.0748  p999 exc -0.0641 (0s)
dinov2_l dtd nq=  500000 max exc -0.0829  p999 exc -0.0641 (2s)
dinov2_l dtd nq= 1000000 max exc -0.0844  p999 exc -0.0644 (5s)
dinov2_l dtd nq= 2000000 max exc -0.0844  p999 exc -0.0641 (9s)
clip_b dtd nq=   10000 max exc -0.0481  p999 exc -0.0349 (0s)
clip_b dtd nq=   50000 max exc -0.0548  p999 exc -0.0352 (0s)
clip_b dtd nq=  100000 max exc -0.0592  p999 exc -0.0351 (0s)
clip_b dtd nq=  500000 max exc -0.0651  p999 exc -0.0350 (2s)
clip_b dtd nq= 1000000 max exc -0.0656  p999 exc -0.0354 (4s)
clip_b dtd nq= 2000000 max exc -0.0656  p999 exc -0.0352 (8s)
Done expR31
