dinov2_b  real  s=real  seed 0 depth: real -0.0137 star +0.0019 depth -0.0157 z -1.19 (98s)
dinov2_b  rand6 s=0.0   seed 0 depth: real +0.0015 star +0.0019 depth -0.0004 z -0.05 (95s)
dinov2_b  rand6 s=0.0   seed 1 depth: real +0.0004 star +0.0019 depth -0.0015 z -0.16 (93s)
dinov2_b  rand6 s=0.0   seed 2 depth: real +0.0005 star +0.0019 depth -0.0015 z -0.17 (95s)
dinov2_b  rand6 s=0.0   seed 3 depth: real -0.0036 star +0.0019 depth -0.0055 z -0.63 (97s)
dinov2_b  rand6 s=0.0   seed 4 depth: real +0.0007 star +0.0019 depth -0.0012 z -0.14 (97s)
dinov2_b  rand6 s=0.25  seed 0 depth: real -0.0022 star +0.0019 depth -0.0041 z -0.41 (104s)
dinov2_b  rand6 s=0.25  seed 1 depth: real -0.0041 star +0.0019 depth -0.0060 z -0.58 (101s)
dinov2_b  rand6 s=0.25  seed 2 depth: real +0.0014 star +0.0019 depth -0.0005 z -0.06 (105s)
dinov2_b  rand6 s=0.25  seed 3 depth: real -0.0007 star +0.0019 depth -0.0026 z -0.29 (115s)
dinov2_b  rand6 s=0.25  seed 4 depth: real +0.0002 star +0.0019 depth -0.0018 z -0.20 (115s)
dinov2_b  rand6 s=0.5   seed 0 depth: real +0.0102 star +0.0019 depth +0.0083 z +0.79 (110s)
dinov2_b  rand6 s=0.5   seed 1 depth: real +0.0069 star +0.0019 depth +0.0050 z +0.49 (111s)
dinov2_b  rand6 s=0.5   seed 2 depth: real +0.0062 star +0.0019 depth +0.0042 z +0.40 (113s)
dinov2_b  rand6 s=0.5   seed 3 depth: real +0.0077 star +0.0019 depth +0.0058 z +0.56 (110s)
dinov2_b  rand6 s=0.5   seed 4 depth: real +0.0110 star +0.0019 depth +0.0091 z +0.83 (105s)
dinov2_b  rand6 s=0.75  seed 0 depth: real +0.0040 star +0.0019 depth +0.0021 z +0.22 (105s)
dinov2_b  rand6 s=0.75  seed 1 depth: real +0.0051 star +0.0019 depth +0.0032 z +0.30 (103s)
dinov2_b  rand6 s=0.75  seed 2 depth: real +0.0055 star +0.0019 depth +0.0036 z +0.35 (105s)
dinov2_b  rand6 s=0.75  seed 3 depth: real +0.0017 star +0.0019 depth -0.0003 z -0.03 (111s)
dinov2_b  rand6 s=0.75  seed 4 depth: real +0.0015 star +0.0019 depth -0.0004 z -0.04 (112s)
dinov2_b  rand6 s=1.0   seed 0 depth: real -0.0046 star +0.0019 depth -0.0065 z -0.73 (106s)
dinov2_b  rand6 s=1.0   seed 1 depth: real +0.0004 star +0.0019 depth -0.0015 z -0.16 (107s)
dinov2_b  rand6 s=1.0   seed 2 depth: real +0.0011 star +0.0019 depth -0.0009 z -0.09 (104s)
dinov2_b  rand6 s=1.0   seed 3 depth: real -0.0032 star +0.0019 depth -0.0051 z -0.51 (103s)
dinov2_b  rand6 s=1.0   seed 4 depth: real -0.0022 star +0.0019 depth -0.0041 z -0.38 (103s)
dinov2_b  wn6   s=0.0   seed 0 depth: real +0.0015 star +0.0019 depth -0.0004 z -0.05 (107s)
dinov2_b  wn6   s=0.25  seed 0 depth: real -0.0037 star +0.0019 depth -0.0056 z -0.56 (105s)
dinov2_b  wn6   s=0.5   seed 0 depth: real -0.0068 star +0.0019 depth -0.0087 z -0.83 (111s)
dinov2_b  wn6   s=0.75  seed 0 depth: real -0.0124 star +0.0019 depth -0.0143 z -0.95 (107s)
dinov2_b  wn6   s=1.0   seed 0 depth: real -0.0105 star +0.0019 depth -0.0124 z -0.78 (105s)
dinov2_b  rand6 s=0.0   seed 0 census: d999 0.0406 null 0.0665 exc -0.0259 r=200 (520s)
dinov2_b  rand6 s=0.25  seed 0 census: d999 0.0411 null 0.0681 exc -0.0269 r=200 (480s)
dinov2_b  rand6 s=0.5   seed 0 census: d999 0.0420 null 0.0660 exc -0.0240 r=200 (531s)
dinov2_b  rand6 s=0.75  seed 0 census: d999 0.0415 null 0.0671 exc -0.0257 r=200 (507s)
dinov2_b  rand6 s=1.0   seed 0 census: d999 0.0413 null 0.0687 exc -0.0274 r=200 (543s)
PART DONE dinov2_b
