index ready: 100000 train, 100000 exp5sub, 191799 union
>>> i21k_t union n=191799
  batch 100/1499 (200s, 64 img/s)
  batch 200/1499 (367s, 70 img/s)
  batch 300/1499 (509s, 75 img/s)
  batch 400/1499 (661s, 77 img/s)
  batch 500/1499 (851s, 75 img/s)
  batch 600/1499 (1049s, 73 img/s)
  batch 700/1499 (1232s, 73 img/s)
  batch 800/1499 (1422s, 72 img/s)
  batch 900/1499 (1605s, 72 img/s)
  batch 1000/1499 (1803s, 71 img/s)
  batch 1100/1499 (1980s, 71 img/s)
  batch 1200/1499 (2165s, 71 img/s)
  batch 1300/1499 (2344s, 71 img/s)
  batch 1400/1499 (2535s, 71 img/s)
  saved i21k_t_imagenet_train.npz
  saved i21k_t_imagenet_exp5sub100.npz
>>> i21k_s union n=191799
  batch 100/1499 (214s, 60 img/s)
  batch 200/1499 (409s, 63 img/s)
  batch 300/1499 (590s, 65 img/s)
  batch 400/1499 (772s, 66 img/s)
  batch 500/1499 (949s, 67 img/s)
  batch 600/1499 (1153s, 67 img/s)
  batch 700/1499 (1395s, 64 img/s)
  batch 800/1499 (1654s, 62 img/s)
  batch 900/1499 (1926s, 60 img/s)
index ready: 100000 train, 100000 exp5sub, 100000 to extract (train)
>>> i21k_s n=100000
  batch 100/782 (34s, 381 img/s)
  batch 200/782 (57s, 447 img/s)
  batch 300/782 (162s, 237 img/s)
  batch 400/782 (189s, 270 img/s)
  batch 500/782 (215s, 298 img/s)
  batch 600/782 (348s, 220 img/s)
  batch 700/782 (436s, 206 img/s)
  saved i21k_s_imagenet_train.npz (523s)
>>> i21k_b n=100000
  batch 100/782 (46s, 279 img/s)
  batch 200/782 (95s, 269 img/s)
  batch 300/782 (145s, 265 img/s)
  batch 400/782 (196s, 261 img/s)
  batch 500/782 (248s, 259 img/s)
  batch 600/782 (305s, 252 img/s)
  batch 700/782 (357s, 251 img/s)
  saved i21k_b_imagenet_train.npz (414s)
>>> i21k_l n=100000
  batch 100/1563 (22s, 285 img/s)
  batch 200/1563 (44s, 288 img/s)
  batch 300/1563 (69s, 280 img/s)
  batch 400/1563 (93s, 275 img/s)
  batch 500/1563 (118s, 270 img/s)
  batch 600/1563 (144s, 267 img/s)
  batch 700/1563 (169s, 265 img/s)
  batch 800/1563 (194s, 263 img/s)
  batch 900/1563 (220s, 262 img/s)
  batch 1000/1563 (246s, 261 img/s)
  batch 1100/1563 (272s, 259 img/s)
  batch 1200/1563 (299s, 257 img/s)
  batch 1300/1563 (326s, 255 img/s)
  batch 1400/1563 (353s, 254 img/s)
  batch 1500/1563 (379s, 254 img/s)
  saved i21k_l_imagenet_train.npz (413s)
>>> dinov1_b n=100000
  batch 100/782 (49s, 260 img/s)
  batch 200/782 (101s, 254 img/s)
  batch 300/782 (154s, 250 img/s)
  batch 400/782 (207s, 248 img/s)
  batch 500/782 (260s, 246 img/s)
  batch 600/782 (313s, 246 img/s)
  batch 700/782 (366s, 245 img/s)
  saved dinov1_b_imagenet_train.npz (423s)
>>> clip_b n=100000
  batch 100/782 (29s, 445 img/s)
  batch 200/782 (53s, 486 img/s)
  batch 300/782 (78s, 493 img/s)
  batch 400/782 (105s, 489 img/s)
  batch 500/782 (151s, 424 img/s)
  batch 600/782 (196s, 393 img/s)
  batch 700/782 (238s, 377 img/s)
  saved clip_b_imagenet_train.npz (286s)
>>> siglip_b n=100000
  batch 100/782 (51s, 249 img/s)
  batch 200/782 (104s, 247 img/s)
  batch 300/782 (157s, 244 img/s)
  batch 400/782 (211s, 243 img/s)
  batch 500/782 (265s, 242 img/s)
  batch 600/782 (319s, 241 img/s)
  batch 700/782 (373s, 240 img/s)
  saved siglip_b_imagenet_train.npz (430s)
>>> clip_l n=100000
  batch 100/1563 (31s, 204 img/s)
  batch 200/1563 (65s, 198 img/s)
  batch 300/1563 (100s, 192 img/s)
  batch 400/1563 (136s, 188 img/s)
  batch 500/1563 (173s, 185 img/s)
  batch 600/1563 (210s, 183 img/s)
  batch 700/1563 (247s, 181 img/s)
  batch 800/1563 (284s, 180 img/s)
  batch 900/1563 (321s, 179 img/s)
  batch 1000/1563 (358s, 179 img/s)
  batch 1100/1563 (395s, 178 img/s)
  batch 1200/1563 (431s, 178 img/s)
  batch 1300/1563 (468s, 178 img/s)
  batch 1400/1563 (505s, 177 img/s)
  batch 1500/1563 (541s, 177 img/s)
  saved clip_l_imagenet_train.npz (618s)
done
index ready: 100000 train, 100000 exp5sub, 100000 to extract (train)
>>> dinov2_g n=50000 shard 1/2
  batch 100/1563 (309s, 10 img/s)
  batch 200/1563 (647s, 10 img/s)
  batch 300/1563 (988s, 10 img/s)
  batch 400/1563 (1328s, 10 img/s)
  batch 500/1563 (1668s, 10 img/s)
  batch 600/1563 (2008s, 10 img/s)
  batch 700/1563 (2348s, 10 img/s)
  batch 800/1563 (2686s, 10 img/s)
  batch 900/1563 (3025s, 10 img/s)
  batch 1000/1563 (3353s, 10 img/s)
  batch 1100/1563 (3688s, 10 img/s)
  batch 1200/1563 (4024s, 10 img/s)
  batch 1300/1563 (4362s, 10 img/s)
  batch 1400/1563 (4697s, 10 img/s)
  batch 1500/1563 (5032s, 10 img/s)
  saved dinov2_g_imagenet_train.shard1of2.npz (5255s)
done
