index ready: 100000 train, 100000 exp5sub, 191799 union
>>> dinov2_s union n=191799
  batch 100/1499 (207s, 62 img/s)
  batch 200/1499 (378s, 68 img/s)
  batch 300/1499 (542s, 71 img/s)
  batch 400/1499 (707s, 72 img/s)
  batch 500/1499 (872s, 73 img/s)
  batch 600/1499 (1057s, 73 img/s)
  batch 700/1499 (1238s, 72 img/s)
  batch 800/1499 (1424s, 72 img/s)
  batch 900/1499 (1614s, 71 img/s)
  batch 1000/1499 (1807s, 71 img/s)
  batch 1100/1499 (1990s, 71 img/s)
  batch 1200/1499 (2168s, 71 img/s)
  batch 1300/1499 (2352s, 71 img/s)
  batch 1400/1499 (2538s, 71 img/s)
  saved dinov2_s_imagenet_train.npz
  saved dinov2_s_imagenet_exp5sub100.npz
>>> dinov2_b union n=191799
  batch 100/1499 (443s, 29 img/s)
  batch 200/1499 (884s, 29 img/s)
  batch 300/1499 (1325s, 29 img/s)
  batch 400/1499 (1766s, 29 img/s)
index ready: 100000 train, 100000 exp5sub, 100000 to extract (train)
>>> dinov2_b n=100000
  batch 100/782 (446s, 29 img/s)
  batch 200/782 (890s, 29 img/s)
  batch 300/782 (1341s, 29 img/s)
  batch 400/782 (1788s, 29 img/s)
  batch 500/782 (2244s, 29 img/s)
  batch 600/782 (2690s, 29 img/s)
  batch 700/782 (3138s, 29 img/s)
  saved dinov2_b_imagenet_train.npz (3519s)
>>> dinov2_l n=100000
  batch 100/1563 (190s, 34 img/s)
  batch 200/1563 (382s, 34 img/s)
  batch 300/1563 (574s, 33 img/s)
  batch 400/1563 (767s, 33 img/s)
  batch 500/1563 (959s, 33 img/s)
  batch 600/1563 (1151s, 33 img/s)
  batch 700/1563 (1343s, 33 img/s)
  batch 800/1563 (1535s, 33 img/s)
  batch 900/1563 (1728s, 33 img/s)
  batch 1000/1563 (1920s, 33 img/s)
  batch 1100/1563 (2113s, 33 img/s)
  batch 1200/1563 (2305s, 33 img/s)
  batch 1300/1563 (2497s, 33 img/s)
  batch 1400/1563 (2689s, 33 img/s)
  batch 1500/1563 (2881s, 33 img/s)
  saved dinov2_l_imagenet_train.npz (3020s)
done
index ready: 100000 train, 100000 exp5sub, 100000 to extract (train)
>>> dinov2_g n=50000 shard 0/2
  batch 100/1563 (309s, 10 img/s)
  batch 200/1563 (623s, 10 img/s)
  batch 300/1563 (938s, 10 img/s)
  batch 400/1563 (1250s, 10 img/s)
  batch 500/1563 (1563s, 10 img/s)
  batch 600/1563 (1876s, 10 img/s)
  batch 700/1563 (2192s, 10 img/s)
  batch 800/1563 (2499s, 10 img/s)
  batch 900/1563 (2808s, 10 img/s)
  batch 1000/1563 (3114s, 10 img/s)
  batch 1100/1563 (3420s, 10 img/s)
  batch 1200/1563 (3724s, 10 img/s)
  batch 1300/1563 (4028s, 10 img/s)
  batch 1400/1563 (4332s, 10 img/s)
  batch 1500/1563 (4635s, 10 img/s)
  saved dinov2_g_imagenet_train.shard0of2.npz (4842s)
done
index ready: 100000 train, 100000 exp5sub, 100000 to extract (train)
  merged dinov2_g_imagenet_train.npz from 2 shards
