PASS calib: tree delta=0.000 
PASS calib: H2 R=4 delta_norm ~0.087 
PASS calib: H2 R=4 absolute ~0.69 (ln2) 
PASS calib: S99 chord ~0.143 
PASS calib: S99 geodesic ~0.179 
PASS calib: gauss d=768 ~0.061 
PASS census: 72 cells, 200 replicates, none from the store 
PASS 68/72 sign-neg 
PASS 4 sign-positive: Dv2 S/B/G IN (exc<=+0.011, p>=0.99) + ViT-T FMNIST (~0, p~0.5) 
PASS genuine p<=0.05: 55/72, hier 43/48, flat 12/24 
PASS 44/72 below all 200 replicates; flat 23/24 sign-neg 
PASS genuine <=> r>=191 
PASS B20 caption: |z|>=2 49/72, hier z<=-3 32/48 
PASS IN ranges: ViT -0.020..-0.030, CLIP/SigLIP -0.016..-0.025 
PASS Dv2-L IN -0.008 genuine r=200; S->G C10 -0.095->-0.155 
PASS R1 fidelity: ImageNet raw delta == exp20 cache (4 dp) 
PASS sphere 12/12 geo, 10/12 chord 
PASS xi Dv2 -0.020->-0.070 66->89% 
PASS sup/con xi +0.02..+0.04, < gauss 0.09 
PASS text: 15 models, 200 replicates 
PASS GPT-2 S/M not genuine (-0.013/-0.009; p .090/.139), L/XL genuine (-0.039/-0.047) 
PASS Pythia x3 + OLMo-1B genuine 
PASS 7 embedders not genuine, excess +0.003..+0.012 
PASS genuine 6/15 
PASS erank GPT2 1.3->56; GTE 98 
PASS templates: emb <=.012, LM hasta .065 
PASS DBpedia exc -0.020..-0.028, delta .122-.132, NC -0.4..-0.8, FS +0.04..+0.08 
PASS C50 Dv2-L (exp19, supremum) exc -0.124/-0.093 NC +1.58/+0.53 [historical; Table B3 now reads expR60] 
PASS C-sweep record: text numbers (Dv2-L C=50 random/coherent excess) match expR60; every seed has 200 replicates 
PASS C-sweep record: random-more-than-coherent thresholds per model, NC random>coherent everywhere, C=10 random excess, Dv2-G below null at every C, as stated 
PASS DBpedia record: three embedders, excess range and min r as stated in the text 
PASS bridges IN ViT 7.6/3.2 CLIPSIG 8.0/4.4 
PASS naive IN: ViT-T~CLIP-B 0.82 
PASS naive block WordNet 0.38-0.51 
PASS naive island <=0.06 vs supervised 
PASS C100 cosine-ward: 0.56 vs 0.61, coph 0.74/0.74 
PASS IN cosine-avg 0.38 vs 0.48 
PASS exp21b: 66 pairs 
PASS exp21b kNN raw .472 cal .464 null .010 (= 10/999) 
PASS exp21b CKA raw .633 cal .577 null .108 
PASS exp21b Poincare: kNN .425, CKA .640 
PASS exp21b every pair p=1/201 (<0.05) for kNN and CKA 
PASS NC pooled -0.45 
PASS NC imagenet -0.83 
PASS NC cifar100 -0.87 
PASS FS 56/60 estricto 
PASS +2.05 headline 
PASS McNemar p~4e-38 
PASS RT means 0.20/0.12 
PASS best-metric FS -0.31/-0.33 
PASS CLIP HN-COS +0.9..+1.3 transfer 
PASS exp24 val +0.63 oracle +0.64 (hier +0.78) 
PASS exp24 rule +0.41 vs cos +0.28 hier 
PASS CIs NC pooled [-0.60,-0.36], FS pooled inc. 0 
PASS t-sweep NC cruza cero, FS>0 siempre 
PASS rho ladder CLIP .57-.59 ViT .49-.53 DINOB .36 Dv2 .18-.22 
PASS ARI 0.61 (exp8_p1) 
PASS groupings 11/12 clipB .126/.174 
PASS no-pooling +0.26 
PASS triplets 0.91/0.85 vs 0.71/0.63 
PASS triplet: 'all genuine' necesita scoping (DINO-B IN -0.004) 

61/61 checks passed
[round3 re-total] 66/66
[round4 re-total] 69/69
PASS tool == Table 1 record (i21k_l/cifar100): excess 3dp, r, p | tool -0.0205 r200 p0.0050 | table -0.0205 r200 p0.0050
PASS tool == B34 aniso (i21k_l/cifar100): depth 3dp, z 1dp | tool -0.0167 z-1.49 | table -0.0167 z-1.49
PASS tool == Table 1 record (dinov2_l/imagenet): excess 3dp, r, p | tool -0.0135 r200 p0.0050 | table -0.0135 r200 p0.0050
PASS tool == B34 aniso (dinov2_l/imagenet): depth 3dp, z 1dp | tool -0.0277 z-2.39 | table -0.0277 z-2.39
[tool re-total] 73/73
PASS p99.9@200: 70/72 sign-neg, 56/72 genuine, 44/48 hier genuine 
PASS p99.9@200 ImageNet: DINO/DINOv2 genuine, ViT-T not 
[p999 re-total] 75/75
PASS phaseA vision record: 72 rows, r/p consistent, BH monotone, genuine flags 
PASS phaseA vision haar x sup: 72 rows, r/p consistent, BH monotone, genuine flags 
PASS phaseA text record: 15 rows, r/p consistent, BH monotone, genuine flags 
PASS phaseA text haar x sup: 15 rows, r/p consistent, BH monotone, genuine flags 
PASS phaseA text gauss x p999: 15 rows, r/p consistent, BH monotone, genuine flags 
PASS phaseA cosine vision: 72 rows, r/p consistent, BH monotone, genuine flags 
PASS phaseA cosine text: 15 rows, r/p consistent, BH monotone, genuine flags 
PASS phaseA depth power: expR55_depth_power.csv present 
PASS phaseA depth variants: expR56_depth_variants.csv present 
PASS phaseA cut-free tree map: expR58_treemap_cutfree_summary.csv present 
PASS phaseA ImageNet bootstrap: expR59_imagenet_bootstrap_summary.csv present 
[phaseA re-total] 86/86
   BRIDGE: 3 last-paragraph With the instrument in place | \paragraph{Projection and tasks.} A parameter-free
   BRIDGE: 4 last-paragraph turn to next | \paragraph{Scale deepens the excess for one family
   BRIDGE: 5 last-paragraph subject of the next | \paragraph{Local agreement survives calibration.} 
   V2 BRIDGE: Experimental Setup last With the instrument in place | \paragraph{Replicates, seeds and budgets.} Every c
   V2 BRIDGE: Results last turn to next | \paragraph{Scale deepens the excess for one family
   V2 BRIDGE: Results last subject of the next | We apply the permutation calibration of \citet{gro
   V3 BRIDGE: Methodology last next section fixes | A parameter-free map centers the features, scales 
   V3 BRIDGE: Experimental Setup last With the setup fixed | \paragraph{Replicates, seeds, budgets and frames.}
   V3 BRIDGE: Results last subject of the next | \paragraph{Local agreement survives calibration.} 
Traceback (most recent call last):
  File "rebuttal/scripts/sweep_freeze.py", line 1527, in <module>
    final_checks()
  File "rebuttal/scripts/sweep_freeze.py", line 1516, in final_checks
    and "OLMo-7B" not in txt_ and "OLMo-7B" not in pan_ and "centroid bootstrap: excess" not in rob and "expR32" not in rob and "expR73" in rob and "shrinks with the number of classes" in app_f and _j.load(open(R/"final_fig_classcount.json"))["C"] == [10, 20, 50, 100, 200, 500, 1000] and rob.count("DINOv2-L & ") >= 2)
FileNotFoundError: [Errno 2] No such file or directory: '/media/HDD_4TB_2/javi/NeurIPS-2026_rush_e/rebuttal/results/final_fig_classcount.json'
