PASS calib: tree delta=0.000 
PASS calib: H2 R=4 delta_norm ~0.087 
PASS calib: H2 R=4 absolute ~0.69 (ln2) 
PASS calib: S99 chord ~0.143 
PASS calib: S99 geodesic ~0.179 
PASS calib: gauss d=768 ~0.061 
PASS census: 72 cells, 200 replicates, none from the store 
PASS 68/72 sign-neg 
PASS 4 sign-positive: Dv2 S/B/G IN (exc<=+0.011, p>=0.99) + ViT-T FMNIST (~0, p~0.5) 
PASS genuine p<=0.05: 55/72, hier 43/48, flat 12/24 
PASS 44/72 below all 200 replicates; flat 23/24 sign-neg 
PASS genuine <=> r>=191 
PASS B20 caption: |z|>=2 49/72, hier z<=-3 32/48 
PASS IN ranges: ViT -0.020..-0.030, CLIP/SigLIP -0.016..-0.025 
PASS Dv2-L IN -0.008 genuine r=200; S->G C10 -0.095->-0.155 
PASS R1 fidelity: ImageNet raw delta == exp20 cache (4 dp) 
PASS sphere 12/12 geo, 10/12 chord 
PASS xi Dv2 -0.020->-0.070 66->89% 
PASS sup/con xi +0.02..+0.04, < gauss 0.09 
PASS text: 15 models, 200 replicates 
PASS GPT-2 S/M not genuine (-0.013/-0.009; p .090/.139), L/XL genuine (-0.039/-0.047) 
PASS Pythia x3 + OLMo-1B genuine 
PASS 7 embedders not genuine, excess +0.003..+0.012 
PASS genuine 6/15 
PASS erank GPT2 1.3->56; GTE 98 
PASS templates: emb <=.012, LM hasta .065 
PASS DBpedia exc -0.020..-0.028, delta .122-.132, NC -0.4..-0.8, FS +0.04..+0.08 
PASS C50 Dv2-L (exp19, supremum) exc -0.124/-0.093 NC +1.58/+0.53 [historical; Table B3 now reads expR60] 
PASS C-sweep record: text numbers (Dv2-L C=50 random/coherent excess) match expR60; every seed has 200 replicates 
PASS C-sweep record: random-more-than-coherent thresholds per model, NC random>coherent everywhere, C=10 random excess, Dv2-G below null at every C, as stated 
PASS DBpedia record: three embedders, excess range and min r as stated in the text 
PASS bridges IN ViT 7.6/3.2 CLIPSIG 8.0/4.4 
PASS naive IN: ViT-T~CLIP-B 0.82 
PASS naive block WordNet 0.38-0.51 
PASS naive island <=0.06 vs supervised 
PASS C100 cosine-ward: 0.56 vs 0.61, coph 0.74/0.74 
PASS IN cosine-avg 0.38 vs 0.48 
PASS exp21b: 66 pairs 
PASS exp21b kNN raw .472 cal .464 null .010 (= 10/999) 
PASS exp21b CKA raw .633 cal .577 null .108 
PASS exp21b Poincare: kNN .425, CKA .640 
PASS exp21b every pair p=1/201 (<0.05) for kNN and CKA 
PASS NC pooled -0.45 
PASS NC imagenet -0.83 
PASS NC cifar100 -0.87 
PASS FS 56/60 estricto 
PASS +2.05 headline 
PASS McNemar p~4e-38 
PASS RT means 0.20/0.12 
PASS best-metric FS -0.31/-0.33 
PASS CLIP HN-COS +0.9..+1.3 transfer 
PASS exp24 val +0.63 oracle +0.64 (hier +0.78) 
PASS exp24 rule +0.41 vs cos +0.28 hier 
PASS CIs NC pooled [-0.60,-0.36], FS pooled inc. 0 
PASS t-sweep NC cruza cero, FS>0 siempre 
PASS rho ladder CLIP .57-.59 ViT .49-.53 DINOB .36 Dv2 .18-.22 
PASS ARI 0.61 (exp8_p1) 
PASS groupings 11/12 clipB .126/.174 
PASS no-pooling +0.26 
PASS triplets 0.91/0.85 vs 0.71/0.63 
PASS triplet: 'all genuine' necesita scoping (DINO-B IN -0.004) 

61/61 checks passed
[round3 re-total] 66/66
[round4 re-total] 69/69
PASS tool == Table 1 record (i21k_l/cifar100): excess 3dp, r, p | tool -0.0205 r200 p0.0050 | table -0.0205 r200 p0.0050
PASS tool == B34 aniso (i21k_l/cifar100): depth 3dp, z 1dp | tool -0.0167 z-1.49 | table -0.0167 z-1.49
PASS tool == Table 1 record (dinov2_l/imagenet): excess 3dp, r, p | tool -0.0135 r200 p0.0050 | table -0.0135 r200 p0.0050
PASS tool == B34 aniso (dinov2_l/imagenet): depth 3dp, z 1dp | tool -0.0277 z-2.39 | table -0.0277 z-2.39
[tool re-total] 73/73
PASS p99.9@200: 70/72 sign-neg, 56/72 genuine, 44/48 hier genuine 
PASS p99.9@200 ImageNet: DINO/DINOv2 genuine, ViT-T not 
[p999 re-total] 75/75
PASS phaseA vision record: 72 rows, r/p consistent, BH monotone, genuine flags 
PASS phaseA vision haar x sup: 72 rows, r/p consistent, BH monotone, genuine flags 
PASS phaseA text record: 15 rows, r/p consistent, BH monotone, genuine flags 
PASS phaseA text haar x sup: 15 rows, r/p consistent, BH monotone, genuine flags 
PASS phaseA text gauss x p999: 15 rows, r/p consistent, BH monotone, genuine flags 
PASS phaseA cosine vision: 72 rows, r/p consistent, BH monotone, genuine flags 
PASS phaseA cosine text: 15 rows, r/p consistent, BH monotone, genuine flags 
PASS phaseA depth power: expR55_depth_power.csv present 
PASS phaseA depth variants: expR56_depth_variants.csv present 
PASS phaseA cut-free tree map: expR58_treemap_cutfree_summary.csv present 
PASS phaseA ImageNet bootstrap: expR59_imagenet_bootstrap_summary.csv present 
[phaseA re-total] 86/86
   BRIDGE: 3 last-paragraph With the instrument in place | \paragraph{Projection and tasks.} A parameter-free
   BRIDGE: 4 last-paragraph turn to next | \paragraph{Scale deepens the excess for one family
   BRIDGE: 5 last-paragraph subject of the next | \paragraph{Local agreement survives calibration.} 
   V2 BRIDGE: Experimental Setup last With the instrument in place | \paragraph{Replicates, seeds and budgets.} Every c
   V2 BRIDGE: Results last turn to next | \paragraph{Scale deepens the excess for one family
   V2 BRIDGE: Results last subject of the next | We apply the permutation calibration of \citet{gro
   V3 BRIDGE: Methodology last next section fixes | A parameter-free map centers the features, scales 
   V3 BRIDGE: Experimental Setup last With the setup fixed | \paragraph{Replicates, seeds, budgets and frames.}
   V3 BRIDGE: Results last subject of the next | \paragraph{Local agreement survives calibration.} 
PASS final (cleanup, 2026-09-22): S3.3 duplicates out ('Size and evidence', 'What a genuine excess means'); Definition 8 (decoupling control) after the matched star with the author's wording and the power/false-alarm sentence; S4 lead-in and S5.2 sentence gone, the two S5.2 paragraphs at two sentences; S3.2 supremum sentence gone (citation on Definition 1); S5.3 in the seven paragraphs in order with each count once and the bias sentence once; the Khrulkov table in S5.1 with its cells from expR78, cited by the paragraph 
PASS final (10th review): the balanced frame read as frame mismatch (author's sentence, counts from expR83/expR77) and the matched count kept in (c); the alignment stated as relational, not radial, reproduced by the planted principal-axis alignment in the supervised ViTs and CLIP-B and not in DINOv2-L, form unresolved (S5.3 and (iii)); the decoupling's separation and 'no hub hierarchy' = none among the frame's hubs (S5.3 and (iii)); 'hubs of the frame' in the abstract, S1 and the captions; the within-model ceiling from expR84 beside 0.77/0.76 with the keep branch (ceiling >= 0.9), Table 11(c); limitation (vi) on analysis choices, scope renumbered; Table 14(b) restored 
PASS final (thesis after expR84): the new thesis twice, the abstract's sharing sentence and its S1 mirror with 0.77 and the triplet ceiling range from the files, contribution 3 mirrored, S5.4 with the three ceilings (range and mean) beside the cross-model values and the reading (topology within most of the ceiling, metric at about half) 
PASS final (consolidated pass): the thesis is the abstract's last sentence and S7's; S1 (rewrite of 2026-09-23) glosses the hub at first use, the frame gloss sits at its first use in S3.4 (Definition 6), P5 has its three labelled parts, P1/P3/P4 as briefed; S1 and contribution 3 mirror the abstract's sharing sentence; S5.4 opens by citing Figure 5 with the author's sentence; Figure 5 caption and the appendix matrices; Definition 8 and the frame-mismatch reading split at 45 words 
PASS final (12th review, abstract edits of 2026-09-23): 'no hierarchy as strong as the planted one is found' in the abstract and 'none as strong…' in S5.3(d); 'well above chance, though short of what two readings of the same model reach' in contribution 3 only, the abstract and the S1 answer paragraph saying the cross-model sentence of 2026-09-23 (15:45) with 'though less than two readings of the same model', the island in S5.4 only; the thesis with 'well above chance, though not as much as two readings of one model' twice; MERU lead-in; limitation (vii) on the diameter normalization with scope renumbered (viii)-(x); every continued caption of Table 3 names its panel 
PASS final (palette, 2026-09-24): every band is the light blue-gray at 60 per cent and the planted hierarchy is black, dashed, with triangles; no yellow is left in the palette or the figure script 
PASS final (Figure 4b, 2026-09-24): the text panel reads the ImageNet class names for the 15 models in the author's order with their full names, its excesses are expR53's and 7 of 15 are genuine; the caption and the S5.4 sentence name it 
PASS final (counts and columns, 2026-09-24): the census verdict table gives k of five constructions per cell beside the cosine verdict (Tables 5 and 6 merged), the text census gives k of four readings, no appendix table packs two numbers in one cell, the same-reading and ceiling figures are gone and Table 14 carries the author's title 
PASS final (appendix reduction, 2026-09-24): every appendix table is cited from the main text, the radial control and the calibrated correlations at the sentences that use their numbers (2026-09-24); the budget, class-count, power, ceiling and gains tables are figures whose values come from the same files; Section B keeps the four limitations S7 does not carry and Section C the four paragraphs the main text still needs; the reading guide lists them 
PASS final (main-text completeness, 2026-09-24): S5.1 gives the sample-level count (14 of 24 from expR62), the MERU sentence carries the unmeasured power and the 95th-percentile radius from expR71, S5.4 gives the three WordNet ranges from exp3_alignment and the recipe pointer, and the text paragraph's per-model claims hold in expR53/expR57/expR61 (GPT-2 L and XL genuine under all three readings, S and M under some, Pythia at every size, the 7 embedders not on class names and the 3 read on DBpedia genuine) 
PASS final (full read, 2026-09-24): 'planted' everywhere, no 'implanted' left in the text, the appendix titles, the tables or the figure captions (file names and labels keep their spelling); the abstract adds the hierarchy test; S4 gives each class set its count in parentheses; the depth equation reads on into the 'where' clause; the statement boxes are unbreakable; the Ethics statement drops the metric-selection heuristic; Figure 3(b) names the supremum in the caption 
PASS final (main text without tables, 2026-09-24): no table environment or table input left in the main text; the census and the Khrulkov tables inputted in the appendix with every column; Figure 3 in S5.1 with the author's caption, its 24 sample-level cells from expR62 and the four published datasets from expR78/expR85 (10 of 24 genuine; CIFAR-10 and CUB-200 indistinguishable); S5.1 and the S1 mirror point at it; Figure 2(a) retitled 
PASS final (template compliance, 2026-09-24): the preamble has no display-skip block and no textfloatsep, abovecaptionskip, floatsep, linespread or global parskip override, and the main text no \raggedbottom, so the style's \parskip .5pc, \parindent 0 and \flushbottom apply; S7 keeps eight limitations and the appendix none (final reduction); the four paragraphs of the former Appendix C sit in their question; S6 in one paragraph; the only \vspace is the author's before the Figure 1 caption 
PASS final (numeral rule): counts of models, cells, seeds and runs are numerals with their denominator in the abstract, the main text and every caption ('9 of 12 backbones', 'the other 3'); no spelled-out count before a count noun; words kept for descriptive quantities 
PASS final (12th review, item 5): Table 1 carries the excess and rank of the published statistic itself, the supremum, calibrated on the same 200 replicates over 10 trials per dataset (cells from expR85_khrulkov_sup_summary.csv), and S5.1 says so; while the run is not merged, the fallback clause of the brief 
PASS final (readability 2): Definition 3 opens with the plain sentence; S3.2 confounds paragraph in one sentence; S3.3 'Two cells of the same dataset can have the same reading and opposite verdicts'; S3.4 opens with the author's two sentences before Definition 6; the three verbatim S2/S3 sentences split by recorded edits; no sentence over 30 words in S3-S7 outside definitions, citation lists and the thesis 
PASS final (4th review): depth table with two-decimal z everywhere and the K = 10/30/60 sweep with the balanced frame; DBpedia supremum columns under the Haar null; no OLMo-7B row; no expR32 bootstrap row 
PASS final: every cross-reference of the final resolves 
PASS final (BH consistency, 2026-09-25): the published values carry the paper's own definition of genuine, Benjamini--Hochberg across the 4 datasets, which leaves MiniImageNet alone; S1, S5.1 and the Figure 3 caption say so and give CIFAR-100's uncorrected p from the file 
PASS final (corrections, 2026-09-25): no 'an planted' left; the two ResNet rows carry the count of replicates above the real value out of 20; Table 1 carries the extraction note; S2 cites Moreira; S4 points the pooling at the model panel; C.8 points at Figure 5b with the ceiling; the corollary names its 10 backbones and its 4 datasets 
PASS final: the corollary panel drops the McNemar column (the main text never used it, author's brief 2026-09-24): 9 columns, 60 rows of accuracies and advantages, and a caption that defines Eucl. and Poinc. and gives the advantages in percentage points 
PASS final: Appendix A is the author's expanded proof (2026-09-24): the proposition restated by reference, an intuition paragraph, the two parts proved with 6 displayed equations, and the labels it cites resolve 
PASS final: every row of the model panel carries its citation, inline after the model name since it fits the text width (author's brief, 2026-09-24), Barlow Twins and BYOL among them, and both new entries have a publisher source 
PASS final: the per-cell census is the centered Haar record with the two self-supervised ResNets as rows (author's brief, 2026-09-24), and it answers the reference of the former main-text table 
PASS final: AI Use Statement with exactly the three declared items and the responsibility sentence; Reproducibility pointing at the supplementary material, with no TODO or anonymized-repository placeholder left in the file; Ethics present 
PASS final: preamble of the frozen v1 plus amsthm, amssymb (the \square of the proofs, 2026-09-24) and tcolorbox (the boxed statements), same class, same packages otherwise 
PASS rebuttal: the file is the frozen submission file plus the inserted paragraphs and the parallel-track appendix subsection, nothing else (frozen text and numbers unchanged) 
PASS rebuttal: every inserted paragraph carries a provenance comment naming its result file and points to its table 
PASS rebuttal (priority 1c, rule not met): the planted-alignment counts and the power in the paragraph and table match expR80_implanted_alignment.csv / expR80_decision.csv, the rule is stated as not met and no 'measured power' claim enters 
PASS rebuttal (priority 1): every z of the trained positive control matches expR77_positive_control.csv and the verdict sentence matches the pre-set criterion in expR77_positive_control_verdict.json 
[phaseB re-total] 245/245
