clip_l    cifar100     b= -1 exc -0.0174 r=50/50 (61s)
clip_l    cifar100     b=  0 exc -0.0185 r=50/50 (61s)
clip_l    cifar100     b= 10 exc -0.0187 r=50/50 (61s)
clip_l    cifar100     b= 20 exc -0.0170 r=50/50 (58s)
siglip_b  cifar100     b= -1 exc -0.0212 r=50/50 (69s)
siglip_b  cifar100     b=  0 exc -0.0200 r=50/50 (75s)
siglip_b  cifar100     b= 10 exc -0.0209 r=50/50 (83s)
siglip_b  cifar100     b= 20 exc -0.0215 r=50/50 (130s)
i21k_t    cifar10      b= -1 exc -0.0141 r=40/50 (67s)
i21k_t    cifar10      b=  0 exc -0.0155 r=42/50 (71s)
i21k_t    cifar10      b= 10 exc -0.0135 r=40/50 (158s)
i21k_t    cifar10      b= 20 exc -0.0143 r=40/50 (133s)
i21k_s    cifar10      b= -1 exc -0.0433 r=50/50 (151s)
i21k_s    cifar10      b=  0 exc -0.0436 r=50/50 (159s)
i21k_s    cifar10      b= 10 exc -0.0423 r=50/50 (126s)
i21k_s    cifar10      b= 20 exc -0.0434 r=50/50 (113s)
i21k_b    cifar10      b= -1 exc -0.0392 r=49/50 (102s)
i21k_b    cifar10      b=  0 exc -0.0400 r=49/50 (108s)
i21k_b    cifar10      b= 10 exc -0.0363 r=49/50 (144s)
i21k_b    cifar10      b= 20 exc -0.0392 r=49/50 (124s)
i21k_l    cifar10      b= -1 exc -0.0380 r=50/50 (132s)
i21k_l    cifar10      b=  0 exc -0.0390 r=50/50 (128s)
i21k_l    cifar10      b= 10 exc -0.0376 r=50/50 (109s)
i21k_l    cifar10      b= 20 exc -0.0376 r=50/50 (104s)
dinov1_b  cifar10      b= -1 exc -0.0424 r=50/50 (85s)
dinov1_b  cifar10      b=  0 exc -0.0450 r=50/50 (82s)
dinov1_b  cifar10      b= 10 exc -0.0414 r=50/50 (61s)
dinov1_b  cifar10      b= 20 exc -0.0415 r=50/50 (79s)
dinov2_s  cifar10      b= -1 exc -0.0325 r=50/50 (56s)
dinov2_s  cifar10      b=  0 exc -0.0330 r=50/50 (57s)
dinov2_s  cifar10      b= 10 exc -0.0308 r=50/50 (77s)
dinov2_s  cifar10      b= 20 exc -0.0316 r=50/50 (41s)
dinov2_b  cifar10      b= -1 exc -0.0648 r=50/50 (51s)
dinov2_b  cifar10      b=  0 exc -0.0657 r=50/50 (50s)
dinov2_b  cifar10      b= 10 exc -0.0638 r=50/50 (50s)
dinov2_b  cifar10      b= 20 exc -0.0639 r=50/50 (57s)
dinov2_l  cifar10      b= -1 exc -0.0844 r=50/50 (65s)
dinov2_l  cifar10      b=  0 exc -0.0834 r=50/50 (43s)
dinov2_l  cifar10      b= 10 exc -0.0835 r=50/50 (64s)
dinov2_l  cifar10      b= 20 exc -0.0844 r=50/50 (39s)
PART DONE 7
