dinov2_s  cifar100 b -1 delta 0.0672 null 0.0978 exc -0.0306 r 200/200 (225s)
dinov2_s  cifar100 b  0 delta 0.0674 null 0.0977 exc -0.0302 r 200/200 (234s)
dinov2_s  cifar100 b  1 delta 0.0674 null 0.0977 exc -0.0304 r 200/200 (216s)
dinov2_s  cifar100 b  2 delta 0.0668 null 0.0977 exc -0.0309 r 200/200 (229s)
dinov2_s  cifar100 b  3 delta 0.0674 null 0.0975 exc -0.0301 r 200/200 (214s)
dinov2_s  cifar100 b  4 delta 0.0671 null 0.0977 exc -0.0305 r 200/200 (215s)
dinov2_s  cifar100 b  5 delta 0.0673 null 0.0976 exc -0.0302 r 200/200 (219s)
dinov2_s  cifar100 b  6 delta 0.0667 null 0.0977 exc -0.0310 r 200/200 (216s)
dinov2_s  cifar100 b  7 delta 0.0673 null 0.0977 exc -0.0304 r 200/200 (219s)
dinov2_s  cifar100 b  8 delta 0.0670 null 0.0976 exc -0.0306 r 200/200 (215s)
dinov2_s  cifar100 b  9 delta 0.0670 null 0.0975 exc -0.0306 r 200/200 (219s)
dinov2_s  cifar100 b 10 delta 0.0680 null 0.0977 exc -0.0297 r 200/200 (217s)
dinov2_s  cifar100 b 11 delta 0.0671 null 0.0979 exc -0.0308 r 200/200 (214s)
dinov2_s  cifar100 b 12 delta 0.0670 null 0.0976 exc -0.0306 r 200/200 (219s)
dinov2_s  cifar100 b 13 delta 0.0678 null 0.0978 exc -0.0300 r 200/200 (218s)
dinov2_s  cifar100 b 14 delta 0.0681 null 0.0977 exc -0.0297 r 200/200 (222s)
dinov2_s  cifar100 b 15 delta 0.0667 null 0.0976 exc -0.0309 r 200/200 (218s)
dinov2_s  cifar100 b 16 delta 0.0675 null 0.0977 exc -0.0301 r 200/200 (215s)
dinov2_s  cifar100 b 17 delta 0.0667 null 0.0976 exc -0.0309 r 200/200 (226s)
dinov2_s  cifar100 b 18 delta 0.0665 null 0.0977 exc -0.0312 r 200/200 (232s)
dinov2_s  cifar100 b 19 delta 0.0672 null 0.0977 exc -0.0305 r 200/200 (227s)
dinov2_s  cifar100 b 20 delta 0.0670 null 0.0976 exc -0.0306 r 200/200 (223s)
dinov2_s  cifar100 b 21 delta 0.0670 null 0.0977 exc -0.0307 r 200/200 (232s)
dinov2_s  cifar100 b 22 delta 0.0672 null 0.0977 exc -0.0305 r 200/200 (224s)
dinov2_s  cifar100 b 23 delta 0.0668 null 0.0975 exc -0.0307 r 200/200 (233s)
dinov2_s  cifar100 b 24 delta 0.0671 null 0.0977 exc -0.0307 r 200/200 (238s)
dinov2_s  cifar100 b 25 delta 0.0665 null 0.0976 exc -0.0311 r 200/200 (233s)
dinov2_s  cifar100 b 26 delta 0.0663 null 0.0974 exc -0.0310 r 200/200 (228s)
dinov2_s  cifar100 b 27 delta 0.0668 null 0.0977 exc -0.0309 r 200/200 (236s)
dinov2_s  cifar100 b 28 delta 0.0669 null 0.0977 exc -0.0308 r 200/200 (245s)
dinov2_s  cifar100 b 29 delta 0.0664 null 0.0977 exc -0.0314 r 200/200 (247s)
dinov2_s  dtd      b -1 delta 0.1053 null 0.1232 exc -0.0179 r 200/200 (228s)
dinov2_s  dtd      b  0 delta 0.1047 null 0.1222 exc -0.0175 r 200/200 (232s)
dinov2_s  dtd      b  1 delta 0.1041 null 0.1219 exc -0.0178 r 200/200 (236s)
dinov2_s  dtd      b  2 delta 0.1058 null 0.1215 exc -0.0157 r 199/200 (220s)
dinov2_s  dtd      b  3 delta 0.1059 null 0.1220 exc -0.0160 r 199/200 (217s)
dinov2_s  dtd      b  4 delta 0.1057 null 0.1220 exc -0.0164 r 199/200 (217s)
dinov2_s  dtd      b  5 delta 0.1073 null 0.1225 exc -0.0152 r 199/200 (219s)
dinov2_s  dtd      b  6 delta 0.1043 null 0.1211 exc -0.0169 r 199/200 (216s)
dinov2_s  dtd      b  7 delta 0.0980 null 0.1222 exc -0.0242 r 200/200 (226s)
dinov2_s  dtd      b  8 delta 0.1051 null 0.1217 exc -0.0166 r 199/200 (214s)
dinov2_s  dtd      b  9 delta 0.1065 null 0.1227 exc -0.0161 r 199/200 (219s)
dinov2_s  dtd      b 10 delta 0.1059 null 0.1225 exc -0.0166 r 199/200 (216s)
dinov2_s  dtd      b 11 delta 0.1067 null 0.1224 exc -0.0156 r 199/200 (220s)
dinov2_s  dtd      b 12 delta 0.1056 null 0.1226 exc -0.0170 r 200/200 (219s)
dinov2_s  dtd      b 13 delta 0.1057 null 0.1222 exc -0.0165 r 199/200 (221s)
dinov2_s  dtd      b 14 delta 0.1053 null 0.1219 exc -0.0167 r 200/200 (215s)
dinov2_s  dtd      b 15 delta 0.1028 null 0.1220 exc -0.0193 r 200/200 (218s)
dinov2_s  dtd      b 16 delta 0.1062 null 0.1212 exc -0.0150 r 199/200 (219s)
dinov2_s  dtd      b 17 delta 0.1062 null 0.1219 exc -0.0157 r 199/200 (219s)
dinov2_s  dtd      b 18 delta 0.1048 null 0.1230 exc -0.0182 r 200/200 (219s)
dinov2_s  dtd      b 19 delta 0.1081 null 0.1218 exc -0.0137 r 199/200 (220s)
dinov2_s  dtd      b 20 delta 0.1060 null 0.1233 exc -0.0174 r 200/200 (216s)
dinov2_s  dtd      b 21 delta 0.1033 null 0.1232 exc -0.0199 r 200/200 (210s)
dinov2_s  dtd      b 22 delta 0.0991 null 0.1225 exc -0.0234 r 200/200 (212s)
dinov2_s  dtd      b 23 delta 0.1017 null 0.1226 exc -0.0209 r 200/200 (215s)
dinov2_s  dtd      b 24 delta 0.1034 null 0.1210 exc -0.0177 r 200/200 (218s)
dinov2_s  dtd      b 25 delta 0.1082 null 0.1218 exc -0.0136 r 199/200 (202s)
dinov2_s  dtd      b 26 delta 0.1055 null 0.1220 exc -0.0165 r 199/200 (211s)
dinov2_s  dtd      b 27 delta 0.1082 null 0.1222 exc -0.0140 r 199/200 (219s)
dinov2_s  dtd      b 28 delta 0.1074 null 0.1216 exc -0.0142 r 199/200 (216s)
dinov2_s  dtd      b 29 delta 0.1028 null 0.1214 exc -0.0186 r 200/200 (213s)
Done part dinov2_s
