dinov2_g  cifar10      b= -1 exc -0.0774 r=50/50 (47s)
dinov2_g  cifar10      b=  0 exc -0.0775 r=50/50 (46s)
dinov2_g  cifar10      b= 10 exc -0.0761 r=50/50 (50s)
dinov2_g  cifar10      b= 20 exc -0.0769 r=50/50 (44s)
clip_b    cifar10      b= -1 exc -0.0237 r=48/50 (43s)
clip_b    cifar10      b=  0 exc -0.0240 r=49/50 (48s)
clip_b    cifar10      b= 10 exc -0.0251 r=49/50 (39s)
clip_b    cifar10      b= 20 exc -0.0234 r=48/50 (72s)
clip_l    cifar10      b= -1 exc -0.0214 r=46/50 (72s)
clip_l    cifar10      b=  0 exc -0.0193 r=45/50 (76s)
clip_l    cifar10      b= 10 exc -0.0222 r=46/50 (93s)
clip_l    cifar10      b= 20 exc -0.0214 r=46/50 (64s)
siglip_b  cifar10      b= -1 exc -0.0284 r=50/50 (152s)
siglip_b  cifar10      b=  0 exc -0.0275 r=50/50 (154s)
siglip_b  cifar10      b= 10 exc -0.0273 r=50/50 (139s)
siglip_b  cifar10      b= 20 exc -0.0274 r=50/50 (128s)
i21k_t    dtd          b= -1 exc -0.0134 r=49/50 (150s)
i21k_t    dtd          b=  0 exc -0.0171 r=50/50 (155s)
i21k_t    dtd          b= 10 exc -0.0142 r=50/50 (131s)
i21k_t    dtd          b= 20 exc -0.0139 r=50/50 (134s)
i21k_s    dtd          b= -1 exc -0.0175 r=50/50 (131s)
i21k_s    dtd          b=  0 exc -0.0162 r=50/50 (133s)
i21k_s    dtd          b= 10 exc -0.0177 r=50/50 (146s)
i21k_s    dtd          b= 20 exc -0.0200 r=50/50 (112s)
i21k_b    dtd          b= -1 exc -0.0197 r=50/50 (122s)
i21k_b    dtd          b=  0 exc -0.0205 r=50/50 (142s)
i21k_b    dtd          b= 10 exc -0.0201 r=50/50 (73s)
i21k_b    dtd          b= 20 exc -0.0218 r=50/50 (89s)
i21k_l    dtd          b= -1 exc -0.0299 r=50/50 (99s)
i21k_l    dtd          b=  0 exc -0.0297 r=50/50 (87s)
i21k_l    dtd          b= 10 exc -0.0280 r=50/50 (54s)
i21k_l    dtd          b= 20 exc -0.0318 r=50/50 (65s)
dinov1_b  dtd          b= -1 exc -0.0260 r=50/50 (62s)
dinov1_b  dtd          b=  0 exc -0.0284 r=50/50 (71s)
dinov1_b  dtd          b= 10 exc -0.0246 r=50/50 (84s)
dinov1_b  dtd          b= 20 exc -0.0284 r=50/50 (92s)
dinov2_s  dtd          b= -1 exc -0.0165 r=50/50 (68s)
dinov2_s  dtd          b=  0 exc -0.0162 r=50/50 (64s)
dinov2_s  dtd          b= 10 exc -0.0152 r=50/50 (63s)
dinov2_s  dtd          b= 20 exc -0.0161 r=50/50 (51s)
PART DONE 8
