siglip_b  cifar100 b -1 delta 0.0978 null 0.1198 exc -0.0220 r 200/200 (236s)
siglip_b  cifar100 b  0 delta 0.0990 null 0.1197 exc -0.0207 r 200/200 (232s)
siglip_b  cifar100 b  1 delta 0.0982 null 0.1197 exc -0.0215 r 200/200 (234s)
siglip_b  cifar100 b  2 delta 0.0980 null 0.1197 exc -0.0218 r 200/200 (225s)
siglip_b  cifar100 b  3 delta 0.0976 null 0.1196 exc -0.0220 r 200/200 (217s)
siglip_b  cifar100 b  4 delta 0.0981 null 0.1198 exc -0.0217 r 200/200 (217s)
siglip_b  cifar100 b  5 delta 0.0971 null 0.1197 exc -0.0226 r 200/200 (219s)
siglip_b  cifar100 b  6 delta 0.0992 null 0.1197 exc -0.0205 r 200/200 (219s)
siglip_b  cifar100 b  7 delta 0.0986 null 0.1196 exc -0.0210 r 200/200 (210s)
siglip_b  cifar100 b  8 delta 0.0987 null 0.1195 exc -0.0208 r 200/200 (222s)
siglip_b  cifar100 b  9 delta 0.0981 null 0.1195 exc -0.0214 r 200/200 (221s)
siglip_b  cifar100 b 10 delta 0.0980 null 0.1197 exc -0.0216 r 200/200 (218s)
siglip_b  cifar100 b 11 delta 0.0988 null 0.1197 exc -0.0209 r 200/200 (217s)
siglip_b  cifar100 b 12 delta 0.0983 null 0.1196 exc -0.0213 r 200/200 (218s)
siglip_b  cifar100 b 13 delta 0.0984 null 0.1198 exc -0.0214 r 200/200 (208s)
siglip_b  cifar100 b 14 delta 0.0987 null 0.1197 exc -0.0210 r 200/200 (217s)
siglip_b  cifar100 b 15 delta 0.0979 null 0.1197 exc -0.0218 r 200/200 (218s)
siglip_b  cifar100 b 16 delta 0.0975 null 0.1197 exc -0.0222 r 200/200 (220s)
siglip_b  cifar100 b 17 delta 0.0969 null 0.1196 exc -0.0227 r 200/200 (225s)
siglip_b  cifar100 b 18 delta 0.0981 null 0.1196 exc -0.0215 r 200/200 (235s)
siglip_b  cifar100 b 19 delta 0.0969 null 0.1196 exc -0.0227 r 200/200 (225s)
siglip_b  cifar100 b 20 delta 0.0975 null 0.1197 exc -0.0222 r 200/200 (232s)
siglip_b  cifar100 b 21 delta 0.0982 null 0.1196 exc -0.0214 r 200/200 (231s)
siglip_b  cifar100 b 22 delta 0.0978 null 0.1197 exc -0.0219 r 200/200 (230s)
siglip_b  cifar100 b 23 delta 0.0983 null 0.1197 exc -0.0214 r 200/200 (233s)
siglip_b  cifar100 b 24 delta 0.0978 null 0.1196 exc -0.0219 r 200/200 (241s)
siglip_b  cifar100 b 25 delta 0.0984 null 0.1195 exc -0.0212 r 200/200 (228s)
siglip_b  cifar100 b 26 delta 0.0961 null 0.1196 exc -0.0234 r 200/200 (233s)
siglip_b  cifar100 b 27 delta 0.0968 null 0.1196 exc -0.0228 r 200/200 (241s)
siglip_b  cifar100 b 28 delta 0.0978 null 0.1194 exc -0.0216 r 200/200 (250s)
siglip_b  cifar100 b 29 delta 0.0958 null 0.1195 exc -0.0237 r 200/200 (254s)
siglip_b  dtd      b -1 delta 0.0962 null 0.1195 exc -0.0233 r 200/200 (233s)
siglip_b  dtd      b  0 delta 0.0954 null 0.1186 exc -0.0231 r 200/200 (237s)
siglip_b  dtd      b  1 delta 0.0973 null 0.1187 exc -0.0213 r 200/200 (233s)
siglip_b  dtd      b  2 delta 0.0955 null 0.1185 exc -0.0231 r 200/200 (223s)
siglip_b  dtd      b  3 delta 0.0944 null 0.1189 exc -0.0244 r 200/200 (224s)
siglip_b  dtd      b  4 delta 0.0948 null 0.1179 exc -0.0231 r 200/200 (224s)
siglip_b  dtd      b  5 delta 0.0980 null 0.1187 exc -0.0207 r 200/200 (222s)
siglip_b  dtd      b  6 delta 0.0922 null 0.1181 exc -0.0258 r 200/200 (227s)
siglip_b  dtd      b  7 delta 0.0950 null 0.1192 exc -0.0242 r 200/200 (221s)
siglip_b  dtd      b  8 delta 0.0960 null 0.1189 exc -0.0230 r 200/200 (226s)
siglip_b  dtd      b  9 delta 0.0964 null 0.1185 exc -0.0221 r 200/200 (225s)
siglip_b  dtd      b 10 delta 0.0950 null 0.1187 exc -0.0238 r 200/200 (215s)
siglip_b  dtd      b 11 delta 0.0926 null 0.1183 exc -0.0257 r 200/200 (228s)
siglip_b  dtd      b 12 delta 0.0935 null 0.1189 exc -0.0253 r 200/200 (218s)
siglip_b  dtd      b 13 delta 0.0964 null 0.1193 exc -0.0229 r 200/200 (226s)
siglip_b  dtd      b 14 delta 0.0964 null 0.1184 exc -0.0220 r 200/200 (217s)
siglip_b  dtd      b 15 delta 0.0944 null 0.1181 exc -0.0237 r 200/200 (222s)
siglip_b  dtd      b 16 delta 0.0956 null 0.1178 exc -0.0222 r 200/200 (227s)
siglip_b  dtd      b 17 delta 0.0974 null 0.1180 exc -0.0206 r 200/200 (223s)
siglip_b  dtd      b 18 delta 0.0951 null 0.1195 exc -0.0244 r 200/200 (223s)
siglip_b  dtd      b 19 delta 0.0960 null 0.1186 exc -0.0226 r 200/200 (223s)
siglip_b  dtd      b 20 delta 0.0956 null 0.1194 exc -0.0238 r 200/200 (216s)
siglip_b  dtd      b 21 delta 0.0955 null 0.1192 exc -0.0237 r 200/200 (224s)
siglip_b  dtd      b 22 delta 0.0943 null 0.1197 exc -0.0253 r 200/200 (219s)
siglip_b  dtd      b 23 delta 0.0940 null 0.1191 exc -0.0251 r 200/200 (218s)
siglip_b  dtd      b 24 delta 0.0942 null 0.1183 exc -0.0241 r 200/200 (217s)
siglip_b  dtd      b 25 delta 0.0964 null 0.1189 exc -0.0225 r 200/200 (226s)
siglip_b  dtd      b 26 delta 0.0957 null 0.1194 exc -0.0236 r 200/200 (222s)
siglip_b  dtd      b 27 delta 0.0943 null 0.1180 exc -0.0237 r 200/200 (221s)
siglip_b  dtd      b 28 delta 0.0952 null 0.1179 exc -0.0227 r 200/200 (215s)
siglip_b  dtd      b 29 delta 0.0945 null 0.1188 exc -0.0242 r 200/200 (135s)
Done part siglip_b
