clip_b    cifar100 b -1 delta 0.1010 null 0.1204 exc -0.0195 r 200/200 (217s)
clip_b    cifar100 b  0 delta 0.1006 null 0.1206 exc -0.0200 r 200/200 (241s)
clip_b    cifar100 b  1 delta 0.1011 null 0.1204 exc -0.0193 r 200/200 (229s)
clip_b    cifar100 b  2 delta 0.1012 null 0.1204 exc -0.0191 r 200/200 (223s)
clip_b    cifar100 b  3 delta 0.1008 null 0.1202 exc -0.0195 r 200/200 (217s)
clip_b    cifar100 b  4 delta 0.1020 null 0.1204 exc -0.0184 r 200/200 (214s)
clip_b    cifar100 b  5 delta 0.1006 null 0.1203 exc -0.0197 r 200/200 (213s)
clip_b    cifar100 b  6 delta 0.1018 null 0.1205 exc -0.0188 r 200/200 (222s)
clip_b    cifar100 b  7 delta 0.1008 null 0.1204 exc -0.0196 r 200/200 (219s)
clip_b    cifar100 b  8 delta 0.1003 null 0.1201 exc -0.0198 r 200/200 (219s)
clip_b    cifar100 b  9 delta 0.1001 null 0.1201 exc -0.0200 r 200/200 (213s)
clip_b    cifar100 b 10 delta 0.1003 null 0.1203 exc -0.0200 r 200/200 (223s)
clip_b    cifar100 b 11 delta 0.1005 null 0.1200 exc -0.0196 r 200/200 (216s)
clip_b    cifar100 b 12 delta 0.1010 null 0.1203 exc -0.0193 r 200/200 (217s)
clip_b    cifar100 b 13 delta 0.1016 null 0.1203 exc -0.0188 r 200/200 (220s)
clip_b    cifar100 b 14 delta 0.1026 null 0.1204 exc -0.0178 r 200/200 (217s)
clip_b    cifar100 b 15 delta 0.1005 null 0.1203 exc -0.0198 r 200/200 (214s)
clip_b    cifar100 b 16 delta 0.1012 null 0.1203 exc -0.0191 r 200/200 (213s)
clip_b    cifar100 b 17 delta 0.1011 null 0.1198 exc -0.0188 r 200/200 (215s)
clip_b    cifar100 b 18 delta 0.1015 null 0.1204 exc -0.0189 r 200/200 (229s)
clip_b    cifar100 b 19 delta 0.1025 null 0.1203 exc -0.0178 r 200/200 (227s)
clip_b    cifar100 b 20 delta 0.1000 null 0.1204 exc -0.0203 r 200/200 (222s)
clip_b    cifar100 b 21 delta 0.1015 null 0.1201 exc -0.0186 r 200/200 (224s)
clip_b    cifar100 b 22 delta 0.0999 null 0.1204 exc -0.0205 r 200/200 (223s)
clip_b    cifar100 b 23 delta 0.1023 null 0.1203 exc -0.0179 r 200/200 (229s)
clip_b    cifar100 b 24 delta 0.1008 null 0.1201 exc -0.0193 r 200/200 (239s)
clip_b    cifar100 b 25 delta 0.1006 null 0.1201 exc -0.0195 r 200/200 (234s)
clip_b    cifar100 b 26 delta 0.1014 null 0.1203 exc -0.0189 r 200/200 (233s)
clip_b    cifar100 b 27 delta 0.1021 null 0.1203 exc -0.0181 r 200/200 (234s)
clip_b    cifar100 b 28 delta 0.1010 null 0.1202 exc -0.0191 r 200/200 (245s)
clip_b    cifar100 b 29 delta 0.1015 null 0.1202 exc -0.0187 r 200/200 (248s)
clip_b    dtd      b -1 delta 0.0988 null 0.1228 exc -0.0240 r 200/200 (232s)
clip_b    dtd      b  0 delta 0.0975 null 0.1220 exc -0.0245 r 200/200 (233s)
clip_b    dtd      b  1 delta 0.0988 null 0.1226 exc -0.0238 r 200/200 (232s)
clip_b    dtd      b  2 delta 0.0967 null 0.1232 exc -0.0265 r 200/200 (221s)
clip_b    dtd      b  3 delta 0.0985 null 0.1214 exc -0.0229 r 200/200 (216s)
clip_b    dtd      b  4 delta 0.0968 null 0.1212 exc -0.0244 r 200/200 (219s)
clip_b    dtd      b  5 delta 0.1020 null 0.1220 exc -0.0200 r 199/200 (218s)
clip_b    dtd      b  6 delta 0.0959 null 0.1209 exc -0.0250 r 200/200 (225s)
clip_b    dtd      b  7 delta 0.0993 null 0.1223 exc -0.0230 r 200/200 (214s)
clip_b    dtd      b  8 delta 0.0992 null 0.1218 exc -0.0225 r 200/200 (215s)
clip_b    dtd      b  9 delta 0.1001 null 0.1219 exc -0.0218 r 200/200 (215s)
clip_b    dtd      b 10 delta 0.0979 null 0.1220 exc -0.0241 r 200/200 (217s)
clip_b    dtd      b 11 delta 0.0950 null 0.1218 exc -0.0268 r 200/200 (223s)
clip_b    dtd      b 12 delta 0.0973 null 0.1221 exc -0.0248 r 200/200 (214s)
clip_b    dtd      b 13 delta 0.0991 null 0.1220 exc -0.0229 r 200/200 (223s)
clip_b    dtd      b 14 delta 0.1012 null 0.1223 exc -0.0211 r 199/200 (220s)
clip_b    dtd      b 15 delta 0.0954 null 0.1222 exc -0.0268 r 200/200 (215s)
clip_b    dtd      b 16 delta 0.0965 null 0.1210 exc -0.0245 r 200/200 (215s)
clip_b    dtd      b 17 delta 0.1006 null 0.1217 exc -0.0211 r 200/200 (215s)
clip_b    dtd      b 18 delta 0.0962 null 0.1234 exc -0.0272 r 200/200 (216s)
clip_b    dtd      b 19 delta 0.0999 null 0.1223 exc -0.0224 r 200/200 (218s)
clip_b    dtd      b 20 delta 0.0957 null 0.1230 exc -0.0273 r 200/200 (214s)
clip_b    dtd      b 21 delta 0.0970 null 0.1231 exc -0.0262 r 200/200 (215s)
clip_b    dtd      b 22 delta 0.0941 null 0.1224 exc -0.0284 r 200/200 (219s)
clip_b    dtd      b 23 delta 0.0955 null 0.1227 exc -0.0273 r 200/200 (206s)
clip_b    dtd      b 24 delta 0.0979 null 0.1212 exc -0.0233 r 200/200 (217s)
clip_b    dtd      b 25 delta 0.0971 null 0.1222 exc -0.0251 r 200/200 (216s)
clip_b    dtd      b 26 delta 0.0997 null 0.1230 exc -0.0233 r 200/200 (218s)
clip_b    dtd      b 27 delta 0.0972 null 0.1217 exc -0.0245 r 200/200 (217s)
clip_b    dtd      b 28 delta 0.0990 null 0.1211 exc -0.0221 r 200/200 (217s)
clip_b    dtd      b 29 delta 0.0998 null 0.1220 exc -0.0222 r 200/200 (212s)
Done part clip_b
