dinov1_b  cifar100 b -1 delta 0.0822 null 0.1138 exc -0.0316 r 200/200 (235s)
dinov1_b  cifar100 b  0 delta 0.0820 null 0.1135 exc -0.0316 r 200/200 (242s)
dinov1_b  cifar100 b  1 delta 0.0823 null 0.1138 exc -0.0315 r 200/200 (229s)
dinov1_b  cifar100 b  2 delta 0.0818 null 0.1136 exc -0.0317 r 200/200 (229s)
dinov1_b  cifar100 b  3 delta 0.0815 null 0.1137 exc -0.0322 r 200/200 (221s)
dinov1_b  cifar100 b  4 delta 0.0823 null 0.1136 exc -0.0313 r 200/200 (218s)
dinov1_b  cifar100 b  5 delta 0.0824 null 0.1137 exc -0.0313 r 200/200 (218s)
dinov1_b  cifar100 b  6 delta 0.0827 null 0.1135 exc -0.0309 r 200/200 (224s)
dinov1_b  cifar100 b  7 delta 0.0810 null 0.1135 exc -0.0325 r 200/200 (213s)
dinov1_b  cifar100 b  8 delta 0.0810 null 0.1135 exc -0.0325 r 200/200 (215s)
dinov1_b  cifar100 b  9 delta 0.0827 null 0.1135 exc -0.0308 r 200/200 (224s)
dinov1_b  cifar100 b 10 delta 0.0823 null 0.1137 exc -0.0314 r 200/200 (225s)
dinov1_b  cifar100 b 11 delta 0.0821 null 0.1136 exc -0.0316 r 200/200 (216s)
dinov1_b  cifar100 b 12 delta 0.0818 null 0.1135 exc -0.0316 r 200/200 (217s)
dinov1_b  cifar100 b 13 delta 0.0819 null 0.1136 exc -0.0316 r 200/200 (227s)
dinov1_b  cifar100 b 14 delta 0.0813 null 0.1135 exc -0.0322 r 200/200 (230s)
dinov1_b  cifar100 b 15 delta 0.0822 null 0.1136 exc -0.0314 r 200/200 (226s)
dinov1_b  cifar100 b 16 delta 0.0823 null 0.1136 exc -0.0314 r 200/200 (213s)
dinov1_b  cifar100 b 17 delta 0.0828 null 0.1136 exc -0.0308 r 200/200 (235s)
dinov1_b  cifar100 b 18 delta 0.0839 null 0.1135 exc -0.0296 r 200/200 (229s)
dinov1_b  cifar100 b 19 delta 0.0824 null 0.1136 exc -0.0312 r 200/200 (235s)
dinov1_b  cifar100 b 20 delta 0.0817 null 0.1136 exc -0.0319 r 200/200 (231s)
dinov1_b  cifar100 b 21 delta 0.0823 null 0.1136 exc -0.0312 r 200/200 (235s)
dinov1_b  cifar100 b 22 delta 0.0816 null 0.1136 exc -0.0320 r 200/200 (233s)
dinov1_b  cifar100 b 23 delta 0.0813 null 0.1136 exc -0.0323 r 200/200 (244s)
dinov1_b  cifar100 b 24 delta 0.0821 null 0.1136 exc -0.0315 r 200/200 (230s)
dinov1_b  cifar100 b 25 delta 0.0817 null 0.1136 exc -0.0320 r 200/200 (232s)
dinov1_b  cifar100 b 26 delta 0.0823 null 0.1134 exc -0.0311 r 200/200 (233s)
dinov1_b  cifar100 b 27 delta 0.0818 null 0.1135 exc -0.0317 r 200/200 (243s)
dinov1_b  cifar100 b 28 delta 0.0821 null 0.1136 exc -0.0315 r 200/200 (239s)
dinov1_b  cifar100 b 29 delta 0.0822 null 0.1135 exc -0.0313 r 200/200 (251s)
dinov1_b  dtd      b -1 delta 0.0952 null 0.1224 exc -0.0272 r 200/200 (234s)
dinov1_b  dtd      b  0 delta 0.0913 null 0.1209 exc -0.0296 r 200/200 (237s)
dinov1_b  dtd      b  1 delta 0.0950 null 0.1205 exc -0.0256 r 200/200 (227s)
dinov1_b  dtd      b  2 delta 0.0943 null 0.1204 exc -0.0260 r 200/200 (225s)
dinov1_b  dtd      b  3 delta 0.0947 null 0.1205 exc -0.0257 r 200/200 (224s)
dinov1_b  dtd      b  4 delta 0.0945 null 0.1206 exc -0.0260 r 200/200 (219s)
dinov1_b  dtd      b  5 delta 0.0941 null 0.1205 exc -0.0265 r 200/200 (217s)
dinov1_b  dtd      b  6 delta 0.0940 null 0.1199 exc -0.0260 r 200/200 (216s)
dinov1_b  dtd      b  7 delta 0.0893 null 0.1206 exc -0.0312 r 200/200 (222s)
dinov1_b  dtd      b  8 delta 0.0947 null 0.1211 exc -0.0264 r 200/200 (219s)
dinov1_b  dtd      b  9 delta 0.0921 null 0.1210 exc -0.0289 r 200/200 (221s)
dinov1_b  dtd      b 10 delta 0.0956 null 0.1214 exc -0.0258 r 200/200 (219s)
dinov1_b  dtd      b 11 delta 0.0947 null 0.1205 exc -0.0258 r 200/200 (224s)
dinov1_b  dtd      b 12 delta 0.0955 null 0.1205 exc -0.0250 r 200/200 (218s)
dinov1_b  dtd      b 13 delta 0.0947 null 0.1200 exc -0.0253 r 200/200 (224s)
dinov1_b  dtd      b 14 delta 0.0925 null 0.1204 exc -0.0279 r 200/200 (217s)
dinov1_b  dtd      b 15 delta 0.0941 null 0.1205 exc -0.0264 r 200/200 (221s)
dinov1_b  dtd      b 16 delta 0.0946 null 0.1196 exc -0.0250 r 200/200 (219s)
dinov1_b  dtd      b 17 delta 0.0929 null 0.1211 exc -0.0282 r 200/200 (218s)
dinov1_b  dtd      b 18 delta 0.0935 null 0.1208 exc -0.0273 r 200/200 (227s)
dinov1_b  dtd      b 19 delta 0.0945 null 0.1202 exc -0.0257 r 200/200 (218s)
dinov1_b  dtd      b 20 delta 0.0919 null 0.1215 exc -0.0296 r 200/200 (217s)
dinov1_b  dtd      b 21 delta 0.0917 null 0.1205 exc -0.0289 r 200/200 (227s)
dinov1_b  dtd      b 22 delta 0.0891 null 0.1209 exc -0.0318 r 200/200 (219s)
dinov1_b  dtd      b 23 delta 0.0912 null 0.1221 exc -0.0310 r 200/200 (221s)
dinov1_b  dtd      b 24 delta 0.0939 null 0.1197 exc -0.0258 r 200/200 (221s)
dinov1_b  dtd      b 25 delta 0.0959 null 0.1206 exc -0.0247 r 200/200 (223s)
dinov1_b  dtd      b 26 delta 0.0976 null 0.1210 exc -0.0233 r 200/200 (216s)
dinov1_b  dtd      b 27 delta 0.0978 null 0.1200 exc -0.0222 r 200/200 (222s)
dinov1_b  dtd      b 28 delta 0.0970 null 0.1196 exc -0.0226 r 200/200 (201s)
dinov1_b  dtd      b 29 delta 0.0954 null 0.1208 exc -0.0254 r 200/200 (135s)
Done part dinov1_b
