i21k_s    cifar100 b -1 delta 0.1220 null 0.1224 exc -0.0003 r 111/200 (222s)
i21k_s    cifar100 b  0 delta 0.1219 null 0.1221 exc -0.0002 r 111/200 (227s)
i21k_s    cifar100 b  1 delta 0.1232 null 0.1221 exc +0.0011 r 95/200 (231s)
i21k_s    cifar100 b  2 delta 0.1204 null 0.1225 exc -0.0021 r 125/200 (222s)
i21k_s    cifar100 b  3 delta 0.1225 null 0.1223 exc +0.0002 r 107/200 (214s)
i21k_s    cifar100 b  4 delta 0.1214 null 0.1225 exc -0.0011 r 118/200 (214s)
i21k_s    cifar100 b  5 delta 0.1236 null 0.1224 exc +0.0012 r 95/200 (216s)
i21k_s    cifar100 b  6 delta 0.1239 null 0.1224 exc +0.0015 r 92/200 (212s)
i21k_s    cifar100 b  7 delta 0.1210 null 0.1221 exc -0.0011 r 116/200 (218s)
i21k_s    cifar100 b  8 delta 0.1210 null 0.1220 exc -0.0010 r 116/200 (215s)
i21k_s    cifar100 b  9 delta 0.1206 null 0.1222 exc -0.0016 r 122/200 (214s)
i21k_s    cifar100 b 10 delta 0.1214 null 0.1221 exc -0.0007 r 113/200 (214s)
i21k_s    cifar100 b 11 delta 0.1213 null 0.1225 exc -0.0012 r 117/200 (211s)
i21k_s    cifar100 b 12 delta 0.1229 null 0.1224 exc +0.0004 r 104/200 (219s)
i21k_s    cifar100 b 13 delta 0.1216 null 0.1220 exc -0.0005 r 112/200 (216s)
i21k_s    cifar100 b 14 delta 0.1225 null 0.1221 exc +0.0004 r 106/200 (213s)
i21k_s    cifar100 b 15 delta 0.1209 null 0.1222 exc -0.0014 r 119/200 (216s)
i21k_s    cifar100 b 16 delta 0.1190 null 0.1224 exc -0.0033 r 129/200 (217s)
i21k_s    cifar100 b 17 delta 0.1219 null 0.1223 exc -0.0004 r 111/200 (226s)
i21k_s    cifar100 b 18 delta 0.1232 null 0.1222 exc +0.0010 r 97/200 (222s)
i21k_s    cifar100 b 19 delta 0.1220 null 0.1220 exc -0.0000 r 109/200 (228s)
i21k_s    cifar100 b 20 delta 0.1217 null 0.1225 exc -0.0008 r 115/200 (225s)
i21k_s    cifar100 b 21 delta 0.1243 null 0.1222 exc +0.0021 r 85/200 (223s)
i21k_s    cifar100 b 22 delta 0.1204 null 0.1222 exc -0.0018 r 122/200 (226s)
i21k_s    cifar100 b 23 delta 0.1211 null 0.1220 exc -0.0009 r 116/200 (230s)
i21k_s    cifar100 b 24 delta 0.1206 null 0.1221 exc -0.0015 r 122/200 (235s)
i21k_s    cifar100 b 25 delta 0.1226 null 0.1220 exc +0.0006 r 105/200 (229s)
i21k_s    cifar100 b 26 delta 0.1222 null 0.1222 exc -0.0000 r 110/200 (228s)
i21k_s    cifar100 b 27 delta 0.1215 null 0.1221 exc -0.0006 r 112/200 (228s)
i21k_s    cifar100 b 28 delta 0.1220 null 0.1220 exc -0.0000 r 108/200 (248s)
i21k_s    cifar100 b 29 delta 0.1226 null 0.1222 exc +0.0003 r 106/200 (239s)
i21k_s    dtd      b -1 delta 0.0958 null 0.1144 exc -0.0186 r 199/200 (235s)
i21k_s    dtd      b  0 delta 0.0963 null 0.1136 exc -0.0173 r 199/200 (224s)
i21k_s    dtd      b  1 delta 0.0926 null 0.1142 exc -0.0216 r 200/200 (238s)
i21k_s    dtd      b  2 delta 0.0936 null 0.1130 exc -0.0194 r 200/200 (221s)
i21k_s    dtd      b  3 delta 0.0924 null 0.1137 exc -0.0213 r 200/200 (221s)
i21k_s    dtd      b  4 delta 0.0953 null 0.1126 exc -0.0174 r 199/200 (216s)
i21k_s    dtd      b  5 delta 0.0965 null 0.1136 exc -0.0171 r 199/200 (223s)
i21k_s    dtd      b  6 delta 0.0951 null 0.1134 exc -0.0184 r 199/200 (217s)
i21k_s    dtd      b  7 delta 0.0941 null 0.1133 exc -0.0192 r 200/200 (220s)
i21k_s    dtd      b  8 delta 0.0963 null 0.1135 exc -0.0172 r 199/200 (215s)
i21k_s    dtd      b  9 delta 0.0958 null 0.1129 exc -0.0171 r 199/200 (217s)
i21k_s    dtd      b 10 delta 0.0960 null 0.1147 exc -0.0187 r 199/200 (215s)
i21k_s    dtd      b 11 delta 0.0952 null 0.1126 exc -0.0174 r 199/200 (221s)
i21k_s    dtd      b 12 delta 0.0920 null 0.1139 exc -0.0218 r 200/200 (215s)
i21k_s    dtd      b 13 delta 0.0974 null 0.1135 exc -0.0162 r 199/200 (215s)
i21k_s    dtd      b 14 delta 0.0939 null 0.1130 exc -0.0191 r 200/200 (217s)
i21k_s    dtd      b 15 delta 0.0946 null 0.1140 exc -0.0194 r 200/200 (212s)
i21k_s    dtd      b 16 delta 0.0943 null 0.1137 exc -0.0194 r 200/200 (218s)
i21k_s    dtd      b 17 delta 0.0934 null 0.1124 exc -0.0190 r 200/200 (223s)
i21k_s    dtd      b 18 delta 0.0902 null 0.1144 exc -0.0242 r 200/200 (215s)
i21k_s    dtd      b 19 delta 0.0950 null 0.1118 exc -0.0167 r 199/200 (219s)
i21k_s    dtd      b 20 delta 0.0933 null 0.1143 exc -0.0211 r 200/200 (210s)
i21k_s    dtd      b 21 delta 0.0933 null 0.1140 exc -0.0207 r 200/200 (214s)
i21k_s    dtd      b 22 delta 0.0963 null 0.1137 exc -0.0174 r 199/200 (214s)
i21k_s    dtd      b 23 delta 0.0960 null 0.1132 exc -0.0171 r 199/200 (219s)
i21k_s    dtd      b 24 delta 0.0933 null 0.1127 exc -0.0194 r 200/200 (214s)
i21k_s    dtd      b 25 delta 0.0919 null 0.1138 exc -0.0219 r 200/200 (223s)
i21k_s    dtd      b 26 delta 0.0971 null 0.1140 exc -0.0168 r 199/200 (220s)
i21k_s    dtd      b 27 delta 0.0913 null 0.1129 exc -0.0216 r 200/200 (204s)
i21k_s    dtd      b 28 delta 0.0945 null 0.1128 exc -0.0183 r 199/200 (212s)
i21k_s    dtd      b 29 delta 0.0968 null 0.1132 exc -0.0164 r 199/200 (212s)
Done part i21k_s
