i21k_t    cifar100 b -1 delta 0.1309 null 0.1374 exc -0.0064 r 151/200 (212s)
i21k_t    cifar100 b  0 delta 0.1280 null 0.1369 exc -0.0089 r 170/200 (238s)
i21k_t    cifar100 b  1 delta 0.1311 null 0.1373 exc -0.0062 r 151/200 (228s)
i21k_t    cifar100 b  2 delta 0.1314 null 0.1373 exc -0.0059 r 148/200 (223s)
i21k_t    cifar100 b  3 delta 0.1320 null 0.1374 exc -0.0054 r 143/200 (220s)
i21k_t    cifar100 b  4 delta 0.1327 null 0.1368 exc -0.0041 r 130/200 (215s)
i21k_t    cifar100 b  5 delta 0.1333 null 0.1373 exc -0.0041 r 131/200 (215s)
i21k_t    cifar100 b  6 delta 0.1307 null 0.1372 exc -0.0065 r 151/200 (211s)
i21k_t    cifar100 b  7 delta 0.1313 null 0.1370 exc -0.0057 r 145/200 (218s)
i21k_t    cifar100 b  8 delta 0.1319 null 0.1367 exc -0.0048 r 136/200 (216s)
i21k_t    cifar100 b  9 delta 0.1305 null 0.1374 exc -0.0069 r 155/200 (219s)
i21k_t    cifar100 b 10 delta 0.1313 null 0.1369 exc -0.0056 r 143/200 (212s)
i21k_t    cifar100 b 11 delta 0.1267 null 0.1372 exc -0.0105 r 179/200 (214s)
i21k_t    cifar100 b 12 delta 0.1309 null 0.1370 exc -0.0061 r 149/200 (216s)
i21k_t    cifar100 b 13 delta 0.1299 null 0.1369 exc -0.0071 r 159/200 (222s)
i21k_t    cifar100 b 14 delta 0.1343 null 0.1368 exc -0.0025 r 118/200 (212s)
i21k_t    cifar100 b 15 delta 0.1307 null 0.1366 exc -0.0059 r 147/200 (206s)
i21k_t    cifar100 b 16 delta 0.1304 null 0.1372 exc -0.0068 r 155/200 (216s)
i21k_t    cifar100 b 17 delta 0.1331 null 0.1370 exc -0.0039 r 130/200 (213s)
i21k_t    cifar100 b 18 delta 0.1320 null 0.1372 exc -0.0052 r 141/200 (234s)
i21k_t    cifar100 b 19 delta 0.1311 null 0.1371 exc -0.0060 r 149/200 (233s)
i21k_t    cifar100 b 20 delta 0.1314 null 0.1375 exc -0.0062 r 151/200 (227s)
i21k_t    cifar100 b 21 delta 0.1313 null 0.1371 exc -0.0058 r 146/200 (222s)
i21k_t    cifar100 b 22 delta 0.1319 null 0.1367 exc -0.0048 r 137/200 (222s)
i21k_t    cifar100 b 23 delta 0.1307 null 0.1372 exc -0.0065 r 153/200 (222s)
i21k_t    cifar100 b 24 delta 0.1326 null 0.1370 exc -0.0045 r 135/200 (229s)
i21k_t    cifar100 b 25 delta 0.1276 null 0.1369 exc -0.0093 r 172/200 (227s)
i21k_t    cifar100 b 26 delta 0.1290 null 0.1373 exc -0.0083 r 165/200 (226s)
i21k_t    cifar100 b 27 delta 0.1342 null 0.1369 exc -0.0027 r 118/200 (233s)
i21k_t    cifar100 b 28 delta 0.1310 null 0.1370 exc -0.0060 r 149/200 (242s)
i21k_t    cifar100 b 29 delta 0.1332 null 0.1371 exc -0.0039 r 129/200 (236s)
i21k_t    dtd      b -1 delta 0.1105 null 0.1248 exc -0.0142 r 197/200 (232s)
i21k_t    dtd      b  0 delta 0.1066 null 0.1245 exc -0.0179 r 199/200 (231s)
i21k_t    dtd      b  1 delta 0.1115 null 0.1251 exc -0.0136 r 196/200 (231s)
i21k_t    dtd      b  2 delta 0.1095 null 0.1235 exc -0.0140 r 197/200 (227s)
i21k_t    dtd      b  3 delta 0.1103 null 0.1241 exc -0.0139 r 197/200 (226s)
i21k_t    dtd      b  4 delta 0.1112 null 0.1240 exc -0.0128 r 191/200 (227s)
i21k_t    dtd      b  5 delta 0.1093 null 0.1238 exc -0.0144 r 198/200 (225s)
i21k_t    dtd      b  6 delta 0.1080 null 0.1238 exc -0.0158 r 199/200 (220s)
i21k_t    dtd      b  7 delta 0.1113 null 0.1247 exc -0.0134 r 193/200 (227s)
i21k_t    dtd      b  8 delta 0.1076 null 0.1239 exc -0.0163 r 199/200 (225s)
i21k_t    dtd      b  9 delta 0.1116 null 0.1241 exc -0.0125 r 191/200 (219s)
i21k_t    dtd      b 10 delta 0.1100 null 0.1250 exc -0.0150 r 199/200 (224s)
i21k_t    dtd      b 11 delta 0.1089 null 0.1237 exc -0.0148 r 198/200 (223s)
i21k_t    dtd      b 12 delta 0.1117 null 0.1252 exc -0.0135 r 194/200 (222s)
i21k_t    dtd      b 13 delta 0.1099 null 0.1250 exc -0.0151 r 199/200 (225s)
i21k_t    dtd      b 14 delta 0.1103 null 0.1235 exc -0.0132 r 193/200 (222s)
i21k_t    dtd      b 15 delta 0.1118 null 0.1243 exc -0.0124 r 191/200 (222s)
i21k_t    dtd      b 16 delta 0.1110 null 0.1243 exc -0.0133 r 193/200 (216s)
i21k_t    dtd      b 17 delta 0.1108 null 0.1232 exc -0.0124 r 191/200 (222s)
i21k_t    dtd      b 18 delta 0.1095 null 0.1248 exc -0.0152 r 199/200 (226s)
i21k_t    dtd      b 19 delta 0.1111 null 0.1226 exc -0.0115 r 187/200 (218s)
i21k_t    dtd      b 20 delta 0.1103 null 0.1250 exc -0.0147 r 198/200 (215s)
i21k_t    dtd      b 21 delta 0.1080 null 0.1248 exc -0.0168 r 199/200 (212s)
i21k_t    dtd      b 22 delta 0.1082 null 0.1239 exc -0.0158 r 199/200 (214s)
i21k_t    dtd      b 23 delta 0.1114 null 0.1245 exc -0.0132 r 192/200 (225s)
i21k_t    dtd      b 24 delta 0.1080 null 0.1234 exc -0.0154 r 199/200 (228s)
i21k_t    dtd      b 25 delta 0.1094 null 0.1242 exc -0.0147 r 199/200 (224s)
i21k_t    dtd      b 26 delta 0.1108 null 0.1245 exc -0.0137 r 197/200 (216s)
i21k_t    dtd      b 27 delta 0.1123 null 0.1243 exc -0.0120 r 190/200 (219s)
i21k_t    dtd      b 28 delta 0.1104 null 0.1231 exc -0.0128 r 191/200 (221s)
i21k_t    dtd      b 29 delta 0.1125 null 0.1243 exc -0.0118 r 190/200 (207s)
Done part i21k_t
