dinov2_g  cifar100 b -1 delta 0.0300 null 0.0696 exc -0.0395 r 200/200 (243s)
dinov2_g  cifar100 b  0 delta 0.0299 null 0.0693 exc -0.0394 r 200/200 (237s)
dinov2_g  cifar100 b  1 delta 0.0297 null 0.0694 exc -0.0397 r 200/200 (237s)
dinov2_g  cifar100 b  2 delta 0.0298 null 0.0696 exc -0.0398 r 200/200 (226s)
dinov2_g  cifar100 b  3 delta 0.0298 null 0.0692 exc -0.0394 r 200/200 (222s)
dinov2_g  cifar100 b  4 delta 0.0299 null 0.0694 exc -0.0394 r 200/200 (229s)
dinov2_g  cifar100 b  5 delta 0.0301 null 0.0693 exc -0.0392 r 200/200 (223s)
dinov2_g  cifar100 b  6 delta 0.0295 null 0.0696 exc -0.0401 r 200/200 (222s)
dinov2_g  cifar100 b  7 delta 0.0300 null 0.0695 exc -0.0395 r 200/200 (220s)
dinov2_g  cifar100 b  8 delta 0.0300 null 0.0693 exc -0.0393 r 200/200 (230s)
dinov2_g  cifar100 b  9 delta 0.0298 null 0.0693 exc -0.0395 r 200/200 (224s)
dinov2_g  cifar100 b 10 delta 0.0299 null 0.0695 exc -0.0396 r 200/200 (224s)
dinov2_g  cifar100 b 11 delta 0.0300 null 0.0696 exc -0.0396 r 200/200 (224s)
dinov2_g  cifar100 b 12 delta 0.0300 null 0.0692 exc -0.0392 r 200/200 (230s)
dinov2_g  cifar100 b 13 delta 0.0300 null 0.0696 exc -0.0396 r 200/200 (224s)
dinov2_g  cifar100 b 14 delta 0.0299 null 0.0694 exc -0.0395 r 200/200 (230s)
dinov2_g  cifar100 b 15 delta 0.0300 null 0.0697 exc -0.0397 r 200/200 (220s)
dinov2_g  cifar100 b 16 delta 0.0298 null 0.0695 exc -0.0397 r 200/200 (227s)
dinov2_g  cifar100 b 17 delta 0.0302 null 0.0694 exc -0.0392 r 200/200 (238s)
dinov2_g  cifar100 b 18 delta 0.0300 null 0.0695 exc -0.0394 r 200/200 (245s)
dinov2_g  cifar100 b 19 delta 0.0296 null 0.0696 exc -0.0400 r 200/200 (230s)
dinov2_g  cifar100 b 20 delta 0.0299 null 0.0692 exc -0.0393 r 200/200 (232s)
dinov2_g  cifar100 b 21 delta 0.0298 null 0.0694 exc -0.0395 r 200/200 (240s)
dinov2_g  cifar100 b 22 delta 0.0301 null 0.0695 exc -0.0394 r 200/200 (231s)
dinov2_g  cifar100 b 23 delta 0.0300 null 0.0694 exc -0.0395 r 200/200 (245s)
dinov2_g  cifar100 b 24 delta 0.0299 null 0.0697 exc -0.0398 r 200/200 (241s)
dinov2_g  cifar100 b 25 delta 0.0297 null 0.0696 exc -0.0398 r 200/200 (232s)
dinov2_g  cifar100 b 26 delta 0.0298 null 0.0693 exc -0.0394 r 200/200 (249s)
dinov2_g  cifar100 b 27 delta 0.0300 null 0.0693 exc -0.0394 r 200/200 (252s)
dinov2_g  cifar100 b 28 delta 0.0300 null 0.0692 exc -0.0392 r 200/200 (250s)
dinov2_g  cifar100 b 29 delta 0.0298 null 0.0695 exc -0.0397 r 200/200 (258s)
dinov2_g  dtd      b -1 delta 0.0731 null 0.1117 exc -0.0386 r 200/200 (232s)
dinov2_g  dtd      b  0 delta 0.0729 null 0.1103 exc -0.0374 r 200/200 (230s)
dinov2_g  dtd      b  1 delta 0.0683 null 0.1110 exc -0.0427 r 200/200 (218s)
dinov2_g  dtd      b  2 delta 0.0717 null 0.1093 exc -0.0376 r 200/200 (219s)
dinov2_g  dtd      b  3 delta 0.0696 null 0.1100 exc -0.0404 r 200/200 (217s)
dinov2_g  dtd      b  4 delta 0.0714 null 0.1095 exc -0.0381 r 200/200 (220s)
dinov2_g  dtd      b  5 delta 0.0682 null 0.1107 exc -0.0425 r 200/200 (221s)
dinov2_g  dtd      b  6 delta 0.0701 null 0.1096 exc -0.0396 r 200/200 (222s)
dinov2_g  dtd      b  7 delta 0.0703 null 0.1099 exc -0.0396 r 200/200 (219s)
dinov2_g  dtd      b  8 delta 0.0723 null 0.1099 exc -0.0377 r 200/200 (213s)
dinov2_g  dtd      b  9 delta 0.0742 null 0.1100 exc -0.0358 r 200/200 (219s)
dinov2_g  dtd      b 10 delta 0.0717 null 0.1108 exc -0.0391 r 200/200 (219s)
dinov2_g  dtd      b 11 delta 0.0709 null 0.1111 exc -0.0402 r 200/200 (221s)
dinov2_g  dtd      b 12 delta 0.0719 null 0.1108 exc -0.0389 r 200/200 (220s)
dinov2_g  dtd      b 13 delta 0.0732 null 0.1098 exc -0.0366 r 200/200 (221s)
dinov2_g  dtd      b 14 delta 0.0704 null 0.1098 exc -0.0394 r 200/200 (211s)
dinov2_g  dtd      b 15 delta 0.0694 null 0.1105 exc -0.0410 r 200/200 (224s)
dinov2_g  dtd      b 16 delta 0.0733 null 0.1083 exc -0.0350 r 200/200 (220s)
dinov2_g  dtd      b 17 delta 0.0761 null 0.1091 exc -0.0330 r 200/200 (218s)
dinov2_g  dtd      b 18 delta 0.0698 null 0.1109 exc -0.0410 r 200/200 (214s)
dinov2_g  dtd      b 19 delta 0.0711 null 0.1099 exc -0.0388 r 200/200 (216s)
dinov2_g  dtd      b 20 delta 0.0727 null 0.1117 exc -0.0390 r 200/200 (215s)
dinov2_g  dtd      b 21 delta 0.0701 null 0.1112 exc -0.0411 r 200/200 (216s)
dinov2_g  dtd      b 22 delta 0.0687 null 0.1110 exc -0.0423 r 200/200 (212s)
dinov2_g  dtd      b 23 delta 0.0709 null 0.1106 exc -0.0397 r 200/200 (216s)
dinov2_g  dtd      b 24 delta 0.0747 null 0.1091 exc -0.0345 r 200/200 (219s)
dinov2_g  dtd      b 25 delta 0.0686 null 0.1097 exc -0.0411 r 200/200 (219s)
dinov2_g  dtd      b 26 delta 0.0705 null 0.1105 exc -0.0400 r 200/200 (222s)
dinov2_g  dtd      b 27 delta 0.0712 null 0.1097 exc -0.0385 r 200/200 (227s)
dinov2_g  dtd      b 28 delta 0.0764 null 0.1089 exc -0.0326 r 200/200 (185s)
dinov2_g  dtd      b 29 delta 0.0725 null 0.1090 exc -0.0365 r 200/200 (99s)
Done part dinov2_g
