dinov1_b  fashionmnist b= -1 exc -0.0037 r=33/50 (45s)
dinov1_b  fashionmnist b=  0 exc -0.0029 r=32/50 (51s)
dinov1_b  fashionmnist b= 10 exc -0.0043 r=34/50 (56s)
dinov1_b  fashionmnist b= 20 exc -0.0020 r=31/50 (45s)
dinov2_s  fashionmnist b= -1 exc -0.0277 r=49/50 (47s)
dinov2_s  fashionmnist b=  0 exc -0.0285 r=49/50 (49s)
dinov2_s  fashionmnist b= 10 exc -0.0263 r=49/50 (66s)
dinov2_s  fashionmnist b= 20 exc -0.0279 r=49/50 (73s)
dinov2_b  fashionmnist b= -1 exc -0.0576 r=50/50 (85s)
dinov2_b  fashionmnist b=  0 exc -0.0597 r=50/50 (78s)
dinov2_b  fashionmnist b= 10 exc -0.0575 r=50/50 (85s)
dinov2_b  fashionmnist b= 20 exc -0.0567 r=50/50 (108s)
dinov2_l  fashionmnist b= -1 exc -0.0268 r=50/50 (135s)
dinov2_l  fashionmnist b=  0 exc -0.0265 r=50/50 (157s)
dinov2_l  fashionmnist b= 10 exc -0.0274 r=50/50 (145s)
dinov2_l  fashionmnist b= 20 exc -0.0270 r=50/50 (112s)
dinov2_g  fashionmnist b= -1 exc -0.0370 r=50/50 (122s)
dinov2_g  fashionmnist b=  0 exc -0.0401 r=50/50 (128s)
dinov2_g  fashionmnist b= 10 exc -0.0375 r=50/50 (124s)
dinov2_g  fashionmnist b= 20 exc -0.0384 r=50/50 (105s)
clip_b    fashionmnist b= -1 exc -0.0337 r=46/50 (133s)
clip_b    fashionmnist b=  0 exc -0.0322 r=46/50 (130s)
clip_b    fashionmnist b= 10 exc -0.0354 r=46/50 (127s)
clip_b    fashionmnist b= 20 exc -0.0322 r=46/50 (118s)
clip_l    fashionmnist b= -1 exc -0.0345 r=48/50 (100s)
clip_l    fashionmnist b=  0 exc -0.0351 r=48/50 (105s)
clip_l    fashionmnist b= 10 exc -0.0359 r=48/50 (95s)
clip_l    fashionmnist b= 20 exc -0.0342 r=48/50 (70s)
siglip_b  fashionmnist b= -1 exc -0.0377 r=50/50 (73s)
siglip_b  fashionmnist b=  0 exc -0.0370 r=50/50 (95s)
siglip_b  fashionmnist b= 10 exc -0.0376 r=50/50 (78s)
siglip_b  fashionmnist b= 20 exc -0.0399 r=50/50 (77s)
i21k_t    mnist        b= -1 exc -0.0243 r=45/50 (66s)
i21k_t    mnist        b=  0 exc -0.0239 r=45/50 (71s)
i21k_t    mnist        b= 10 exc -0.0221 r=45/50 (60s)
i21k_t    mnist        b= 20 exc -0.0267 r=45/50 (53s)
i21k_s    mnist        b= -1 exc -0.0335 r=46/50 (71s)
i21k_s    mnist        b=  0 exc -0.0322 r=45/50 (60s)
i21k_s    mnist        b= 10 exc -0.0316 r=45/50 (68s)
i21k_s    mnist        b= 20 exc -0.0332 r=45/50 (59s)
PART DONE 10
