dinov2_l  cifar100 b -1 delta 0.0365 null 0.0713 exc -0.0348 r 200/200 (211s)
dinov2_l  cifar100 b  0 delta 0.0365 null 0.0709 exc -0.0344 r 200/200 (237s)
dinov2_l  cifar100 b  1 delta 0.0363 null 0.0713 exc -0.0350 r 200/200 (239s)
dinov2_l  cifar100 b  2 delta 0.0363 null 0.0714 exc -0.0352 r 200/200 (229s)
dinov2_l  cifar100 b  3 delta 0.0364 null 0.0709 exc -0.0345 r 200/200 (225s)
dinov2_l  cifar100 b  4 delta 0.0363 null 0.0711 exc -0.0348 r 200/200 (228s)
dinov2_l  cifar100 b  5 delta 0.0363 null 0.0710 exc -0.0347 r 200/200 (219s)
dinov2_l  cifar100 b  6 delta 0.0358 null 0.0713 exc -0.0356 r 200/200 (221s)
dinov2_l  cifar100 b  7 delta 0.0366 null 0.0712 exc -0.0346 r 200/200 (217s)
dinov2_l  cifar100 b  8 delta 0.0364 null 0.0711 exc -0.0346 r 200/200 (221s)
dinov2_l  cifar100 b  9 delta 0.0360 null 0.0711 exc -0.0351 r 200/200 (225s)
dinov2_l  cifar100 b 10 delta 0.0362 null 0.0710 exc -0.0348 r 200/200 (221s)
dinov2_l  cifar100 b 11 delta 0.0362 null 0.0714 exc -0.0352 r 200/200 (221s)
dinov2_l  cifar100 b 12 delta 0.0367 null 0.0710 exc -0.0343 r 200/200 (222s)
dinov2_l  cifar100 b 13 delta 0.0365 null 0.0713 exc -0.0348 r 200/200 (222s)
dinov2_l  cifar100 b 14 delta 0.0360 null 0.0710 exc -0.0350 r 200/200 (218s)
dinov2_l  cifar100 b 15 delta 0.0364 null 0.0713 exc -0.0350 r 200/200 (222s)
dinov2_l  cifar100 b 16 delta 0.0362 null 0.0711 exc -0.0350 r 200/200 (218s)
dinov2_l  cifar100 b 17 delta 0.0361 null 0.0711 exc -0.0350 r 200/200 (240s)
dinov2_l  cifar100 b 18 delta 0.0365 null 0.0712 exc -0.0347 r 200/200 (236s)
dinov2_l  cifar100 b 19 delta 0.0359 null 0.0713 exc -0.0354 r 200/200 (230s)
dinov2_l  cifar100 b 20 delta 0.0365 null 0.0711 exc -0.0345 r 200/200 (231s)
dinov2_l  cifar100 b 21 delta 0.0366 null 0.0712 exc -0.0345 r 200/200 (234s)
dinov2_l  cifar100 b 22 delta 0.0362 null 0.0712 exc -0.0350 r 200/200 (241s)
dinov2_l  cifar100 b 23 delta 0.0365 null 0.0710 exc -0.0346 r 200/200 (238s)
dinov2_l  cifar100 b 24 delta 0.0363 null 0.0714 exc -0.0351 r 200/200 (229s)
dinov2_l  cifar100 b 25 delta 0.0362 null 0.0712 exc -0.0350 r 200/200 (245s)
dinov2_l  cifar100 b 26 delta 0.0362 null 0.0711 exc -0.0349 r 200/200 (247s)
dinov2_l  cifar100 b 27 delta 0.0363 null 0.0712 exc -0.0349 r 200/200 (253s)
dinov2_l  cifar100 b 28 delta 0.0369 null 0.0710 exc -0.0341 r 200/200 (247s)
dinov2_l  cifar100 b 29 delta 0.0362 null 0.0712 exc -0.0350 r 200/200 (251s)
dinov2_l  dtd      b -1 delta 0.0693 null 0.1112 exc -0.0420 r 200/200 (232s)
dinov2_l  dtd      b  0 delta 0.0693 null 0.1093 exc -0.0401 r 200/200 (231s)
dinov2_l  dtd      b  1 delta 0.0666 null 0.1100 exc -0.0434 r 200/200 (225s)
dinov2_l  dtd      b  2 delta 0.0676 null 0.1085 exc -0.0409 r 200/200 (219s)
dinov2_l  dtd      b  3 delta 0.0663 null 0.1088 exc -0.0425 r 200/200 (218s)
dinov2_l  dtd      b  4 delta 0.0690 null 0.1091 exc -0.0402 r 200/200 (215s)
dinov2_l  dtd      b  5 delta 0.0659 null 0.1099 exc -0.0440 r 200/200 (216s)
dinov2_l  dtd      b  6 delta 0.0663 null 0.1090 exc -0.0427 r 200/200 (216s)
dinov2_l  dtd      b  7 delta 0.0669 null 0.1089 exc -0.0420 r 200/200 (222s)
dinov2_l  dtd      b  8 delta 0.0670 null 0.1088 exc -0.0418 r 200/200 (217s)
dinov2_l  dtd      b  9 delta 0.0681 null 0.1096 exc -0.0414 r 200/200 (218s)
dinov2_l  dtd      b 10 delta 0.0687 null 0.1097 exc -0.0410 r 200/200 (210s)
dinov2_l  dtd      b 11 delta 0.0676 null 0.1099 exc -0.0424 r 200/200 (221s)
dinov2_l  dtd      b 12 delta 0.0671 null 0.1105 exc -0.0434 r 200/200 (220s)
dinov2_l  dtd      b 13 delta 0.0682 null 0.1090 exc -0.0408 r 200/200 (219s)
dinov2_l  dtd      b 14 delta 0.0665 null 0.1091 exc -0.0426 r 200/200 (214s)
dinov2_l  dtd      b 15 delta 0.0667 null 0.1101 exc -0.0435 r 200/200 (215s)
dinov2_l  dtd      b 16 delta 0.0673 null 0.1079 exc -0.0406 r 200/200 (219s)
dinov2_l  dtd      b 17 delta 0.0692 null 0.1082 exc -0.0390 r 200/200 (214s)
dinov2_l  dtd      b 18 delta 0.0678 null 0.1104 exc -0.0426 r 200/200 (221s)
dinov2_l  dtd      b 19 delta 0.0649 null 0.1086 exc -0.0437 r 200/200 (218s)
dinov2_l  dtd      b 20 delta 0.0687 null 0.1110 exc -0.0423 r 200/200 (216s)
dinov2_l  dtd      b 21 delta 0.0671 null 0.1105 exc -0.0434 r 200/200 (214s)
dinov2_l  dtd      b 22 delta 0.0662 null 0.1104 exc -0.0442 r 200/200 (217s)
dinov2_l  dtd      b 23 delta 0.0680 null 0.1099 exc -0.0419 r 200/200 (224s)
dinov2_l  dtd      b 24 delta 0.0684 null 0.1086 exc -0.0401 r 200/200 (219s)
dinov2_l  dtd      b 25 delta 0.0689 null 0.1088 exc -0.0400 r 200/200 (216s)
dinov2_l  dtd      b 26 delta 0.0676 null 0.1097 exc -0.0420 r 200/200 (218s)
dinov2_l  dtd      b 27 delta 0.0683 null 0.1094 exc -0.0411 r 200/200 (216s)
dinov2_l  dtd      b 28 delta 0.0708 null 0.1082 exc -0.0374 r 200/200 (217s)
dinov2_l  dtd      b 29 delta 0.0688 null 0.1083 exc -0.0395 r 200/200 (155s)
Done part dinov2_l
