clip_l    cifar100 b -1 delta 0.0971 null 0.1152 exc -0.0181 r 200/200 (232s)
clip_l    cifar100 b  0 delta 0.0959 null 0.1152 exc -0.0192 r 200/200 (236s)
clip_l    cifar100 b  1 delta 0.0968 null 0.1150 exc -0.0181 r 200/200 (232s)
clip_l    cifar100 b  2 delta 0.0981 null 0.1152 exc -0.0171 r 200/200 (229s)
clip_l    cifar100 b  3 delta 0.0969 null 0.1151 exc -0.0182 r 200/200 (214s)
clip_l    cifar100 b  4 delta 0.0964 null 0.1152 exc -0.0188 r 200/200 (221s)
clip_l    cifar100 b  5 delta 0.0993 null 0.1152 exc -0.0159 r 200/200 (223s)
clip_l    cifar100 b  6 delta 0.0968 null 0.1150 exc -0.0182 r 200/200 (217s)
clip_l    cifar100 b  7 delta 0.0969 null 0.1147 exc -0.0179 r 200/200 (221s)
clip_l    cifar100 b  8 delta 0.0955 null 0.1148 exc -0.0193 r 200/200 (216s)
clip_l    cifar100 b  9 delta 0.0979 null 0.1151 exc -0.0173 r 200/200 (208s)
clip_l    cifar100 b 10 delta 0.0956 null 0.1151 exc -0.0195 r 200/200 (219s)
clip_l    cifar100 b 11 delta 0.0961 null 0.1149 exc -0.0188 r 200/200 (226s)
clip_l    cifar100 b 12 delta 0.0970 null 0.1150 exc -0.0181 r 200/200 (214s)
clip_l    cifar100 b 13 delta 0.0976 null 0.1149 exc -0.0173 r 200/200 (214s)
clip_l    cifar100 b 14 delta 0.0977 null 0.1150 exc -0.0174 r 200/200 (209s)
clip_l    cifar100 b 15 delta 0.0952 null 0.1149 exc -0.0197 r 200/200 (219s)
clip_l    cifar100 b 16 delta 0.0961 null 0.1150 exc -0.0189 r 200/200 (219s)
clip_l    cifar100 b 17 delta 0.0968 null 0.1149 exc -0.0181 r 200/200 (238s)
clip_l    cifar100 b 18 delta 0.0956 null 0.1150 exc -0.0194 r 200/200 (234s)
clip_l    cifar100 b 19 delta 0.0960 null 0.1149 exc -0.0188 r 200/200 (228s)
clip_l    cifar100 b 20 delta 0.0973 null 0.1151 exc -0.0177 r 200/200 (229s)
clip_l    cifar100 b 21 delta 0.0966 null 0.1148 exc -0.0183 r 200/200 (229s)
clip_l    cifar100 b 22 delta 0.0976 null 0.1151 exc -0.0175 r 200/200 (234s)
clip_l    cifar100 b 23 delta 0.0966 null 0.1150 exc -0.0184 r 200/200 (233s)
clip_l    cifar100 b 24 delta 0.0971 null 0.1151 exc -0.0179 r 200/200 (234s)
clip_l    cifar100 b 25 delta 0.0961 null 0.1148 exc -0.0187 r 200/200 (238s)
clip_l    cifar100 b 26 delta 0.0957 null 0.1149 exc -0.0192 r 200/200 (236s)
clip_l    cifar100 b 27 delta 0.0971 null 0.1149 exc -0.0177 r 200/200 (239s)
clip_l    cifar100 b 28 delta 0.0957 null 0.1149 exc -0.0193 r 200/200 (242s)
clip_l    cifar100 b 29 delta 0.0972 null 0.1150 exc -0.0179 r 200/200 (248s)
clip_l    dtd      b -1 delta 0.0979 null 0.1245 exc -0.0266 r 200/200 (235s)
clip_l    dtd      b  0 delta 0.0956 null 0.1232 exc -0.0276 r 200/200 (238s)
clip_l    dtd      b  1 delta 0.0961 null 0.1229 exc -0.0268 r 200/200 (236s)
clip_l    dtd      b  2 delta 0.0945 null 0.1240 exc -0.0295 r 200/200 (220s)
clip_l    dtd      b  3 delta 0.0976 null 0.1233 exc -0.0257 r 200/200 (227s)
clip_l    dtd      b  4 delta 0.0976 null 0.1232 exc -0.0256 r 200/200 (218s)
clip_l    dtd      b  5 delta 0.0977 null 0.1227 exc -0.0250 r 200/200 (222s)
clip_l    dtd      b  6 delta 0.0975 null 0.1227 exc -0.0252 r 200/200 (222s)
clip_l    dtd      b  7 delta 0.0987 null 0.1236 exc -0.0249 r 200/200 (218s)
clip_l    dtd      b  8 delta 0.0980 null 0.1228 exc -0.0249 r 200/200 (218s)
clip_l    dtd      b  9 delta 0.0989 null 0.1233 exc -0.0245 r 200/200 (228s)
clip_l    dtd      b 10 delta 0.0960 null 0.1234 exc -0.0274 r 200/200 (226s)
clip_l    dtd      b 11 delta 0.0953 null 0.1230 exc -0.0277 r 200/200 (221s)
clip_l    dtd      b 12 delta 0.0941 null 0.1229 exc -0.0287 r 200/200 (216s)
clip_l    dtd      b 13 delta 0.0970 null 0.1235 exc -0.0265 r 200/200 (212s)
clip_l    dtd      b 14 delta 0.0989 null 0.1232 exc -0.0243 r 200/200 (224s)
clip_l    dtd      b 15 delta 0.0936 null 0.1227 exc -0.0290 r 200/200 (226s)
clip_l    dtd      b 16 delta 0.0962 null 0.1226 exc -0.0263 r 200/200 (219s)
clip_l    dtd      b 17 delta 0.0976 null 0.1228 exc -0.0253 r 200/200 (221s)
clip_l    dtd      b 18 delta 0.0946 null 0.1249 exc -0.0303 r 200/200 (225s)
clip_l    dtd      b 19 delta 0.0979 null 0.1232 exc -0.0253 r 200/200 (220s)
clip_l    dtd      b 20 delta 0.0941 null 0.1245 exc -0.0304 r 200/200 (216s)
clip_l    dtd      b 21 delta 0.0952 null 0.1238 exc -0.0287 r 200/200 (227s)
clip_l    dtd      b 22 delta 0.0916 null 0.1245 exc -0.0328 r 200/200 (220s)
clip_l    dtd      b 23 delta 0.0937 null 0.1242 exc -0.0305 r 200/200 (218s)
clip_l    dtd      b 24 delta 0.0982 null 0.1224 exc -0.0242 r 200/200 (226s)
clip_l    dtd      b 25 delta 0.0955 null 0.1232 exc -0.0277 r 200/200 (218s)
clip_l    dtd      b 26 delta 0.0977 null 0.1242 exc -0.0265 r 200/200 (222s)
clip_l    dtd      b 27 delta 0.0964 null 0.1228 exc -0.0264 r 200/200 (222s)
clip_l    dtd      b 28 delta 0.0963 null 0.1232 exc -0.0269 r 200/200 (220s)
clip_l    dtd      b 29 delta 0.0978 null 0.1231 exc -0.0253 r 200/200 (141s)
Done part clip_l
