i21k_t    cifar100     b= -1 exc -0.0047 r=36/50 (61s)
i21k_t    cifar100     b=  0 exc -0.0072 r=40/50 (65s)
i21k_t    cifar100     b= 10 exc -0.0039 r=34/50 (54s)
i21k_t    cifar100     b= 20 exc -0.0045 r=36/50 (56s)
i21k_s    cifar100     b= -1 exc +0.0007 r=27/50 (61s)
i21k_s    cifar100     b=  0 exc +0.0008 r=26/50 (73s)
i21k_s    cifar100     b= 10 exc +0.0004 r=27/50 (87s)
i21k_s    cifar100     b= 20 exc +0.0002 r=28/50 (97s)
i21k_b    cifar100     b= -1 exc +0.0067 r=8/50 (101s)
i21k_b    cifar100     b=  0 exc +0.0075 r=4/50 (97s)
i21k_b    cifar100     b= 10 exc +0.0056 r=11/50 (188s)
i21k_b    cifar100     b= 20 exc +0.0066 r=8/50 (154s)
i21k_l    cifar100     b= -1 exc -0.0197 r=50/50 (174s)
i21k_l    cifar100     b=  0 exc -0.0196 r=50/50 (154s)
i21k_l    cifar100     b= 10 exc -0.0201 r=50/50 (125s)
i21k_l    cifar100     b= 20 exc -0.0201 r=50/50 (154s)
dinov1_b  cifar100     b= -1 exc -0.0310 r=50/50 (159s)
dinov1_b  cifar100     b=  0 exc -0.0310 r=50/50 (141s)
dinov1_b  cifar100     b= 10 exc -0.0308 r=50/50 (144s)
dinov1_b  cifar100     b= 20 exc -0.0313 r=50/50 (97s)
dinov2_s  cifar100     b= -1 exc -0.0301 r=50/50 (125s)
dinov2_s  cifar100     b=  0 exc -0.0298 r=50/50 (155s)
dinov2_s  cifar100     b= 10 exc -0.0292 r=50/50 (113s)
dinov2_s  cifar100     b= 20 exc -0.0301 r=50/50 (118s)
dinov2_b  cifar100     b= -1 exc -0.0307 r=50/50 (77s)
dinov2_b  cifar100     b=  0 exc -0.0301 r=50/50 (73s)
dinov2_b  cifar100     b= 10 exc -0.0297 r=50/50 (89s)
dinov2_b  cifar100     b= 20 exc -0.0300 r=50/50 (85s)
dinov2_l  cifar100     b= -1 exc -0.0341 r=50/50 (85s)
dinov2_l  cifar100     b=  0 exc -0.0337 r=50/50 (93s)
dinov2_l  cifar100     b= 10 exc -0.0341 r=50/50 (65s)
dinov2_l  cifar100     b= 20 exc -0.0338 r=50/50 (63s)
dinov2_g  cifar100     b= -1 exc -0.0388 r=50/50 (68s)
dinov2_g  cifar100     b=  0 exc -0.0387 r=50/50 (65s)
dinov2_g  cifar100     b= 10 exc -0.0389 r=50/50 (56s)
dinov2_g  cifar100     b= 20 exc -0.0386 r=50/50 (38s)
clip_b    cifar100     b= -1 exc -0.0185 r=50/50 (39s)
clip_b    cifar100     b=  0 exc -0.0190 r=50/50 (36s)
clip_b    cifar100     b= 10 exc -0.0190 r=50/50 (35s)
clip_b    cifar100     b= 20 exc -0.0193 r=50/50 (32s)
PART DONE 6
