dinov2_b  cifar100 b -1 delta 0.0492 null 0.0805 exc -0.0313 r 200/200 (229s)
dinov2_b  cifar100 b  0 delta 0.0496 null 0.0804 exc -0.0307 r 200/200 (233s)
dinov2_b  cifar100 b  1 delta 0.0490 null 0.0805 exc -0.0315 r 200/200 (226s)
dinov2_b  cifar100 b  2 delta 0.0485 null 0.0805 exc -0.0321 r 200/200 (227s)
dinov2_b  cifar100 b  3 delta 0.0491 null 0.0801 exc -0.0310 r 200/200 (221s)
dinov2_b  cifar100 b  4 delta 0.0490 null 0.0804 exc -0.0314 r 200/200 (213s)
dinov2_b  cifar100 b  5 delta 0.0486 null 0.0803 exc -0.0317 r 200/200 (224s)
dinov2_b  cifar100 b  6 delta 0.0492 null 0.0805 exc -0.0312 r 200/200 (214s)
dinov2_b  cifar100 b  7 delta 0.0491 null 0.0804 exc -0.0313 r 200/200 (218s)
dinov2_b  cifar100 b  8 delta 0.0492 null 0.0803 exc -0.0311 r 200/200 (220s)
dinov2_b  cifar100 b  9 delta 0.0493 null 0.0803 exc -0.0311 r 200/200 (226s)
dinov2_b  cifar100 b 10 delta 0.0501 null 0.0804 exc -0.0304 r 200/200 (222s)
dinov2_b  cifar100 b 11 delta 0.0490 null 0.0806 exc -0.0316 r 200/200 (213s)
dinov2_b  cifar100 b 12 delta 0.0496 null 0.0804 exc -0.0308 r 200/200 (219s)
dinov2_b  cifar100 b 13 delta 0.0495 null 0.0805 exc -0.0310 r 200/200 (227s)
dinov2_b  cifar100 b 14 delta 0.0491 null 0.0804 exc -0.0313 r 200/200 (215s)
dinov2_b  cifar100 b 15 delta 0.0491 null 0.0804 exc -0.0313 r 200/200 (218s)
dinov2_b  cifar100 b 16 delta 0.0493 null 0.0804 exc -0.0311 r 200/200 (225s)
dinov2_b  cifar100 b 17 delta 0.0486 null 0.0803 exc -0.0317 r 200/200 (232s)
dinov2_b  cifar100 b 18 delta 0.0490 null 0.0804 exc -0.0314 r 200/200 (232s)
dinov2_b  cifar100 b 19 delta 0.0491 null 0.0804 exc -0.0313 r 200/200 (232s)
dinov2_b  cifar100 b 20 delta 0.0496 null 0.0802 exc -0.0306 r 200/200 (232s)
dinov2_b  cifar100 b 21 delta 0.0489 null 0.0803 exc -0.0314 r 200/200 (233s)
dinov2_b  cifar100 b 22 delta 0.0489 null 0.0804 exc -0.0316 r 200/200 (229s)
dinov2_b  cifar100 b 23 delta 0.0489 null 0.0803 exc -0.0313 r 200/200 (235s)
dinov2_b  cifar100 b 24 delta 0.0498 null 0.0806 exc -0.0308 r 200/200 (237s)
dinov2_b  cifar100 b 25 delta 0.0489 null 0.0804 exc -0.0315 r 200/200 (232s)
dinov2_b  cifar100 b 26 delta 0.0487 null 0.0802 exc -0.0315 r 200/200 (240s)
dinov2_b  cifar100 b 27 delta 0.0492 null 0.0804 exc -0.0312 r 200/200 (246s)
dinov2_b  cifar100 b 28 delta 0.0493 null 0.0805 exc -0.0312 r 200/200 (243s)
dinov2_b  cifar100 b 29 delta 0.0488 null 0.0804 exc -0.0317 r 200/200 (251s)
dinov2_b  dtd      b -1 delta 0.0767 null 0.1117 exc -0.0350 r 200/200 (240s)
dinov2_b  dtd      b  0 delta 0.0778 null 0.1105 exc -0.0327 r 200/200 (239s)
dinov2_b  dtd      b  1 delta 0.0749 null 0.1102 exc -0.0353 r 200/200 (233s)
dinov2_b  dtd      b  2 delta 0.0759 null 0.1096 exc -0.0337 r 200/200 (225s)
dinov2_b  dtd      b  3 delta 0.0734 null 0.1099 exc -0.0365 r 200/200 (220s)
dinov2_b  dtd      b  4 delta 0.0789 null 0.1102 exc -0.0312 r 200/200 (225s)
dinov2_b  dtd      b  5 delta 0.0750 null 0.1110 exc -0.0359 r 200/200 (223s)
dinov2_b  dtd      b  6 delta 0.0741 null 0.1097 exc -0.0356 r 200/200 (225s)
dinov2_b  dtd      b  7 delta 0.0748 null 0.1105 exc -0.0357 r 200/200 (217s)
dinov2_b  dtd      b  8 delta 0.0760 null 0.1100 exc -0.0340 r 200/200 (220s)
dinov2_b  dtd      b  9 delta 0.0768 null 0.1109 exc -0.0341 r 200/200 (223s)
dinov2_b  dtd      b 10 delta 0.0773 null 0.1110 exc -0.0337 r 200/200 (231s)
dinov2_b  dtd      b 11 delta 0.0763 null 0.1110 exc -0.0347 r 200/200 (220s)
dinov2_b  dtd      b 12 delta 0.0756 null 0.1113 exc -0.0357 r 200/200 (223s)
dinov2_b  dtd      b 13 delta 0.0761 null 0.1102 exc -0.0341 r 200/200 (224s)
dinov2_b  dtd      b 14 delta 0.0742 null 0.1100 exc -0.0359 r 200/200 (225s)
dinov2_b  dtd      b 15 delta 0.0736 null 0.1105 exc -0.0369 r 200/200 (222s)
dinov2_b  dtd      b 16 delta 0.0753 null 0.1084 exc -0.0332 r 200/200 (226s)
dinov2_b  dtd      b 17 delta 0.0785 null 0.1095 exc -0.0311 r 200/200 (225s)
dinov2_b  dtd      b 18 delta 0.0749 null 0.1112 exc -0.0362 r 200/200 (211s)
dinov2_b  dtd      b 19 delta 0.0763 null 0.1099 exc -0.0336 r 200/200 (217s)
dinov2_b  dtd      b 20 delta 0.0779 null 0.1116 exc -0.0337 r 200/200 (221s)
dinov2_b  dtd      b 21 delta 0.0766 null 0.1114 exc -0.0349 r 200/200 (228s)
dinov2_b  dtd      b 22 delta 0.0749 null 0.1113 exc -0.0364 r 200/200 (222s)
dinov2_b  dtd      b 23 delta 0.0766 null 0.1109 exc -0.0343 r 200/200 (214s)
dinov2_b  dtd      b 24 delta 0.0739 null 0.1093 exc -0.0354 r 200/200 (222s)
dinov2_b  dtd      b 25 delta 0.0761 null 0.1097 exc -0.0336 r 200/200 (226s)
dinov2_b  dtd      b 26 delta 0.0738 null 0.1104 exc -0.0366 r 200/200 (227s)
dinov2_b  dtd      b 27 delta 0.0765 null 0.1098 exc -0.0333 r 200/200 (217s)
dinov2_b  dtd      b 28 delta 0.0786 null 0.1096 exc -0.0311 r 200/200 (200s)
dinov2_b  dtd      b 29 delta 0.0748 null 0.1095 exc -0.0347 r 200/200 (117s)
Done part dinov2_b
