i21k_b    cifar100 b -1 delta 0.1259 null 0.1202 exc +0.0057 r 43/200 (243s)
i21k_b    cifar100 b  0 delta 0.1267 null 0.1202 exc +0.0065 r 40/200 (238s)
i21k_b    cifar100 b  1 delta 0.1260 null 0.1202 exc +0.0057 r 43/200 (228s)
i21k_b    cifar100 b  2 delta 0.1242 null 0.1199 exc +0.0042 r 59/200 (223s)
i21k_b    cifar100 b  3 delta 0.1264 null 0.1203 exc +0.0061 r 42/200 (222s)
i21k_b    cifar100 b  4 delta 0.1253 null 0.1204 exc +0.0049 r 54/200 (224s)
i21k_b    cifar100 b  5 delta 0.1273 null 0.1202 exc +0.0071 r 36/200 (219s)
i21k_b    cifar100 b  6 delta 0.1279 null 0.1203 exc +0.0076 r 32/200 (214s)
i21k_b    cifar100 b  7 delta 0.1249 null 0.1200 exc +0.0049 r 53/200 (221s)
i21k_b    cifar100 b  8 delta 0.1240 null 0.1201 exc +0.0039 r 62/200 (223s)
i21k_b    cifar100 b  9 delta 0.1239 null 0.1200 exc +0.0038 r 65/200 (211s)
i21k_b    cifar100 b 10 delta 0.1249 null 0.1203 exc +0.0046 r 56/200 (214s)
i21k_b    cifar100 b 11 delta 0.1254 null 0.1199 exc +0.0055 r 45/200 (216s)
i21k_b    cifar100 b 12 delta 0.1260 null 0.1199 exc +0.0060 r 42/200 (216s)
i21k_b    cifar100 b 13 delta 0.1254 null 0.1199 exc +0.0054 r 45/200 (217s)
i21k_b    cifar100 b 14 delta 0.1265 null 0.1201 exc +0.0065 r 39/200 (215s)
i21k_b    cifar100 b 15 delta 0.1251 null 0.1202 exc +0.0048 r 53/200 (219s)
i21k_b    cifar100 b 16 delta 0.1236 null 0.1202 exc +0.0034 r 70/200 (215s)
i21k_b    cifar100 b 17 delta 0.1263 null 0.1200 exc +0.0063 r 41/200 (231s)
i21k_b    cifar100 b 18 delta 0.1258 null 0.1203 exc +0.0055 r 45/200 (230s)
i21k_b    cifar100 b 19 delta 0.1240 null 0.1198 exc +0.0041 r 58/200 (233s)
i21k_b    cifar100 b 20 delta 0.1259 null 0.1202 exc +0.0057 r 43/200 (232s)
i21k_b    cifar100 b 21 delta 0.1266 null 0.1198 exc +0.0068 r 38/200 (219s)
i21k_b    cifar100 b 22 delta 0.1252 null 0.1202 exc +0.0050 r 49/200 (229s)
i21k_b    cifar100 b 23 delta 0.1250 null 0.1200 exc +0.0050 r 52/200 (235s)
i21k_b    cifar100 b 24 delta 0.1244 null 0.1198 exc +0.0047 r 56/200 (234s)
i21k_b    cifar100 b 25 delta 0.1267 null 0.1198 exc +0.0070 r 37/200 (228s)
i21k_b    cifar100 b 26 delta 0.1256 null 0.1200 exc +0.0056 r 43/200 (225s)
i21k_b    cifar100 b 27 delta 0.1254 null 0.1201 exc +0.0053 r 46/200 (247s)
i21k_b    cifar100 b 28 delta 0.1264 null 0.1199 exc +0.0065 r 40/200 (240s)
i21k_b    cifar100 b 29 delta 0.1268 null 0.1201 exc +0.0067 r 39/200 (245s)
i21k_b    dtd      b -1 delta 0.0889 null 0.1096 exc -0.0208 r 200/200 (232s)
i21k_b    dtd      b  0 delta 0.0864 null 0.1081 exc -0.0217 r 200/200 (241s)
i21k_b    dtd      b  1 delta 0.0878 null 0.1084 exc -0.0206 r 200/200 (232s)
i21k_b    dtd      b  2 delta 0.0865 null 0.1080 exc -0.0215 r 200/200 (219s)
i21k_b    dtd      b  3 delta 0.0883 null 0.1083 exc -0.0201 r 200/200 (223s)
i21k_b    dtd      b  4 delta 0.0878 null 0.1085 exc -0.0207 r 200/200 (223s)
i21k_b    dtd      b  5 delta 0.0868 null 0.1087 exc -0.0219 r 200/200 (233s)
i21k_b    dtd      b  6 delta 0.0852 null 0.1074 exc -0.0222 r 200/200 (220s)
i21k_b    dtd      b  7 delta 0.0883 null 0.1081 exc -0.0197 r 200/200 (219s)
i21k_b    dtd      b  8 delta 0.0903 null 0.1089 exc -0.0186 r 200/200 (225s)
i21k_b    dtd      b  9 delta 0.0857 null 0.1081 exc -0.0224 r 200/200 (219s)
i21k_b    dtd      b 10 delta 0.0881 null 0.1093 exc -0.0213 r 200/200 (220s)
i21k_b    dtd      b 11 delta 0.0851 null 0.1076 exc -0.0225 r 200/200 (225s)
i21k_b    dtd      b 12 delta 0.0852 null 0.1081 exc -0.0229 r 200/200 (214s)
i21k_b    dtd      b 13 delta 0.0875 null 0.1088 exc -0.0213 r 200/200 (222s)
i21k_b    dtd      b 14 delta 0.0886 null 0.1082 exc -0.0196 r 200/200 (224s)
i21k_b    dtd      b 15 delta 0.0867 null 0.1084 exc -0.0217 r 200/200 (221s)
i21k_b    dtd      b 16 delta 0.0856 null 0.1077 exc -0.0221 r 200/200 (213s)
i21k_b    dtd      b 17 delta 0.0851 null 0.1070 exc -0.0219 r 200/200 (218s)
i21k_b    dtd      b 18 delta 0.0856 null 0.1093 exc -0.0237 r 200/200 (222s)
i21k_b    dtd      b 19 delta 0.0899 null 0.1071 exc -0.0172 r 200/200 (226s)
i21k_b    dtd      b 20 delta 0.0859 null 0.1088 exc -0.0229 r 200/200 (219s)
i21k_b    dtd      b 21 delta 0.0859 null 0.1090 exc -0.0232 r 200/200 (225s)
i21k_b    dtd      b 22 delta 0.0839 null 0.1084 exc -0.0245 r 200/200 (222s)
i21k_b    dtd      b 23 delta 0.0891 null 0.1085 exc -0.0194 r 200/200 (222s)
i21k_b    dtd      b 24 delta 0.0864 null 0.1081 exc -0.0217 r 200/200 (222s)
i21k_b    dtd      b 25 delta 0.0846 null 0.1079 exc -0.0233 r 200/200 (228s)
i21k_b    dtd      b 26 delta 0.0901 null 0.1091 exc -0.0190 r 200/200 (222s)
i21k_b    dtd      b 27 delta 0.0874 null 0.1081 exc -0.0207 r 200/200 (225s)
i21k_b    dtd      b 28 delta 0.0887 null 0.1074 exc -0.0187 r 200/200 (219s)
i21k_b    dtd      b 29 delta 0.0876 null 0.1080 exc -0.0204 r 200/200 (145s)
Done part i21k_b
