i21k_l    cifar100 b -1 delta 0.0940 null 0.1144 exc -0.0205 r 200/200 (241s)
i21k_l    cifar100 b  0 delta 0.0938 null 0.1142 exc -0.0204 r 200/200 (241s)
i21k_l    cifar100 b  1 delta 0.0941 null 0.1144 exc -0.0203 r 200/200 (236s)
i21k_l    cifar100 b  2 delta 0.0936 null 0.1143 exc -0.0207 r 200/200 (224s)
i21k_l    cifar100 b  3 delta 0.0947 null 0.1142 exc -0.0196 r 200/200 (219s)
i21k_l    cifar100 b  4 delta 0.0935 null 0.1143 exc -0.0209 r 200/200 (223s)
i21k_l    cifar100 b  5 delta 0.0936 null 0.1142 exc -0.0206 r 200/200 (216s)
i21k_l    cifar100 b  6 delta 0.0937 null 0.1142 exc -0.0205 r 200/200 (224s)
i21k_l    cifar100 b  7 delta 0.0937 null 0.1140 exc -0.0204 r 200/200 (227s)
i21k_l    cifar100 b  8 delta 0.0938 null 0.1141 exc -0.0203 r 200/200 (221s)
i21k_l    cifar100 b  9 delta 0.0940 null 0.1142 exc -0.0202 r 200/200 (219s)
i21k_l    cifar100 b 10 delta 0.0934 null 0.1143 exc -0.0209 r 200/200 (217s)
i21k_l    cifar100 b 11 delta 0.0923 null 0.1142 exc -0.0219 r 200/200 (228s)
i21k_l    cifar100 b 12 delta 0.0948 null 0.1141 exc -0.0194 r 200/200 (221s)
i21k_l    cifar100 b 13 delta 0.0938 null 0.1142 exc -0.0204 r 200/200 (216s)
i21k_l    cifar100 b 14 delta 0.0940 null 0.1144 exc -0.0205 r 200/200 (223s)
i21k_l    cifar100 b 15 delta 0.0936 null 0.1143 exc -0.0207 r 200/200 (230s)
i21k_l    cifar100 b 16 delta 0.0935 null 0.1142 exc -0.0207 r 200/200 (223s)
i21k_l    cifar100 b 17 delta 0.0938 null 0.1140 exc -0.0202 r 200/200 (240s)
i21k_l    cifar100 b 18 delta 0.0943 null 0.1141 exc -0.0198 r 200/200 (236s)
i21k_l    cifar100 b 19 delta 0.0934 null 0.1142 exc -0.0208 r 200/200 (232s)
i21k_l    cifar100 b 20 delta 0.0933 null 0.1142 exc -0.0209 r 200/200 (232s)
i21k_l    cifar100 b 21 delta 0.0929 null 0.1141 exc -0.0212 r 200/200 (229s)
i21k_l    cifar100 b 22 delta 0.0938 null 0.1141 exc -0.0203 r 200/200 (234s)
i21k_l    cifar100 b 23 delta 0.0944 null 0.1142 exc -0.0198 r 200/200 (240s)
i21k_l    cifar100 b 24 delta 0.0935 null 0.1140 exc -0.0205 r 200/200 (234s)
i21k_l    cifar100 b 25 delta 0.0944 null 0.1141 exc -0.0197 r 200/200 (230s)
i21k_l    cifar100 b 26 delta 0.0928 null 0.1142 exc -0.0214 r 200/200 (236s)
i21k_l    cifar100 b 27 delta 0.0927 null 0.1141 exc -0.0215 r 200/200 (245s)
i21k_l    cifar100 b 28 delta 0.0945 null 0.1142 exc -0.0197 r 200/200 (241s)
i21k_l    cifar100 b 29 delta 0.0938 null 0.1142 exc -0.0205 r 200/200 (249s)
i21k_l    dtd      b -1 delta 0.0773 null 0.1084 exc -0.0311 r 200/200 (229s)
i21k_l    dtd      b  0 delta 0.0747 null 0.1057 exc -0.0310 r 200/200 (237s)
i21k_l    dtd      b  1 delta 0.0770 null 0.1063 exc -0.0293 r 200/200 (228s)
i21k_l    dtd      b  2 delta 0.0768 null 0.1060 exc -0.0292 r 200/200 (220s)
i21k_l    dtd      b  3 delta 0.0763 null 0.1062 exc -0.0300 r 200/200 (216s)
i21k_l    dtd      b  4 delta 0.0785 null 0.1061 exc -0.0277 r 200/200 (215s)
i21k_l    dtd      b  5 delta 0.0746 null 0.1064 exc -0.0317 r 200/200 (221s)
i21k_l    dtd      b  6 delta 0.0734 null 0.1059 exc -0.0325 r 200/200 (216s)
i21k_l    dtd      b  7 delta 0.0770 null 0.1058 exc -0.0288 r 200/200 (224s)
i21k_l    dtd      b  8 delta 0.0778 null 0.1070 exc -0.0292 r 200/200 (224s)
i21k_l    dtd      b  9 delta 0.0761 null 0.1065 exc -0.0304 r 200/200 (222s)
i21k_l    dtd      b 10 delta 0.0776 null 0.1068 exc -0.0293 r 200/200 (216s)
i21k_l    dtd      b 11 delta 0.0754 null 0.1058 exc -0.0304 r 200/200 (215s)
i21k_l    dtd      b 12 delta 0.0740 null 0.1068 exc -0.0328 r 200/200 (215s)
i21k_l    dtd      b 13 delta 0.0766 null 0.1066 exc -0.0299 r 200/200 (221s)
i21k_l    dtd      b 14 delta 0.0793 null 0.1062 exc -0.0269 r 200/200 (220s)
i21k_l    dtd      b 15 delta 0.0764 null 0.1058 exc -0.0294 r 200/200 (216s)
i21k_l    dtd      b 16 delta 0.0738 null 0.1061 exc -0.0323 r 200/200 (220s)
i21k_l    dtd      b 17 delta 0.0766 null 0.1059 exc -0.0293 r 200/200 (221s)
i21k_l    dtd      b 18 delta 0.0750 null 0.1078 exc -0.0328 r 200/200 (212s)
i21k_l    dtd      b 19 delta 0.0764 null 0.1056 exc -0.0292 r 200/200 (226s)
i21k_l    dtd      b 20 delta 0.0740 null 0.1070 exc -0.0330 r 200/200 (215s)
i21k_l    dtd      b 21 delta 0.0757 null 0.1070 exc -0.0313 r 200/200 (216s)
i21k_l    dtd      b 22 delta 0.0761 null 0.1072 exc -0.0310 r 200/200 (213s)
i21k_l    dtd      b 23 delta 0.0745 null 0.1071 exc -0.0326 r 200/200 (214s)
i21k_l    dtd      b 24 delta 0.0739 null 0.1054 exc -0.0316 r 200/200 (215s)
i21k_l    dtd      b 25 delta 0.0752 null 0.1063 exc -0.0311 r 200/200 (217s)
i21k_l    dtd      b 26 delta 0.0779 null 0.1073 exc -0.0294 r 200/200 (215s)
i21k_l    dtd      b 27 delta 0.0778 null 0.1061 exc -0.0283 r 200/200 (220s)
i21k_l    dtd      b 28 delta 0.0785 null 0.1052 exc -0.0267 r 200/200 (207s)
i21k_l    dtd      b 29 delta 0.0759 null 0.1059 exc -0.0300 r 200/200 (149s)
Done part i21k_l
