i21k_t    /imagenet      H-R p=1.38e-22 (901/1366)  H-COS p=3.14e-34 (731/1275)
i21k_t    /cifar100      H-R p=1.99e-05 (262/370)  H-COS p=1.30e-12 (308/511)
i21k_t    /cifar10       H-R p=1.93e-01 (67/84)  H-COS p=7.17e-01 (133/140)
i21k_t    /dtd           H-R p=2.63e-02 (34/56)  H-COS p=7.12e-02 (31/48)
i21k_t    /fashionmnist  H-R p=3.79e-01 (119/134)  H-COS p=2.74e-01 (126/145)
i21k_t    /mnist         H-R p=1.66e-13 (238/428)  H-COS p=4.30e-15 (252/461)
i21k_s    /imagenet      H-R p=9.04e-02 (682/747)  H-COS p=1.27e-06 (499/665)
i21k_s    /cifar100      H-R p=9.92e-02 (172/205)  H-COS p=1.74e-11 (125/256)
i21k_s    /cifar10       H-R p=1.52e-02 (30/53)  H-COS p=3.96e-04 (39/78)
i21k_s    /dtd           H-R p=9.59e-02 (28/43)  H-COS p=5.35e-03 (18/40)
i21k_s    /fashionmnist  H-R p=8.11e-02 (106/134)  H-COS p=1.13e-07 (98/188)
i21k_s    /mnist         H-R p=1.42e-04 (167/245)  H-COS p=4.69e-05 (181/268)
i21k_b    /imagenet      H-R p=2.14e-01 (566/524)  H-COS p=2.50e-25 (389/736)
i21k_b    /cifar100      H-R p=7.42e-02 (154/188)  H-COS p=3.82e-09 (127/240)
i21k_b    /cifar10       H-R p=5.10e-05 (40/86)  H-COS p=3.04e-09 (30/96)
i21k_b    /dtd           H-R p=1.00e+00 (28/28)  H-COS p=6.78e-01 (24/28)
i21k_b    /fashionmnist  H-R p=7.98e-02 (115/89)  H-COS p=2.90e-01 (106/123)
i21k_b    /mnist         H-R p=1.43e-07 (155/263)  H-COS p=5.96e-11 (143/277)
i21k_l    /imagenet      H-R p=5.82e-01 (431/414)  H-COS p=1.81e-23 (243/516)
i21k_l    /cifar100      H-R p=5.87e-01 (132/142)  H-COS p=8.35e-09 (86/180)
i21k_l    /cifar10       H-R p=7.61e-01 (23/20)  H-COS p=1.55e-01 (36/24)
i21k_l    /dtd           H-R p=6.94e-01 (27/31)  H-COS p=2.20e-01 (22/32)
i21k_l    /fashionmnist  H-R p=1.21e-01 (73/94)  H-COS p=1.29e-05 (63/123)
i21k_l    /mnist         H-R p=2.16e-03 (150/209)  H-COS p=2.16e-03 (150/209)
dinov2_s  /imagenet      H-R p=3.76e-03 (897/1025)  H-COS p=1.57e-19 (562/908)
dinov2_s  /cifar100      H-R p=3.82e-06 (266/169)  H-COS p=7.52e-02 (148/118)
dinov2_s  /cifar10       H-R p=1.35e-01 (66/49)  H-COS p=1.75e-01 (27/39)
dinov2_s  /dtd           H-R p=1.00e+00 (41/40)  H-COS p=7.44e-01 (40/44)
dinov2_s  /fashionmnist  H-R p=1.00e+00 (143/143)  H-COS p=9.51e-01 (133/135)
dinov2_s  /mnist         H-R p=1.96e-11 (167/314)  H-COS p=2.18e-12 (167/322)
dinov2_b  /imagenet      H-R p=5.69e-01 (759/736)  H-COS p=7.33e-16 (445/720)
dinov2_b  /cifar100      H-R p=1.58e-04 (153/93)  H-COS p=3.72e-01 (70/82)
dinov2_b  /cifar10       H-R p=3.03e-04 (51/20)  H-COS p=3.85e-02 (25/43)
dinov2_b  /dtd           H-R p=3.08e-01 (44/34)  H-COS p=3.30e-02 (30/50)
dinov2_b  /fashionmnist  H-R p=7.48e-03 (97/139)  H-COS p=2.19e-08 (84/174)
dinov2_b  /mnist         H-R p=3.30e-16 (139/311)  H-COS p=2.45e-20 (139/339)
dinov2_l  /imagenet      H-R p=1.78e-14 (823/540)  H-COS p=3.03e-18 (415/706)
dinov2_l  /cifar100      H-R p=4.45e-38 (242/37)  H-COS p=2.54e-03 (68/109)
dinov2_l  /cifar10       H-R p=3.09e-08 (51/9)  H-COS p=6.93e-02 (35/53)
dinov2_l  /dtd           H-R p=1.09e-01 (40/26)  H-COS p=1.24e-02 (34/59)
dinov2_l  /fashionmnist  H-R p=4.00e-01 (76/65)  H-COS p=5.49e-03 (62/98)
dinov2_l  /mnist         H-R p=2.84e-12 (132/272)  H-COS p=1.46e-19 (130/320)
dinov2_g  /imagenet      H-R p=9.54e-02 (750/817)  H-COS p=5.12e-66 (393/1030)
dinov2_g  /cifar100      H-R p=2.55e-16 (178/55)  H-COS p=7.79e-10 (41/118)
dinov2_g  /cifar10       H-R p=1.78e-13 (48/1)  H-COS p=6.96e-02 (45/65)
dinov2_g  /dtd           H-R p=8.13e-01 (37/34)  H-COS p=1.12e-02 (36/62)
dinov2_g  /fashionmnist  H-R p=7.25e-01 (62/67)  H-COS p=1.65e-03 (61/102)
dinov2_g  /mnist         H-R p=1.33e-03 (167/232)  H-COS p=3.26e-06 (166/263)
clip_b    /imagenet      H-R p=5.78e-40 (1208/1949)  H-COS p=4.11e-47 (1228/2050)
clip_b    /cifar100      H-R p=6.52e-02 (301/349)  H-COS p=1.82e-01 (307/342)
clip_b    /cifar10       H-R p=2.06e-04 (73/34)  H-COS p=9.13e-04 (86/47)
clip_b    /dtd           H-R p=4.61e-01 (41/49)  H-COS p=2.85e-01 (47/59)
clip_b    /fashionmnist  H-R p=2.23e-04 (150/222)  H-COS p=1.53e-04 (150/224)
clip_b    /mnist         H-R p=2.91e-45 (155/511)  H-COS p=9.54e-48 (151/517)
clip_l    /imagenet      H-R p=1.34e-08 (950/1215)  H-COS p=8.18e-25 (898/1389)
clip_l    /cifar100      H-R p=6.57e-01 (200/210)  H-COS p=4.84e-02 (195/237)
clip_l    /cifar10       H-R p=5.90e-01 (25/30)  H-COS p=1.53e-02 (16/34)
clip_l    /dtd           H-R p=4.50e-01 (35/28)  H-COS p=2.75e-01 (39/29)
clip_l    /fashionmnist  H-R p=8.72e-02 (94/120)  H-COS p=4.49e-03 (98/143)
clip_l    /mnist         H-R p=4.64e-07 (195/107)  H-COS p=2.10e-07 (198/107)
Done
