i21k_t    /imagenet      NC R=0.6809 H=0.6716 RT=0.6809 COS=0.6825 COSC=0.6825 | FS R=0.9751 H=0.9759 RT=0.9752 COS=0.9750  (H-R CI95 ±0.06pp) (3s)
i21k_t    /cifar100      NC R=0.2928 H=0.2820 RT=0.2954 COS=0.3023 COSC=0.3044 | FS R=0.6241 H=0.6315 RT=0.6286 COS=0.6342  (H-R CI95 ±0.20pp) (1s)
i21k_t    /cifar10       NC R=0.8752 H=0.8735 RT=0.8756 COS=0.8742 COSC=0.8732 | FS R=0.8764 H=0.8809 RT=0.8783 COS=0.8831  (H-R CI95 ±0.12pp) (2s)
i21k_t    /dtd           NC R=0.6372 H=0.6255 RT=0.6367 COS=0.6346 COSC=0.6362 | FS R=0.8328 H=0.8386 RT=0.8360 COS=0.8306  (H-R CI95 ±0.14pp) (1s)
i21k_t    /fashionmnist  NC R=0.7855 H=0.7840 RT=0.7855 COS=0.7859 COSC=0.7824 | FS R=0.8162 H=0.8193 RT=0.8172 COS=0.8183  (H-R CI95 ±0.12pp) (1s)
i21k_t    /mnist         NC R=0.7589 H=0.7399 RT=0.7614 COS=0.7608 COSC=0.7509 | FS R=0.7428 H=0.7459 RT=0.7480 COS=0.7492  (H-R CI95 ±0.19pp) (1s)
i21k_s    /imagenet      NC R=0.7766 H=0.7753 RT=0.7757 COS=0.7786 COSC=0.7787 | FS R=0.9856 H=0.9869 RT=0.9855 COS=0.9873  (H-R CI95 ±0.04pp) (3s)
i21k_s    /cifar100      NC R=0.7489 H=0.7456 RT=0.7500 COS=0.7587 COSC=0.7518 | FS R=0.9217 H=0.9244 RT=0.9233 COS=0.9276  (H-R CI95 ±0.10pp) (2s)
i21k_s    /cifar10       NC R=0.9342 H=0.9318 RT=0.9347 COS=0.9358 COSC=0.9312 | FS R=0.9204 H=0.9245 RT=0.9231 COS=0.9260  (H-R CI95 ±0.09pp) (2s)
i21k_s    /dtd           NC R=0.6931 H=0.6851 RT=0.6931 COS=0.6968 COSC=0.6904 | FS R=0.8535 H=0.8599 RT=0.8560 COS=0.8532  (H-R CI95 ±0.13pp) (1s)
i21k_s    /fashionmnist  NC R=0.8070 H=0.8042 RT=0.8057 COS=0.8132 COSC=0.8087 | FS R=0.8366 H=0.8353 RT=0.8374 COS=0.8394  (H-R CI95 ±0.12pp) (2s)
i21k_s    /mnist         NC R=0.8484 H=0.8406 RT=0.8511 COS=0.8493 COSC=0.8461 | FS R=0.8050 H=0.8137 RT=0.8115 COS=0.8084  (H-R CI95 ±0.18pp) (2s)
i21k_b    /imagenet      NC R=0.8159 H=0.8167 RT=0.8157 COS=0.8237 COSC=0.8190 | FS R=0.9890 H=0.9901 RT=0.9886 COS=0.9910  (H-R CI95 ±0.04pp) (4s)
i21k_b    /cifar100      NC R=0.7733 H=0.7699 RT=0.7744 COS=0.7812 COSC=0.7749 | FS R=0.9249 H=0.9266 RT=0.9261 COS=0.9306  (H-R CI95 ±0.09pp) (2s)
i21k_b    /cifar10       NC R=0.9450 H=0.9404 RT=0.9458 COS=0.9470 COSC=0.9407 | FS R=0.9269 H=0.9299 RT=0.9287 COS=0.9319  (H-R CI95 ±0.10pp) (2s)
i21k_b    /dtd           NC R=0.7080 H=0.7080 RT=0.7069 COS=0.7101 COSC=0.7101 | FS R=0.8535 H=0.8615 RT=0.8553 COS=0.8562  (H-R CI95 ±0.12pp) (1s)
i21k_b    /fashionmnist  NC R=0.8134 H=0.8160 RT=0.8148 COS=0.8177 COSC=0.8159 | FS R=0.8341 H=0.8334 RT=0.8350 COS=0.8344  (H-R CI95 ±0.11pp) (3s)
i21k_b    /mnist         NC R=0.8158 H=0.8050 RT=0.8190 COS=0.8184 COSC=0.8055 | FS R=0.7681 H=0.7762 RT=0.7731 COS=0.7700  (H-R CI95 ±0.17pp) (3s)
i21k_l    /imagenet      NC R=0.8614 H=0.8618 RT=0.8606 COS=0.8672 COSC=0.8636 | FS R=0.9935 H=0.9941 RT=0.9932 COS=0.9946  (H-R CI95 ±0.03pp) (6s)
i21k_l    /cifar100      NC R=0.8530 H=0.8520 RT=0.8545 COS=0.8614 COSC=0.8585 | FS R=0.9480 H=0.9552 RT=0.9511 COS=0.9597  (H-R CI95 ±0.09pp) (6s)
i21k_l    /cifar10       NC R=0.9747 H=0.9750 RT=0.9753 COS=0.9738 COSC=0.9733 | FS R=0.9501 H=0.9577 RT=0.9536 COS=0.9626  (H-R CI95 ±0.10pp) (3s)
i21k_l    /dtd           NC R=0.7176 H=0.7154 RT=0.7186 COS=0.7207 COSC=0.7191 | FS R=0.8558 H=0.8651 RT=0.8574 COS=0.8571  (H-R CI95 ±0.12pp) (1s)
i21k_l    /fashionmnist  NC R=0.8373 H=0.8352 RT=0.8383 COS=0.8412 COSC=0.8418 | FS R=0.8443 H=0.8472 RT=0.8460 COS=0.8443  (H-R CI95 ±0.10pp) (3s)
i21k_l    /mnist         NC R=0.8415 H=0.8356 RT=0.8435 COS=0.8415 COSC=0.8323 | FS R=0.8079 H=0.8159 RT=0.8121 COS=0.8087  (H-R CI95 ±0.15pp) (3s)
dinov2_s  /imagenet      NC R=0.7468 H=0.7442 RT=0.7468 COS=0.7511 COSC=0.7516 | FS R=0.9740 H=0.9787 RT=0.9742 COS=0.9808  (H-R CI95 ±0.07pp) (3s)
dinov2_s  /cifar100      NC R=0.7342 H=0.7439 RT=0.7360 COS=0.7409 COSC=0.7461 | FS R=0.9433 H=0.9511 RT=0.9448 COS=0.9512  (H-R CI95 ±0.09pp) (1s)
dinov2_s  /cifar10       NC R=0.9499 H=0.9516 RT=0.9506 COS=0.9528 COSC=0.9532 | FS R=0.9290 H=0.9347 RT=0.9303 COS=0.9254  (H-R CI95 ±0.09pp) (2s)
dinov2_s  /dtd           NC R=0.7335 H=0.7340 RT=0.7330 COS=0.7362 COSC=0.7399 | FS R=0.8984 H=0.9050 RT=0.8988 COS=0.9014  (H-R CI95 ±0.12pp) (1s)
dinov2_s  /fashionmnist  NC R=0.8220 H=0.8220 RT=0.8234 COS=0.8222 COSC=0.8215 | FS R=0.8542 H=0.8546 RT=0.8549 COS=0.8544  (H-R CI95 ±0.11pp) (2s)
dinov2_s  /mnist         NC R=0.8340 H=0.8193 RT=0.8350 COS=0.8348 COSC=0.8224 | FS R=0.8020 H=0.8077 RT=0.8065 COS=0.8013  (H-R CI95 ±0.16pp) (2s)
dinov2_b  /imagenet      NC R=0.7886 H=0.7890 RT=0.7886 COS=0.7945 COSC=0.7949 | FS R=0.9703 H=0.9777 RT=0.9707 COS=0.9842  (H-R CI95 ±0.07pp) (5s)
dinov2_b  /cifar100      NC R=0.8735 H=0.8795 RT=0.8742 COS=0.8807 COSC=0.8823 | FS R=0.9654 H=0.9723 RT=0.9663 COS=0.9765  (H-R CI95 ±0.08pp) (2s)
dinov2_b  /cifar10       NC R=0.9713 H=0.9744 RT=0.9709 COS=0.9762 COSC=0.9762 | FS R=0.9468 H=0.9536 RT=0.9471 COS=0.9495  (H-R CI95 ±0.08pp) (4s)
dinov2_b  /dtd           NC R=0.7420 H=0.7473 RT=0.7426 COS=0.7580 COSC=0.7585 | FS R=0.8917 H=0.9030 RT=0.8919 COS=0.9065  (H-R CI95 ±0.12pp) (1s)
dinov2_b  /fashionmnist  NC R=0.8325 H=0.8283 RT=0.8314 COS=0.8373 COSC=0.8364 | FS R=0.8594 H=0.8593 RT=0.8598 COS=0.8615  (H-R CI95 ±0.11pp) (3s)
dinov2_b  /mnist         NC R=0.8057 H=0.7885 RT=0.8077 COS=0.8085 COSC=0.7907 | FS R=0.7658 H=0.7709 RT=0.7706 COS=0.7675  (H-R CI95 ±0.17pp) (3s)
dinov2_l  /imagenet      NC R=0.7985 H=0.8041 RT=0.7987 COS=0.8099 COSC=0.8100 | FS R=0.9624 H=0.9713 RT=0.9626 COS=0.9837  (H-R CI95 ±0.08pp) (5s)
dinov2_l  /cifar100      NC R=0.8562 H=0.8767 RT=0.8571 COS=0.8808 COSC=0.8840 | FS R=0.9607 H=0.9707 RT=0.9616 COS=0.9787  (H-R CI95 ±0.09pp) (2s)
dinov2_l  /cifar10       NC R=0.9792 H=0.9834 RT=0.9794 COS=0.9852 COSC=0.9852 | FS R=0.9413 H=0.9514 RT=0.9413 COS=0.9505  (H-R CI95 ±0.09pp) (3s)
dinov2_l  /dtd           NC R=0.7441 H=0.7516 RT=0.7447 COS=0.7649 COSC=0.7612 | FS R=0.8705 H=0.8844 RT=0.8708 COS=0.8945  (H-R CI95 ±0.13pp) (1s)
dinov2_l  /fashionmnist  NC R=0.8442 H=0.8453 RT=0.8437 COS=0.8489 COSC=0.8472 | FS R=0.8775 H=0.8793 RT=0.8778 COS=0.8804  (H-R CI95 ±0.10pp) (3s)
dinov2_l  /mnist         NC R=0.7409 H=0.7269 RT=0.7425 COS=0.7459 COSC=0.7327 | FS R=0.7053 H=0.7114 RT=0.7096 COS=0.7077  (H-R CI95 ±0.16pp) (4s)
dinov2_g  /imagenet      NC R=0.7844 H=0.7831 RT=0.7846 COS=0.7958 COSC=0.7959 | FS R=0.9623 H=0.9714 RT=0.9626 COS=0.9879  (H-R CI95 ±0.09pp) (8s)
dinov2_g  /cifar100      NC R=0.8976 H=0.9099 RT=0.8987 COS=0.9176 COSC=0.9187 | FS R=0.9594 H=0.9716 RT=0.9607 COS=0.9838  (H-R CI95 ±0.10pp) (3s)
dinov2_g  /cifar10       NC R=0.9777 H=0.9824 RT=0.9777 COS=0.9844 COSC=0.9868 | FS R=0.9234 H=0.9383 RT=0.9231 COS=0.9485  (H-R CI95 ±0.11pp) (4s)
dinov2_g  /dtd           NC R=0.7293 H=0.7309 RT=0.7277 COS=0.7447 COSC=0.7441 | FS R=0.8722 H=0.8854 RT=0.8722 COS=0.8985  (H-R CI95 ±0.13pp) (1s)
dinov2_g  /fashionmnist  NC R=0.8586 H=0.8581 RT=0.8578 COS=0.8622 COSC=0.8578 | FS R=0.8898 H=0.8920 RT=0.8902 COS=0.8936  (H-R CI95 ±0.10pp) (4s)
dinov2_g  /mnist         NC R=0.7926 H=0.7861 RT=0.7947 COS=0.7958 COSC=0.7860 | FS R=0.7292 H=0.7376 RT=0.7348 COS=0.7322  (H-R CI95 ±0.17pp) (4s)
clip_b    /imagenet      NC R=0.6142 H=0.5994 RT=0.6148 COS=0.6158 COSC=0.6161 | FS R=0.9678 H=0.9681 RT=0.9677 COS=0.9674  (H-R CI95 ±0.07pp) (3s)
clip_b    /cifar100      NC R=0.6561 H=0.6513 RT=0.6592 COS=0.6548 COSC=0.6650 | FS R=0.8773 H=0.8890 RT=0.8817 COS=0.8770  (H-R CI95 ±0.14pp) (1s)
clip_b    /cifar10       NC R=0.8795 H=0.8834 RT=0.8813 COS=0.8795 COSC=0.8825 | FS R=0.8951 H=0.9010 RT=0.8971 COS=0.8932  (H-R CI95 ±0.11pp) (2s)
clip_b    /dtd           NC R=0.6367 H=0.6324 RT=0.6404 COS=0.6388 COSC=0.6426 | FS R=0.8220 H=0.8306 RT=0.8256 COS=0.8198  (H-R CI95 ±0.14pp) (1s)
clip_b    /fashionmnist  NC R=0.7586 H=0.7514 RT=0.7595 COS=0.7588 COSC=0.7676 | FS R=0.7879 H=0.7886 RT=0.7896 COS=0.7885  (H-R CI95 ±0.14pp) (2s)
clip_b    /mnist         NC R=0.7013 H=0.6657 RT=0.7029 COS=0.7023 COSC=0.7084 | FS R=0.7090 H=0.6967 RT=0.7113 COS=0.7094  (H-R CI95 ±0.20pp) (2s)
clip_l    /imagenet      NC R=0.7505 H=0.7452 RT=0.7505 COS=0.7550 COSC=0.7542 | FS R=0.9841 H=0.9855 RT=0.9841 COS=0.9842  (H-R CI95 ±0.05pp) (7s)
clip_l    /cifar100      NC R=0.7460 H=0.7450 RT=0.7472 COS=0.7492 COSC=0.7512 | FS R=0.8997 H=0.9083 RT=0.9036 COS=0.9009  (H-R CI95 ±0.12pp) (2s)
clip_l    /cifar10       NC R=0.9593 H=0.9588 RT=0.9602 COS=0.9606 COSC=0.9581 | FS R=0.9240 H=0.9301 RT=0.9265 COS=0.9256  (H-R CI95 ±0.09pp) (2s)
clip_l    /dtd           NC R=0.6862 H=0.6899 RT=0.6888 COS=0.6846 COSC=0.6931 | FS R=0.8517 H=0.8616 RT=0.8552 COS=0.8509  (H-R CI95 ±0.13pp) (1s)
clip_l    /fashionmnist  NC R=0.7620 H=0.7594 RT=0.7621 COS=0.7639 COSC=0.7614 | FS R=0.7677 H=0.7733 RT=0.7711 COS=0.7689  (H-R CI95 ±0.15pp) (3s)
clip_l    /mnist         NC R=0.8522 H=0.8610 RT=0.8602 COS=0.8519 COSC=0.8632 | FS R=0.8372 H=0.8466 RT=0.8429 COS=0.8379  (H-R CI95 ±0.15pp) (3s)
Done -> /home/javi/Platonic/rebuttal/results/exp2_metric_controls.csv
