prepared i21k_t (d=192)
prepared i21k_s (d=384)
prepared i21k_b (d=768)
prepared i21k_l (d=1024)
prepared dinov1_b (d=768)
prepared dinov2_s (d=384)
prepared dinov2_b (d=768)
prepared dinov2_l (d=1024)
prepared dinov2_g (d=1536)
prepared clip_b (d=512)
prepared clip_l (d=768)
prepared siglip_b (d=768)
analytic mKNN chance k/(n-1) = 0.0100
i21k_t-i21k_s: kNN 0.700 cal 0.697 p 0.0050 | CKA 0.854 cal 0.847 p 0.0050 (6s)
i21k_t-i21k_b: kNN 0.641 cal 0.637 p 0.0050 | CKA 0.812 cal 0.802 p 0.0050 (11s)
i21k_t-i21k_l: kNN 0.609 cal 0.604 p 0.0050 | CKA 0.837 cal 0.829 p 0.0050 (15s)
i21k_t-dinov1_b: kNN 0.660 cal 0.656 p 0.0050 | CKA 0.765 cal 0.752 p 0.0050 (12s)
i21k_t-dinov2_s: kNN 0.530 cal 0.524 p 0.0050 | CKA 0.450 cal 0.409 p 0.0050 (7s)
i21k_t-dinov2_b: kNN 0.266 cal 0.257 p 0.0050 | CKA 0.388 cal 0.323 p 0.0050 (11s)
i21k_t-dinov2_l: kNN 0.184 cal 0.173 p 0.0050 | CKA 0.395 cal 0.322 p 0.0050 (15s)
i21k_t-dinov2_g: kNN 0.185 cal 0.174 p 0.0050 | CKA 0.380 cal 0.302 p 0.0050 (21s)
i21k_t-clip_b: kNN 0.701 cal 0.698 p 0.0050 | CKA 0.855 cal 0.851 p 0.0050 (10s)
i21k_t-clip_l: kNN 0.655 cal 0.651 p 0.0050 | CKA 0.841 cal 0.835 p 0.0050 (11s)
i21k_t-siglip_b: kNN 0.682 cal 0.678 p 0.0050 | CKA 0.850 cal 0.846 p 0.0050 (9s)
i21k_s-i21k_b: kNN 0.757 cal 0.754 p 0.0050 | CKA 0.851 cal 0.840 p 0.0050 (13s)
i21k_s-i21k_l: kNN 0.697 cal 0.693 p 0.0050 | CKA 0.854 cal 0.844 p 0.0050 (18s)
i21k_s-dinov1_b: kNN 0.626 cal 0.621 p 0.0050 | CKA 0.750 cal 0.728 p 0.0050 (12s)
i21k_s-dinov2_s: kNN 0.533 cal 0.527 p 0.0050 | CKA 0.489 cal 0.431 p 0.0050 (8s)
i21k_s-dinov2_b: kNN 0.308 cal 0.297 p 0.0050 | CKA 0.460 cal 0.372 p 0.0050 (13s)
i21k_s-dinov2_l: kNN 0.225 cal 0.213 p 0.0050 | CKA 0.465 cal 0.364 p 0.0050 (16s)
i21k_s-dinov2_g: kNN 0.225 cal 0.213 p 0.0050 | CKA 0.461 cal 0.355 p 0.0050 (25s)
i21k_s-clip_b: kNN 0.624 cal 0.619 p 0.0050 | CKA 0.836 cal 0.829 p 0.0050 (10s)
i21k_s-clip_l: kNN 0.649 cal 0.644 p 0.0050 | CKA 0.829 cal 0.820 p 0.0050 (13s)
i21k_s-siglip_b: kNN 0.665 cal 0.661 p 0.0050 | CKA 0.829 cal 0.820 p 0.0050 (14s)
i21k_b-i21k_l: kNN 0.766 cal 0.763 p 0.0050 | CKA 0.889 cal 0.880 p 0.0050 (22s)
i21k_b-dinov1_b: kNN 0.595 cal 0.590 p 0.0050 | CKA 0.747 cal 0.724 p 0.0050 (21s)
i21k_b-dinov2_s: kNN 0.498 cal 0.492 p 0.0050 | CKA 0.474 cal 0.409 p 0.0050 (15s)
i21k_b-dinov2_b: kNN 0.298 cal 0.288 p 0.0050 | CKA 0.462 cal 0.366 p 0.0050 (19s)
i21k_b-dinov2_l: kNN 0.220 cal 0.208 p 0.0050 | CKA 0.478 cal 0.372 p 0.0050 (21s)
i21k_b-dinov2_g: kNN 0.223 cal 0.211 p 0.0050 | CKA 0.473 cal 0.359 p 0.0050 (30s)
i21k_b-clip_b: kNN 0.586 cal 0.581 p 0.0050 | CKA 0.829 cal 0.822 p 0.0050 (14s)
i21k_b-clip_l: kNN 0.629 cal 0.624 p 0.0050 | CKA 0.829 cal 0.820 p 0.0050 (19s)
i21k_b-siglip_b: kNN 0.637 cal 0.633 p 0.0050 | CKA 0.821 cal 0.811 p 0.0050 (17s)
i21k_l-dinov1_b: kNN 0.566 cal 0.560 p 0.0050 | CKA 0.766 cal 0.745 p 0.0050 (21s)
i21k_l-dinov2_s: kNN 0.465 cal 0.459 p 0.0050 | CKA 0.467 cal 0.403 p 0.0050 (16s)
i21k_l-dinov2_b: kNN 0.286 cal 0.276 p 0.0050 | CKA 0.450 cal 0.355 p 0.0050 (22s)
i21k_l-dinov2_l: kNN 0.220 cal 0.209 p 0.0050 | CKA 0.468 cal 0.362 p 0.0050 (25s)
i21k_l-dinov2_g: kNN 0.221 cal 0.209 p 0.0050 | CKA 0.462 cal 0.350 p 0.0050 (41s)
i21k_l-clip_b: kNN 0.567 cal 0.562 p 0.0050 | CKA 0.859 cal 0.853 p 0.0050 (20s)
i21k_l-clip_l: kNN 0.624 cal 0.620 p 0.0050 | CKA 0.857 cal 0.849 p 0.0050 (24s)
i21k_l-siglip_b: kNN 0.635 cal 0.631 p 0.0050 | CKA 0.855 cal 0.848 p 0.0050 (21s)
dinov1_b-dinov2_s: kNN 0.578 cal 0.572 p 0.0050 | CKA 0.673 cal 0.626 p 0.0050 (12s)
dinov1_b-dinov2_b: kNN 0.305 cal 0.294 p 0.0050 | CKA 0.567 cal 0.474 p 0.0050 (15s)
dinov1_b-dinov2_l: kNN 0.216 cal 0.203 p 0.0050 | CKA 0.547 cal 0.435 p 0.0050 (21s)
dinov1_b-dinov2_g: kNN 0.218 cal 0.205 p 0.0050 | CKA 0.555 cal 0.440 p 0.0050 (28s)
dinov1_b-clip_b: kNN 0.577 cal 0.572 p 0.0050 | CKA 0.732 cal 0.719 p 0.0050 (13s)
dinov1_b-clip_l: kNN 0.565 cal 0.560 p 0.0050 | CKA 0.747 cal 0.732 p 0.0050 (17s)
dinov1_b-siglip_b: kNN 0.591 cal 0.586 p 0.0050 | CKA 0.751 cal 0.736 p 0.0050 (17s)
dinov2_s-dinov2_b: kNN 0.493 cal 0.483 p 0.0050 | CKA 0.660 cal 0.560 p 0.0050 (13s)
dinov2_s-dinov2_l: kNN 0.364 cal 0.350 p 0.0050 | CKA 0.579 cal 0.434 p 0.0050 (15s)
dinov2_s-dinov2_g: kNN 0.356 cal 0.342 p 0.0050 | CKA 0.619 cal 0.480 p 0.0050 (21s)
dinov2_s-clip_b: kNN 0.475 cal 0.469 p 0.0050 | CKA 0.406 cal 0.368 p 0.0050 (8s)
dinov2_s-clip_l: kNN 0.485 cal 0.478 p 0.0050 | CKA 0.447 cal 0.402 p 0.0050 (13s)
dinov2_s-siglip_b: kNN 0.507 cal 0.501 p 0.0050 | CKA 0.452 cal 0.409 p 0.0050 (11s)
dinov2_b-dinov2_l: kNN 0.705 cal 0.689 p 0.0050 | CKA 0.688 cal 0.516 p 0.0050 (22s)
dinov2_b-dinov2_g: kNN 0.638 cal 0.617 p 0.0050 | CKA 0.728 cal 0.568 p 0.0050 (35s)
dinov2_b-clip_b: kNN 0.250 cal 0.239 p 0.0050 | CKA 0.360 cal 0.302 p 0.0050 (17s)
dinov2_b-clip_l: kNN 0.278 cal 0.268 p 0.0050 | CKA 0.398 cal 0.329 p 0.0050 (18s)
dinov2_b-siglip_b: kNN 0.285 cal 0.275 p 0.0050 | CKA 0.399 cal 0.332 p 0.0050 (22s)
dinov2_l-dinov2_g: kNN 0.713 cal 0.694 p 0.0050 | CKA 0.757 cal 0.583 p 0.0050 (50s)
dinov2_l-clip_b: kNN 0.177 cal 0.165 p 0.0050 | CKA 0.380 cal 0.317 p 0.0050 (23s)
dinov2_l-clip_l: kNN 0.204 cal 0.192 p 0.0050 | CKA 0.415 cal 0.339 p 0.0050 (27s)
dinov2_l-siglip_b: kNN 0.203 cal 0.191 p 0.0050 | CKA 0.411 cal 0.337 p 0.0050 (31s)
dinov2_g-clip_b: kNN 0.181 cal 0.169 p 0.0050 | CKA 0.367 cal 0.299 p 0.0050 (32s)
dinov2_g-clip_l: kNN 0.207 cal 0.195 p 0.0050 | CKA 0.408 cal 0.328 p 0.0050 (42s)
dinov2_g-siglip_b: kNN 0.205 cal 0.194 p 0.0050 | CKA 0.403 cal 0.324 p 0.0050 (38s)
clip_b-clip_l: kNN 0.748 cal 0.745 p 0.0050 | CKA 0.970 cal 0.969 p 0.0050 (16s)
clip_b-siglip_b: kNN 0.714 cal 0.711 p 0.0050 | CKA 0.953 cal 0.952 p 0.0050 (14s)
clip_l-siglip_b: kNN 0.757 cal 0.754 p 0.0050 | CKA 0.950 cal 0.948 p 0.0050 (18s)

== MEANS over 66 pairs ==
  knn_R: raw 0.4720 | cal(eq.12) 0.4640 | null-centered 0.4620 | null mean 0.0100 | frac p<0.05 1.000
  knn_H: raw 0.4250 | cal(eq.12) 0.4143 | null-centered 0.4150 | null mean 0.0100 | frac p<0.05 1.000
  cka_R: raw 0.6327 | cal(eq.12) 0.5774 | null-centered 0.5244 | null mean 0.1083 | frac p<0.05 1.000
  cka_H: raw 0.6404 | cal(eq.12) 0.5861 | null-centered 0.5320 | null mean 0.1084 | frac p<0.05 1.000
Done exp21b
