ref_gauss768       xi_mean=+0.0925 median=+0.0928 frac_neg=0.000
ref_sphere_geo     xi_mean=+0.1126 median=+0.1130 frac_neg=0.000
ref_sphere_chord   xi_mean=+0.1154 median=+0.1158 frac_neg=0.000
ref_H2_R6          xi_mean=-0.1938 median=-0.1940 frac_neg=0.959
ref_tree_d9        xi_mean=-0.2386 median=-0.2500 frac_neg=0.961
i21k_t             xi_mean=+0.0270 median=+0.0318 frac_neg=0.253 | cos: +0.0841/+0.0886/0.052
i21k_s             xi_mean=+0.0268 median=+0.0311 frac_neg=0.231 | cos: +0.0843/+0.0876/0.027
i21k_b             xi_mean=+0.0332 median=+0.0361 frac_neg=0.156 | cos: +0.0767/+0.0791/0.024
i21k_l             xi_mean=+0.0283 median=+0.0325 frac_neg=0.211 | cos: +0.0806/+0.0826/0.018
dinov1_b           xi_mean=-0.0076 median=-0.0059 frac_neg=0.546 | cos: +0.0910/+0.0966/0.035
dinov2_s           xi_mean=-0.0202 median=-0.0230 frac_neg=0.662 | cos: +0.1034/+0.1053/0.009
dinov2_b           xi_mean=-0.0486 median=-0.0531 frac_neg=0.829 | cos: +0.1116/+0.1126/0.004
dinov2_l           xi_mean=-0.0682 median=-0.0698 frac_neg=0.898 | cos: +0.1141/+0.1150/0.002
dinov2_g           xi_mean=-0.0698 median=-0.0731 frac_neg=0.886 | cos: +0.1036/+0.1047/0.003
clip_b             xi_mean=+0.0188 median=+0.0261 frac_neg=0.319 | cos: +0.0304/+0.0364/0.249
clip_l             xi_mean=+0.0280 median=+0.0330 frac_neg=0.276 | cos: +0.0406/+0.0460/0.192
siglip_b           xi_mean=+0.0356 median=+0.0404 frac_neg=0.200 | cos: +0.0585/+0.0635/0.100
Done
i21k_t    xi +0.0270 (fneg 0.25) | null +0.0275±0.0017 (fneg 0.20) | exc -0.0005 z=-0.3 | 64s
i21k_s    xi +0.0268 (fneg 0.23) | null +0.0422±0.0023 (fneg 0.08) | exc -0.0154 z=-6.5 | 77s
i21k_b    xi +0.0332 (fneg 0.16) | null +0.0470±0.0023 (fneg 0.05) | exc -0.0138 z=-6.0 | 125s
i21k_l    xi +0.0283 (fneg 0.21) | null +0.0463±0.0024 (fneg 0.05) | exc -0.0180 z=-7.5 | 153s
dinov1_b  xi -0.0076 (fneg 0.55) | null +0.0516±0.0027 (fneg 0.07) | exc -0.0592 z=-21.4 | 124s
dinov2_s  xi -0.0202 (fneg 0.66) | null +0.0612±0.0040 (fneg 0.04) | exc -0.0814 z=-20.1 | 78s
dinov2_b  xi -0.0486 (fneg 0.83) | null +0.0749±0.0027 (fneg 0.00) | exc -0.1235 z=-45.1 | 122s
dinov2_l  xi -0.0682 (fneg 0.90) | null +0.0803±0.0022 (fneg 0.00) | exc -0.1485 z=-66.0 | 157s
dinov2_g  xi -0.0698 (fneg 0.89) | null +0.0819±0.0022 (fneg 0.00) | exc -0.1517 z=-68.8 | 206s
clip_b    xi +0.0188 (fneg 0.32) | null +0.0243±0.0016 (fneg 0.21) | exc -0.0055 z=-3.1 | 85s
clip_l    xi +0.0280 (fneg 0.28) | null +0.0321±0.0021 (fneg 0.15) | exc -0.0041 z=-1.9 | 124s
siglip_b  xi +0.0356 (fneg 0.20) | null +0.0308±0.0019 (fneg 0.15) | exc +0.0048 z=+2.5 | 123s
Done
