i21k_t    /imagenet      NC COS=0.6827 HN=0.6722 RTN=0.6818 | FS COS=0.9752 HN=0.9761 RTN=0.9756 (HN-COS +0.08±0.05pp) (2s)
i21k_t    /cifar100      NC COS=0.3020 HN=0.2899 RTN=0.3026 | FS COS=0.6363 HN=0.6418 RTN=0.6391 (HN-COS +0.55±0.20pp) (1s)
i21k_t    /cifar10       NC COS=0.8757 HN=0.8731 RTN=0.8754 | FS COS=0.8810 HN=0.8839 RTN=0.8840 (HN-COS +0.29±0.12pp) (1s)
i21k_t    /dtd           NC COS=0.6362 HN=0.6277 RTN=0.6351 | FS COS=0.8324 HN=0.8393 RTN=0.8382 (HN-COS +0.69±0.13pp) (1s)
i21k_t    /fashionmnist  NC COS=0.7873 HN=0.7851 RTN=0.7868 | FS COS=0.8175 HN=0.8205 RTN=0.8187 (HN-COS +0.31±0.11pp) (1s)
i21k_t    /mnist         NC COS=0.7626 HN=0.7451 RTN=0.7660 | FS COS=0.7492 HN=0.7512 RTN=0.7535 (HN-COS +0.20±0.18pp) (1s)
i21k_s    /imagenet      NC COS=0.7786 HN=0.7753 RTN=0.7744 | FS COS=0.9873 HN=0.9866 RTN=0.9850 (HN-COS -0.07±0.05pp) (2s)
i21k_s    /cifar100      NC COS=0.7594 HN=0.7487 RTN=0.7550 | FS COS=0.9273 HN=0.9273 RTN=0.9269 (HN-COS -0.00±0.08pp) (1s)
i21k_s    /cifar10       NC COS=0.9360 HN=0.9345 RTN=0.9383 | FS COS=0.9255 HN=0.9274 RTN=0.9273 (HN-COS +0.19±0.09pp) (1s)
i21k_s    /dtd           NC COS=0.6979 HN=0.6835 RTN=0.6926 | FS COS=0.8538 HN=0.8610 RTN=0.8563 (HN-COS +0.73±0.15pp) (1s)
i21k_s    /fashionmnist  NC COS=0.8125 HN=0.8046 RTN=0.8075 | FS COS=0.8388 HN=0.8368 RTN=0.8383 (HN-COS -0.19±0.11pp) (2s)
i21k_s    /mnist         NC COS=0.8494 HN=0.8414 RTN=0.8522 | FS COS=0.8080 HN=0.8163 RTN=0.8145 (HN-COS +0.84±0.17pp) (1s)
i21k_b    /imagenet      NC COS=0.8241 HN=0.8175 RTN=0.8168 | FS COS=0.9911 HN=0.9906 RTN=0.9892 (HN-COS -0.05±0.06pp) (3s)
i21k_b    /cifar100      NC COS=0.7837 HN=0.7735 RTN=0.7798 | FS COS=0.9305 HN=0.9300 RTN=0.9305 (HN-COS -0.05±0.09pp) (8s)
i21k_b    /cifar10       NC COS=0.9477 HN=0.9421 RTN=0.9481 | FS COS=0.9318 HN=0.9333 RTN=0.9332 (HN-COS +0.15±0.09pp) (2s)
i21k_b    /dtd           NC COS=0.7074 HN=0.7064 RTN=0.7074 | FS COS=0.8563 HN=0.8633 RTN=0.8576 (HN-COS +0.69±0.15pp) (1s)
i21k_b    /fashionmnist  NC COS=0.8180 HN=0.8155 RTN=0.8152 | FS COS=0.8346 HN=0.8342 RTN=0.8354 (HN-COS -0.04±0.11pp) (2s)
i21k_b    /mnist         NC COS=0.8199 HN=0.8080 RTN=0.8221 | FS COS=0.7706 HN=0.7772 RTN=0.7750 (HN-COS +0.66±0.16pp) (2s)
i21k_l    /imagenet      NC COS=0.8668 HN=0.8615 RTN=0.8609 | FS COS=0.9945 HN=0.9943 RTN=0.9935 (HN-COS -0.02±0.04pp) (4s)
i21k_l    /cifar100      NC COS=0.8614 HN=0.8571 RTN=0.8596 | FS COS=0.9601 HN=0.9612 RTN=0.9599 (HN-COS +0.12±0.08pp) (2s)
i21k_l    /cifar10       NC COS=0.9746 HN=0.9755 RTN=0.9764 | FS COS=0.9614 HN=0.9673 RTN=0.9663 (HN-COS +0.59±0.09pp) (2s)
i21k_l    /dtd           NC COS=0.7186 HN=0.7160 RTN=0.7181 | FS COS=0.8562 HN=0.8664 RTN=0.8588 (HN-COS +1.02±0.17pp) (1s)
i21k_l    /fashionmnist  NC COS=0.8419 HN=0.8358 RTN=0.8401 | FS COS=0.8444 HN=0.8467 RTN=0.8466 (HN-COS +0.23±0.12pp) (2s)
i21k_l    /mnist         NC COS=0.8409 HN=0.8351 RTN=0.8426 | FS COS=0.8090 HN=0.8157 RTN=0.8130 (HN-COS +0.67±0.15pp) (2s)
dinov2_s  /imagenet      NC COS=0.7512 HN=0.7443 RTN=0.7475 | FS COS=0.9808 HN=0.9787 RTN=0.9748 (HN-COS -0.22±0.09pp) (7s)
dinov2_s  /cifar100      NC COS=0.7418 HN=0.7437 RTN=0.7380 | FS COS=0.9509 HN=0.9515 RTN=0.9462 (HN-COS +0.06±0.08pp) (1s)
dinov2_s  /cifar10       NC COS=0.9531 HN=0.9526 RTN=0.9517 | FS COS=0.9251 HN=0.9357 RTN=0.9318 (HN-COS +1.06±0.13pp) (1s)
dinov2_s  /dtd           NC COS=0.7367 HN=0.7335 RTN=0.7362 | FS COS=0.9016 HN=0.9051 RTN=0.8999 (HN-COS +0.36±0.15pp) (1s)
dinov2_s  /fashionmnist  NC COS=0.8232 HN=0.8227 RTN=0.8231 | FS COS=0.8540 HN=0.8548 RTN=0.8552 (HN-COS +0.07±0.10pp) (1s)
dinov2_s  /mnist         NC COS=0.8340 HN=0.8194 RTN=0.8357 | FS COS=0.8011 HN=0.8077 RTN=0.8064 (HN-COS +0.67±0.17pp) (1s)
dinov2_b  /imagenet      NC COS=0.7947 HN=0.7894 RTN=0.7892 | FS COS=0.9842 HN=0.9779 RTN=0.9712 (HN-COS -0.63±0.11pp) (3s)
dinov2_b  /cifar100      NC COS=0.8812 HN=0.8799 RTN=0.8751 | FS COS=0.9763 HN=0.9729 RTN=0.9673 (HN-COS -0.34±0.08pp) (2s)
dinov2_b  /cifar10       NC COS=0.9761 HN=0.9746 RTN=0.9718 | FS COS=0.9494 HN=0.9537 RTN=0.9479 (HN-COS +0.43±0.14pp) (2s)
dinov2_b  /dtd           NC COS=0.7585 HN=0.7468 RTN=0.7404 | FS COS=0.9067 HN=0.9033 RTN=0.8925 (HN-COS -0.35±0.18pp) (1s)
dinov2_b  /fashionmnist  NC COS=0.8375 HN=0.8290 RTN=0.8322 | FS COS=0.8611 HN=0.8593 RTN=0.8600 (HN-COS -0.18±0.11pp) (2s)
dinov2_b  /mnist         NC COS=0.8081 HN=0.7906 RTN=0.8083 | FS COS=0.7673 HN=0.7721 RTN=0.7714 (HN-COS +0.47±0.17pp) (2s)
dinov2_l  /imagenet      NC COS=0.8102 HN=0.8040 RTN=0.7988 | FS COS=0.9837 HN=0.9713 RTN=0.9628 (HN-COS -1.24±0.14pp) (4s)
dinov2_l  /cifar100      NC COS=0.8814 HN=0.8766 RTN=0.8595 | FS COS=0.9787 HN=0.9712 RTN=0.9625 (HN-COS -0.74±0.11pp) (1s)
dinov2_l  /cifar10       NC COS=0.9854 HN=0.9834 RTN=0.9798 | FS COS=0.9505 HN=0.9517 RTN=0.9417 (HN-COS +0.11±0.18pp) (2s)
dinov2_l  /dtd           NC COS=0.7644 HN=0.7527 RTN=0.7457 | FS COS=0.8946 HN=0.8847 RTN=0.8717 (HN-COS -0.98±0.20pp) (1s)
dinov2_l  /fashionmnist  NC COS=0.8490 HN=0.8455 RTN=0.8442 | FS COS=0.8800 HN=0.8797 RTN=0.8786 (HN-COS -0.03±0.10pp) (2s)
dinov2_l  /mnist         NC COS=0.7456 HN=0.7273 RTN=0.7435 | FS COS=0.7079 HN=0.7126 RTN=0.7110 (HN-COS +0.46±0.17pp) (3s)
dinov2_g  /imagenet      NC COS=0.7962 HN=0.7832 RTN=0.7850 | FS COS=0.9879 HN=0.9713 RTN=0.9628 (HN-COS -1.65±0.14pp) (5s)
dinov2_g  /cifar100      NC COS=0.9176 HN=0.9100 RTN=0.8994 | FS COS=0.9836 HN=0.9726 RTN=0.9623 (HN-COS -1.10±0.12pp) (3s)
dinov2_g  /cifar10       NC COS=0.9846 HN=0.9821 RTN=0.9773 | FS COS=0.9485 HN=0.9384 RTN=0.9231 (HN-COS -1.01±0.21pp) (3s)
dinov2_g  /dtd           NC COS=0.7441 HN=0.7314 RTN=0.7309 | FS COS=0.8987 HN=0.8849 RTN=0.8733 (HN-COS -1.38±0.21pp) (1s)
dinov2_g  /fashionmnist  NC COS=0.8626 HN=0.8590 RTN=0.8584 | FS COS=0.8933 HN=0.8926 RTN=0.8908 (HN-COS -0.07±0.10pp) (3s)
dinov2_g  /mnist         NC COS=0.7966 HN=0.7863 RTN=0.7974 | FS COS=0.7315 HN=0.7387 RTN=0.7360 (HN-COS +0.72±0.18pp) (3s)
clip_b    /imagenet      NC COS=0.6157 HN=0.6012 RTN=0.6161 | FS COS=0.9675 HN=0.9689 RTN=0.9680 (HN-COS +0.14±0.07pp) (3s)
clip_b    /cifar100      NC COS=0.6548 HN=0.6513 RTN=0.6592 | FS COS=0.8770 HN=0.8890 RTN=0.8817 (HN-COS +1.21±0.14pp) (1s)
clip_b    /cifar10       NC COS=0.8776 HN=0.8846 RTN=0.8817 | FS COS=0.8928 HN=0.9018 RTN=0.8970 (HN-COS +0.90±0.11pp) (2s)
clip_b    /dtd           NC COS=0.6394 HN=0.6383 RTN=0.6436 | FS COS=0.8194 HN=0.8323 RTN=0.8260 (HN-COS +1.29±0.15pp) (1s)
clip_b    /fashionmnist  NC COS=0.7599 HN=0.7526 RTN=0.7597 | FS COS=0.7890 HN=0.7901 RTN=0.7915 (HN-COS +0.10±0.14pp) (2s)
clip_b    /mnist         NC COS=0.7012 HN=0.6624 RTN=0.7033 | FS COS=0.7091 HN=0.6974 RTN=0.7129 (HN-COS -1.17±0.21pp) (2s)
clip_l    /imagenet      NC COS=0.7546 HN=0.7485 RTN=0.7539 | FS COS=0.9840 HN=0.9862 RTN=0.9847 (HN-COS +0.22±0.06pp) (3s)
clip_l    /cifar100      NC COS=0.7499 HN=0.7500 RTN=0.7513 | FS COS=0.9005 HN=0.9127 RTN=0.9057 (HN-COS +1.23±0.13pp) (2s)
clip_l    /cifar10       NC COS=0.9603 HN=0.9595 RTN=0.9607 | FS COS=0.9253 HN=0.9344 RTN=0.9300 (HN-COS +0.91±0.10pp) (2s)
clip_l    /dtd           NC COS=0.6851 HN=0.6910 RTN=0.6888 | FS COS=0.8509 HN=0.8633 RTN=0.8567 (HN-COS +1.24±0.14pp) (1s)
clip_l    /fashionmnist  NC COS=0.7640 HN=0.7610 RTN=0.7645 | FS COS=0.7685 HN=0.7753 RTN=0.7725 (HN-COS +0.68±0.15pp) (2s)
clip_l    /mnist         NC COS=0.8508 HN=0.8617 RTN=0.8591 | FS COS=0.8375 HN=0.8481 RTN=0.8438 (HN-COS +1.06±0.15pp) (2s)
Done -> /home/javi/Platonic/rebuttal/results/exp2b_normalized_stack.csv
