i21k_t    imagenet     delta 0.1227±0.0037 null 0.1432±0.0067 exc -0.0205 z=-2.7 (5s)
i21k_s    imagenet     delta 0.0971±0.0064 null 0.1173±0.0060 exc -0.0202 z=-2.3 (8s)
i21k_b    imagenet     delta 0.0881±0.0062 null 0.1158±0.0069 exc -0.0277 z=-3.0 (22s)
i21k_l    imagenet     delta 0.0842±0.0044 null 0.1144±0.0052 exc -0.0302 z=-4.4 (43s)
dinov1_b  imagenet     delta 0.1131±0.0056 null 0.1181±0.0053 exc -0.0050 z=-0.6 (22s)
dinov2_s  imagenet     delta 0.1185±0.0101 null 0.1066±0.0039 exc +0.0119 z=+1.1 (8s)
dinov2_b  imagenet     delta 0.0926±0.0100 null 0.0869±0.0018 exc +0.0058 z=+0.6 (21s)
dinov2_l  imagenet     delta 0.0706±0.0075 null 0.0790±0.0015 exc -0.0084 z=-1.1 (29s)
dinov2_g  imagenet     delta 0.0808±0.0078 null 0.0766±0.0020 exc +0.0042 z=+0.5 (42s)
clip_b    imagenet     delta 0.1195±0.0053 null 0.1442±0.0059 exc -0.0247 z=-3.1 (12s)
clip_l    imagenet     delta 0.1177±0.0052 null 0.1389±0.0077 exc -0.0212 z=-2.3 (23s)
siglip_b  imagenet     delta 0.1137±0.0090 null 0.1324±0.0067 exc -0.0187 z=-1.7 (23s)
i21k_t    cifar100     delta 0.1689±0.0027 null 0.2119±0.0115 exc -0.0431 z=-3.7 (4s)
i21k_s    cifar100     delta 0.1565±0.0055 null 0.1899±0.0063 exc -0.0334 z=-4.0 (9s)
i21k_b    cifar100     delta 0.1692±0.0039 null 0.1861±0.0082 exc -0.0170 z=-1.9 (12s)
i21k_l    cifar100     delta 0.1357±0.0023 null 0.1833±0.0076 exc -0.0477 z=-6.0 (14s)
dinov1_b  cifar100     delta 0.1142±0.0038 null 0.1822±0.0055 exc -0.0680 z=-10.2 (13s)
dinov2_s  cifar100     delta 0.1133±0.0034 null 0.1658±0.0049 exc -0.0525 z=-8.9 (11s)
dinov2_b  cifar100     delta 0.1120±0.0022 null 0.1546±0.0030 exc -0.0426 z=-11.3 (14s)
dinov2_l  cifar100     delta 0.0984±0.0019 null 0.1495±0.0023 exc -0.0511 z=-17.0 (8s)
dinov2_g  cifar100     delta 0.0698±0.0024 null 0.1491±0.0022 exc -0.0793 z=-24.2 (6s)
clip_b    cifar100     delta 0.1410±0.0027 null 0.1885±0.0077 exc -0.0474 z=-5.8 (6s)
clip_l    cifar100     delta 0.1407±0.0030 null 0.1833±0.0068 exc -0.0426 z=-5.8 (6s)
siglip_b  cifar100     delta 0.1457±0.0035 null 0.1878±0.0053 exc -0.0421 z=-6.6 (6s)
i21k_t    cifar10      delta 0.1222±0.0000 null 0.1810±0.0292 exc -0.0588 z=-2.0 (1s)
i21k_s    cifar10      delta 0.0859±0.0000 null 0.1822±0.0249 exc -0.0963 z=-3.9 (1s)
i21k_b    cifar10      delta 0.0891±0.0000 null 0.1789±0.0285 exc -0.0898 z=-3.1 (2s)
i21k_l    cifar10      delta 0.0836±0.0000 null 0.1817±0.0263 exc -0.0981 z=-3.7 (2s)
dinov1_b  cifar10      delta 0.0884±0.0000 null 0.1854±0.0305 exc -0.0970 z=-3.2 (2s)
dinov2_s  cifar10      delta 0.0839±0.0000 null 0.1790±0.0437 exc -0.0950 z=-2.2 (1s)
dinov2_b  cifar10      delta 0.0458±0.0000 null 0.1808±0.0494 exc -0.1351 z=-2.7 (2s)
dinov2_l  cifar10      delta 0.0275±0.0000 null 0.1825±0.0459 exc -0.1551 z=-3.4 (2s)
dinov2_g  cifar10      delta 0.0254±0.0000 null 0.1823±0.0458 exc -0.1569 z=-3.4 (3s)
clip_b    cifar10      delta 0.1051±0.0000 null 0.1824±0.0255 exc -0.0773 z=-3.0 (2s)
clip_l    cifar10      delta 0.0989±0.0000 null 0.1817±0.0252 exc -0.0828 z=-3.3 (2s)
siglip_b  cifar10      delta 0.0874±0.0000 null 0.1785±0.0227 exc -0.0911 z=-4.0 (2s)
i21k_t    dtd          delta 0.1399±0.0000 null 0.1771±0.0094 exc -0.0371 z=-3.9 (1s)
i21k_s    dtd          delta 0.1233±0.0000 null 0.1749±0.0125 exc -0.0517 z=-4.1 (2s)
i21k_b    dtd          delta 0.1177±0.0000 null 0.1753±0.0120 exc -0.0575 z=-4.8 (3s)
i21k_l    dtd          delta 0.0975±0.0000 null 0.1741±0.0102 exc -0.0767 z=-7.5 (3s)
dinov1_b  dtd          delta 0.1280±0.0016 null 0.1788±0.0103 exc -0.0508 z=-4.9 (3s)
dinov2_s  dtd          delta 0.1405±0.0000 null 0.1809±0.0096 exc -0.0404 z=-4.2 (2s)
dinov2_b  dtd          delta 0.1117±0.0000 null 0.1797±0.0103 exc -0.0680 z=-6.6 (2s)
dinov2_l  dtd          delta 0.1020±0.0000 null 0.1801±0.0112 exc -0.0781 z=-7.0 (3s)
dinov2_g  dtd          delta 0.1094±0.0016 null 0.1808±0.0111 exc -0.0714 z=-6.4 (3s)
clip_b    dtd          delta 0.1198±0.0000 null 0.1784±0.0120 exc -0.0587 z=-4.9 (2s)
clip_l    dtd          delta 0.1307±0.0012 null 0.1794±0.0125 exc -0.0487 z=-3.9 (3s)
siglip_b  dtd          delta 0.1209±0.0003 null 0.1776±0.0117 exc -0.0567 z=-4.8 (2s)
i21k_t    fashionmnist delta 0.1533±0.0000 null 0.1750±0.0318 exc -0.0217 z=-0.7 (1s)
i21k_s    fashionmnist delta 0.1016±0.0000 null 0.1704±0.0296 exc -0.0688 z=-2.3 (2s)
i21k_b    fashionmnist delta 0.0984±0.0000 null 0.1743±0.0295 exc -0.0759 z=-2.6 (2s)
i21k_l    fashionmnist delta 0.0934±0.0000 null 0.1781±0.0294 exc -0.0848 z=-2.9 (2s)
dinov1_b  fashionmnist delta 0.1350±0.0000 null 0.1760±0.0312 exc -0.0409 z=-1.3 (2s)
dinov2_s  fashionmnist delta 0.1067±0.0000 null 0.1744±0.0288 exc -0.0677 z=-2.3 (2s)
dinov2_b  fashionmnist delta 0.0831±0.0000 null 0.1783±0.0291 exc -0.0953 z=-3.3 (2s)
dinov2_l  fashionmnist delta 0.1060±0.0000 null 0.1797±0.0282 exc -0.0736 z=-2.6 (2s)
dinov2_g  fashionmnist delta 0.1017±0.0000 null 0.1830±0.0270 exc -0.0812 z=-3.0 (3s)
clip_b    fashionmnist delta 0.1382±0.0000 null 0.1856±0.0284 exc -0.0474 z=-1.7 (2s)
clip_l    fashionmnist delta 0.1161±0.0000 null 0.1816±0.0323 exc -0.0656 z=-2.0 (2s)
siglip_b  fashionmnist delta 0.1120±0.0000 null 0.1859±0.0287 exc -0.0739 z=-2.6 (2s)
i21k_t    mnist        delta 0.1343±0.0000 null 0.1834±0.0342 exc -0.0491 z=-1.4 (1s)
i21k_s    mnist        delta 0.1277±0.0000 null 0.1857±0.0308 exc -0.0580 z=-1.9 (2s)
i21k_b    mnist        delta 0.1335±0.0000 null 0.1769±0.0305 exc -0.0435 z=-1.4 (2s)
i21k_l    mnist        delta 0.1244±0.0000 null 0.1882±0.0345 exc -0.0638 z=-1.9 (2s)
dinov1_b  mnist        delta 0.1084±0.0000 null 0.1784±0.0276 exc -0.0700 z=-2.5 (2s)
dinov2_s  mnist        delta 0.1494±0.0000 null 0.1849±0.0292 exc -0.0355 z=-1.2 (2s)
dinov2_b  mnist        delta 0.1413±0.0000 null 0.1863±0.0329 exc -0.0450 z=-1.4 (2s)
dinov2_l  mnist        delta 0.1504±0.0000 null 0.1921±0.0360 exc -0.0417 z=-1.2 (2s)
dinov2_g  mnist        delta 0.1473±0.0000 null 0.1888±0.0331 exc -0.0415 z=-1.3 (3s)
clip_b    mnist        delta 0.1380±0.0000 null 0.1763±0.0243 exc -0.0382 z=-1.6 (2s)
clip_l    mnist        delta 0.1648±0.0000 null 0.1892±0.0409 exc -0.0244 z=-0.6 (2s)
siglip_b  mnist        delta 0.1133±0.0000 null 0.1834±0.0362 exc -0.0701 z=-1.9 (2s)
Done
