i21k_l    b -1 delta 0.0555 null 0.0715 exc -0.0160 (72s)
i21k_l    b  0 delta 0.0550 null 0.0709 exc -0.0159 (66s)
i21k_l    b  1 delta 0.0548 null 0.0709 exc -0.0162 (66s)
i21k_l    b  2 delta 0.0550 null 0.0709 exc -0.0159 (61s)
i21k_l    b  3 delta 0.0551 null 0.0710 exc -0.0158 (71s)
i21k_l    b  4 delta 0.0547 null 0.0710 exc -0.0163 (69s)
i21k_l    b  5 delta 0.0553 null 0.0709 exc -0.0156 (68s)
i21k_l    b  6 delta 0.0548 null 0.0709 exc -0.0161 (68s)
i21k_l    b  7 delta 0.0545 null 0.0709 exc -0.0165 (69s)
i21k_l    b  8 delta 0.0548 null 0.0709 exc -0.0161 (66s)
i21k_l    b  9 delta 0.0544 null 0.0708 exc -0.0165 (69s)
i21k_l    b 10 delta 0.0554 null 0.0709 exc -0.0155 (69s)
i21k_l    b 11 delta 0.0553 null 0.0710 exc -0.0157 (69s)
i21k_l    b 12 delta 0.0549 null 0.0710 exc -0.0161 (67s)
i21k_l    b 13 delta 0.0551 null 0.0709 exc -0.0158 (71s)
i21k_l    b 14 delta 0.0550 null 0.0709 exc -0.0159 (70s)
i21k_l    b 15 delta 0.0544 null 0.0710 exc -0.0166 (68s)
i21k_l    b 16 delta 0.0552 null 0.0709 exc -0.0157 (72s)
i21k_l    b 17 delta 0.0553 null 0.0709 exc -0.0156 (72s)
i21k_l    b 18 delta 0.0555 null 0.0709 exc -0.0154 (71s)
i21k_l    b 19 delta 0.0555 null 0.0710 exc -0.0155 (71s)
i21k_l    b 20 delta 0.0539 null 0.0709 exc -0.0170 (74s)
i21k_l    b 21 delta 0.0541 null 0.0709 exc -0.0168 (70s)
i21k_l    b 22 delta 0.0558 null 0.0709 exc -0.0152 (67s)
i21k_l    b 23 delta 0.0551 null 0.0710 exc -0.0159 (71s)
i21k_l    b 24 delta 0.0550 null 0.0710 exc -0.0159 (94s)
i21k_l    b 25 delta 0.0552 null 0.0709 exc -0.0157 (94s)
i21k_l    b 26 delta 0.0551 null 0.0709 exc -0.0158 (104s)
i21k_l    b 27 delta 0.0548 null 0.0710 exc -0.0162 (94s)
i21k_l    b 28 delta 0.0551 null 0.0709 exc -0.0159 (72s)
i21k_l    b 29 delta 0.0546 null 0.0709 exc -0.0163 (74s)
dinov1_b  b -1 delta 0.0552 null 0.0761 exc -0.0209 (55s)
dinov1_b  b  0 delta 0.0552 null 0.0757 exc -0.0206 (59s)
dinov1_b  b  1 delta 0.0552 null 0.0759 exc -0.0207 (58s)
dinov1_b  b  2 delta 0.0547 null 0.0758 exc -0.0211 (50s)
dinov1_b  b  3 delta 0.0551 null 0.0758 exc -0.0208 (42s)
dinov1_b  b  4 delta 0.0554 null 0.0758 exc -0.0204 (60s)
dinov1_b  b  5 delta 0.0552 null 0.0757 exc -0.0205 (61s)
dinov1_b  b  6 delta 0.0553 null 0.0758 exc -0.0205 (62s)
dinov1_b  b  7 delta 0.0548 null 0.0758 exc -0.0210 (60s)
dinov1_b  b  8 delta 0.0546 null 0.0758 exc -0.0212 (61s)
dinov1_b  b  9 delta 0.0542 null 0.0758 exc -0.0216 (54s)
dinov1_b  b 10 delta 0.0549 null 0.0757 exc -0.0208 (55s)
dinov1_b  b 11 delta 0.0546 null 0.0758 exc -0.0212 (58s)
dinov1_b  b 12 delta 0.0550 null 0.0758 exc -0.0209 (58s)
dinov1_b  b 13 delta 0.0553 null 0.0758 exc -0.0204 (58s)
dinov1_b  b 14 delta 0.0550 null 0.0757 exc -0.0208 (57s)
dinov1_b  b 15 delta 0.0555 null 0.0758 exc -0.0203 (57s)
dinov1_b  b 16 delta 0.0549 null 0.0758 exc -0.0209 (56s)
dinov1_b  b 17 delta 0.0548 null 0.0757 exc -0.0209 (57s)
dinov1_b  b 18 delta 0.0552 null 0.0758 exc -0.0206 (56s)
dinov1_b  b 19 delta 0.0552 null 0.0759 exc -0.0206 (55s)
dinov1_b  b 20 delta 0.0551 null 0.0758 exc -0.0206 (56s)
dinov1_b  b 21 delta 0.0551 null 0.0758 exc -0.0207 (59s)
dinov1_b  b 22 delta 0.0549 null 0.0758 exc -0.0209 (60s)
dinov1_b  b 23 delta 0.0552 null 0.0758 exc -0.0206 (59s)
dinov1_b  b 24 delta 0.0551 null 0.0757 exc -0.0206 (59s)
dinov1_b  b 25 delta 0.0553 null 0.0758 exc -0.0205 (59s)
dinov1_b  b 26 delta 0.0552 null 0.0758 exc -0.0205 (59s)
dinov1_b  b 27 delta 0.0547 null 0.0758 exc -0.0211 (57s)
dinov1_b  b 28 delta 0.0549 null 0.0759 exc -0.0210 (59s)
dinov1_b  b 29 delta 0.0551 null 0.0758 exc -0.0207 (59s)
dinov2_s  b -1 delta 0.0529 null 0.0693 exc -0.0164 (39s)
dinov2_s  b  0 delta 0.0523 null 0.0690 exc -0.0167 (40s)
dinov2_s  b  1 delta 0.0529 null 0.0690 exc -0.0161 (42s)
dinov2_s  b  2 delta 0.0527 null 0.0690 exc -0.0163 (41s)
dinov2_s  b  3 delta 0.0529 null 0.0690 exc -0.0162 (38s)
dinov2_s  b  4 delta 0.0533 null 0.0690 exc -0.0157 (41s)
dinov2_s  b  5 delta 0.0528 null 0.0690 exc -0.0162 (40s)
dinov2_s  b  6 delta 0.0533 null 0.0690 exc -0.0158 (46s)
dinov2_s  b  7 delta 0.0529 null 0.0690 exc -0.0161 (48s)
dinov2_s  b  8 delta 0.0522 null 0.0690 exc -0.0168 (43s)
dinov2_s  b  9 delta 0.0533 null 0.0690 exc -0.0157 (45s)
dinov2_s  b 10 delta 0.0530 null 0.0690 exc -0.0160 (38s)
dinov2_s  b 11 delta 0.0525 null 0.0690 exc -0.0165 (35s)
dinov2_s  b 12 delta 0.0526 null 0.0691 exc -0.0165 (34s)
dinov2_s  b 13 delta 0.0529 null 0.0690 exc -0.0161 (35s)
dinov2_s  b 14 delta 0.0524 null 0.0690 exc -0.0165 (35s)
dinov2_s  b 15 delta 0.0530 null 0.0690 exc -0.0160 (35s)
dinov2_s  b 16 delta 0.0528 null 0.0689 exc -0.0161 (38s)
dinov2_s  b 17 delta 0.0532 null 0.0690 exc -0.0157 (29s)
dinov2_s  b 18 delta 0.0529 null 0.0690 exc -0.0161 (21s)
dinov2_s  b 19 delta 0.0526 null 0.0690 exc -0.0164 (29s)
dinov2_s  b 20 delta 0.0533 null 0.0690 exc -0.0157 (34s)
dinov2_s  b 21 delta 0.0534 null 0.0690 exc -0.0156 (22s)
dinov2_s  b 22 delta 0.0527 null 0.0690 exc -0.0163 (20s)
dinov2_s  b 23 delta 0.0533 null 0.0690 exc -0.0157 (21s)
dinov2_s  b 24 delta 0.0522 null 0.0690 exc -0.0168 (20s)
dinov2_s  b 25 delta 0.0531 null 0.0690 exc -0.0159 (19s)
dinov2_s  b 26 delta 0.0525 null 0.0690 exc -0.0165 (19s)
dinov2_s  b 27 delta 0.0524 null 0.0690 exc -0.0166 (19s)
dinov2_s  b 28 delta 0.0524 null 0.0691 exc -0.0166 (19s)
dinov2_s  b 29 delta 0.0526 null 0.0690 exc -0.0164 (18s)
Done part b2
