i21k_t    imagenet  delta 0.1400 | A 0.1482 excA -0.0083 | B 0.1559 excB -0.0160 zB=-2.0 (13s)
i21k_s    imagenet  delta 0.1127 | A 0.1310 excA -0.0184 | B 0.1408 excB -0.0281 zB=-3.1 (15s)
i21k_b    imagenet  delta 0.1134 | A 0.1396 excA -0.0262 | B 0.1477 excB -0.0343 zB=-3.0 (19s)
i21k_l    imagenet  delta 0.1014 | A 0.1276 excA -0.0262 | B 0.1333 excB -0.0320 zB=-5.1 (31s)
dinov1_b  imagenet  delta 0.1122 | A 0.1179 excA -0.0058 | B 0.1280 excB -0.0159 zB=-1.6 (25s)
dinov2_s  imagenet  delta 0.1195 | A 0.1100 excA +0.0094 | B 0.1244 excB -0.0049 zB=-0.4 (21s)
dinov2_b  imagenet  delta 0.0954 | A 0.0904 excA +0.0050 | B 0.1051 excB -0.0097 zB=-0.8 (26s)
dinov2_l  imagenet  delta 0.0711 | A 0.0821 excA -0.0110 | B 0.1051 excB -0.0340 zB=-3.0 (34s)
dinov2_g  imagenet  delta 0.0794 | A 0.0772 excA +0.0022 | B 0.1083 excB -0.0289 zB=-1.5 (43s)
clip_b    imagenet  delta 0.1230 | A 0.1443 excA -0.0213 | B 0.1475 excB -0.0244 zB=-1.9 (17s)
clip_l    imagenet  delta 0.1207 | A 0.1390 excA -0.0182 | B 0.1322 excB -0.0114 zB=-1.3 (18s)
siglip_b  imagenet  delta 0.1138 | A 0.1324 excA -0.0185 | B 0.1322 excB -0.0184 zB=-1.8 (17s)
i21k_t    cifar100  delta 0.1689 | A 0.2119 excA -0.0431 | B 0.1980 excB -0.0291 zB=-2.6 (6s)
i21k_s    cifar100  delta 0.1565 | A 0.1899 excA -0.0334 | B 0.1843 excB -0.0278 zB=-2.2 (6s)
i21k_b    cifar100  delta 0.1692 | A 0.1861 excA -0.0170 | B 0.1890 excB -0.0198 zB=-1.6 (7s)
i21k_l    cifar100  delta 0.1357 | A 0.1833 excA -0.0477 | B 0.1726 excB -0.0369 zB=-3.6 (6s)
dinov1_b  cifar100  delta 0.1142 | A 0.1822 excA -0.0680 | B 0.1631 excB -0.0489 zB=-3.1 (6s)
dinov2_s  cifar100  delta 0.1133 | A 0.1658 excA -0.0525 | B 0.1429 excB -0.0296 zB=-4.2 (5s)
dinov2_b  cifar100  delta 0.1120 | A 0.1546 excA -0.0426 | B 0.1216 excB -0.0096 zB=-2.2 (6s)
dinov2_l  cifar100  delta 0.0984 | A 0.1495 excA -0.0511 | B 0.1052 excB -0.0068 zB=-0.7 (5s)
dinov2_g  cifar100  delta 0.0698 | A 0.1491 excA -0.0793 | B 0.0972 excB -0.0273 zB=-2.4 (6s)
clip_b    cifar100  delta 0.1410 | A 0.1885 excA -0.0474 | B 0.1856 excB -0.0445 zB=-4.0 (4s)
clip_l    cifar100  delta 0.1407 | A 0.1833 excA -0.0426 | B 0.1769 excB -0.0362 zB=-2.2 (6s)
siglip_b  cifar100  delta 0.1457 | A 0.1878 excA -0.0421 | B 0.1768 excB -0.0311 zB=-2.2 (6s)
Done expR29
