clip_l    real  s=real  seed 0 depth: real -0.0072 star +0.0006 depth -0.0078 z -0.83 (109s)
clip_l    rand6 s=0.0   seed 0 depth: real -0.0067 star +0.0006 depth -0.0073 z -0.79 (109s)
clip_l    rand6 s=0.0   seed 1 depth: real -0.0069 star +0.0006 depth -0.0075 z -0.86 (106s)
clip_l    rand6 s=0.0   seed 2 depth: real -0.0101 star +0.0006 depth -0.0107 z -1.20 (107s)
clip_l    rand6 s=0.0   seed 3 depth: real -0.0053 star +0.0006 depth -0.0059 z -0.67 (109s)
clip_l    rand6 s=0.0   seed 4 depth: real -0.0106 star +0.0006 depth -0.0112 z -1.23 (107s)
clip_l    rand6 s=0.25  seed 0 depth: real -0.0102 star +0.0006 depth -0.0108 z -1.25 (109s)
clip_l    rand6 s=0.25  seed 1 depth: real -0.0106 star +0.0006 depth -0.0112 z -1.24 (108s)
clip_l    rand6 s=0.25  seed 2 depth: real -0.0134 star +0.0006 depth -0.0140 z -1.55 (105s)
clip_l    rand6 s=0.25  seed 3 depth: real -0.0068 star +0.0006 depth -0.0074 z -0.81 (97s)
clip_l    rand6 s=0.25  seed 4 depth: real -0.0125 star +0.0006 depth -0.0131 z -1.52 (90s)
clip_l    rand6 s=0.5   seed 0 depth: real -0.0077 star +0.0006 depth -0.0083 z -0.96 (93s)
clip_l    rand6 s=0.5   seed 1 depth: real -0.0099 star +0.0006 depth -0.0105 z -1.16 (93s)
clip_l    rand6 s=0.5   seed 2 depth: real -0.0075 star +0.0006 depth -0.0081 z -0.89 (83s)
clip_l    rand6 s=0.5   seed 3 depth: real -0.0112 star +0.0006 depth -0.0118 z -1.12 (87s)
clip_l    rand6 s=0.5   seed 4 depth: real -0.0102 star +0.0006 depth -0.0108 z -1.14 (97s)
clip_l    rand6 s=0.75  seed 0 depth: real -0.0304 star +0.0006 depth -0.0310 z -3.06 (98s)
clip_l    rand6 s=0.75  seed 1 depth: real -0.0277 star +0.0006 depth -0.0283 z -3.15 (94s)
clip_l    rand6 s=0.75  seed 2 depth: real -0.0283 star +0.0006 depth -0.0289 z -2.43 (95s)
clip_l    rand6 s=0.75  seed 3 depth: real -0.0240 star +0.0006 depth -0.0246 z -2.38 (84s)
clip_l    rand6 s=0.75  seed 4 depth: real -0.0255 star +0.0006 depth -0.0261 z -2.20 (97s)
clip_l    rand6 s=1.0   seed 0 depth: real -0.0357 star +0.0006 depth -0.0363 z -3.12 (95s)
clip_l    rand6 s=1.0   seed 1 depth: real -0.0386 star +0.0006 depth -0.0392 z -3.37 (96s)
clip_l    rand6 s=1.0   seed 2 depth: real -0.0361 star +0.0006 depth -0.0367 z -3.57 (92s)
clip_l    rand6 s=1.0   seed 3 depth: real -0.0406 star +0.0006 depth -0.0412 z -3.51 (81s)
clip_l    rand6 s=1.0   seed 4 depth: real -0.0370 star +0.0006 depth -0.0376 z -2.97 (68s)
clip_l    wn6   s=0.0   seed 0 depth: real -0.0067 star +0.0006 depth -0.0073 z -0.79 (68s)
clip_l    wn6   s=0.25  seed 0 depth: real -0.0087 star +0.0006 depth -0.0093 z -0.98 (68s)
clip_l    wn6   s=0.5   seed 0 depth: real -0.0062 star +0.0006 depth -0.0068 z -0.65 (84s)
clip_l    wn6   s=0.75  seed 0 depth: real -0.0256 star +0.0006 depth -0.0262 z -1.74 (79s)
clip_l    wn6   s=1.0   seed 0 depth: real -0.0383 star +0.0006 depth -0.0389 z -2.75 (77s)
clip_l    rand6 s=0.0   seed 0 census: d999 0.0649 null 0.0873 exc -0.0224 r=200 (434s)
clip_l    rand6 s=0.25  seed 0 census: d999 0.0631 null 0.0895 exc -0.0264 r=200 (576s)
clip_l    rand6 s=0.5   seed 0 census: d999 0.0627 null 0.0850 exc -0.0223 r=200 (455s)
clip_l    rand6 s=0.75  seed 0 census: d999 0.0600 null 0.0841 exc -0.0241 r=200 (567s)
clip_l    rand6 s=1.0   seed 0 census: d999 0.0642 null 0.0868 exc -0.0225 r=200 (594s)
PART DONE clip_l
