clip_l    C=  10 coherent s0 | d999 0.0834 null 0.1605 exc -0.0771 r=200 p=0.005 | 92s
clip_l    C=  10 coherent s1 | d999 0.0747 null 0.1717 exc -0.0970 r=200 p=0.005 | 91s
clip_l    C=  10 coherent s2 | d999 0.1340 null 0.1623 exc -0.0283 r=180 p=0.104 | 102s
clip_l    C=  10 coherent s3 | d999 0.0739 null 0.1614 exc -0.0875 r=200 p=0.005 | 104s
clip_l    C=  10 coherent s4 | d999 0.1271 null 0.1655 exc -0.0384 r=195 p=0.030 | 112s
clip_l    C=  20 coherent s0 | d999 0.1156 null 0.1510 exc -0.0355 r=200 p=0.005 | 124s
clip_l    C=  20 coherent s1 | d999 0.1009 null 0.1560 exc -0.0551 r=200 p=0.005 | 116s
clip_l    C=  20 coherent s2 | d999 0.1573 null 0.1590 exc -0.0017 r=111 p=0.448 | 114s
clip_l    C=  20 coherent s3 | d999 0.0900 null 0.1404 exc -0.0504 r=200 p=0.005 | 116s
clip_l    C=  20 coherent s4 | d999 0.1013 null 0.1386 exc -0.0373 r=200 p=0.005 | 115s
clip_l    C=  50 coherent s0 | d999 0.1012 null 0.1134 exc -0.0121 r=193 p=0.040 | 124s
clip_l    C=  50 coherent s1 | d999 0.1115 null 0.1310 exc -0.0195 r=200 p=0.005 | 123s
clip_l    C=  50 coherent s2 | d999 0.1474 null 0.1392 exc +0.0082 r=31 p=0.846 | 132s
clip_l    C=  50 coherent s3 | d999 0.0894 null 0.1177 exc -0.0283 r=200 p=0.005 | 127s
clip_l    C=  50 coherent s4 | d999 0.1156 null 0.1331 exc -0.0175 r=197 p=0.020 | 129s
clip_l    C= 100 coherent s0 | d999 0.0800 null 0.1024 exc -0.0225 r=200 p=0.005 | 124s
clip_l    C= 100 coherent s1 | d999 0.1044 null 0.1148 exc -0.0104 r=190 p=0.055 | 111s
clip_l    C= 100 coherent s2 | d999 0.1129 null 0.1307 exc -0.0178 r=200 p=0.005 | 121s
clip_l    C= 100 coherent s3 | d999 0.0808 null 0.0993 exc -0.0184 r=200 p=0.005 | 117s
clip_l    C= 100 coherent s4 | d999 0.0986 null 0.1106 exc -0.0119 r=187 p=0.070 | 115s
clip_l    C= 200 coherent s0 | d999 0.0745 null 0.0978 exc -0.0233 r=200 p=0.005 | 137s
clip_l    C= 200 coherent s1 | d999 0.0971 null 0.0995 exc -0.0023 r=136 p=0.323 | 125s
clip_l    C= 200 coherent s2 | d999 0.0942 null 0.1012 exc -0.0070 r=174 p=0.134 | 129s
clip_l    C= 200 coherent s3 | d999 0.0741 null 0.0935 exc -0.0194 r=200 p=0.005 | 123s
clip_l    C= 200 coherent s4 | d999 0.0923 null 0.0921 exc +0.0002 r=102 p=0.493 | 124s
clip_l    C= 500 coherent s0 | d999 0.0736 null 0.0870 exc -0.0134 r=200 p=0.005 | 237s
clip_l    C= 500 coherent s1 | d999 0.0880 null 0.0960 exc -0.0080 r=184 p=0.085 | 252s
PART DONE clip_l_coherent
