i21k_t    cifar100  excB real -0.0240 | matched star -0.0302±0.0074 | depth +0.0062 z +0.4 (7s)
i21k_s    cifar100  excB real -0.0073 | matched star -0.0437±0.0058 | depth +0.0364 z +2.4 (8s)
i21k_b    cifar100  excB real +0.0044 | matched star -0.0560±0.0026 | depth +0.0605 z +4.5 (10s)
i21k_l    cifar100  excB real -0.0164 | matched star -0.0560±0.0021 | depth +0.0396 z +4.1 (10s)
dinov1_b  cifar100  excB real -0.0357 | matched star -0.0432±0.0036 | depth +0.0074 z +0.9 (10s)
dinov2_s  cifar100  excB real -0.0197 | matched star -0.0274±0.0012 | depth +0.0077 z +0.7 (8s)
dinov2_b  cifar100  excB real +0.0124 | matched star -0.0270±0.0028 | depth +0.0393 z +5.2 (9s)
dinov2_l  cifar100  excB real +0.0151 | matched star -0.0274±0.0021 | depth +0.0425 z +7.0 (10s)
dinov2_g  cifar100  excB real -0.0029 | matched star -0.0295±0.0011 | depth +0.0267 z +3.9 (12s)
clip_b    cifar100  excB real -0.0247 | matched star -0.0435±0.0035 | depth +0.0188 z +1.7 (9s)
clip_l    cifar100  excB real -0.0127 | matched star -0.0490±0.0027 | depth +0.0363 z +7.2 (10s)
siglip_b  cifar100  excB real -0.0228 | matched star -0.0499±0.0035 | depth +0.0271 z +2.9 (10s)
i21k_t    imagenet  excB real -0.0067 | matched star -0.0058±0.0042 | depth -0.0009 z -0.1 (14s)
i21k_s    imagenet  excB real -0.0175 | matched star -0.0085±0.0015 | depth -0.0090 z -1.0 (16s)
i21k_b    imagenet  excB real -0.0240 | matched star -0.0132±0.0020 | depth -0.0108 z -0.9 (21s)
i21k_l    imagenet  excB real -0.0247 | matched star -0.0128±0.0007 | depth -0.0119 z -1.3 (22s)
dinov1_b  imagenet  excB real -0.0169 | matched star -0.0065±0.0006 | depth -0.0105 z -1.6 (20s)
dinov2_s  imagenet  excB real -0.0036 | matched star -0.0009±0.0028 | depth -0.0027 z -0.2 (17s)
dinov2_b  imagenet  excB real -0.0102 | matched star -0.0025±0.0002 | depth -0.0077 z -0.8 (20s)
dinov2_l  imagenet  excB real -0.0327 | matched star -0.0038±0.0019 | depth -0.0289 z -2.5 (23s)
dinov2_g  imagenet  excB real -0.0256 | matched star -0.0054±0.0014 | depth -0.0202 z -1.7 (27s)
clip_b    imagenet  excB real -0.0139 | matched star -0.0101±0.0032 | depth -0.0038 z -0.4 (18s)
clip_l    imagenet  excB real -0.0124 | matched star -0.0115±0.0019 | depth -0.0009 z -0.1 (20s)
siglip_b  imagenet  excB real -0.0089 | matched star -0.0103±0.0022 | depth +0.0013 z +0.1 (20s)
Done expR50
