i21k_s    real  s=real  seed 0 depth: real -0.0247 star +0.0034 depth -0.0281 z -2.36 (68s)
i21k_s    rand6 s=0.0   seed 0 depth: real -0.0089 star +0.0034 depth -0.0123 z -1.23 (72s)
i21k_s    rand6 s=0.0   seed 1 depth: real -0.0020 star +0.0034 depth -0.0054 z -0.53 (72s)
i21k_s    rand6 s=0.0   seed 2 depth: real -0.0087 star +0.0034 depth -0.0121 z -1.20 (74s)
i21k_s    rand6 s=0.0   seed 3 depth: real -0.0058 star +0.0034 depth -0.0092 z -0.99 (77s)
i21k_s    rand6 s=0.0   seed 4 depth: real -0.0024 star +0.0034 depth -0.0058 z -0.58 (73s)
i21k_s    rand6 s=0.25  seed 0 depth: real -0.0094 star +0.0034 depth -0.0128 z -1.24 (75s)
i21k_s    rand6 s=0.25  seed 1 depth: real -0.0053 star +0.0034 depth -0.0087 z -1.04 (74s)
i21k_s    rand6 s=0.25  seed 2 depth: real -0.0077 star +0.0034 depth -0.0111 z -1.22 (75s)
i21k_s    rand6 s=0.25  seed 3 depth: real -0.0075 star +0.0034 depth -0.0109 z -1.17 (69s)
i21k_s    rand6 s=0.25  seed 4 depth: real -0.0063 star +0.0034 depth -0.0097 z -1.09 (71s)
i21k_s    rand6 s=0.5   seed 0 depth: real +0.0019 star +0.0034 depth -0.0015 z -0.12 (70s)
i21k_s    rand6 s=0.5   seed 1 depth: real -0.0002 star +0.0034 depth -0.0036 z -0.33 (70s)
i21k_s    rand6 s=0.5   seed 2 depth: real +0.0029 star +0.0034 depth -0.0005 z -0.04 (72s)
i21k_s    rand6 s=0.5   seed 3 depth: real +0.0017 star +0.0034 depth -0.0017 z -0.15 (70s)
i21k_s    rand6 s=0.5   seed 4 depth: real +0.0005 star +0.0034 depth -0.0029 z -0.30 (71s)
i21k_s    rand6 s=0.75  seed 0 depth: real -0.0092 star +0.0034 depth -0.0126 z -0.84 (71s)
i21k_s    rand6 s=0.75  seed 1 depth: real -0.0080 star +0.0034 depth -0.0114 z -0.83 (70s)
i21k_s    rand6 s=0.75  seed 2 depth: real -0.0151 star +0.0034 depth -0.0185 z -1.22 (71s)
i21k_s    rand6 s=0.75  seed 3 depth: real -0.0103 star +0.0034 depth -0.0137 z -0.98 (69s)
i21k_s    rand6 s=0.75  seed 4 depth: real -0.0095 star +0.0034 depth -0.0129 z -0.92 (70s)
i21k_s    rand6 s=1.0   seed 0 depth: real -0.0222 star +0.0034 depth -0.0256 z -2.04 (70s)
i21k_s    rand6 s=1.0   seed 1 depth: real -0.0214 star +0.0034 depth -0.0248 z -1.96 (70s)
i21k_s    rand6 s=1.0   seed 2 depth: real -0.0236 star +0.0034 depth -0.0270 z -2.00 (71s)
i21k_s    rand6 s=1.0   seed 3 depth: real -0.0208 star +0.0034 depth -0.0242 z -1.90 (71s)
i21k_s    rand6 s=1.0   seed 4 depth: real -0.0236 star +0.0034 depth -0.0270 z -2.00 (70s)
i21k_s    wn6   s=0.0   seed 0 depth: real -0.0089 star +0.0034 depth -0.0123 z -1.23 (70s)
i21k_s    wn6   s=0.25  seed 0 depth: real -0.0063 star +0.0034 depth -0.0097 z -0.99 (75s)
i21k_s    wn6   s=0.5   seed 0 depth: real -0.0017 star +0.0034 depth -0.0051 z -0.42 (82s)
i21k_s    wn6   s=0.75  seed 0 depth: real -0.0328 star +0.0034 depth -0.0362 z -2.66 (79s)
i21k_s    wn6   s=1.0   seed 0 depth: real -0.0373 star +0.0034 depth -0.0407 z -2.68 (79s)
i21k_s    rand6 s=0.0   seed 0 census: d999 0.0628 null 0.0812 exc -0.0184 r=200 (372s)
i21k_s    rand6 s=0.25  seed 0 census: d999 0.0614 null 0.0815 exc -0.0201 r=200 (369s)
i21k_s    rand6 s=0.5   seed 0 census: d999 0.0619 null 0.0804 exc -0.0185 r=200 (388s)
i21k_s    rand6 s=0.75  seed 0 census: d999 0.0633 null 0.0800 exc -0.0167 r=200 (376s)
i21k_s    rand6 s=1.0   seed 0 census: d999 0.0608 null 0.0808 exc -0.0200 r=200 (372s)
PART DONE i21k_s
