i21k_t    cifar100  n=1000 raw 0.1303 null 0.1454 exc -0.0151 z -1.7 (10s)
i21k_s    cifar100  n=1000 raw 0.1208 null 0.1278 exc -0.0069 z -0.8 (15s)
i21k_b    cifar100  n=1000 raw 0.1212 null 0.1287 exc -0.0075 z -0.9 (18s)
i21k_l    cifar100  n=1000 raw 0.0999 null 0.1146 exc -0.0148 z -2.9 (22s)
dinov1_b  cifar100  n=1000 raw 0.1035 null 0.1141 exc -0.0106 z -1.7 (25s)
dinov2_s  cifar100  n=1000 raw 0.1001 null 0.1092 exc -0.0091 z -1.3 (16s)
dinov2_b  cifar100  n=1000 raw 0.0893 null 0.0956 exc -0.0063 z -1.1 (24s)
dinov2_l  cifar100  n=1000 raw 0.0869 null 0.0937 exc -0.0068 z -1.5 (24s)
dinov2_g  cifar100  n=1000 raw 0.1021 null 0.0973 exc +0.0048 z +0.4 (37s)
clip_b    cifar100  n=1000 raw 0.1174 null 0.1350 exc -0.0176 z -2.3 (15s)
clip_l    cifar100  n=1000 raw 0.1319 null 0.1298 exc +0.0022 z +0.2 (28s)
siglip_b  cifar100  n=1000 raw 0.1134 null 0.1328 exc -0.0194 z -2.3 (27s)
i21k_t    dtd       n=1034 raw 0.1238 null 0.1365 exc -0.0127 z -2.1 (13s)
i21k_s    dtd       n=1034 raw 0.1028 null 0.1193 exc -0.0165 z -2.4 (14s)
i21k_b    dtd       n=1034 raw 0.0915 null 0.1105 exc -0.0190 z -3.0 (16s)
i21k_l    dtd       n=1034 raw 0.0923 null 0.1031 exc -0.0108 z -1.2 (25s)
dinov1_b  dtd       n=1034 raw 0.1097 null 0.1166 exc -0.0069 z -1.5 (15s)
dinov2_s  dtd       n=1034 raw 0.1453 null 0.1328 exc +0.0126 z +1.7 (13s)
dinov2_b  dtd       n=1034 raw 0.1387 null 0.1154 exc +0.0233 z +2.1 (23s)
dinov2_l  dtd       n=1034 raw 0.1307 null 0.1106 exc +0.0201 z +1.5 (32s)
dinov2_g  dtd       n=1034 raw 0.1360 null 0.1128 exc +0.0232 z +2.3 (44s)
clip_b    dtd       n=1034 raw 0.1250 null 0.1335 exc -0.0085 z -1.2 (17s)
clip_l    dtd       n=1034 raw 0.1203 null 0.1312 exc -0.0108 z -1.3 (21s)
siglip_b  dtd       n=1034 raw 0.1142 null 0.1294 exc -0.0152 z -1.7 (21s)
Done expR37
