i21k_t    imagenet     exc -0.0053 z -0.5 above 0.70 [store] (13s)
i21k_s    imagenet     exc -0.0195 z -2.6 above 1.00 [store] (16s)
i21k_b    imagenet     exc -0.0238 z -3.0 above 1.00 [store] (25s)
i21k_l    imagenet     exc -0.0271 z -4.7 above 1.00 [store] (34s)
dinov1_b  imagenet     exc -0.0054 z -0.8 above 0.90 (25s)
dinov2_s  imagenet     exc +0.0090 z +0.7 above 0.00 (16s)
dinov2_b  imagenet     exc +0.0058 z +0.7 above 0.00 (24s)
dinov2_l  imagenet     exc -0.0110 z -1.2 above 1.00 (34s)
dinov2_g  imagenet     exc +0.0023 z +0.3 above 0.15 (49s)
clip_b    imagenet     exc -0.0231 z -2.4 above 1.00 (19s)
clip_l    imagenet     exc -0.0169 z -1.7 above 1.00 (26s)
siglip_b  imagenet     exc -0.0173 z -1.7 above 1.00 (24s)
i21k_t    cifar100     exc -0.0389 z -2.9 above 1.00 (7s)
i21k_s    cifar100     exc -0.0307 z -2.7 above 1.00 (8s)
i21k_b    cifar100     exc -0.0155 z -1.4 above 0.90 (8s)
i21k_l    cifar100     exc -0.0434 z -4.8 above 1.00 (9s)
dinov1_b  cifar100     exc -0.0627 z -7.5 above 1.00 (8s)
dinov2_s  cifar100     exc -0.0507 z -7.2 above 1.00 (8s)
dinov2_b  cifar100     exc -0.0424 z -7.8 above 1.00 (8s)
dinov2_l  cifar100     exc -0.0514 z -9.2 above 1.00 (7s)
dinov2_g  cifar100     exc -0.0790 z -13.4 above 1.00 (9s)
clip_b    cifar100     exc -0.0439 z -4.3 above 1.00 (7s)
clip_l    cifar100     exc -0.0384 z -4.4 above 1.00 (8s)
siglip_b  cifar100     exc -0.0375 z -4.3 above 1.00 (8s)
i21k_t    cifar10      exc -0.0506 z -1.9 above 1.00 (7s)
i21k_s    cifar10      exc -0.0901 z -3.3 above 1.00 (7s)
i21k_b    cifar10      exc -0.0830 z -2.8 above 1.00 (8s)
i21k_l    cifar10      exc -0.0962 z -3.8 above 1.00 (9s)
dinov1_b  cifar10      exc -0.0940 z -4.0 above 1.00 (8s)
dinov2_s  cifar10      exc -0.0952 z -3.7 above 1.00 (7s)
dinov2_b  cifar10      exc -0.1343 z -4.9 above 1.00 (8s)
dinov2_l  cifar10      exc -0.1535 z -5.6 above 1.00 (9s)
dinov2_g  cifar10      exc -0.1554 z -5.6 above 1.00 (10s)
clip_b    cifar10      exc -0.0713 z -2.6 above 1.00 (7s)
clip_l    cifar10      exc -0.0803 z -3.3 above 1.00 (7s)
siglip_b  cifar10      exc -0.0884 z -3.5 above 1.00 (7s)
i21k_t    dtd          exc -0.0418 z -2.7 above 1.00 (7s)
i21k_s    dtd          exc -0.0553 z -4.0 above 1.00 (7s)
i21k_b    dtd          exc -0.0608 z -4.7 above 1.00 (7s)
i21k_l    dtd          exc -0.0819 z -6.8 above 1.00 (7s)
dinov1_b  dtd          exc -0.0569 z -4.3 above 1.00 (7s)
dinov2_s  dtd          exc -0.0461 z -3.8 above 1.00 (7s)
dinov2_b  dtd          exc -0.0705 z -6.7 above 1.00 (7s)
dinov2_l  dtd          exc -0.0807 z -7.1 above 1.00 (7s)
dinov2_g  dtd          exc -0.0733 z -6.6 above 1.00 (7s)
clip_b    dtd          exc -0.0617 z -4.3 above 1.00 (7s)
clip_l    dtd          exc -0.0564 z -4.2 above 1.00 (7s)
siglip_b  dtd          exc -0.0623 z -4.9 above 1.00 (7s)
i21k_t    fashionmnist exc -0.0116 z -0.4 above 0.55 (6s)
i21k_s    fashionmnist exc -0.0599 z -2.4 above 1.00 (7s)
i21k_b    fashionmnist exc -0.0690 z -2.7 above 1.00 (8s)
i21k_l    fashionmnist exc -0.0791 z -2.8 above 1.00 (9s)
dinov1_b  fashionmnist exc -0.0349 z -1.3 above 0.90 (8s)
dinov2_s  fashionmnist exc -0.0606 z -2.3 above 1.00 (7s)
dinov2_b  fashionmnist exc -0.0888 z -2.8 above 1.00 (8s)
dinov2_l  fashionmnist exc -0.0685 z -2.3 above 1.00 (9s)
dinov2_g  fashionmnist exc -0.0754 z -2.6 above 1.00 (11s)
clip_b    fashionmnist exc -0.0425 z -1.4 above 0.95 (8s)
clip_l    fashionmnist exc -0.0576 z -1.9 above 1.00 (8s)
siglip_b  fashionmnist exc -0.0678 z -2.5 above 1.00 (8s)
i21k_t    mnist        exc -0.0406 z -1.3 above 0.95 (7s)
i21k_s    mnist        exc -0.0510 z -1.6 above 1.00 (7s)
i21k_b    mnist        exc -0.0406 z -1.3 above 1.00 (8s)
i21k_l    mnist        exc -0.0598 z -2.3 above 1.00 (10s)
dinov1_b  mnist        exc -0.0577 z -2.0 above 1.00 (8s)
dinov2_s  mnist        exc -0.0286 z -1.0 above 0.85 (7s)
dinov2_b  mnist        exc -0.0358 z -1.0 above 0.90 (8s)
dinov2_l  mnist        exc -0.0319 z -1.1 above 0.95 (9s)
dinov2_g  mnist        exc -0.0366 z -1.3 above 0.95 (11s)
clip_b    mnist        exc -0.0278 z -1.0 above 0.80 (8s)
clip_l    mnist        exc -0.0235 z -0.9 above 0.75 (8s)
siglip_b  mnist        exc -0.0667 z -2.8 above 1.00 (8s)
Done expR39
